[2023-07-21T13:14:59.412+0700][gc,heap] Heap region size: 1M
[2023-07-21T13:14:59.416+0700][gc     ] Using G1
[2023-07-21T13:14:59.416+0700][gc,heap,coops] Heap address: 0x00000000c0000000, size: 1024 MB, Compressed Oops mode: 32-bit
[2023-07-21T13:14:59.417+0700][gc,cds       ] Mark closed archive regions in map: [0x00000000fff00000, 0x00000000fff6aff8]
[2023-07-21T13:14:59.417+0700][gc,cds       ] Mark open archive regions in map: [0x00000000ffe00000, 0x00000000ffe46ff8]
[2023-07-21T13:14:59.948+0700][gc,start     ] GC(0) Pause Young (Normal) (G1 Evacuation Pause)
[2023-07-21T13:14:59.950+0700][gc,task      ] GC(0) Using 8 workers of 8 for evacuation
[2023-07-21T13:14:59.966+0700][gc,phases    ] GC(0)   Pre Evacuate Collection Set: 0.0ms
[2023-07-21T13:14:59.966+0700][gc,phases    ] GC(0)   Evacuate Collection Set: 15.1ms
[2023-07-21T13:14:59.966+0700][gc,phases    ] GC(0)   Post Evacuate Collection Set: 1.0ms
[2023-07-21T13:14:59.966+0700][gc,phases    ] GC(0)   Other: 1.5ms
[2023-07-21T13:14:59.966+0700][gc,heap      ] GC(0) Eden regions: 51->0(44)
[2023-07-21T13:14:59.966+0700][gc,heap      ] GC(0) Survivor regions: 0->7(7)
[2023-07-21T13:14:59.966+0700][gc,heap      ] GC(0) Old regions: 2->26
[2023-07-21T13:14:59.966+0700][gc,heap      ] GC(0) Humongous regions: 2->2
[2023-07-21T13:14:59.966+0700][gc,metaspace ] GC(0) Metaspace: 5332K(5888K)->5332K(5888K) NonClass: 4761K(5120K)->4761K(5120K) Class: 571K(768K)->571K(768K)
[2023-07-21T13:14:59.966+0700][gc           ] GC(0) Pause Young (Normal) (G1 Evacuation Pause) 53M->33M(1024M) 17.621ms
[2023-07-21T13:14:59.966+0700][gc,cpu       ] GC(0) User=0.08s Sys=0.05s Real=0.01s
[2023-07-21T13:15:00.351+0700][gc,start     ] GC(1) Pause Young (Normal) (G1 Evacuation Pause)
[2023-07-21T13:15:00.351+0700][gc,task      ] GC(1) Using 8 workers of 8 for evacuation
[2023-07-21T13:15:00.355+0700][gc,phases    ] GC(1)   Pre Evacuate Collection Set: 0.0ms
[2023-07-21T13:15:00.355+0700][gc,phases    ] GC(1)   Evacuate Collection Set: 3.9ms
[2023-07-21T13:15:00.355+0700][gc,phases    ] GC(1)   Post Evacuate Collection Set: 0.6ms
[2023-07-21T13:15:00.355+0700][gc,phases    ] GC(1)   Other: 0.1ms
[2023-07-21T13:15:00.355+0700][gc,heap      ] GC(1) Eden regions: 44->0(49)
[2023-07-21T13:15:00.355+0700][gc,heap      ] GC(1) Survivor regions: 7->2(7)
[2023-07-21T13:15:00.355+0700][gc,heap      ] GC(1) Old regions: 26->32
[2023-07-21T13:15:00.355+0700][gc,heap      ] GC(1) Humongous regions: 2->2
[2023-07-21T13:15:00.355+0700][gc,metaspace ] GC(1) Metaspace: 13559K(14336K)->13559K(14336K) NonClass: 12020K(12544K)->12020K(12544K) Class: 1538K(1792K)->1538K(1792K)
[2023-07-21T13:15:00.355+0700][gc           ] GC(1) Pause Young (Normal) (G1 Evacuation Pause) 77M->34M(1024M) 4.655ms
[2023-07-21T13:15:00.355+0700][gc,cpu       ] GC(1) User=0.03s Sys=0.00s Real=0.00s
[2023-07-21T13:15:00.573+0700][gc,start     ] GC(2) Pause Young (Concurrent Start) (Metadata GC Threshold)
[2023-07-21T13:15:00.573+0700][gc,task      ] GC(2) Using 8 workers of 8 for evacuation
[2023-07-21T13:15:00.577+0700][gc,phases    ] GC(2)   Pre Evacuate Collection Set: 0.0ms
[2023-07-21T13:15:00.577+0700][gc,phases    ] GC(2)   Evacuate Collection Set: 3.2ms
[2023-07-21T13:15:00.577+0700][gc,phases    ] GC(2)   Post Evacuate Collection Set: 0.4ms
[2023-07-21T13:15:00.577+0700][gc,phases    ] GC(2)   Other: 0.2ms
[2023-07-21T13:15:00.577+0700][gc,heap      ] GC(2) Eden regions: 27->0(48)
[2023-07-21T13:15:00.577+0700][gc,heap      ] GC(2) Survivor regions: 2->3(7)
[2023-07-21T13:15:00.577+0700][gc,heap      ] GC(2) Old regions: 32->32
[2023-07-21T13:15:00.577+0700][gc,heap      ] GC(2) Humongous regions: 2->2
[2023-07-21T13:15:00.577+0700][gc,metaspace ] GC(2) Metaspace: 20315K(21248K)->20315K(21248K) NonClass: 18227K(18944K)->18227K(18944K) Class: 2087K(2304K)->2087K(2304K)
[2023-07-21T13:15:00.577+0700][gc           ] GC(2) Pause Young (Concurrent Start) (Metadata GC Threshold) 60M->35M(1024M) 3.853ms
[2023-07-21T13:15:00.577+0700][gc,cpu       ] GC(2) User=0.01s Sys=0.00s Real=0.01s
[2023-07-21T13:15:00.577+0700][gc           ] GC(3) Concurrent Cycle
[2023-07-21T13:15:00.577+0700][gc,marking   ] GC(3) Concurrent Clear Claimed Marks
[2023-07-21T13:15:00.577+0700][gc,marking   ] GC(3) Concurrent Clear Claimed Marks 0.011ms
[2023-07-21T13:15:00.577+0700][gc,marking   ] GC(3) Concurrent Scan Root Regions
[2023-07-21T13:15:00.578+0700][gc,marking   ] GC(3) Concurrent Scan Root Regions 0.874ms
[2023-07-21T13:15:00.578+0700][gc,marking   ] GC(3) Concurrent Mark (1.168s)
[2023-07-21T13:15:00.578+0700][gc,marking   ] GC(3) Concurrent Mark From Roots
[2023-07-21T13:15:00.578+0700][gc,task      ] GC(3) Using 2 workers of 2 for marking
[2023-07-21T13:15:00.582+0700][gc,marking   ] GC(3) Concurrent Mark From Roots 4.569ms
[2023-07-21T13:15:00.582+0700][gc,marking   ] GC(3) Concurrent Preclean
[2023-07-21T13:15:00.582+0700][gc,marking   ] GC(3) Concurrent Preclean 0.093ms
[2023-07-21T13:15:00.582+0700][gc,marking   ] GC(3) Concurrent Mark (1.168s, 1.173s) 4.693ms
[2023-07-21T13:15:00.583+0700][gc,start     ] GC(3) Pause Remark
[2023-07-21T13:15:00.585+0700][gc,stringtable] GC(3) Cleaned string and symbol table, strings: 6566 processed, 20 removed, symbols: 49890 processed, 29 removed
[2023-07-21T13:15:00.585+0700][gc            ] GC(3) Pause Remark 36M->36M(1024M) 2.674ms
[2023-07-21T13:15:00.585+0700][gc,cpu        ] GC(3) User=0.01s Sys=0.00s Real=0.00s
[2023-07-21T13:15:00.585+0700][gc,marking    ] GC(3) Concurrent Rebuild Remembered Sets
[2023-07-21T13:15:00.588+0700][gc,marking    ] GC(3) Concurrent Rebuild Remembered Sets 3.001ms
[2023-07-21T13:15:00.589+0700][gc,start      ] GC(3) Pause Cleanup
[2023-07-21T13:15:00.589+0700][gc            ] GC(3) Pause Cleanup 36M->36M(1024M) 0.261ms
[2023-07-21T13:15:00.589+0700][gc,cpu        ] GC(3) User=0.00s Sys=0.00s Real=0.00s
[2023-07-21T13:15:00.589+0700][gc,marking    ] GC(3) Concurrent Cleanup for Next Mark
[2023-07-21T13:15:00.592+0700][gc,marking    ] GC(3) Concurrent Cleanup for Next Mark 3.283ms
[2023-07-21T13:15:00.592+0700][gc            ] GC(3) Concurrent Cycle 15.631ms
[2023-07-21T13:15:01.196+0700][gc,start      ] GC(4) Pause Young (Normal) (G1 Evacuation Pause)
[2023-07-21T13:15:01.196+0700][gc,task       ] GC(4) Using 8 workers of 8 for evacuation
[2023-07-21T13:15:01.201+0700][gc,phases     ] GC(4)   Pre Evacuate Collection Set: 0.0ms
[2023-07-21T13:15:01.201+0700][gc,phases     ] GC(4)   Evacuate Collection Set: 4.1ms
[2023-07-21T13:15:01.201+0700][gc,phases     ] GC(4)   Post Evacuate Collection Set: 0.6ms
[2023-07-21T13:15:01.201+0700][gc,phases     ] GC(4)   Other: 0.2ms
[2023-07-21T13:15:01.201+0700][gc,heap       ] GC(4) Eden regions: 48->0(46)
[2023-07-21T13:15:01.201+0700][gc,heap       ] GC(4) Survivor regions: 3->5(7)
[2023-07-21T13:15:01.201+0700][gc,heap       ] GC(4) Old regions: 32->32
[2023-07-21T13:15:01.201+0700][gc,heap       ] GC(4) Humongous regions: 2->2
[2023-07-21T13:15:01.201+0700][gc,metaspace  ] GC(4) Metaspace: 28356K(29312K)->28356K(29312K) NonClass: 25300K(25856K)->25300K(25856K) Class: 3056K(3456K)->3056K(3456K)
[2023-07-21T13:15:01.201+0700][gc            ] GC(4) Pause Young (Normal) (G1 Evacuation Pause) 83M->36M(1024M) 5.075ms
[2023-07-21T13:15:01.201+0700][gc,cpu        ] GC(4) User=0.01s Sys=0.01s Real=0.01s
[2023-07-21T13:15:01.669+0700][gc,start      ] GC(5) Pause Young (Normal) (G1 Evacuation Pause)
[2023-07-21T13:15:01.669+0700][gc,task       ] GC(5) Using 8 workers of 8 for evacuation
[2023-07-21T13:15:01.676+0700][gc,phases     ] GC(5)   Pre Evacuate Collection Set: 0.0ms
[2023-07-21T13:15:01.676+0700][gc,phases     ] GC(5)   Evacuate Collection Set: 5.4ms
[2023-07-21T13:15:01.676+0700][gc,phases     ] GC(5)   Post Evacuate Collection Set: 1.4ms
[2023-07-21T13:15:01.676+0700][gc,phases     ] GC(5)   Other: 0.1ms
[2023-07-21T13:15:01.676+0700][gc,heap       ] GC(5) Eden regions: 46->0(44)
[2023-07-21T13:15:01.676+0700][gc,heap       ] GC(5) Survivor regions: 5->7(7)
[2023-07-21T13:15:01.676+0700][gc,heap       ] GC(5) Old regions: 32->34
[2023-07-21T13:15:01.676+0700][gc,heap       ] GC(5) Humongous regions: 131->131
[2023-07-21T13:15:01.676+0700][gc,metaspace  ] GC(5) Metaspace: 33870K(35328K)->33870K(35328K) NonClass: 30095K(30976K)->30095K(30976K) Class: 3775K(4352K)->3775K(4352K)
[2023-07-21T13:15:01.676+0700][gc            ] GC(5) Pause Young (Normal) (G1 Evacuation Pause) 211M->169M(1024M) 7.031ms
[2023-07-21T13:15:01.676+0700][gc,cpu        ] GC(5) User=0.04s Sys=0.00s Real=0.00s
[2023-07-21T13:15:01.723+0700][gc,start      ] GC(6) Pause Young (Concurrent Start) (Metadata GC Threshold)
[2023-07-21T13:15:01.723+0700][gc,task       ] GC(6) Using 8 workers of 8 for evacuation
[2023-07-21T13:15:01.730+0700][gc,phases     ] GC(6)   Pre Evacuate Collection Set: 0.1ms
[2023-07-21T13:15:01.730+0700][gc,phases     ] GC(6)   Evacuate Collection Set: 6.9ms
[2023-07-21T13:15:01.730+0700][gc,phases     ] GC(6)   Post Evacuate Collection Set: 0.5ms
[2023-07-21T13:15:01.730+0700][gc,phases     ] GC(6)   Other: 0.2ms
[2023-07-21T13:15:01.730+0700][gc,heap       ] GC(6) Eden regions: 4->0(50)
[2023-07-21T13:15:01.730+0700][gc,heap       ] GC(6) Survivor regions: 7->1(7)
[2023-07-21T13:15:01.730+0700][gc,heap       ] GC(6) Old regions: 34->40
[2023-07-21T13:15:01.730+0700][gc,heap       ] GC(6) Humongous regions: 131->131
[2023-07-21T13:15:01.730+0700][gc,metaspace  ] GC(6) Metaspace: 34489K(35840K)->34489K(35840K) NonClass: 30633K(31488K)->30633K(31488K) Class: 3856K(4352K)->3856K(4352K)
[2023-07-21T13:15:01.730+0700][gc            ] GC(6) Pause Young (Concurrent Start) (Metadata GC Threshold) 172M->170M(1024M) 7.735ms
[2023-07-21T13:15:01.730+0700][gc,cpu        ] GC(6) User=0.05s Sys=0.00s Real=0.01s
[2023-07-21T13:15:01.730+0700][gc            ] GC(7) Concurrent Cycle
[2023-07-21T13:15:01.730+0700][gc,marking    ] GC(7) Concurrent Clear Claimed Marks
[2023-07-21T13:15:01.731+0700][gc,marking    ] GC(7) Concurrent Clear Claimed Marks 0.067ms
[2023-07-21T13:15:01.731+0700][gc,marking    ] GC(7) Concurrent Scan Root Regions
[2023-07-21T13:15:01.731+0700][gc,marking    ] GC(7) Concurrent Scan Root Regions 0.467ms
[2023-07-21T13:15:01.731+0700][gc,marking    ] GC(7) Concurrent Mark (2.321s)
[2023-07-21T13:15:01.731+0700][gc,marking    ] GC(7) Concurrent Mark From Roots
[2023-07-21T13:15:01.731+0700][gc,task       ] GC(7) Using 2 workers of 2 for marking
[2023-07-21T13:15:01.739+0700][gc,marking    ] GC(7) Concurrent Mark From Roots 8.240ms
[2023-07-21T13:15:01.739+0700][gc,marking    ] GC(7) Concurrent Preclean
[2023-07-21T13:15:01.739+0700][gc,marking    ] GC(7) Concurrent Preclean 0.098ms
[2023-07-21T13:15:01.739+0700][gc,marking    ] GC(7) Concurrent Mark (2.321s, 2.330s) 8.375ms
[2023-07-21T13:15:01.740+0700][gc,start      ] GC(7) Pause Remark
[2023-07-21T13:15:01.742+0700][gc,stringtable] GC(7) Cleaned string and symbol table, strings: 11127 processed, 1 removed, symbols: 83968 processed, 29 removed
[2023-07-21T13:15:01.742+0700][gc            ] GC(7) Pause Remark 171M->171M(1024M) 2.831ms
[2023-07-21T13:15:01.742+0700][gc,cpu        ] GC(7) User=0.01s Sys=0.00s Real=0.00s
[2023-07-21T13:15:01.743+0700][gc,marking    ] GC(7) Concurrent Rebuild Remembered Sets
[2023-07-21T13:15:01.751+0700][gc,marking    ] GC(7) Concurrent Rebuild Remembered Sets 8.504ms
[2023-07-21T13:15:01.751+0700][gc,start      ] GC(7) Pause Cleanup
[2023-07-21T13:15:01.752+0700][gc            ] GC(7) Pause Cleanup 172M->172M(1024M) 0.278ms
[2023-07-21T13:15:01.752+0700][gc,cpu        ] GC(7) User=0.00s Sys=0.00s Real=0.00s
[2023-07-21T13:15:01.752+0700][gc,marking    ] GC(7) Concurrent Cleanup for Next Mark
[2023-07-21T13:15:01.757+0700][gc,marking    ] GC(7) Concurrent Cleanup for Next Mark 5.606ms
[2023-07-21T13:15:01.757+0700][gc            ] GC(7) Concurrent Cycle 26.793ms
[2023-07-21T13:15:02.145+0700][gc,start      ] GC(8) Pause Young (Normal) (G1 Evacuation Pause)
[2023-07-21T13:15:02.145+0700][gc,task       ] GC(8) Using 8 workers of 8 for evacuation
[2023-07-21T13:15:02.150+0700][gc,phases     ] GC(8)   Pre Evacuate Collection Set: 0.0ms
[2023-07-21T13:15:02.150+0700][gc,phases     ] GC(8)   Evacuate Collection Set: 3.7ms
[2023-07-21T13:15:02.150+0700][gc,phases     ] GC(8)   Post Evacuate Collection Set: 0.6ms
[2023-07-21T13:15:02.150+0700][gc,phases     ] GC(8)   Other: 0.2ms
[2023-07-21T13:15:02.150+0700][gc,heap       ] GC(8) Eden regions: 50->0(48)
[2023-07-21T13:15:02.150+0700][gc,heap       ] GC(8) Survivor regions: 1->3(7)
[2023-07-21T13:15:02.150+0700][gc,heap       ] GC(8) Old regions: 40->40
[2023-07-21T13:15:02.150+0700][gc,heap       ] GC(8) Humongous regions: 132->131
[2023-07-21T13:15:02.150+0700][gc,metaspace  ] GC(8) Metaspace: 42109K(43904K)->42109K(43904K) NonClass: 37361K(38400K)->37361K(38400K) Class: 4748K(5504K)->4748K(5504K)
[2023-07-21T13:15:02.150+0700][gc            ] GC(8) Pause Young (Normal) (G1 Evacuation Pause) 221M->172M(1024M) 4.506ms
[2023-07-21T13:15:02.150+0700][gc,cpu        ] GC(8) User=0.04s Sys=0.00s Real=0.01s
[2023-07-21T13:15:02.283+0700][gc,start      ] GC(9) Pause Young (Normal) (G1 Evacuation Pause)
[2023-07-21T13:15:02.283+0700][gc,task       ] GC(9) Using 8 workers of 8 for evacuation
[2023-07-21T13:15:02.287+0700][gc,phases     ] GC(9)   Pre Evacuate Collection Set: 0.1ms
[2023-07-21T13:15:02.287+0700][gc,phases     ] GC(9)   Evacuate Collection Set: 3.1ms
[2023-07-21T13:15:02.287+0700][gc,phases     ] GC(9)   Post Evacuate Collection Set: 0.5ms
[2023-07-21T13:15:02.287+0700][gc,phases     ] GC(9)   Other: 0.2ms
[2023-07-21T13:15:02.287+0700][gc,heap       ] GC(9) Eden regions: 48->0(47)
[2023-07-21T13:15:02.287+0700][gc,heap       ] GC(9) Survivor regions: 3->4(7)
[2023-07-21T13:15:02.287+0700][gc,heap       ] GC(9) Old regions: 40->40
[2023-07-21T13:15:02.287+0700][gc,heap       ] GC(9) Humongous regions: 131->131
[2023-07-21T13:15:02.287+0700][gc,metaspace  ] GC(9) Metaspace: 45120K(46976K)->45120K(46976K) NonClass: 39972K(40960K)->39972K(40960K) Class: 5148K(6016K)->5148K(6016K)
[2023-07-21T13:15:02.287+0700][gc            ] GC(9) Pause Young (Normal) (G1 Evacuation Pause) 220M->173M(1024M) 3.893ms
[2023-07-21T13:15:02.287+0700][gc,cpu        ] GC(9) User=0.04s Sys=0.00s Real=0.01s
[2023-07-21T13:15:02.495+0700][gc,start      ] GC(10) Pause Young (Normal) (G1 Evacuation Pause)
[2023-07-21T13:15:02.495+0700][gc,task       ] GC(10) Using 8 workers of 8 for evacuation
[2023-07-21T13:15:02.498+0700][gc,phases     ] GC(10)   Pre Evacuate Collection Set: 0.0ms
[2023-07-21T13:15:02.498+0700][gc,phases     ] GC(10)   Evacuate Collection Set: 3.2ms
[2023-07-21T13:15:02.498+0700][gc,phases     ] GC(10)   Post Evacuate Collection Set: 0.6ms
[2023-07-21T13:15:02.499+0700][gc,phases     ] GC(10)   Other: 0.1ms
[2023-07-21T13:15:02.499+0700][gc,heap       ] GC(10) Eden regions: 47->0(46)
[2023-07-21T13:15:02.499+0700][gc,heap       ] GC(10) Survivor regions: 4->5(7)
[2023-07-21T13:15:02.499+0700][gc,heap       ] GC(10) Old regions: 40->41
[2023-07-21T13:15:02.499+0700][gc,heap       ] GC(10) Humongous regions: 131->131
[2023-07-21T13:15:02.499+0700][gc,metaspace  ] GC(10) Metaspace: 48120K(50176K)->48120K(50176K) NonClass: 42634K(43776K)->42634K(43776K) Class: 5486K(6400K)->5486K(6400K)
[2023-07-21T13:15:02.499+0700][gc            ] GC(10) Pause Young (Normal) (G1 Evacuation Pause) 220M->174M(1024M) 4.010ms
[2023-07-21T13:15:02.499+0700][gc,cpu        ] GC(10) User=0.03s Sys=0.00s Real=0.01s
[2023-07-21T13:15:02.937+0700][gc,start      ] GC(11) Pause Young (Normal) (G1 Evacuation Pause)
[2023-07-21T13:15:02.937+0700][gc,task       ] GC(11) Using 8 workers of 8 for evacuation
[2023-07-21T13:15:02.944+0700][gc,phases     ] GC(11)   Pre Evacuate Collection Set: 0.1ms
[2023-07-21T13:15:02.944+0700][gc,phases     ] GC(11)   Evacuate Collection Set: 4.7ms
[2023-07-21T13:15:02.944+0700][gc,phases     ] GC(11)   Post Evacuate Collection Set: 1.5ms
[2023-07-21T13:15:02.944+0700][gc,phases     ] GC(11)   Other: 0.2ms
[2023-07-21T13:15:02.944+0700][gc,heap       ] GC(11) Eden regions: 46->0(48)
[2023-07-21T13:15:02.944+0700][gc,heap       ] GC(11) Survivor regions: 5->5(7)
[2023-07-21T13:15:02.944+0700][gc,heap       ] GC(11) Old regions: 41->43
[2023-07-21T13:15:02.944+0700][gc,heap       ] GC(11) Humongous regions: 131->131
[2023-07-21T13:15:02.944+0700][gc,metaspace  ] GC(11) Metaspace: 54081K(56320K)->54081K(56320K) NonClass: 47838K(49152K)->47838K(49152K) Class: 6243K(7168K)->6243K(7168K)
[2023-07-21T13:15:02.944+0700][gc            ] GC(11) Pause Young (Normal) (G1 Evacuation Pause) 220M->176M(1024M) 6.460ms
[2023-07-21T13:15:02.944+0700][gc,cpu        ] GC(11) User=0.04s Sys=0.00s Real=0.00s
[2023-07-21T13:15:03.097+0700][gc,start      ] GC(12) Pause Young (Normal) (G1 Evacuation Pause)
[2023-07-21T13:15:03.097+0700][gc,task       ] GC(12) Using 8 workers of 8 for evacuation
[2023-07-21T13:15:03.101+0700][gc,phases     ] GC(12)   Pre Evacuate Collection Set: 0.0ms
[2023-07-21T13:15:03.101+0700][gc,phases     ] GC(12)   Evacuate Collection Set: 3.3ms
[2023-07-21T13:15:03.101+0700][gc,phases     ] GC(12)   Post Evacuate Collection Set: 0.5ms
[2023-07-21T13:15:03.101+0700][gc,phases     ] GC(12)   Other: 0.1ms
[2023-07-21T13:15:03.101+0700][gc,heap       ] GC(12) Eden regions: 48->0(59)
[2023-07-21T13:15:03.101+0700][gc,heap       ] GC(12) Survivor regions: 5->4(7)
[2023-07-21T13:15:03.101+0700][gc,heap       ] GC(12) Old regions: 43->44
[2023-07-21T13:15:03.101+0700][gc,heap       ] GC(12) Humongous regions: 131->131
[2023-07-21T13:15:03.101+0700][gc,metaspace  ] GC(12) Metaspace: 55367K(57472K)->55367K(57472K) NonClass: 48998K(50176K)->48998K(50176K) Class: 6368K(7296K)->6368K(7296K)
[2023-07-21T13:15:03.101+0700][gc            ] GC(12) Pause Young (Normal) (G1 Evacuation Pause) 224M->177M(1024M) 3.981ms
[2023-07-21T13:15:03.101+0700][gc,cpu        ] GC(12) User=0.02s Sys=0.00s Real=0.00s
[2023-07-21T13:15:03.279+0700][gc,start      ] GC(13) Pause Young (Normal) (G1 Evacuation Pause)
[2023-07-21T13:15:03.279+0700][gc,task       ] GC(13) Using 8 workers of 8 for evacuation
[2023-07-21T13:15:03.285+0700][gc,phases     ] GC(13)   Pre Evacuate Collection Set: 0.0ms
[2023-07-21T13:15:03.285+0700][gc,phases     ] GC(13)   Evacuate Collection Set: 5.1ms
[2023-07-21T13:15:03.285+0700][gc,phases     ] GC(13)   Post Evacuate Collection Set: 0.6ms
[2023-07-21T13:15:03.285+0700][gc,phases     ] GC(13)   Other: 0.1ms
[2023-07-21T13:15:03.285+0700][gc,heap       ] GC(13) Eden regions: 59->0(65)
[2023-07-21T13:15:03.285+0700][gc,heap       ] GC(13) Survivor regions: 4->4(8)
[2023-07-21T13:15:03.285+0700][gc,heap       ] GC(13) Old regions: 44->44
[2023-07-21T13:15:03.285+0700][gc,heap       ] GC(13) Humongous regions: 131->131
[2023-07-21T13:15:03.285+0700][gc,metaspace  ] GC(13) Metaspace: 56908K(58880K)->56908K(58880K) NonClass: 50373K(51456K)->50373K(51456K) Class: 6535K(7424K)->6535K(7424K)
[2023-07-21T13:15:03.285+0700][gc            ] GC(13) Pause Young (Normal) (G1 Evacuation Pause) 236M->177M(1024M) 5.901ms
[2023-07-21T13:15:03.285+0700][gc,cpu        ] GC(13) User=0.04s Sys=0.00s Real=0.00s
[2023-07-21T13:15:03.448+0700][gc,start      ] GC(14) Pause Young (Concurrent Start) (Metadata GC Threshold)
[2023-07-21T13:15:03.448+0700][gc,task       ] GC(14) Using 8 workers of 8 for evacuation
[2023-07-21T13:15:03.457+0700][gc,phases     ] GC(14)   Pre Evacuate Collection Set: 0.2ms
[2023-07-21T13:15:03.457+0700][gc,phases     ] GC(14)   Evacuate Collection Set: 7.8ms
[2023-07-21T13:15:03.457+0700][gc,phases     ] GC(14)   Post Evacuate Collection Set: 0.6ms
[2023-07-21T13:15:03.457+0700][gc,phases     ] GC(14)   Other: 0.3ms
[2023-07-21T13:15:03.457+0700][gc,heap       ] GC(14) Eden regions: 51->0(67)
[2023-07-21T13:15:03.457+0700][gc,heap       ] GC(14) Survivor regions: 4->4(9)
[2023-07-21T13:15:03.457+0700][gc,heap       ] GC(14) Old regions: 44->44
[2023-07-21T13:15:03.457+0700][gc,heap       ] GC(14) Humongous regions: 131->131
[2023-07-21T13:15:03.457+0700][gc,metaspace  ] GC(14) Metaspace: 57943K(59948K)->57943K(59948K) NonClass: 51281K(52396K)->51281K(52396K) Class: 6661K(7552K)->6661K(7552K)
[2023-07-21T13:15:03.457+0700][gc            ] GC(14) Pause Young (Concurrent Start) (Metadata GC Threshold) 228M->177M(1024M) 8.955ms
[2023-07-21T13:15:03.457+0700][gc,cpu        ] GC(14) User=0.05s Sys=0.00s Real=0.01s
[2023-07-21T13:15:03.457+0700][gc            ] GC(15) Concurrent Cycle
[2023-07-21T13:15:03.457+0700][gc,marking    ] GC(15) Concurrent Clear Claimed Marks
[2023-07-21T13:15:03.457+0700][gc,marking    ] GC(15) Concurrent Clear Claimed Marks 0.075ms
[2023-07-21T13:15:03.457+0700][gc,marking    ] GC(15) Concurrent Scan Root Regions
[2023-07-21T13:15:03.459+0700][gc,marking    ] GC(15) Concurrent Scan Root Regions 1.885ms
[2023-07-21T13:15:03.459+0700][gc,marking    ] GC(15) Concurrent Mark (4.050s)
[2023-07-21T13:15:03.459+0700][gc,marking    ] GC(15) Concurrent Mark From Roots
[2023-07-21T13:15:03.459+0700][gc,task       ] GC(15) Using 2 workers of 2 for marking
[2023-07-21T13:15:03.484+0700][gc,marking    ] GC(15) Concurrent Mark From Roots 24.680ms
[2023-07-21T13:15:03.484+0700][gc,marking    ] GC(15) Concurrent Preclean
[2023-07-21T13:15:03.484+0700][gc,marking    ] GC(15) Concurrent Preclean 0.213ms
[2023-07-21T13:15:03.484+0700][gc,marking    ] GC(15) Concurrent Mark (4.050s, 4.074s) 24.939ms
[2023-07-21T13:15:03.485+0700][gc,start      ] GC(15) Pause Remark
[2023-07-21T13:15:03.493+0700][gc,stringtable] GC(15) Cleaned string and symbol table, strings: 20404 processed, 20 removed, symbols: 155343 processed, 48 removed
[2023-07-21T13:15:03.493+0700][gc            ] GC(15) Pause Remark 182M->182M(1024M) 8.377ms
[2023-07-21T13:15:03.493+0700][gc,cpu        ] GC(15) User=0.05s Sys=0.00s Real=0.01s
[2023-07-21T13:15:03.493+0700][gc,marking    ] GC(15) Concurrent Rebuild Remembered Sets
[2023-07-21T13:15:03.506+0700][gc,marking    ] GC(15) Concurrent Rebuild Remembered Sets 13.085ms
[2023-07-21T13:15:03.507+0700][gc,start      ] GC(15) Pause Cleanup
[2023-07-21T13:15:03.507+0700][gc            ] GC(15) Pause Cleanup 185M->185M(1024M) 0.257ms
[2023-07-21T13:15:03.507+0700][gc,cpu        ] GC(15) User=0.00s Sys=0.00s Real=0.00s
[2023-07-21T13:15:03.507+0700][gc,marking    ] GC(15) Concurrent Cleanup for Next Mark
[2023-07-21T13:15:03.508+0700][gc,marking    ] GC(15) Concurrent Cleanup for Next Mark 0.741ms
[2023-07-21T13:15:03.508+0700][gc            ] GC(15) Concurrent Cycle 50.326ms
[2023-07-21T13:15:03.776+0700][gc,start      ] GC(16) Pause Young (Normal) (G1 Evacuation Pause)
[2023-07-21T13:15:03.776+0700][gc,task       ] GC(16) Using 8 workers of 8 for evacuation
[2023-07-21T13:15:03.786+0700][gc,phases     ] GC(16)   Pre Evacuate Collection Set: 0.0ms
[2023-07-21T13:15:03.786+0700][gc,phases     ] GC(16)   Evacuate Collection Set: 8.6ms
[2023-07-21T13:15:03.786+0700][gc,phases     ] GC(16)   Post Evacuate Collection Set: 0.6ms
[2023-07-21T13:15:03.786+0700][gc,phases     ] GC(16)   Other: 0.2ms
[2023-07-21T13:15:03.786+0700][gc,heap       ] GC(16) Eden regions: 65->0(78)
[2023-07-21T13:15:03.786+0700][gc,heap       ] GC(16) Survivor regions: 4->5(9)
[2023-07-21T13:15:03.786+0700][gc,heap       ] GC(16) Old regions: 44->44
[2023-07-21T13:15:03.786+0700][gc,heap       ] GC(16) Humongous regions: 131->131
[2023-07-21T13:15:03.786+0700][gc,metaspace  ] GC(16) Metaspace: 59731K(62072K)->59731K(62072K) NonClass: 52864K(54188K)->52864K(54188K) Class: 6866K(7884K)->6866K(7884K)
[2023-07-21T13:15:03.786+0700][gc            ] GC(16) Pause Young (Normal) (G1 Evacuation Pause) 242M->177M(1024M) 9.458ms
[2023-07-21T13:15:03.786+0700][gc,cpu        ] GC(16) User=0.05s Sys=0.01s Real=0.00s
[2023-07-21T13:15:04.330+0700][gc,start      ] GC(17) Pause Young (Normal) (G1 Evacuation Pause)
[2023-07-21T13:15:04.330+0700][gc,task       ] GC(17) Using 8 workers of 8 for evacuation
[2023-07-21T13:15:04.348+0700][gc,phases     ] GC(17)   Pre Evacuate Collection Set: 0.1ms
[2023-07-21T13:15:04.348+0700][gc,phases     ] GC(17)   Evacuate Collection Set: 10.6ms
[2023-07-21T13:15:04.348+0700][gc,phases     ] GC(17)   Post Evacuate Collection Set: 7.1ms
[2023-07-21T13:15:04.348+0700][gc,phases     ] GC(17)   Other: 0.2ms
[2023-07-21T13:15:04.348+0700][gc,heap       ] GC(17) Eden regions: 78->0(93)
[2023-07-21T13:15:04.348+0700][gc,heap       ] GC(17) Survivor regions: 5->7(11)
[2023-07-21T13:15:04.348+0700][gc,heap       ] GC(17) Old regions: 44->44
[2023-07-21T13:15:04.348+0700][gc,heap       ] GC(17) Humongous regions: 131->131
[2023-07-21T13:15:04.348+0700][gc,metaspace  ] GC(17) Metaspace: 64313K(66680K)->64313K(66680K) NonClass: 56780K(58028K)->56780K(58028K) Class: 7533K(8652K)->7533K(8652K)
[2023-07-21T13:15:04.348+0700][gc            ] GC(17) Pause Young (Normal) (G1 Evacuation Pause) 255M->180M(1024M) 17.998ms
[2023-07-21T13:15:04.348+0700][gc,cpu        ] GC(17) User=0.09s Sys=0.03s Real=0.02s
[2023-07-21T13:15:04.889+0700][gc,start      ] GC(18) Pause Young (Normal) (G1 Evacuation Pause)
[2023-07-21T13:15:04.889+0700][gc,task       ] GC(18) Using 8 workers of 8 for evacuation
[2023-07-21T13:15:04.902+0700][gc,phases     ] GC(18)   Pre Evacuate Collection Set: 0.0ms
[2023-07-21T13:15:04.902+0700][gc,phases     ] GC(18)   Evacuate Collection Set: 10.9ms
[2023-07-21T13:15:04.902+0700][gc,phases     ] GC(18)   Post Evacuate Collection Set: 1.7ms
[2023-07-21T13:15:04.902+0700][gc,phases     ] GC(18)   Other: 0.1ms
[2023-07-21T13:15:04.902+0700][gc,heap       ] GC(18) Eden regions: 93->0(103)
[2023-07-21T13:15:04.902+0700][gc,heap       ] GC(18) Survivor regions: 7->9(13)
[2023-07-21T13:15:04.902+0700][gc,heap       ] GC(18) Old regions: 44->45
[2023-07-21T13:15:04.902+0700][gc,heap       ] GC(18) Humongous regions: 131->131
[2023-07-21T13:15:04.902+0700][gc,metaspace  ] GC(18) Metaspace: 69226K(71800K)->69226K(71800K) NonClass: 60979K(62380K)->60979K(62380K) Class: 8247K(9420K)->8247K(9420K)
[2023-07-21T13:15:04.902+0700][gc            ] GC(18) Pause Young (Normal) (G1 Evacuation Pause) 273M->183M(1024M) 12.877ms
[2023-07-21T13:15:04.902+0700][gc,cpu        ] GC(18) User=0.06s Sys=0.02s Real=0.01s
[2023-07-21T13:15:05.488+0700][gc,start      ] GC(19) Pause Young (Normal) (G1 Evacuation Pause)
[2023-07-21T13:15:05.488+0700][gc,task       ] GC(19) Using 8 workers of 8 for evacuation
[2023-07-21T13:15:05.500+0700][gc,phases     ] GC(19)   Pre Evacuate Collection Set: 0.0ms
[2023-07-21T13:15:05.500+0700][gc,phases     ] GC(19)   Evacuate Collection Set: 8.3ms
[2023-07-21T13:15:05.500+0700][gc,phases     ] GC(19)   Post Evacuate Collection Set: 3.3ms
[2023-07-21T13:15:05.500+0700][gc,phases     ] GC(19)   Other: 0.2ms
[2023-07-21T13:15:05.500+0700][gc,heap       ] GC(19) Eden regions: 103->0(121)
[2023-07-21T13:15:05.500+0700][gc,heap       ] GC(19) Survivor regions: 9->9(14)
[2023-07-21T13:15:05.500+0700][gc,heap       ] GC(19) Old regions: 45->48
[2023-07-21T13:15:05.500+0700][gc,heap       ] GC(19) Humongous regions: 131->131
[2023-07-21T13:15:05.500+0700][gc,metaspace  ] GC(19) Metaspace: 74911K(77560K)->74911K(77560K) NonClass: 65858K(67244K)->65858K(67244K) Class: 9052K(10316K)->9052K(10316K)
[2023-07-21T13:15:05.500+0700][gc            ] GC(19) Pause Young (Normal) (G1 Evacuation Pause) 286M->185M(1024M) 11.918ms
[2023-07-21T13:15:05.500+0700][gc,cpu        ] GC(19) User=0.05s Sys=0.02s Real=0.01s
[2023-07-21T13:15:05.933+0700][gc,start      ] GC(20) Pause Young (Normal) (G1 Evacuation Pause)
[2023-07-21T13:15:05.933+0700][gc,task       ] GC(20) Using 8 workers of 8 for evacuation
[2023-07-21T13:15:05.950+0700][gc,phases     ] GC(20)   Pre Evacuate Collection Set: 0.0ms
[2023-07-21T13:15:05.950+0700][gc,phases     ] GC(20)   Evacuate Collection Set: 9.9ms
[2023-07-21T13:15:05.950+0700][gc,phases     ] GC(20)   Post Evacuate Collection Set: 6.6ms
[2023-07-21T13:15:05.950+0700][gc,phases     ] GC(20)   Other: 0.2ms
[2023-07-21T13:15:05.950+0700][gc,heap       ] GC(20) Eden regions: 121->0(204)
[2023-07-21T13:15:05.950+0700][gc,heap       ] GC(20) Survivor regions: 9->11(17)
[2023-07-21T13:15:05.950+0700][gc,heap       ] GC(20) Old regions: 48->48
[2023-07-21T13:15:05.950+0700][gc,heap       ] GC(20) Humongous regions: 131->131
[2023-07-21T13:15:05.950+0700][gc,metaspace  ] GC(20) Metaspace: 77428K(80248K)->77428K(80248K) NonClass: 67969K(69548K)->67969K(69548K) Class: 9459K(10700K)->9459K(10700K)
[2023-07-21T13:15:05.950+0700][gc            ] GC(20) Pause Young (Normal) (G1 Evacuation Pause) 306M->186M(1024M) 16.798ms
[2023-07-21T13:15:05.950+0700][gc,cpu        ] GC(20) User=0.08s Sys=0.02s Real=0.02s
[2023-07-21T13:16:04.013+0700][gc,start      ] GC(21) Pause Young (Normal) (G1 Evacuation Pause)
[2023-07-21T13:16:04.014+0700][gc,task       ] GC(21) Using 8 workers of 8 for evacuation
[2023-07-21T13:16:04.034+0700][gc,mmu        ] GC(21) MMU target violated: 20.6ms (20.0ms/21.0ms)
[2023-07-21T13:16:04.034+0700][gc,phases     ] GC(21)   Pre Evacuate Collection Set: 0.4ms
[2023-07-21T13:16:04.034+0700][gc,phases     ] GC(21)   Evacuate Collection Set: 18.7ms
[2023-07-21T13:16:04.034+0700][gc,phases     ] GC(21)   Post Evacuate Collection Set: 1.3ms
[2023-07-21T13:16:04.034+0700][gc,phases     ] GC(21)   Other: 0.4ms
[2023-07-21T13:16:04.034+0700][gc,heap       ] GC(21) Eden regions: 204->0(192)
[2023-07-21T13:16:04.034+0700][gc,heap       ] GC(21) Survivor regions: 11->18(27)
[2023-07-21T13:16:04.034+0700][gc,heap       ] GC(21) Old regions: 48->48
[2023-07-21T13:16:04.034+0700][gc,heap       ] GC(21) Humongous regions: 131->131
[2023-07-21T13:16:04.034+0700][gc,metaspace  ] GC(21) Metaspace: 89457K(93688K)->89457K(93688K) NonClass: 78004K(80300K)->78004K(80300K) Class: 11453K(13388K)->11453K(13388K)
[2023-07-21T13:16:04.034+0700][gc            ] GC(21) Pause Young (Normal) (G1 Evacuation Pause) 390M->194M(1024M) 20.810ms
[2023-07-21T13:16:04.034+0700][gc,cpu        ] GC(21) User=0.11s Sys=0.04s Real=0.03s
[2023-07-21T13:16:10.008+0700][gc,start      ] GC(22) Pause Young (Concurrent Start) (Metadata GC Threshold)
[2023-07-21T13:16:10.008+0700][gc,task       ] GC(22) Using 8 workers of 8 for evacuation
[2023-07-21T13:16:10.100+0700][gc,mmu        ] GC(22) MMU target violated: 21.0ms (20.0ms/21.0ms)
[2023-07-21T13:16:10.100+0700][gc,phases     ] GC(22)   Pre Evacuate Collection Set: 1.5ms
[2023-07-21T13:16:10.100+0700][gc,phases     ] GC(22)   Evacuate Collection Set: 63.0ms
[2023-07-21T13:16:10.100+0700][gc,phases     ] GC(22)   Post Evacuate Collection Set: 26.4ms
[2023-07-21T13:16:10.100+0700][gc,phases     ] GC(22)   Other: 1.0ms
[2023-07-21T13:16:10.100+0700][gc,heap       ] GC(22) Eden regions: 125->0(32)
[2023-07-21T13:16:10.100+0700][gc,heap       ] GC(22) Survivor regions: 18->19(24)
[2023-07-21T13:16:10.100+0700][gc,heap       ] GC(22) Old regions: 48->53
[2023-07-21T13:16:10.100+0700][gc,heap       ] GC(22) Humongous regions: 131->131
[2023-07-21T13:16:10.100+0700][gc,metaspace  ] GC(22) Metaspace: 95638K(100468K)->95638K(100468K) NonClass: 83247K(85800K)->83247K(85800K) Class: 12390K(14668K)->12390K(14668K)
[2023-07-21T13:16:10.100+0700][gc            ] GC(22) Pause Young (Concurrent Start) (Metadata GC Threshold) 319M->201M(1024M) 92.020ms
[2023-07-21T13:16:10.100+0700][gc,cpu        ] GC(22) User=0.28s Sys=0.05s Real=0.09s
[2023-07-21T13:16:10.100+0700][gc            ] GC(23) Concurrent Cycle
[2023-07-21T13:16:10.100+0700][gc,marking    ] GC(23) Concurrent Clear Claimed Marks
[2023-07-21T13:16:10.101+0700][gc,marking    ] GC(23) Concurrent Clear Claimed Marks 0.802ms
[2023-07-21T13:16:10.101+0700][gc,marking    ] GC(23) Concurrent Scan Root Regions
[2023-07-21T13:16:10.130+0700][gc,marking    ] GC(23) Concurrent Scan Root Regions 28.564ms
[2023-07-21T13:16:10.130+0700][gc,marking    ] GC(23) Concurrent Mark (70.722s)
[2023-07-21T13:16:10.130+0700][gc,marking    ] GC(23) Concurrent Mark From Roots
[2023-07-21T13:16:10.130+0700][gc,task       ] GC(23) Using 2 workers of 2 for marking
[2023-07-21T13:16:10.245+0700][gc,marking    ] GC(23) Concurrent Mark From Roots 115.526ms
[2023-07-21T13:16:10.245+0700][gc,marking    ] GC(23) Concurrent Preclean
[2023-07-21T13:16:10.246+0700][gc,marking    ] GC(23) Concurrent Preclean 0.352ms
[2023-07-21T13:16:10.246+0700][gc,marking    ] GC(23) Concurrent Mark (70.722s, 70.838s) 115.945ms
[2023-07-21T13:16:10.246+0700][gc,start      ] GC(23) Pause Remark
[2023-07-21T13:16:10.281+0700][gc,stringtable] GC(23) Cleaned string and symbol table, strings: 33560 processed, 1 removed, symbols: 235144 processed, 237 removed
[2023-07-21T13:16:10.281+0700][gc,mmu        ] GC(23) MMU target violated: 21.0ms (20.0ms/21.0ms)
[2023-07-21T13:16:10.281+0700][gc            ] GC(23) Pause Remark 205M->205M(1024M) 35.054ms
[2023-07-21T13:16:10.281+0700][gc,cpu        ] GC(23) User=0.16s Sys=0.04s Real=0.03s
[2023-07-21T13:16:10.281+0700][gc,marking    ] GC(23) Concurrent Rebuild Remembered Sets
[2023-07-21T13:16:10.321+0700][gc,marking    ] GC(23) Concurrent Rebuild Remembered Sets 39.411ms
[2023-07-21T13:16:10.321+0700][gc,start      ] GC(23) Pause Cleanup
[2023-07-21T13:16:10.322+0700][gc            ] GC(23) Pause Cleanup 206M->206M(1024M) 0.433ms
[2023-07-21T13:16:10.322+0700][gc,cpu        ] GC(23) User=0.00s Sys=0.00s Real=0.00s
[2023-07-21T13:16:10.322+0700][gc,marking    ] GC(23) Concurrent Cleanup for Next Mark
[2023-07-21T13:16:10.325+0700][gc,marking    ] GC(23) Concurrent Cleanup for Next Mark 2.834ms
[2023-07-21T13:16:10.325+0700][gc            ] GC(23) Concurrent Cycle 224.662ms
[2023-07-21T13:17:03.906+0700][gc,start      ] GC(24) Pause Young (Concurrent Start) (G1 Evacuation Pause)
[2023-07-21T13:17:03.906+0700][gc,task       ] GC(24) Using 8 workers of 8 for evacuation
[2023-07-21T13:17:03.934+0700][gc,mmu        ] GC(24) MMU target violated: 21.0ms (20.0ms/21.0ms)
[2023-07-21T13:17:03.935+0700][gc,phases     ] GC(24)   Pre Evacuate Collection Set: 1.6ms
[2023-07-21T13:17:03.935+0700][gc,phases     ] GC(24)   Evacuate Collection Set: 24.3ms
[2023-07-21T13:17:03.935+0700][gc,phases     ] GC(24)   Post Evacuate Collection Set: 1.2ms
[2023-07-21T13:17:03.935+0700][gc,phases     ] GC(24)   Other: 1.2ms
[2023-07-21T13:17:03.935+0700][gc,heap       ] GC(24) Eden regions: 32->0(47)
[2023-07-21T13:17:03.935+0700][gc,heap       ] GC(24) Survivor regions: 19->4(7)
[2023-07-21T13:17:03.935+0700][gc,heap       ] GC(24) Old regions: 53->71
[2023-07-21T13:17:03.935+0700][gc,heap       ] GC(24) Humongous regions: 131->131
[2023-07-21T13:17:03.935+0700][gc,metaspace  ] GC(24) Metaspace: 98445K(103672K)->98445K(103672K) NonClass: 85678K(88492K)->85678K(88492K) Class: 12767K(15180K)->12767K(15180K)
[2023-07-21T13:17:03.935+0700][gc            ] GC(24) Pause Young (Concurrent Start) (G1 Evacuation Pause) 233M->203M(1024M) 28.343ms
[2023-07-21T13:17:03.935+0700][gc,cpu        ] GC(24) User=0.14s Sys=0.04s Real=0.03s
[2023-07-21T13:17:03.935+0700][gc            ] GC(25) Concurrent Cycle
[2023-07-21T13:17:03.935+0700][gc,marking    ] GC(25) Concurrent Clear Claimed Marks
[2023-07-21T13:17:03.936+0700][gc,marking    ] GC(25) Concurrent Clear Claimed Marks 0.745ms
[2023-07-21T13:17:03.936+0700][gc,marking    ] GC(25) Concurrent Scan Root Regions
[2023-07-21T13:17:03.937+0700][gc,marking    ] GC(25) Concurrent Scan Root Regions 1.452ms
[2023-07-21T13:17:03.937+0700][gc,marking    ] GC(25) Concurrent Mark (124.530s)
[2023-07-21T13:17:03.937+0700][gc,marking    ] GC(25) Concurrent Mark From Roots
[2023-07-21T13:17:03.937+0700][gc,task       ] GC(25) Using 2 workers of 2 for marking
[2023-07-21T13:17:03.994+0700][gc,marking    ] GC(25) Concurrent Mark From Roots 57.376ms
[2023-07-21T13:17:03.994+0700][gc,marking    ] GC(25) Concurrent Preclean
[2023-07-21T13:17:03.995+0700][gc,marking    ] GC(25) Concurrent Preclean 0.256ms
[2023-07-21T13:17:03.995+0700][gc,marking    ] GC(25) Concurrent Mark (124.530s, 124.588s) 57.747ms
[2023-07-21T13:17:03.995+0700][gc,start      ] GC(25) Pause Remark
[2023-07-21T13:17:04.017+0700][gc,stringtable] GC(25) Cleaned string and symbol table, strings: 34014 processed, 11 removed, symbols: 236416 processed, 1 removed
[2023-07-21T13:17:04.017+0700][gc,mmu        ] GC(25) MMU target violated: 21.0ms (20.0ms/21.0ms)
[2023-07-21T13:17:04.017+0700][gc            ] GC(25) Pause Remark 207M->207M(1024M) 22.005ms
[2023-07-21T13:17:04.017+0700][gc,cpu        ] GC(25) User=0.12s Sys=0.00s Real=0.02s
[2023-07-21T13:17:04.017+0700][gc,marking    ] GC(25) Concurrent Rebuild Remembered Sets
[2023-07-21T13:17:04.050+0700][gc,marking    ] GC(25) Concurrent Rebuild Remembered Sets 33.077ms
[2023-07-21T13:17:04.051+0700][gc,start      ] GC(25) Pause Cleanup
[2023-07-21T13:17:04.051+0700][gc            ] GC(25) Pause Cleanup 211M->211M(1024M) 0.268ms
[2023-07-21T13:17:04.051+0700][gc,cpu        ] GC(25) User=0.00s Sys=0.00s Real=0.00s
[2023-07-21T13:17:04.051+0700][gc,marking    ] GC(25) Concurrent Cleanup for Next Mark
[2023-07-21T13:17:04.053+0700][gc,marking    ] GC(25) Concurrent Cleanup for Next Mark 2.187ms
[2023-07-21T13:17:04.053+0700][gc            ] GC(25) Concurrent Cycle 118.571ms
[2023-07-21T13:18:43.526+0700][gc,start      ] GC(26) Pause Young (Normal) (G1 Evacuation Pause)
[2023-07-21T13:18:43.526+0700][gc,task       ] GC(26) Using 8 workers of 8 for evacuation
[2023-07-21T13:18:43.530+0700][gc,phases     ] GC(26)   Pre Evacuate Collection Set: 0.3ms
[2023-07-21T13:18:43.530+0700][gc,phases     ] GC(26)   Evacuate Collection Set: 2.8ms
[2023-07-21T13:18:43.530+0700][gc,phases     ] GC(26)   Post Evacuate Collection Set: 0.8ms
[2023-07-21T13:18:43.530+0700][gc,phases     ] GC(26)   Other: 0.2ms
[2023-07-21T13:18:43.530+0700][gc,heap       ] GC(26) Eden regions: 47->0(65)
[2023-07-21T13:18:43.530+0700][gc,heap       ] GC(26) Survivor regions: 4->4(7)
[2023-07-21T13:18:43.530+0700][gc,heap       ] GC(26) Old regions: 71->71
[2023-07-21T13:18:43.530+0700][gc,heap       ] GC(26) Humongous regions: 131->131
[2023-07-21T13:18:43.530+0700][gc,metaspace  ] GC(26) Metaspace: 99137K(104440K)->99137K(104440K) NonClass: 86390K(89260K)->86390K(89260K) Class: 12746K(15180K)->12746K(15180K)
[2023-07-21T13:18:43.530+0700][gc            ] GC(26) Pause Young (Normal) (G1 Evacuation Pause) 250M->204M(1024M) 4.242ms
[2023-07-21T13:18:43.530+0700][gc,cpu        ] GC(26) User=0.02s Sys=0.00s Real=0.00s
[2023-07-21T13:21:03.905+0700][gc,start      ] GC(27) Pause Young (Normal) (G1 Evacuation Pause)
[2023-07-21T13:21:03.905+0700][gc,task       ] GC(27) Using 8 workers of 8 for evacuation
[2023-07-21T13:21:03.908+0700][gc,phases     ] GC(27)   Pre Evacuate Collection Set: 0.1ms
[2023-07-21T13:21:03.908+0700][gc,phases     ] GC(27)   Evacuate Collection Set: 2.8ms
[2023-07-21T13:21:03.908+0700][gc,phases     ] GC(27)   Post Evacuate Collection Set: 0.7ms
[2023-07-21T13:21:03.908+0700][gc,phases     ] GC(27)   Other: 0.2ms
[2023-07-21T13:21:03.908+0700][gc,heap       ] GC(27) Eden regions: 65->0(90)
[2023-07-21T13:21:03.908+0700][gc,heap       ] GC(27) Survivor regions: 4->5(9)
[2023-07-21T13:21:03.908+0700][gc,heap       ] GC(27) Old regions: 71->71
[2023-07-21T13:21:03.908+0700][gc,heap       ] GC(27) Humongous regions: 131->131
[2023-07-21T13:21:03.909+0700][gc,metaspace  ] GC(27) Metaspace: 99711K(105080K)->99711K(105080K) NonClass: 86911K(89772K)->86911K(89772K) Class: 12799K(15308K)->12799K(15308K)
[2023-07-21T13:21:03.909+0700][gc            ] GC(27) Pause Young (Normal) (G1 Evacuation Pause) 269M->204M(1024M) 3.847ms
[2023-07-21T13:21:03.909+0700][gc,cpu        ] GC(27) User=0.02s Sys=0.00s Real=0.00s
[2023-07-21T13:24:07.594+0700][gc,start      ] GC(28) Pause Young (Normal) (G1 Evacuation Pause)
[2023-07-21T13:24:07.594+0700][gc,task       ] GC(28) Using 8 workers of 8 for evacuation
[2023-07-21T13:24:07.609+0700][gc,phases     ] GC(28)   Pre Evacuate Collection Set: 0.1ms
[2023-07-21T13:24:07.609+0700][gc,phases     ] GC(28)   Evacuate Collection Set: 14.0ms
[2023-07-21T13:24:07.609+0700][gc,phases     ] GC(28)   Post Evacuate Collection Set: 0.6ms
[2023-07-21T13:24:07.609+0700][gc,phases     ] GC(28)   Other: 0.2ms
[2023-07-21T13:24:07.609+0700][gc,heap       ] GC(28) Eden regions: 90->0(91)
[2023-07-21T13:24:07.609+0700][gc,heap       ] GC(28) Survivor regions: 5->6(12)
[2023-07-21T13:24:07.609+0700][gc,heap       ] GC(28) Old regions: 71->71
[2023-07-21T13:24:07.609+0700][gc,heap       ] GC(28) Humongous regions: 131->131
[2023-07-21T13:24:07.609+0700][gc,metaspace  ] GC(28) Metaspace: 100027K(105336K)->100027K(105336K) NonClass: 87225K(90028K)->87225K(90028K) Class: 12802K(15308K)->12802K(15308K)
[2023-07-21T13:24:07.609+0700][gc            ] GC(28) Pause Young (Normal) (G1 Evacuation Pause) 294M->206M(1024M) 14.980ms
[2023-07-21T13:24:07.609+0700][gc,cpu        ] GC(28) User=0.10s Sys=0.01s Real=0.01s
[2023-07-21T13:27:26.649+0700][gc,start      ] GC(29) Pause Young (Normal) (G1 Evacuation Pause)
[2023-07-21T13:27:26.649+0700][gc,task       ] GC(29) Using 8 workers of 8 for evacuation
[2023-07-21T13:27:26.655+0700][gc,phases     ] GC(29)   Pre Evacuate Collection Set: 0.1ms
[2023-07-21T13:27:26.655+0700][gc,phases     ] GC(29)   Evacuate Collection Set: 4.7ms
[2023-07-21T13:27:26.655+0700][gc,phases     ] GC(29)   Post Evacuate Collection Set: 0.7ms
[2023-07-21T13:27:26.655+0700][gc,phases     ] GC(29)   Other: 0.3ms
[2023-07-21T13:27:26.655+0700][gc,heap       ] GC(29) Eden regions: 91->0(104)
[2023-07-21T13:27:26.655+0700][gc,heap       ] GC(29) Survivor regions: 6->9(13)
[2023-07-21T13:27:26.655+0700][gc,heap       ] GC(29) Old regions: 71->71
[2023-07-21T13:27:26.655+0700][gc,heap       ] GC(29) Humongous regions: 131->131
[2023-07-21T13:27:26.655+0700][gc,metaspace  ] GC(29) Metaspace: 100383K(105848K)->100383K(105848K) NonClass: 87549K(90540K)->87549K(90540K) Class: 12834K(15308K)->12834K(15308K)
[2023-07-21T13:27:26.655+0700][gc            ] GC(29) Pause Young (Normal) (G1 Evacuation Pause) 297M->208M(1024M) 5.799ms
[2023-07-21T13:27:26.655+0700][gc,cpu        ] GC(29) User=0.04s Sys=0.00s Real=0.01s
[2023-07-21T13:31:08.863+0700][gc,start      ] GC(30) Pause Young (Normal) (G1 Evacuation Pause)
[2023-07-21T13:31:08.863+0700][gc,task       ] GC(30) Using 8 workers of 8 for evacuation
[2023-07-21T13:31:08.871+0700][gc,phases     ] GC(30)   Pre Evacuate Collection Set: 0.1ms
[2023-07-21T13:31:08.871+0700][gc,phases     ] GC(30)   Evacuate Collection Set: 6.5ms
[2023-07-21T13:31:08.871+0700][gc,phases     ] GC(30)   Post Evacuate Collection Set: 0.9ms
[2023-07-21T13:31:08.871+0700][gc,phases     ] GC(30)   Other: 0.2ms
[2023-07-21T13:31:08.871+0700][gc,heap       ] GC(30) Eden regions: 104->0(119)
[2023-07-21T13:31:08.871+0700][gc,heap       ] GC(30) Survivor regions: 9->11(15)
[2023-07-21T13:31:08.871+0700][gc,heap       ] GC(30) Old regions: 71->72
[2023-07-21T13:31:08.871+0700][gc,heap       ] GC(30) Humongous regions: 131->131
[2023-07-21T13:31:08.871+0700][gc,metaspace  ] GC(30) Metaspace: 100907K(106232K)->100907K(106232K) NonClass: 88005K(90796K)->88005K(90796K) Class: 12902K(15436K)->12902K(15436K)
[2023-07-21T13:31:08.871+0700][gc            ] GC(30) Pause Young (Normal) (G1 Evacuation Pause) 312M->211M(1024M) 7.782ms
[2023-07-21T13:31:08.871+0700][gc,cpu        ] GC(30) User=0.05s Sys=0.01s Real=0.01s
[2023-07-21T13:35:26.005+0700][gc,start      ] GC(31) Pause Young (Normal) (G1 Evacuation Pause)
[2023-07-21T13:35:26.005+0700][gc,task       ] GC(31) Using 8 workers of 8 for evacuation
[2023-07-21T13:35:26.013+0700][gc,phases     ] GC(31)   Pre Evacuate Collection Set: 0.3ms
[2023-07-21T13:35:26.013+0700][gc,phases     ] GC(31)   Evacuate Collection Set: 6.4ms
[2023-07-21T13:35:26.013+0700][gc,phases     ] GC(31)   Post Evacuate Collection Set: 0.9ms
[2023-07-21T13:35:26.013+0700][gc,phases     ] GC(31)   Other: 0.2ms
[2023-07-21T13:35:26.013+0700][gc,heap       ] GC(31) Eden regions: 119->0(137)
[2023-07-21T13:35:26.013+0700][gc,heap       ] GC(31) Survivor regions: 11->12(17)
[2023-07-21T13:35:26.013+0700][gc,heap       ] GC(31) Old regions: 72->74
[2023-07-21T13:35:26.013+0700][gc,heap       ] GC(31) Humongous regions: 131->131
[2023-07-21T13:35:26.013+0700][gc,metaspace  ] GC(31) Metaspace: 102147K(108024K)->102147K(108024K) NonClass: 88903K(92076K)->88903K(92076K) Class: 13244K(15948K)->13244K(15948K)
[2023-07-21T13:35:26.013+0700][gc            ] GC(31) Pause Young (Normal) (G1 Evacuation Pause) 330M->214M(1024M) 7.817ms
[2023-07-21T13:35:26.013+0700][gc,cpu        ] GC(31) User=0.02s Sys=0.04s Real=0.01s
[2023-07-21T13:40:09.044+0700][gc,start      ] GC(32) Pause Young (Normal) (G1 Evacuation Pause)
[2023-07-21T13:40:09.044+0700][gc,task       ] GC(32) Using 8 workers of 8 for evacuation
[2023-07-21T13:40:09.053+0700][gc,phases     ] GC(32)   Pre Evacuate Collection Set: 0.4ms
[2023-07-21T13:40:09.053+0700][gc,phases     ] GC(32)   Evacuate Collection Set: 7.5ms
[2023-07-21T13:40:09.053+0700][gc,phases     ] GC(32)   Post Evacuate Collection Set: 0.9ms
[2023-07-21T13:40:09.053+0700][gc,phases     ] GC(32)   Other: 0.3ms
[2023-07-21T13:40:09.053+0700][gc,heap       ] GC(32) Eden regions: 137->0(157)
[2023-07-21T13:40:09.053+0700][gc,heap       ] GC(32) Survivor regions: 12->12(19)
[2023-07-21T13:40:09.053+0700][gc,heap       ] GC(32) Old regions: 74->76
[2023-07-21T13:40:09.053+0700][gc,heap       ] GC(32) Humongous regions: 131->131
[2023-07-21T13:40:09.053+0700][gc,metaspace  ] GC(32) Metaspace: 102462K(108280K)->102462K(108280K) NonClass: 89210K(92332K)->89210K(92332K) Class: 13252K(15948K)->13252K(15948K)
[2023-07-21T13:40:09.053+0700][gc            ] GC(32) Pause Young (Normal) (G1 Evacuation Pause) 351M->217M(1024M) 9.161ms
[2023-07-21T13:40:09.053+0700][gc,cpu        ] GC(32) User=0.07s Sys=0.00s Real=0.01s
[2023-07-21T13:46:08.856+0700][gc,start      ] GC(33) Pause Young (Normal) (G1 Evacuation Pause)
[2023-07-21T13:46:08.856+0700][gc,task       ] GC(33) Using 8 workers of 8 for evacuation
[2023-07-21T13:46:08.869+0700][gc,phases     ] GC(33)   Pre Evacuate Collection Set: 0.6ms
[2023-07-21T13:46:08.869+0700][gc,phases     ] GC(33)   Evacuate Collection Set: 10.8ms
[2023-07-21T13:46:08.869+0700][gc,phases     ] GC(33)   Post Evacuate Collection Set: 1.0ms
[2023-07-21T13:46:08.869+0700][gc,phases     ] GC(33)   Other: 0.3ms
[2023-07-21T13:46:08.869+0700][gc,heap       ] GC(33) Eden regions: 157->0(169)
[2023-07-21T13:46:08.869+0700][gc,heap       ] GC(33) Survivor regions: 12->16(22)
[2023-07-21T13:46:08.869+0700][gc,heap       ] GC(33) Old regions: 76->78
[2023-07-21T13:46:08.869+0700][gc,heap       ] GC(33) Humongous regions: 131->131
[2023-07-21T13:46:08.869+0700][gc,metaspace  ] GC(33) Metaspace: 102847K(108536K)->102847K(108536K) NonClass: 89593K(92588K)->89593K(92588K) Class: 13254K(15948K)->13254K(15948K)
[2023-07-21T13:46:08.869+0700][gc            ] GC(33) Pause Young (Normal) (G1 Evacuation Pause) 374M->222M(1024M) 12.609ms
[2023-07-21T13:46:08.869+0700][gc,cpu        ] GC(33) User=0.08s Sys=0.00s Real=0.02s
[2023-07-21T13:52:08.852+0700][gc,start      ] GC(34) Pause Young (Normal) (G1 Evacuation Pause)
[2023-07-21T13:52:08.852+0700][gc,task       ] GC(34) Using 8 workers of 8 for evacuation
[2023-07-21T13:52:08.868+0700][gc,phases     ] GC(34)   Pre Evacuate Collection Set: 1.5ms
[2023-07-21T13:52:08.868+0700][gc,phases     ] GC(34)   Evacuate Collection Set: 13.9ms
[2023-07-21T13:52:08.868+0700][gc,phases     ] GC(34)   Post Evacuate Collection Set: 1.1ms
[2023-07-21T13:52:08.868+0700][gc,phases     ] GC(34)   Other: 0.3ms
[2023-07-21T13:52:08.868+0700][gc,heap       ] GC(34) Eden regions: 169->0(167)
[2023-07-21T13:52:08.868+0700][gc,heap       ] GC(34) Survivor regions: 16->18(24)
[2023-07-21T13:52:08.868+0700][gc,heap       ] GC(34) Old regions: 78->81
[2023-07-21T13:52:08.868+0700][gc,heap       ] GC(34) Humongous regions: 131->131
[2023-07-21T13:52:08.868+0700][gc,metaspace  ] GC(34) Metaspace: 103796K(109816K)->103796K(109816K) NonClass: 90418K(93612K)->90418K(93612K) Class: 13378K(16204K)->13378K(16204K)
[2023-07-21T13:52:08.868+0700][gc            ] GC(34) Pause Young (Normal) (G1 Evacuation Pause) 391M->227M(1024M) 16.788ms
[2023-07-21T13:52:08.868+0700][gc,cpu        ] GC(34) User=0.10s Sys=0.01s Real=0.02s
[2023-07-21T13:58:08.853+0700][gc,start      ] GC(35) Pause Young (Normal) (G1 Evacuation Pause)
[2023-07-21T13:58:08.853+0700][gc,task       ] GC(35) Using 8 workers of 8 for evacuation
[2023-07-21T13:58:08.864+0700][gc,phases     ] GC(35)   Pre Evacuate Collection Set: 0.7ms
[2023-07-21T13:58:08.864+0700][gc,phases     ] GC(35)   Evacuate Collection Set: 8.7ms
[2023-07-21T13:58:08.864+0700][gc,phases     ] GC(35)   Post Evacuate Collection Set: 0.9ms
[2023-07-21T13:58:08.864+0700][gc,phases     ] GC(35)   Other: 0.3ms
[2023-07-21T13:58:08.864+0700][gc,heap       ] GC(35) Eden regions: 167->0(192)
[2023-07-21T13:58:08.864+0700][gc,heap       ] GC(35) Survivor regions: 18->15(24)
[2023-07-21T13:58:08.864+0700][gc,heap       ] GC(35) Old regions: 81->87
[2023-07-21T13:58:08.864+0700][gc,heap       ] GC(35) Humongous regions: 131->131
[2023-07-21T13:58:08.864+0700][gc,metaspace  ] GC(35) Metaspace: 103910K(110072K)->103910K(110072K) NonClass: 90531K(93868K)->90531K(93868K) Class: 13378K(16204K)->13378K(16204K)
[2023-07-21T13:58:08.864+0700][gc            ] GC(35) Pause Young (Normal) (G1 Evacuation Pause) 394M->230M(1024M) 10.617ms
[2023-07-21T13:58:08.864+0700][gc,cpu        ] GC(35) User=0.08s Sys=0.00s Real=0.01s
[2023-07-21T14:05:25.312+0700][gc,start      ] GC(36) Pause Young (Normal) (G1 Evacuation Pause)
[2023-07-21T14:05:25.312+0700][gc,task       ] GC(36) Using 8 workers of 8 for evacuation
[2023-07-21T14:05:25.328+0700][gc,phases     ] GC(36)   Pre Evacuate Collection Set: 0.6ms
[2023-07-21T14:05:25.328+0700][gc,phases     ] GC(36)   Evacuate Collection Set: 14.9ms
[2023-07-21T14:05:25.328+0700][gc,phases     ] GC(36)   Post Evacuate Collection Set: 1.0ms
[2023-07-21T14:05:25.328+0700][gc,phases     ] GC(36)   Other: 0.3ms
[2023-07-21T14:05:25.328+0700][gc,heap       ] GC(36) Eden regions: 192->0(177)
[2023-07-21T14:05:25.328+0700][gc,heap       ] GC(36) Survivor regions: 15->16(26)
[2023-07-21T14:05:25.328+0700][gc,heap       ] GC(36) Old regions: 87->91
[2023-07-21T14:05:25.328+0700][gc,heap       ] GC(36) Humongous regions: 131->131
[2023-07-21T14:05:25.328+0700][gc,metaspace  ] GC(36) Metaspace: 104176K(110072K)->104176K(110072K) NonClass: 90797K(93868K)->90797K(93868K) Class: 13379K(16204K)->13379K(16204K)
[2023-07-21T14:05:25.328+0700][gc            ] GC(36) Pause Young (Normal) (G1 Evacuation Pause) 422M->235M(1024M) 16.907ms
[2023-07-21T14:05:25.328+0700][gc,cpu        ] GC(36) User=0.12s Sys=0.00s Real=0.02s
[2023-07-21T14:12:03.880+0700][gc,start      ] GC(37) Pause Young (Normal) (G1 Evacuation Pause)
[2023-07-21T14:12:03.880+0700][gc,task       ] GC(37) Using 8 workers of 8 for evacuation
[2023-07-21T14:12:03.889+0700][gc,phases     ] GC(37)   Pre Evacuate Collection Set: 0.6ms
[2023-07-21T14:12:03.889+0700][gc,phases     ] GC(37)   Evacuate Collection Set: 8.1ms
[2023-07-21T14:12:03.889+0700][gc,phases     ] GC(37)   Post Evacuate Collection Set: 0.8ms
[2023-07-21T14:12:03.889+0700][gc,phases     ] GC(37)   Other: 0.2ms
[2023-07-21T14:12:03.889+0700][gc,heap       ] GC(37) Eden regions: 177->0(215)
[2023-07-21T14:12:03.889+0700][gc,heap       ] GC(37) Survivor regions: 16->15(25)
[2023-07-21T14:12:03.889+0700][gc,heap       ] GC(37) Old regions: 91->96
[2023-07-21T14:12:03.889+0700][gc,heap       ] GC(37) Humongous regions: 131->131
[2023-07-21T14:12:03.889+0700][gc,metaspace  ] GC(37) Metaspace: 104289K(110328K)->104289K(110328K) NonClass: 90910K(94124K)->90910K(94124K) Class: 13379K(16204K)->13379K(16204K)
[2023-07-21T14:12:03.889+0700][gc            ] GC(37) Pause Young (Normal) (G1 Evacuation Pause) 412M->239M(1024M) 9.748ms
[2023-07-21T14:12:03.889+0700][gc,cpu        ] GC(37) User=0.06s Sys=0.00s Real=0.01s
[2023-07-21T14:19:15.443+0700][gc,start      ] GC(38) Pause Young (Normal) (G1 Evacuation Pause)
[2023-07-21T14:19:15.443+0700][gc,task       ] GC(38) Using 8 workers of 8 for evacuation
[2023-07-21T14:19:15.467+0700][gc,mmu        ] GC(38) MMU target violated: 21.0ms (20.0ms/21.0ms)
[2023-07-21T14:19:15.467+0700][gc,phases     ] GC(38)   Pre Evacuate Collection Set: 1.0ms
[2023-07-21T14:19:15.467+0700][gc,phases     ] GC(38)   Evacuate Collection Set: 21.8ms
[2023-07-21T14:19:15.467+0700][gc,phases     ] GC(38)   Post Evacuate Collection Set: 1.0ms
[2023-07-21T14:19:15.467+0700][gc,phases     ] GC(38)   Other: 0.3ms
[2023-07-21T14:19:15.467+0700][gc,heap       ] GC(38) Eden regions: 215->0(166)
[2023-07-21T14:19:15.467+0700][gc,heap       ] GC(38) Survivor regions: 15->22(29)
[2023-07-21T14:19:15.467+0700][gc,heap       ] GC(38) Old regions: 96->96
[2023-07-21T14:19:15.467+0700][gc,heap       ] GC(38) Humongous regions: 131->131
[2023-07-21T14:19:15.467+0700][gc,metaspace  ] GC(38) Metaspace: 104465K(110584K)->104465K(110584K) NonClass: 91080K(94380K)->91080K(94380K) Class: 13385K(16204K)->13385K(16204K)
[2023-07-21T14:19:15.467+0700][gc            ] GC(38) Pause Young (Normal) (G1 Evacuation Pause) 454M->246M(1024M) 24.244ms
[2023-07-21T14:19:15.467+0700][gc,cpu        ] GC(38) User=0.12s Sys=0.04s Real=0.03s
[2023-07-21T14:25:09.688+0700][gc,start      ] GC(39) Pause Young (Normal) (G1 Evacuation Pause)
[2023-07-21T14:25:09.688+0700][gc,task       ] GC(39) Using 8 workers of 8 for evacuation
[2023-07-21T14:25:09.707+0700][gc,phases     ] GC(39)   Pre Evacuate Collection Set: 0.2ms
[2023-07-21T14:25:09.707+0700][gc,phases     ] GC(39)   Evacuate Collection Set: 17.7ms
[2023-07-21T14:25:09.707+0700][gc,phases     ] GC(39)   Post Evacuate Collection Set: 0.7ms
[2023-07-21T14:25:09.707+0700][gc,phases     ] GC(39)   Other: 0.3ms
[2023-07-21T14:25:09.707+0700][gc,heap       ] GC(39) Eden regions: 165->0(189)
[2023-07-21T14:25:09.707+0700][gc,heap       ] GC(39) Survivor regions: 22->10(24)
[2023-07-21T14:25:09.707+0700][gc,heap       ] GC(39) Old regions: 96->109
[2023-07-21T14:25:09.707+0700][gc,heap       ] GC(39) Humongous regions: 131->131
[2023-07-21T14:25:09.707+0700][gc,metaspace  ] GC(39) Metaspace: 104511K(110584K)->104511K(110584K) NonClass: 91125K(94380K)->91125K(94380K) Class: 13385K(16204K)->13385K(16204K)
[2023-07-21T14:25:09.707+0700][gc            ] GC(39) Pause Young (Normal) (G1 Evacuation Pause) 411M->248M(1024M) 18.966ms
[2023-07-21T14:25:09.707+0700][gc,cpu        ] GC(39) User=0.09s Sys=0.04s Real=0.02s
[2023-07-21T14:30:49.187+0700][gc,start      ] GC(40) Pause Young (Normal) (G1 Evacuation Pause)
[2023-07-21T14:30:49.187+0700][gc,task       ] GC(40) Using 8 workers of 8 for evacuation
[2023-07-21T14:30:49.194+0700][gc,phases     ] GC(40)   Pre Evacuate Collection Set: 0.1ms
[2023-07-21T14:30:49.194+0700][gc,phases     ] GC(40)   Evacuate Collection Set: 6.0ms
[2023-07-21T14:30:49.194+0700][gc,phases     ] GC(40)   Post Evacuate Collection Set: 0.8ms
[2023-07-21T14:30:49.194+0700][gc,phases     ] GC(40)   Other: 0.2ms
[2023-07-21T14:30:49.194+0700][gc,heap       ] GC(40) Eden regions: 189->0(206)
[2023-07-21T14:30:49.194+0700][gc,heap       ] GC(40) Survivor regions: 10->13(25)
[2023-07-21T14:30:49.194+0700][gc,heap       ] GC(40) Old regions: 109->109
[2023-07-21T14:30:49.194+0700][gc,heap       ] GC(40) Humongous regions: 131->131
[2023-07-21T14:30:49.194+0700][gc,metaspace  ] GC(40) Metaspace: 105581K(111864K)->105581K(111864K) NonClass: 91980K(95404K)->91980K(95404K) Class: 13601K(16460K)->13601K(16460K)
[2023-07-21T14:30:49.194+0700][gc            ] GC(40) Pause Young (Normal) (G1 Evacuation Pause) 437M->250M(1024M) 7.157ms
[2023-07-21T14:30:49.194+0700][gc,cpu        ] GC(40) User=0.03s Sys=0.01s Real=0.00s
[2023-07-21T14:36:46.409+0700][gc,start      ] GC(41) Pause Young (Normal) (G1 Evacuation Pause)
[2023-07-21T14:36:46.410+0700][gc,task       ] GC(41) Using 8 workers of 8 for evacuation
[2023-07-21T14:36:46.422+0700][gc,phases     ] GC(41)   Pre Evacuate Collection Set: 0.1ms
[2023-07-21T14:36:46.422+0700][gc,phases     ] GC(41)   Evacuate Collection Set: 11.3ms
[2023-07-21T14:36:46.422+0700][gc,phases     ] GC(41)   Post Evacuate Collection Set: 0.6ms
[2023-07-21T14:36:46.422+0700][gc,phases     ] GC(41)   Other: 0.8ms
[2023-07-21T14:36:46.422+0700][gc,heap       ] GC(41) Eden regions: 206->0(226)
[2023-07-21T14:36:46.422+0700][gc,heap       ] GC(41) Survivor regions: 13->13(28)
[2023-07-21T14:36:46.422+0700][gc,heap       ] GC(41) Old regions: 109->109
[2023-07-21T14:36:46.422+0700][gc,heap       ] GC(41) Humongous regions: 131->131
[2023-07-21T14:36:46.422+0700][gc,metaspace  ] GC(41) Metaspace: 105744K(112120K)->105744K(112120K) NonClass: 92133K(95660K)->92133K(95660K) Class: 13611K(16460K)->13611K(16460K)
[2023-07-21T14:36:46.422+0700][gc            ] GC(41) Pause Young (Normal) (G1 Evacuation Pause) 456M->251M(1024M) 12.992ms
[2023-07-21T14:36:46.422+0700][gc,cpu        ] GC(41) User=0.09s Sys=0.00s Real=0.01s
[2023-07-21T14:43:08.856+0700][gc,start      ] GC(42) Pause Young (Normal) (G1 Evacuation Pause)
[2023-07-21T14:43:08.856+0700][gc,task       ] GC(42) Using 8 workers of 8 for evacuation
[2023-07-21T14:43:08.866+0700][gc,phases     ] GC(42)   Pre Evacuate Collection Set: 0.3ms
[2023-07-21T14:43:08.866+0700][gc,phases     ] GC(42)   Evacuate Collection Set: 9.0ms
[2023-07-21T14:43:08.866+0700][gc,phases     ] GC(42)   Post Evacuate Collection Set: 0.7ms
[2023-07-21T14:43:08.866+0700][gc,phases     ] GC(42)   Other: 0.3ms
[2023-07-21T14:43:08.866+0700][gc,heap       ] GC(42) Eden regions: 225->0(339)
[2023-07-21T14:43:08.866+0700][gc,heap       ] GC(42) Survivor regions: 13->16(30)
[2023-07-21T14:43:08.866+0700][gc,heap       ] GC(42) Old regions: 109->109
[2023-07-21T14:43:08.866+0700][gc,heap       ] GC(42) Humongous regions: 131->131
[2023-07-21T14:43:08.866+0700][gc,metaspace  ] GC(42) Metaspace: 106153K(112504K)->106153K(112504K) NonClass: 92458K(95916K)->92458K(95916K) Class: 13695K(16588K)->13695K(16588K)
[2023-07-21T14:43:08.866+0700][gc            ] GC(42) Pause Young (Normal) (G1 Evacuation Pause) 476M->254M(1024M) 10.362ms
[2023-07-21T14:43:08.866+0700][gc,cpu        ] GC(42) User=0.07s Sys=0.00s Real=0.01s
[2023-07-21T14:52:35.249+0700][gc,start      ] GC(43) Pause Young (Normal) (G1 Evacuation Pause)
[2023-07-21T14:52:35.249+0700][gc,task       ] GC(43) Using 8 workers of 8 for evacuation
[2023-07-21T14:52:35.258+0700][gc,phases     ] GC(43)   Pre Evacuate Collection Set: 0.2ms
[2023-07-21T14:52:35.258+0700][gc,phases     ] GC(43)   Evacuate Collection Set: 7.3ms
[2023-07-21T14:52:35.258+0700][gc,phases     ] GC(43)   Post Evacuate Collection Set: 0.8ms
[2023-07-21T14:52:35.258+0700][gc,phases     ] GC(43)   Other: 0.2ms
[2023-07-21T14:52:35.258+0700][gc,heap       ] GC(43) Eden regions: 333->0(599)
[2023-07-21T14:52:35.258+0700][gc,heap       ] GC(43) Survivor regions: 16->15(44)
[2023-07-21T14:52:35.258+0700][gc,heap       ] GC(43) Old regions: 109->109
[2023-07-21T14:52:35.258+0700][gc,heap       ] GC(43) Humongous regions: 131->131
[2023-07-21T14:52:35.258+0700][gc,metaspace  ] GC(43) Metaspace: 106323K(112760K)->106323K(112760K) NonClass: 92622K(96172K)->92622K(96172K) Class: 13700K(16588K)->13700K(16588K)
[2023-07-21T14:52:35.258+0700][gc            ] GC(43) Pause Young (Normal) (G1 Evacuation Pause) 587M->252M(1024M) 8.645ms
[2023-07-21T14:52:35.258+0700][gc,cpu        ] GC(43) User=0.06s Sys=0.01s Real=0.01s
[2023-07-21T15:07:08.847+0700][gc,start      ] GC(44) Pause Young (Normal) (G1 Evacuation Pause)
[2023-07-21T15:07:08.848+0700][gc,task       ] GC(44) Using 8 workers of 8 for evacuation
[2023-07-21T15:07:08.872+0700][gc,mmu        ] GC(44) MMU target violated: 21.0ms (20.0ms/21.0ms)
[2023-07-21T15:07:08.872+0700][gc,phases     ] GC(44)   Pre Evacuate Collection Set: 0.1ms
[2023-07-21T15:07:08.872+0700][gc,phases     ] GC(44)   Evacuate Collection Set: 20.6ms
[2023-07-21T15:07:08.872+0700][gc,phases     ] GC(44)   Post Evacuate Collection Set: 3.3ms
[2023-07-21T15:07:08.872+0700][gc,phases     ] GC(44)   Other: 1.0ms
[2023-07-21T15:07:08.872+0700][gc,heap       ] GC(44) Eden regions: 599->0(265)
[2023-07-21T15:07:08.872+0700][gc,heap       ] GC(44) Survivor regions: 15->16(77)
[2023-07-21T15:07:08.872+0700][gc,heap       ] GC(44) Old regions: 109->109
[2023-07-21T15:07:08.872+0700][gc,heap       ] GC(44) Humongous regions: 131->131
[2023-07-21T15:07:08.872+0700][gc,metaspace  ] GC(44) Metaspace: 106492K(112760K)->106492K(112760K) NonClass: 92791K(96172K)->92791K(96172K) Class: 13701K(16588K)->13701K(16588K)
[2023-07-21T15:07:08.872+0700][gc            ] GC(44) Pause Young (Normal) (G1 Evacuation Pause) 851M->254M(1024M) 25.015ms
[2023-07-21T15:07:08.872+0700][gc,cpu        ] GC(44) User=0.09s Sys=0.04s Real=0.03s
[2023-07-21T15:12:52.871+0700][gc,start      ] GC(45) Pause Young (Normal) (G1 Evacuation Pause)
[2023-07-21T15:12:52.871+0700][gc,task       ] GC(45) Using 8 workers of 8 for evacuation
[2023-07-21T15:12:52.883+0700][gc,phases     ] GC(45)   Pre Evacuate Collection Set: 0.6ms
[2023-07-21T15:12:52.883+0700][gc,phases     ] GC(45)   Evacuate Collection Set: 9.0ms
[2023-07-21T15:12:52.883+0700][gc,phases     ] GC(45)   Post Evacuate Collection Set: 1.5ms
[2023-07-21T15:12:52.883+0700][gc,phases     ] GC(45)   Other: 0.6ms
[2023-07-21T15:12:52.883+0700][gc,heap       ] GC(45) Eden regions: 224->0(395)
[2023-07-21T15:12:52.883+0700][gc,heap       ] GC(45) Survivor regions: 16->15(30)
[2023-07-21T15:12:52.883+0700][gc,heap       ] GC(45) Old regions: 109->109
[2023-07-21T15:12:52.883+0700][gc,heap       ] GC(45) Humongous regions: 131->131
[2023-07-21T15:12:52.883+0700][gc,metaspace  ] GC(45) Metaspace: 106554K(113016K)->106554K(113016K) NonClass: 92853K(96428K)->92853K(96428K) Class: 13701K(16588K)->13701K(16588K)
[2023-07-21T15:12:52.883+0700][gc            ] GC(45) Pause Young (Normal) (G1 Evacuation Pause) 478M->252M(1024M) 12.146ms
[2023-07-21T15:12:52.883+0700][gc,cpu        ] GC(45) User=0.08s Sys=0.00s Real=0.01s
[2023-07-21T15:22:03.884+0700][gc,start      ] GC(46) Pause Young (Normal) (G1 Evacuation Pause)
[2023-07-21T15:22:03.884+0700][gc,task       ] GC(46) Using 8 workers of 8 for evacuation
[2023-07-21T15:22:03.894+0700][gc,phases     ] GC(46)   Pre Evacuate Collection Set: 0.1ms
[2023-07-21T15:22:03.894+0700][gc,phases     ] GC(46)   Evacuate Collection Set: 7.5ms
[2023-07-21T15:22:03.894+0700][gc,phases     ] GC(46)   Post Evacuate Collection Set: 2.0ms
[2023-07-21T15:22:03.894+0700][gc,phases     ] GC(46)   Other: 0.3ms
[2023-07-21T15:22:03.894+0700][gc,heap       ] GC(46) Eden regions: 389->0(598)
[2023-07-21T15:22:03.894+0700][gc,heap       ] GC(46) Survivor regions: 15->16(51)
[2023-07-21T15:22:03.894+0700][gc,heap       ] GC(46) Old regions: 109->109
[2023-07-21T15:22:03.894+0700][gc,heap       ] GC(46) Humongous regions: 131->131
[2023-07-21T15:22:03.894+0700][gc,metaspace  ] GC(46) Metaspace: 106635K(113016K)->106635K(113016K) NonClass: 92928K(96428K)->92928K(96428K) Class: 13706K(16588K)->13706K(16588K)
[2023-07-21T15:22:03.894+0700][gc            ] GC(46) Pause Young (Normal) (G1 Evacuation Pause) 641M->253M(1024M) 9.958ms
[2023-07-21T15:22:03.894+0700][gc,cpu        ] GC(46) User=0.06s Sys=0.00s Real=0.01s
[2023-07-21T15:37:03.878+0700][gc,start      ] GC(47) Pause Young (Normal) (G1 Evacuation Pause)
[2023-07-21T15:37:03.878+0700][gc,task       ] GC(47) Using 8 workers of 8 for evacuation
[2023-07-21T15:37:03.898+0700][gc,mmu        ] GC(47) MMU target violated: 20.6ms (20.0ms/21.0ms)
[2023-07-21T15:37:03.898+0700][gc,phases     ] GC(47)   Pre Evacuate Collection Set: 0.2ms
[2023-07-21T15:37:03.898+0700][gc,phases     ] GC(47)   Evacuate Collection Set: 18.4ms
[2023-07-21T15:37:03.898+0700][gc,phases     ] GC(47)   Post Evacuate Collection Set: 1.7ms
[2023-07-21T15:37:03.898+0700][gc,phases     ] GC(47)   Other: 0.4ms
[2023-07-21T15:37:03.898+0700][gc,heap       ] GC(47) Eden regions: 598->0(599)
[2023-07-21T15:37:03.898+0700][gc,heap       ] GC(47) Survivor regions: 16->15(77)
[2023-07-21T15:37:03.898+0700][gc,heap       ] GC(47) Old regions: 109->109
[2023-07-21T15:37:03.898+0700][gc,heap       ] GC(47) Humongous regions: 131->131
[2023-07-21T15:37:03.898+0700][gc,metaspace  ] GC(47) Metaspace: 106803K(113016K)->106803K(113016K) NonClass: 93096K(96428K)->93096K(96428K) Class: 13706K(16588K)->13706K(16588K)
[2023-07-21T15:37:03.898+0700][gc            ] GC(47) Pause Young (Normal) (G1 Evacuation Pause) 851M->253M(1024M) 20.905ms
[2023-07-21T15:37:03.899+0700][gc,cpu        ] GC(47) User=0.12s Sys=0.01s Real=0.02s
[2023-07-21T15:51:50.350+0700][gc,start      ] GC(48) Pause Young (Normal) (G1 Evacuation Pause)
[2023-07-21T15:51:50.351+0700][gc,task       ] GC(48) Using 8 workers of 8 for evacuation
[2023-07-21T15:51:50.365+0700][gc,phases     ] GC(48)   Pre Evacuate Collection Set: 1.1ms
[2023-07-21T15:51:50.365+0700][gc,phases     ] GC(48)   Evacuate Collection Set: 11.8ms
[2023-07-21T15:51:50.365+0700][gc,phases     ] GC(48)   Post Evacuate Collection Set: 1.7ms
[2023-07-21T15:51:50.365+0700][gc,phases     ] GC(48)   Other: 0.4ms
[2023-07-21T15:51:50.365+0700][gc,heap       ] GC(48) Eden regions: 599->0(598)
[2023-07-21T15:51:50.365+0700][gc,heap       ] GC(48) Survivor regions: 15->16(77)
[2023-07-21T15:51:50.365+0700][gc,heap       ] GC(48) Old regions: 109->109
[2023-07-21T15:51:50.365+0700][gc,heap       ] GC(48) Humongous regions: 131->131
[2023-07-21T15:51:50.365+0700][gc,metaspace  ] GC(48) Metaspace: 106904K(113272K)->106904K(113272K) NonClass: 93197K(96684K)->93197K(96684K) Class: 13707K(16588K)->13707K(16588K)
[2023-07-21T15:51:50.365+0700][gc            ] GC(48) Pause Young (Normal) (G1 Evacuation Pause) 852M->254M(1024M) 15.012ms
[2023-07-21T15:51:50.365+0700][gc,cpu        ] GC(48) User=0.09s Sys=0.01s Real=0.01s
[2023-07-21T16:06:47.594+0700][gc,start      ] GC(49) Pause Young (Normal) (G1 Evacuation Pause)
[2023-07-21T16:06:47.594+0700][gc,task       ] GC(49) Using 8 workers of 8 for evacuation
[2023-07-21T16:06:47.603+0700][gc,phases     ] GC(49)   Pre Evacuate Collection Set: 0.1ms
[2023-07-21T16:06:47.603+0700][gc,phases     ] GC(49)   Evacuate Collection Set: 7.2ms
[2023-07-21T16:06:47.603+0700][gc,phases     ] GC(49)   Post Evacuate Collection Set: 1.2ms
[2023-07-21T16:06:47.603+0700][gc,phases     ] GC(49)   Other: 0.2ms
[2023-07-21T16:06:47.603+0700][gc,heap       ] GC(49) Eden regions: 598->0(598)
[2023-07-21T16:06:47.603+0700][gc,heap       ] GC(49) Survivor regions: 16->16(77)
[2023-07-21T16:06:47.603+0700][gc,heap       ] GC(49) Old regions: 109->109
[2023-07-21T16:06:47.603+0700][gc,heap       ] GC(49) Humongous regions: 131->131
[2023-07-21T16:06:47.603+0700][gc,metaspace  ] GC(49) Metaspace: 106999K(113272K)->106999K(113272K) NonClass: 93292K(96684K)->93292K(96684K) Class: 13707K(16588K)->13707K(16588K)
[2023-07-21T16:06:47.603+0700][gc            ] GC(49) Pause Young (Normal) (G1 Evacuation Pause) 852M->254M(1024M) 8.682ms
[2023-07-21T16:06:47.603+0700][gc,cpu        ] GC(49) User=0.04s Sys=0.01s Real=0.00s
[2023-07-21T16:21:07.078+0700][gc,start      ] GC(50) Pause Young (Normal) (G1 Evacuation Pause)
[2023-07-21T16:21:07.078+0700][gc,task       ] GC(50) Using 8 workers of 8 for evacuation
[2023-07-21T16:21:07.089+0700][gc,phases     ] GC(50)   Pre Evacuate Collection Set: 0.2ms
[2023-07-21T16:21:07.089+0700][gc,phases     ] GC(50)   Evacuate Collection Set: 7.9ms
[2023-07-21T16:21:07.089+0700][gc,phases     ] GC(50)   Post Evacuate Collection Set: 1.9ms
[2023-07-21T16:21:07.089+0700][gc,phases     ] GC(50)   Other: 0.3ms
[2023-07-21T16:21:07.089+0700][gc,heap       ] GC(50) Eden regions: 598->0(598)
[2023-07-21T16:21:07.089+0700][gc,heap       ] GC(50) Survivor regions: 16->16(77)
[2023-07-21T16:21:07.089+0700][gc,heap       ] GC(50) Old regions: 109->109
[2023-07-21T16:21:07.089+0700][gc,heap       ] GC(50) Humongous regions: 131->131
[2023-07-21T16:21:07.089+0700][gc,metaspace  ] GC(50) Metaspace: 107063K(113528K)->107063K(113528K) NonClass: 93356K(96940K)->93356K(96940K) Class: 13707K(16588K)->13707K(16588K)
[2023-07-21T16:21:07.089+0700][gc            ] GC(50) Pause Young (Normal) (G1 Evacuation Pause) 852M->254M(1024M) 10.239ms
[2023-07-21T16:21:07.091+0700][gc,cpu        ] GC(50) User=0.06s Sys=0.00s Real=0.02s
[2023-07-21T16:37:08.817+0700][gc,start      ] GC(51) Pause Young (Normal) (G1 Evacuation Pause)
[2023-07-21T16:37:08.817+0700][gc,task       ] GC(51) Using 8 workers of 8 for evacuation
[2023-07-21T16:37:08.829+0700][gc,phases     ] GC(51)   Pre Evacuate Collection Set: 0.1ms
[2023-07-21T16:37:08.829+0700][gc,phases     ] GC(51)   Evacuate Collection Set: 9.6ms
[2023-07-21T16:37:08.829+0700][gc,phases     ] GC(51)   Post Evacuate Collection Set: 1.9ms
[2023-07-21T16:37:08.829+0700][gc,phases     ] GC(51)   Other: 0.3ms
[2023-07-21T16:37:08.829+0700][gc,heap       ] GC(51) Eden regions: 598->0(596)
[2023-07-21T16:37:08.829+0700][gc,heap       ] GC(51) Survivor regions: 16->18(77)
[2023-07-21T16:37:08.829+0700][gc,heap       ] GC(51) Old regions: 109->109
[2023-07-21T16:37:08.829+0700][gc,heap       ] GC(51) Humongous regions: 131->131
[2023-07-21T16:37:08.829+0700][gc,metaspace  ] GC(51) Metaspace: 107217K(113528K)->107217K(113528K) NonClass: 93506K(96940K)->93506K(96940K) Class: 13710K(16588K)->13710K(16588K)
[2023-07-21T16:37:08.829+0700][gc            ] GC(51) Pause Young (Normal) (G1 Evacuation Pause) 852M->255M(1024M) 11.950ms
[2023-07-21T16:37:08.829+0700][gc,cpu        ] GC(51) User=0.05s Sys=0.03s Real=0.02s
[2023-07-21T16:52:03.839+0700][gc,start      ] GC(52) Pause Young (Normal) (G1 Evacuation Pause)
[2023-07-21T16:52:03.839+0700][gc,task       ] GC(52) Using 8 workers of 8 for evacuation
[2023-07-21T16:52:03.849+0700][gc,phases     ] GC(52)   Pre Evacuate Collection Set: 0.1ms
[2023-07-21T16:52:03.849+0700][gc,phases     ] GC(52)   Evacuate Collection Set: 7.9ms
[2023-07-21T16:52:03.849+0700][gc,phases     ] GC(52)   Post Evacuate Collection Set: 1.3ms
[2023-07-21T16:52:03.849+0700][gc,phases     ] GC(52)   Other: 0.3ms
[2023-07-21T16:52:03.849+0700][gc,heap       ] GC(52) Eden regions: 596->0(597)
[2023-07-21T16:52:03.849+0700][gc,heap       ] GC(52) Survivor regions: 18->17(77)
[2023-07-21T16:52:03.849+0700][gc,heap       ] GC(52) Old regions: 109->109
[2023-07-21T16:52:03.849+0700][gc,heap       ] GC(52) Humongous regions: 131->131
[2023-07-21T16:52:03.849+0700][gc,metaspace  ] GC(52) Metaspace: 107284K(113784K)->107284K(113784K) NonClass: 93573K(97196K)->93573K(97196K) Class: 13710K(16588K)->13710K(16588K)
[2023-07-21T16:52:03.849+0700][gc            ] GC(52) Pause Young (Normal) (G1 Evacuation Pause) 851M->254M(1024M) 9.594ms
[2023-07-21T16:52:03.849+0700][gc,cpu        ] GC(52) User=0.04s Sys=0.01s Real=0.01s
[2023-07-21T17:06:38.527+0700][gc,start      ] GC(53) Pause Young (Normal) (G1 Evacuation Pause)
[2023-07-21T17:06:38.527+0700][gc,task       ] GC(53) Using 8 workers of 8 for evacuation
[2023-07-21T17:06:38.539+0700][gc,phases     ] GC(53)   Pre Evacuate Collection Set: 0.1ms
[2023-07-21T17:06:38.539+0700][gc,phases     ] GC(53)   Evacuate Collection Set: 9.5ms
[2023-07-21T17:06:38.539+0700][gc,phases     ] GC(53)   Post Evacuate Collection Set: 2.4ms
[2023-07-21T17:06:38.539+0700][gc,phases     ] GC(53)   Other: 0.3ms
[2023-07-21T17:06:38.539+0700][gc,heap       ] GC(53) Eden regions: 597->0(599)
[2023-07-21T17:06:38.539+0700][gc,heap       ] GC(53) Survivor regions: 17->15(77)
[2023-07-21T17:06:38.539+0700][gc,heap       ] GC(53) Old regions: 109->112
[2023-07-21T17:06:38.539+0700][gc,heap       ] GC(53) Humongous regions: 131->131
[2023-07-21T17:06:38.539+0700][gc,metaspace  ] GC(53) Metaspace: 107309K(113784K)->107309K(113784K) NonClass: 93597K(97196K)->93597K(97196K) Class: 13711K(16588K)->13711K(16588K)
[2023-07-21T17:06:38.539+0700][gc            ] GC(53) Pause Young (Normal) (G1 Evacuation Pause) 851M->255M(1024M) 12.260ms
[2023-07-21T17:06:38.539+0700][gc,cpu        ] GC(53) User=0.07s Sys=0.00s Real=0.01s
[2023-07-21T17:20:49.233+0700][gc,start      ] GC(54) Pause Young (Normal) (G1 Evacuation Pause)
[2023-07-21T17:20:49.233+0700][gc,task       ] GC(54) Using 8 workers of 8 for evacuation
[2023-07-21T17:20:49.246+0700][gc,phases     ] GC(54)   Pre Evacuate Collection Set: 0.1ms
[2023-07-21T17:20:49.246+0700][gc,phases     ] GC(54)   Evacuate Collection Set: 8.5ms
[2023-07-21T17:20:49.246+0700][gc,phases     ] GC(54)   Post Evacuate Collection Set: 4.1ms
[2023-07-21T17:20:49.246+0700][gc,phases     ] GC(54)   Other: 0.3ms
[2023-07-21T17:20:49.246+0700][gc,heap       ] GC(54) Eden regions: 599->0(600)
[2023-07-21T17:20:49.247+0700][gc,heap       ] GC(54) Survivor regions: 15->14(77)
[2023-07-21T17:20:49.247+0700][gc,heap       ] GC(54) Old regions: 112->113
[2023-07-21T17:20:49.247+0700][gc,heap       ] GC(54) Humongous regions: 131->131
[2023-07-21T17:20:49.247+0700][gc,metaspace  ] GC(54) Metaspace: 107496K(113912K)->107496K(113912K) NonClass: 93739K(97196K)->93739K(97196K) Class: 13756K(16716K)->13756K(16716K)
[2023-07-21T17:20:49.247+0700][gc            ] GC(54) Pause Young (Normal) (G1 Evacuation Pause) 854M->255M(1024M) 13.118ms
[2023-07-21T17:20:49.247+0700][gc,cpu        ] GC(54) User=0.08s Sys=0.01s Real=0.01s
[2023-07-21T17:35:03.815+0700][gc,start      ] GC(55) Pause Young (Normal) (G1 Evacuation Pause)
[2023-07-21T17:35:03.816+0700][gc,task       ] GC(55) Using 8 workers of 8 for evacuation
[2023-07-21T17:35:03.826+0700][gc,phases     ] GC(55)   Pre Evacuate Collection Set: 0.1ms
[2023-07-21T17:35:03.826+0700][gc,phases     ] GC(55)   Evacuate Collection Set: 8.2ms
[2023-07-21T17:35:03.826+0700][gc,phases     ] GC(55)   Post Evacuate Collection Set: 1.6ms
[2023-07-21T17:35:03.826+0700][gc,phases     ] GC(55)   Other: 0.4ms
[2023-07-21T17:35:03.826+0700][gc,heap       ] GC(55) Eden regions: 600->0(602)
[2023-07-21T17:35:03.826+0700][gc,heap       ] GC(55) Survivor regions: 14->12(77)
[2023-07-21T17:35:03.826+0700][gc,heap       ] GC(55) Old regions: 113->116
[2023-07-21T17:35:03.826+0700][gc,heap       ] GC(55) Humongous regions: 131->131
[2023-07-21T17:35:03.826+0700][gc,metaspace  ] GC(55) Metaspace: 107668K(114168K)->107668K(114168K) NonClass: 93911K(97452K)->93911K(97452K) Class: 13756K(16716K)->13756K(16716K)
[2023-07-21T17:35:03.826+0700][gc            ] GC(55) Pause Young (Normal) (G1 Evacuation Pause) 855M->256M(1024M) 10.482ms
[2023-07-21T17:35:03.826+0700][gc,cpu        ] GC(55) User=0.07s Sys=0.00s Real=0.01s
[2023-07-21T17:49:42.292+0700][gc,start      ] GC(56) Pause Young (Normal) (G1 Evacuation Pause)
[2023-07-21T17:49:42.292+0700][gc,task       ] GC(56) Using 8 workers of 8 for evacuation
[2023-07-21T17:49:42.299+0700][gc,phases     ] GC(56)   Pre Evacuate Collection Set: 0.1ms
[2023-07-21T17:49:42.299+0700][gc,phases     ] GC(56)   Evacuate Collection Set: 5.0ms
[2023-07-21T17:49:42.299+0700][gc,phases     ] GC(56)   Post Evacuate Collection Set: 1.7ms
[2023-07-21T17:49:42.299+0700][gc,phases     ] GC(56)   Other: 0.2ms
[2023-07-21T17:49:42.299+0700][gc,heap       ] GC(56) Eden regions: 602->0(603)
[2023-07-21T17:49:42.299+0700][gc,heap       ] GC(56) Survivor regions: 12->11(77)
[2023-07-21T17:49:42.299+0700][gc,heap       ] GC(56) Old regions: 116->116
[2023-07-21T17:49:42.299+0700][gc,heap       ] GC(56) Humongous regions: 131->131
[2023-07-21T17:49:42.299+0700][gc,metaspace  ] GC(56) Metaspace: 107671K(114168K)->107671K(114168K) NonClass: 93915K(97452K)->93915K(97452K) Class: 13756K(16716K)->13756K(16716K)
[2023-07-21T17:49:42.299+0700][gc            ] GC(56) Pause Young (Normal) (G1 Evacuation Pause) 858M->256M(1024M) 7.041ms
[2023-07-21T17:49:42.299+0700][gc,cpu        ] GC(56) User=0.04s Sys=0.00s Real=0.01s
[2023-07-21T18:04:08.771+0700][gc,start      ] GC(57) Pause Young (Normal) (G1 Evacuation Pause)
[2023-07-21T18:04:08.771+0700][gc,task       ] GC(57) Using 8 workers of 8 for evacuation
[2023-07-21T18:04:08.780+0700][gc,phases     ] GC(57)   Pre Evacuate Collection Set: 0.1ms
[2023-07-21T18:04:08.780+0700][gc,phases     ] GC(57)   Evacuate Collection Set: 7.4ms
[2023-07-21T18:04:08.780+0700][gc,phases     ] GC(57)   Post Evacuate Collection Set: 1.6ms
[2023-07-21T18:04:08.780+0700][gc,phases     ] GC(57)   Other: 0.2ms
[2023-07-21T18:04:08.780+0700][gc,heap       ] GC(57) Eden regions: 603->0(603)
[2023-07-21T18:04:08.780+0700][gc,heap       ] GC(57) Survivor regions: 11->11(77)
[2023-07-21T18:04:08.780+0700][gc,heap       ] GC(57) Old regions: 116->117
[2023-07-21T18:04:08.780+0700][gc,heap       ] GC(57) Humongous regions: 131->131
[2023-07-21T18:04:08.780+0700][gc,metaspace  ] GC(57) Metaspace: 107680K(114168K)->107680K(114168K) NonClass: 93924K(97452K)->93924K(97452K) Class: 13756K(16716K)->13756K(16716K)
[2023-07-21T18:04:08.780+0700][gc            ] GC(57) Pause Young (Normal) (G1 Evacuation Pause) 859M->256M(1024M) 9.334ms
[2023-07-21T18:04:08.780+0700][gc,cpu        ] GC(57) User=0.07s Sys=0.00s Real=0.01s
[2023-07-21T18:18:52.030+0700][gc,start      ] GC(58) Pause Young (Normal) (G1 Evacuation Pause)
[2023-07-21T18:18:52.030+0700][gc,task       ] GC(58) Using 8 workers of 8 for evacuation
[2023-07-21T18:18:52.036+0700][gc,phases     ] GC(58)   Pre Evacuate Collection Set: 0.1ms
[2023-07-21T18:18:52.036+0700][gc,phases     ] GC(58)   Evacuate Collection Set: 4.4ms
[2023-07-21T18:18:52.036+0700][gc,phases     ] GC(58)   Post Evacuate Collection Set: 1.6ms
[2023-07-21T18:18:52.036+0700][gc,phases     ] GC(58)   Other: 0.2ms
[2023-07-21T18:18:52.036+0700][gc,heap       ] GC(58) Eden regions: 603->0(603)
[2023-07-21T18:18:52.036+0700][gc,heap       ] GC(58) Survivor regions: 11->11(77)
[2023-07-21T18:18:52.036+0700][gc,heap       ] GC(58) Old regions: 117->117
[2023-07-21T18:18:52.036+0700][gc,heap       ] GC(58) Humongous regions: 131->131
[2023-07-21T18:18:52.036+0700][gc,metaspace  ] GC(58) Metaspace: 107701K(114168K)->107701K(114168K) NonClass: 93944K(97452K)->93944K(97452K) Class: 13757K(16716K)->13757K(16716K)
[2023-07-21T18:18:52.036+0700][gc            ] GC(58) Pause Young (Normal) (G1 Evacuation Pause) 859M->256M(1024M) 6.394ms
[2023-07-21T18:18:52.038+0700][gc,cpu        ] GC(58) User=0.04s Sys=0.00s Real=0.01s
[2023-07-21T18:33:03.799+0700][gc,start      ] GC(59) Pause Young (Normal) (G1 Evacuation Pause)
[2023-07-21T18:33:03.799+0700][gc,task       ] GC(59) Using 8 workers of 8 for evacuation
[2023-07-21T18:33:03.806+0700][gc,phases     ] GC(59)   Pre Evacuate Collection Set: 0.1ms
[2023-07-21T18:33:03.806+0700][gc,phases     ] GC(59)   Evacuate Collection Set: 4.7ms
[2023-07-21T18:33:03.806+0700][gc,phases     ] GC(59)   Post Evacuate Collection Set: 1.6ms
[2023-07-21T18:33:03.806+0700][gc,phases     ] GC(59)   Other: 0.2ms
[2023-07-21T18:33:03.806+0700][gc,heap       ] GC(59) Eden regions: 603->0(603)
[2023-07-21T18:33:03.806+0700][gc,heap       ] GC(59) Survivor regions: 11->11(77)
[2023-07-21T18:33:03.806+0700][gc,heap       ] GC(59) Old regions: 117->117
[2023-07-21T18:33:03.806+0700][gc,heap       ] GC(59) Humongous regions: 131->131
[2023-07-21T18:33:03.806+0700][gc,metaspace  ] GC(59) Metaspace: 107728K(114168K)->107728K(114168K) NonClass: 93971K(97452K)->93971K(97452K) Class: 13757K(16716K)->13757K(16716K)
[2023-07-21T18:33:03.806+0700][gc            ] GC(59) Pause Young (Normal) (G1 Evacuation Pause) 859M->256M(1024M) 6.669ms
[2023-07-21T18:33:03.806+0700][gc,cpu        ] GC(59) User=0.04s Sys=0.00s Real=0.01s
[2023-07-21T18:48:24.851+0700][gc,start      ] GC(60) Pause Young (Normal) (G1 Evacuation Pause)
[2023-07-21T18:48:24.851+0700][gc,task       ] GC(60) Using 8 workers of 8 for evacuation
[2023-07-21T18:48:24.857+0700][gc,phases     ] GC(60)   Pre Evacuate Collection Set: 0.1ms
[2023-07-21T18:48:24.857+0700][gc,phases     ] GC(60)   Evacuate Collection Set: 4.5ms
[2023-07-21T18:48:24.857+0700][gc,phases     ] GC(60)   Post Evacuate Collection Set: 1.3ms
[2023-07-21T18:48:24.857+0700][gc,phases     ] GC(60)   Other: 0.2ms
[2023-07-21T18:48:24.857+0700][gc,heap       ] GC(60) Eden regions: 603->0(603)
[2023-07-21T18:48:24.857+0700][gc,heap       ] GC(60) Survivor regions: 11->11(77)
[2023-07-21T18:48:24.857+0700][gc,heap       ] GC(60) Old regions: 117->117
[2023-07-21T18:48:24.857+0700][gc,heap       ] GC(60) Humongous regions: 131->131
[2023-07-21T18:48:24.857+0700][gc,metaspace  ] GC(60) Metaspace: 107761K(114168K)->107761K(114168K) NonClass: 93996K(97452K)->93996K(97452K) Class: 13765K(16716K)->13765K(16716K)
[2023-07-21T18:48:24.857+0700][gc            ] GC(60) Pause Young (Normal) (G1 Evacuation Pause) 859M->256M(1024M) 6.073ms
[2023-07-21T18:48:24.857+0700][gc,cpu        ] GC(60) User=0.02s Sys=0.02s Real=0.00s
[2023-07-21T19:03:47.023+0700][gc,start      ] GC(61) Pause Young (Normal) (G1 Evacuation Pause)
[2023-07-21T19:03:47.023+0700][gc,task       ] GC(61) Using 8 workers of 8 for evacuation
[2023-07-21T19:03:47.030+0700][gc,phases     ] GC(61)   Pre Evacuate Collection Set: 0.1ms
[2023-07-21T19:03:47.030+0700][gc,phases     ] GC(61)   Evacuate Collection Set: 4.7ms
[2023-07-21T19:03:47.030+0700][gc,phases     ] GC(61)   Post Evacuate Collection Set: 2.0ms
[2023-07-21T19:03:47.030+0700][gc,phases     ] GC(61)   Other: 0.2ms
[2023-07-21T19:03:47.030+0700][gc,heap       ] GC(61) Eden regions: 603->0(603)
[2023-07-21T19:03:47.030+0700][gc,heap       ] GC(61) Survivor regions: 11->11(77)
[2023-07-21T19:03:47.030+0700][gc,heap       ] GC(61) Old regions: 117->117
[2023-07-21T19:03:47.030+0700][gc,heap       ] GC(61) Humongous regions: 131->131
[2023-07-21T19:03:47.030+0700][gc,metaspace  ] GC(61) Metaspace: 107765K(114168K)->107765K(114168K) NonClass: 94000K(97452K)->94000K(97452K) Class: 13765K(16716K)->13765K(16716K)
[2023-07-21T19:03:47.030+0700][gc            ] GC(61) Pause Young (Normal) (G1 Evacuation Pause) 859M->256M(1024M) 7.091ms
[2023-07-21T19:03:47.031+0700][gc,cpu        ] GC(61) User=0.04s Sys=0.00s Real=0.01s
[2023-07-21T19:18:51.475+0700][gc,start      ] GC(62) Pause Young (Normal) (G1 Evacuation Pause)
[2023-07-21T19:18:51.475+0700][gc,task       ] GC(62) Using 8 workers of 8 for evacuation
[2023-07-21T19:18:51.480+0700][gc,phases     ] GC(62)   Pre Evacuate Collection Set: 0.1ms
[2023-07-21T19:18:51.480+0700][gc,phases     ] GC(62)   Evacuate Collection Set: 4.3ms
[2023-07-21T19:18:51.480+0700][gc,phases     ] GC(62)   Post Evacuate Collection Set: 0.9ms
[2023-07-21T19:18:51.480+0700][gc,phases     ] GC(62)   Other: 0.3ms
[2023-07-21T19:18:51.480+0700][gc,heap       ] GC(62) Eden regions: 603->0(603)
[2023-07-21T19:18:51.480+0700][gc,heap       ] GC(62) Survivor regions: 11->11(77)
[2023-07-21T19:18:51.480+0700][gc,heap       ] GC(62) Old regions: 117->117
[2023-07-21T19:18:51.480+0700][gc,heap       ] GC(62) Humongous regions: 131->131
[2023-07-21T19:18:51.480+0700][gc,metaspace  ] GC(62) Metaspace: 107776K(114424K)->107776K(114424K) NonClass: 94011K(97708K)->94011K(97708K) Class: 13765K(16716K)->13765K(16716K)
[2023-07-21T19:18:51.480+0700][gc            ] GC(62) Pause Young (Normal) (G1 Evacuation Pause) 859M->256M(1024M) 5.575ms
[2023-07-21T19:18:51.480+0700][gc,cpu        ] GC(62) User=0.03s Sys=0.01s Real=0.01s
[2023-07-21T19:34:03.784+0700][gc,start      ] GC(63) Pause Young (Normal) (G1 Evacuation Pause)
[2023-07-21T19:34:03.784+0700][gc,task       ] GC(63) Using 8 workers of 8 for evacuation
[2023-07-21T19:34:03.789+0700][gc,phases     ] GC(63)   Pre Evacuate Collection Set: 0.0ms
[2023-07-21T19:34:03.789+0700][gc,phases     ] GC(63)   Evacuate Collection Set: 4.2ms
[2023-07-21T19:34:03.789+0700][gc,phases     ] GC(63)   Post Evacuate Collection Set: 0.8ms
[2023-07-21T19:34:03.789+0700][gc,phases     ] GC(63)   Other: 0.2ms
[2023-07-21T19:34:03.789+0700][gc,heap       ] GC(63) Eden regions: 603->0(603)
[2023-07-21T19:34:03.789+0700][gc,heap       ] GC(63) Survivor regions: 11->11(77)
[2023-07-21T19:34:03.789+0700][gc,heap       ] GC(63) Old regions: 117->117
[2023-07-21T19:34:03.789+0700][gc,heap       ] GC(63) Humongous regions: 131->131
[2023-07-21T19:34:03.789+0700][gc,metaspace  ] GC(63) Metaspace: 107803K(114424K)->107803K(114424K) NonClass: 94038K(97708K)->94038K(97708K) Class: 13765K(16716K)->13765K(16716K)
[2023-07-21T19:34:03.789+0700][gc            ] GC(63) Pause Young (Normal) (G1 Evacuation Pause) 859M->256M(1024M) 5.195ms
[2023-07-21T19:34:03.789+0700][gc,cpu        ] GC(63) User=0.03s Sys=0.00s Real=0.01s
[2023-07-21T19:49:08.747+0700][gc,start      ] GC(64) Pause Young (Normal) (G1 Evacuation Pause)
[2023-07-21T19:49:08.747+0700][gc,task       ] GC(64) Using 8 workers of 8 for evacuation
[2023-07-21T19:49:08.759+0700][gc,phases     ] GC(64)   Pre Evacuate Collection Set: 0.0ms
[2023-07-21T19:49:08.759+0700][gc,phases     ] GC(64)   Evacuate Collection Set: 11.0ms
[2023-07-21T19:49:08.759+0700][gc,phases     ] GC(64)   Post Evacuate Collection Set: 0.8ms
[2023-07-21T19:49:08.759+0700][gc,phases     ] GC(64)   Other: 0.2ms
[2023-07-21T19:49:08.759+0700][gc,heap       ] GC(64) Eden regions: 603->0(601)
[2023-07-21T19:49:08.759+0700][gc,heap       ] GC(64) Survivor regions: 11->13(77)
[2023-07-21T19:49:08.759+0700][gc,heap       ] GC(64) Old regions: 117->117
[2023-07-21T19:49:08.759+0700][gc,heap       ] GC(64) Humongous regions: 131->131
[2023-07-21T19:49:08.759+0700][gc,metaspace  ] GC(64) Metaspace: 107887K(114424K)->107887K(114424K) NonClass: 94122K(97708K)->94122K(97708K) Class: 13765K(16716K)->13765K(16716K)
[2023-07-21T19:49:08.759+0700][gc            ] GC(64) Pause Young (Normal) (G1 Evacuation Pause) 859M->258M(1024M) 12.062ms
[2023-07-21T19:49:08.759+0700][gc,cpu        ] GC(64) User=0.08s Sys=0.01s Real=0.01s
[2023-07-21T20:05:08.476+0700][gc,start      ] GC(65) Pause Young (Normal) (G1 Evacuation Pause)
[2023-07-21T20:05:08.476+0700][gc,task       ] GC(65) Using 8 workers of 8 for evacuation
[2023-07-21T20:05:08.487+0700][gc,phases     ] GC(65)   Pre Evacuate Collection Set: 0.1ms
[2023-07-21T20:05:08.487+0700][gc,phases     ] GC(65)   Evacuate Collection Set: 9.8ms
[2023-07-21T20:05:08.487+0700][gc,phases     ] GC(65)   Post Evacuate Collection Set: 1.5ms
[2023-07-21T20:05:08.487+0700][gc,phases     ] GC(65)   Other: 0.3ms
[2023-07-21T20:05:08.487+0700][gc,heap       ] GC(65) Eden regions: 601->0(603)
[2023-07-21T20:05:08.487+0700][gc,heap       ] GC(65) Survivor regions: 13->11(77)
[2023-07-21T20:05:08.487+0700][gc,heap       ] GC(65) Old regions: 117->117
[2023-07-21T20:05:08.487+0700][gc,heap       ] GC(65) Humongous regions: 131->131
[2023-07-21T20:05:08.487+0700][gc,metaspace  ] GC(65) Metaspace: 107895K(114424K)->107895K(114424K) NonClass: 94130K(97708K)->94130K(97708K) Class: 13765K(16716K)->13765K(16716K)
[2023-07-21T20:05:08.487+0700][gc            ] GC(65) Pause Young (Normal) (G1 Evacuation Pause) 859M->256M(1024M) 11.815ms
[2023-07-21T20:05:08.487+0700][gc,cpu        ] GC(65) User=0.08s Sys=0.00s Real=0.01s
[2023-07-21T20:21:17.920+0700][gc,start      ] GC(66) Pause Young (Normal) (G1 Evacuation Pause)
[2023-07-21T20:21:17.920+0700][gc,task       ] GC(66) Using 8 workers of 8 for evacuation
[2023-07-21T20:21:17.925+0700][gc,phases     ] GC(66)   Pre Evacuate Collection Set: 0.1ms
[2023-07-21T20:21:17.925+0700][gc,phases     ] GC(66)   Evacuate Collection Set: 4.2ms
[2023-07-21T20:21:17.925+0700][gc,phases     ] GC(66)   Post Evacuate Collection Set: 0.8ms
[2023-07-21T20:21:17.925+0700][gc,phases     ] GC(66)   Other: 0.2ms
[2023-07-21T20:21:17.925+0700][gc,heap       ] GC(66) Eden regions: 603->0(604)
[2023-07-21T20:21:17.925+0700][gc,heap       ] GC(66) Survivor regions: 11->10(77)
[2023-07-21T20:21:17.925+0700][gc,heap       ] GC(66) Old regions: 117->117
[2023-07-21T20:21:17.925+0700][gc,heap       ] GC(66) Humongous regions: 131->131
[2023-07-21T20:21:17.925+0700][gc,metaspace  ] GC(66) Metaspace: 107923K(114424K)->107923K(114424K) NonClass: 94157K(97708K)->94157K(97708K) Class: 13765K(16716K)->13765K(16716K)
[2023-07-21T20:21:17.925+0700][gc            ] GC(66) Pause Young (Normal) (G1 Evacuation Pause) 859M->256M(1024M) 5.346ms
[2023-07-21T20:21:17.925+0700][gc,cpu        ] GC(66) User=0.02s Sys=0.01s Real=0.00s
[2023-07-21T20:36:48.149+0700][gc,start      ] GC(67) Pause Young (Normal) (G1 Evacuation Pause)
[2023-07-21T20:36:48.149+0700][gc,task       ] GC(67) Using 8 workers of 8 for evacuation
[2023-07-21T20:36:48.157+0700][gc,phases     ] GC(67)   Pre Evacuate Collection Set: 0.1ms
[2023-07-21T20:36:48.157+0700][gc,phases     ] GC(67)   Evacuate Collection Set: 6.1ms
[2023-07-21T20:36:48.157+0700][gc,phases     ] GC(67)   Post Evacuate Collection Set: 0.8ms
[2023-07-21T20:36:48.157+0700][gc,phases     ] GC(67)   Other: 0.3ms
[2023-07-21T20:36:48.157+0700][gc,heap       ] GC(67) Eden regions: 604->0(603)
[2023-07-21T20:36:48.157+0700][gc,heap       ] GC(67) Survivor regions: 10->11(77)
[2023-07-21T20:36:48.157+0700][gc,heap       ] GC(67) Old regions: 117->117
[2023-07-21T20:36:48.157+0700][gc,heap       ] GC(67) Humongous regions: 131->131
[2023-07-21T20:36:48.157+0700][gc,metaspace  ] GC(67) Metaspace: 107963K(114424K)->107963K(114424K) NonClass: 94196K(97708K)->94196K(97708K) Class: 13766K(16716K)->13766K(16716K)
[2023-07-21T20:36:48.157+0700][gc            ] GC(67) Pause Young (Normal) (G1 Evacuation Pause) 860M->257M(1024M) 7.414ms
[2023-07-21T20:36:48.157+0700][gc,cpu        ] GC(67) User=0.05s Sys=0.00s Real=0.01s
[2023-07-21T20:51:03.764+0700][gc,start      ] GC(68) Pause Young (Normal) (G1 Evacuation Pause)
[2023-07-21T20:51:03.764+0700][gc,task       ] GC(68) Using 8 workers of 8 for evacuation
[2023-07-21T20:51:03.770+0700][gc,phases     ] GC(68)   Pre Evacuate Collection Set: 0.1ms
[2023-07-21T20:51:03.770+0700][gc,phases     ] GC(68)   Evacuate Collection Set: 4.3ms
[2023-07-21T20:51:03.770+0700][gc,phases     ] GC(68)   Post Evacuate Collection Set: 1.5ms
[2023-07-21T20:51:03.770+0700][gc,phases     ] GC(68)   Other: 0.2ms
[2023-07-21T20:51:03.770+0700][gc,heap       ] GC(68) Eden regions: 603->0(603)
[2023-07-21T20:51:03.770+0700][gc,heap       ] GC(68) Survivor regions: 11->11(77)
[2023-07-21T20:51:03.770+0700][gc,heap       ] GC(68) Old regions: 117->117
[2023-07-21T20:51:03.770+0700][gc,heap       ] GC(68) Humongous regions: 131->131
[2023-07-21T20:51:03.770+0700][gc,metaspace  ] GC(68) Metaspace: 107963K(114424K)->107963K(114424K) NonClass: 94196K(97708K)->94196K(97708K) Class: 13766K(16716K)->13766K(16716K)
[2023-07-21T20:51:03.770+0700][gc            ] GC(68) Pause Young (Normal) (G1 Evacuation Pause) 860M->257M(1024M) 6.122ms
[2023-07-21T20:51:03.770+0700][gc,cpu        ] GC(68) User=0.03s Sys=0.01s Real=0.00s
[2023-07-21T21:06:38.463+0700][gc,start      ] GC(69) Pause Young (Normal) (G1 Evacuation Pause)
[2023-07-21T21:06:38.463+0700][gc,task       ] GC(69) Using 8 workers of 8 for evacuation
[2023-07-21T21:06:38.469+0700][gc,phases     ] GC(69)   Pre Evacuate Collection Set: 0.0ms
[2023-07-21T21:06:38.469+0700][gc,phases     ] GC(69)   Evacuate Collection Set: 5.1ms
[2023-07-21T21:06:38.469+0700][gc,phases     ] GC(69)   Post Evacuate Collection Set: 0.7ms
[2023-07-21T21:06:38.469+0700][gc,phases     ] GC(69)   Other: 0.2ms
[2023-07-21T21:06:38.469+0700][gc,heap       ] GC(69) Eden regions: 603->0(603)
[2023-07-21T21:06:38.469+0700][gc,heap       ] GC(69) Survivor regions: 11->11(77)
[2023-07-21T21:06:38.469+0700][gc,heap       ] GC(69) Old regions: 117->118
[2023-07-21T21:06:38.469+0700][gc,heap       ] GC(69) Humongous regions: 131->131
[2023-07-21T21:06:38.469+0700][gc,metaspace  ] GC(69) Metaspace: 107973K(114680K)->107973K(114680K) NonClass: 94207K(97964K)->94207K(97964K) Class: 13766K(16716K)->13766K(16716K)
[2023-07-21T21:06:38.469+0700][gc            ] GC(69) Pause Young (Normal) (G1 Evacuation Pause) 860M->257M(1024M) 6.027ms
[2023-07-21T21:06:38.469+0700][gc,cpu        ] GC(69) User=0.04s Sys=0.01s Real=0.01s
[2023-07-21T21:21:21.732+0700][gc,start      ] GC(70) Pause Young (Normal) (G1 Evacuation Pause)
[2023-07-21T21:21:21.732+0700][gc,task       ] GC(70) Using 8 workers of 8 for evacuation
[2023-07-21T21:21:21.740+0700][gc,phases     ] GC(70)   Pre Evacuate Collection Set: 0.1ms
[2023-07-21T21:21:21.740+0700][gc,phases     ] GC(70)   Evacuate Collection Set: 6.2ms
[2023-07-21T21:21:21.740+0700][gc,phases     ] GC(70)   Post Evacuate Collection Set: 1.6ms
[2023-07-21T21:21:21.740+0700][gc,phases     ] GC(70)   Other: 0.2ms
[2023-07-21T21:21:21.740+0700][gc,heap       ] GC(70) Eden regions: 603->0(604)
[2023-07-21T21:21:21.740+0700][gc,heap       ] GC(70) Survivor regions: 11->10(77)
[2023-07-21T21:21:21.740+0700][gc,heap       ] GC(70) Old regions: 118->118
[2023-07-21T21:21:21.740+0700][gc,heap       ] GC(70) Humongous regions: 131->131
[2023-07-21T21:21:21.740+0700][gc,metaspace  ] GC(70) Metaspace: 107975K(114680K)->107975K(114680K) NonClass: 94208K(97964K)->94208K(97964K) Class: 13766K(16716K)->13766K(16716K)
[2023-07-21T21:21:21.740+0700][gc            ] GC(70) Pause Young (Normal) (G1 Evacuation Pause) 860M->256M(1024M) 8.058ms
[2023-07-21T21:21:21.740+0700][gc,cpu        ] GC(70) User=0.05s Sys=0.00s Real=0.01s
[2023-07-21T21:36:30.740+0700][gc,start      ] GC(71) Pause Young (Normal) (G1 Evacuation Pause)
[2023-07-21T21:36:30.740+0700][gc,task       ] GC(71) Using 8 workers of 8 for evacuation
[2023-07-21T21:36:30.746+0700][gc,phases     ] GC(71)   Pre Evacuate Collection Set: 0.1ms
[2023-07-21T21:36:30.746+0700][gc,phases     ] GC(71)   Evacuate Collection Set: 4.2ms
[2023-07-21T21:36:30.746+0700][gc,phases     ] GC(71)   Post Evacuate Collection Set: 1.7ms
[2023-07-21T21:36:30.746+0700][gc,phases     ] GC(71)   Other: 0.3ms
[2023-07-21T21:36:30.746+0700][gc,heap       ] GC(71) Eden regions: 604->0(603)
[2023-07-21T21:36:30.746+0700][gc,heap       ] GC(71) Survivor regions: 10->11(77)
[2023-07-21T21:36:30.746+0700][gc,heap       ] GC(71) Old regions: 118->118
[2023-07-21T21:36:30.746+0700][gc,heap       ] GC(71) Humongous regions: 131->131
[2023-07-21T21:36:30.746+0700][gc,metaspace  ] GC(71) Metaspace: 107984K(114680K)->107984K(114680K) NonClass: 94217K(97964K)->94217K(97964K) Class: 13766K(16716K)->13766K(16716K)
[2023-07-21T21:36:30.746+0700][gc            ] GC(71) Pause Young (Normal) (G1 Evacuation Pause) 860M->256M(1024M) 6.346ms
[2023-07-21T21:36:30.746+0700][gc,cpu        ] GC(71) User=0.04s Sys=0.00s Real=0.01s
[2023-07-21T21:51:50.315+0700][gc,start      ] GC(72) Pause Young (Normal) (G1 Evacuation Pause)
[2023-07-21T21:51:50.315+0700][gc,task       ] GC(72) Using 8 workers of 8 for evacuation
[2023-07-21T21:51:50.322+0700][gc,phases     ] GC(72)   Pre Evacuate Collection Set: 0.4ms
[2023-07-21T21:51:50.322+0700][gc,phases     ] GC(72)   Evacuate Collection Set: 5.4ms
[2023-07-21T21:51:50.322+0700][gc,phases     ] GC(72)   Post Evacuate Collection Set: 0.9ms
[2023-07-21T21:51:50.322+0700][gc,phases     ] GC(72)   Other: 0.3ms
[2023-07-21T21:51:50.322+0700][gc,heap       ] GC(72) Eden regions: 603->0(604)
[2023-07-21T21:51:50.322+0700][gc,heap       ] GC(72) Survivor regions: 11->10(77)
[2023-07-21T21:51:50.322+0700][gc,heap       ] GC(72) Old regions: 118->118
[2023-07-21T21:51:50.322+0700][gc,heap       ] GC(72) Humongous regions: 131->131
[2023-07-21T21:51:50.322+0700][gc,metaspace  ] GC(72) Metaspace: 108173K(114680K)->108173K(114680K) NonClass: 94406K(97964K)->94406K(97964K) Class: 13766K(16716K)->13766K(16716K)
[2023-07-21T21:51:50.322+0700][gc            ] GC(72) Pause Young (Normal) (G1 Evacuation Pause) 859M->256M(1024M) 6.987ms
[2023-07-21T21:51:50.322+0700][gc,cpu        ] GC(72) User=0.03s Sys=0.01s Real=0.00s
[2023-07-21T22:07:03.752+0700][gc,start      ] GC(73) Pause Young (Normal) (G1 Evacuation Pause)
[2023-07-21T22:07:03.752+0700][gc,task       ] GC(73) Using 8 workers of 8 for evacuation
[2023-07-21T22:07:03.758+0700][gc,phases     ] GC(73)   Pre Evacuate Collection Set: 0.1ms
[2023-07-21T22:07:03.758+0700][gc,phases     ] GC(73)   Evacuate Collection Set: 4.5ms
[2023-07-21T22:07:03.758+0700][gc,phases     ] GC(73)   Post Evacuate Collection Set: 0.9ms
[2023-07-21T22:07:03.758+0700][gc,phases     ] GC(73)   Other: 0.2ms
[2023-07-21T22:07:03.758+0700][gc,heap       ] GC(73) Eden regions: 604->0(604)
[2023-07-21T22:07:03.758+0700][gc,heap       ] GC(73) Survivor regions: 10->10(77)
[2023-07-21T22:07:03.758+0700][gc,heap       ] GC(73) Old regions: 118->118
[2023-07-21T22:07:03.758+0700][gc,heap       ] GC(73) Humongous regions: 131->131
[2023-07-21T22:07:03.758+0700][gc,metaspace  ] GC(73) Metaspace: 108174K(114680K)->108174K(114680K) NonClass: 94407K(97964K)->94407K(97964K) Class: 13766K(16716K)->13766K(16716K)
[2023-07-21T22:07:03.758+0700][gc            ] GC(73) Pause Young (Normal) (G1 Evacuation Pause) 860M->256M(1024M) 5.689ms
[2023-07-21T22:07:03.758+0700][gc,cpu        ] GC(73) User=0.02s Sys=0.01s Real=0.00s
[2023-07-21T22:21:38.448+0700][gc,start      ] GC(74) Pause Young (Normal) (G1 Evacuation Pause)
[2023-07-21T22:21:38.448+0700][gc,task       ] GC(74) Using 8 workers of 8 for evacuation
[2023-07-21T22:21:38.456+0700][gc,phases     ] GC(74)   Pre Evacuate Collection Set: 0.1ms
[2023-07-21T22:21:38.456+0700][gc,phases     ] GC(74)   Evacuate Collection Set: 6.6ms
[2023-07-21T22:21:38.456+0700][gc,phases     ] GC(74)   Post Evacuate Collection Set: 0.8ms
[2023-07-21T22:21:38.456+0700][gc,phases     ] GC(74)   Other: 0.3ms
[2023-07-21T22:21:38.456+0700][gc,heap       ] GC(74) Eden regions: 604->0(603)
[2023-07-21T22:21:38.456+0700][gc,heap       ] GC(74) Survivor regions: 10->11(77)
[2023-07-21T22:21:38.456+0700][gc,heap       ] GC(74) Old regions: 118->118
[2023-07-21T22:21:38.456+0700][gc,heap       ] GC(74) Humongous regions: 131->131
[2023-07-21T22:21:38.456+0700][gc,metaspace  ] GC(74) Metaspace: 108182K(114680K)->108182K(114680K) NonClass: 94415K(97964K)->94415K(97964K) Class: 13766K(16716K)->13766K(16716K)
[2023-07-21T22:21:38.456+0700][gc            ] GC(74) Pause Young (Normal) (G1 Evacuation Pause) 860M->257M(1024M) 7.831ms
[2023-07-21T22:21:38.456+0700][gc,cpu        ] GC(74) User=0.03s Sys=0.02s Real=0.00s
[2023-07-21T22:37:23.459+0700][gc,start      ] GC(75) Pause Young (Normal) (G1 Evacuation Pause)
[2023-07-21T22:37:23.459+0700][gc,task       ] GC(75) Using 8 workers of 8 for evacuation
[2023-07-21T22:37:23.465+0700][gc,phases     ] GC(75)   Pre Evacuate Collection Set: 0.1ms
[2023-07-21T22:37:23.465+0700][gc,phases     ] GC(75)   Evacuate Collection Set: 4.3ms
[2023-07-21T22:37:23.465+0700][gc,phases     ] GC(75)   Post Evacuate Collection Set: 0.8ms
[2023-07-21T22:37:23.465+0700][gc,phases     ] GC(75)   Other: 0.2ms
[2023-07-21T22:37:23.465+0700][gc,heap       ] GC(75) Eden regions: 603->0(603)
[2023-07-21T22:37:23.465+0700][gc,heap       ] GC(75) Survivor regions: 11->11(77)
[2023-07-21T22:37:23.465+0700][gc,heap       ] GC(75) Old regions: 118->118
[2023-07-21T22:37:23.465+0700][gc,heap       ] GC(75) Humongous regions: 131->131
[2023-07-21T22:37:23.465+0700][gc,metaspace  ] GC(75) Metaspace: 108187K(114680K)->108187K(114680K) NonClass: 94420K(97964K)->94420K(97964K) Class: 13766K(16716K)->13766K(16716K)
[2023-07-21T22:37:23.465+0700][gc            ] GC(75) Pause Young (Normal) (G1 Evacuation Pause) 860M->257M(1024M) 5.441ms
[2023-07-21T22:37:23.465+0700][gc,cpu        ] GC(75) User=0.02s Sys=0.01s Real=0.00s
[2023-07-21T22:53:54.459+0700][gc,start      ] GC(76) Pause Young (Normal) (G1 Evacuation Pause)
[2023-07-21T22:53:54.459+0700][gc,task       ] GC(76) Using 8 workers of 8 for evacuation
[2023-07-21T22:53:54.473+0700][gc,phases     ] GC(76)   Pre Evacuate Collection Set: 0.1ms
[2023-07-21T22:53:54.473+0700][gc,phases     ] GC(76)   Evacuate Collection Set: 12.5ms
[2023-07-21T22:53:54.473+0700][gc,phases     ] GC(76)   Post Evacuate Collection Set: 0.8ms
[2023-07-21T22:53:54.473+0700][gc,phases     ] GC(76)   Other: 0.3ms
[2023-07-21T22:53:54.473+0700][gc,heap       ] GC(76) Eden regions: 603->0(604)
[2023-07-21T22:53:54.473+0700][gc,heap       ] GC(76) Survivor regions: 11->10(77)
[2023-07-21T22:53:54.473+0700][gc,heap       ] GC(76) Old regions: 118->118
[2023-07-21T22:53:54.473+0700][gc,heap       ] GC(76) Humongous regions: 131->131
[2023-07-21T22:53:54.473+0700][gc,metaspace  ] GC(76) Metaspace: 108236K(114936K)->108236K(114936K) NonClass: 94469K(98220K)->94469K(98220K) Class: 13766K(16716K)->13766K(16716K)
[2023-07-21T22:53:54.473+0700][gc            ] GC(76) Pause Young (Normal) (G1 Evacuation Pause) 860M->256M(1024M) 13.709ms
[2023-07-21T22:53:54.473+0700][gc,cpu        ] GC(76) User=0.07s Sys=0.02s Real=0.02s
[2023-07-21T23:10:08.714+0700][gc,start      ] GC(77) Pause Young (Normal) (G1 Evacuation Pause)
[2023-07-21T23:10:08.714+0700][gc,task       ] GC(77) Using 8 workers of 8 for evacuation
[2023-07-21T23:10:08.725+0700][gc,phases     ] GC(77)   Pre Evacuate Collection Set: 0.1ms
[2023-07-21T23:10:08.725+0700][gc,phases     ] GC(77)   Evacuate Collection Set: 9.2ms
[2023-07-21T23:10:08.725+0700][gc,phases     ] GC(77)   Post Evacuate Collection Set: 1.1ms
[2023-07-21T23:10:08.725+0700][gc,phases     ] GC(77)   Other: 0.2ms
[2023-07-21T23:10:08.725+0700][gc,heap       ] GC(77) Eden regions: 604->0(601)
[2023-07-21T23:10:08.725+0700][gc,heap       ] GC(77) Survivor regions: 10->13(77)
[2023-07-21T23:10:08.725+0700][gc,heap       ] GC(77) Old regions: 118->118
[2023-07-21T23:10:08.725+0700][gc,heap       ] GC(77) Humongous regions: 131->131
[2023-07-21T23:10:08.725+0700][gc,metaspace  ] GC(77) Metaspace: 108243K(114936K)->108243K(114936K) NonClass: 94476K(98220K)->94476K(98220K) Class: 13766K(16716K)->13766K(16716K)
[2023-07-21T23:10:08.725+0700][gc            ] GC(77) Pause Young (Normal) (G1 Evacuation Pause) 860M->259M(1024M) 10.758ms
[2023-07-21T23:10:08.725+0700][gc,cpu        ] GC(77) User=0.07s Sys=0.00s Real=0.01s
[2023-07-21T23:25:41.479+0700][gc,start      ] GC(78) Pause Young (Normal) (G1 Evacuation Pause)
[2023-07-21T23:25:41.479+0700][gc,task       ] GC(78) Using 8 workers of 8 for evacuation
[2023-07-21T23:25:41.490+0700][gc,phases     ] GC(78)   Pre Evacuate Collection Set: 0.2ms
[2023-07-21T23:25:41.490+0700][gc,phases     ] GC(78)   Evacuate Collection Set: 9.8ms
[2023-07-21T23:25:41.490+0700][gc,phases     ] GC(78)   Post Evacuate Collection Set: 1.0ms
[2023-07-21T23:25:41.490+0700][gc,phases     ] GC(78)   Other: 0.3ms
[2023-07-21T23:25:41.490+0700][gc,heap       ] GC(78) Eden regions: 601->0(603)
[2023-07-21T23:25:41.490+0700][gc,heap       ] GC(78) Survivor regions: 13->11(77)
[2023-07-21T23:25:41.490+0700][gc,heap       ] GC(78) Old regions: 118->118
[2023-07-21T23:25:41.490+0700][gc,heap       ] GC(78) Humongous regions: 131->131
[2023-07-21T23:25:41.490+0700][gc,metaspace  ] GC(78) Metaspace: 108250K(114936K)->108250K(114936K) NonClass: 94481K(98220K)->94481K(98220K) Class: 13769K(16716K)->13769K(16716K)
[2023-07-21T23:25:41.490+0700][gc            ] GC(78) Pause Young (Normal) (G1 Evacuation Pause) 860M->257M(1024M) 11.269ms
[2023-07-21T23:25:41.490+0700][gc,cpu        ] GC(78) User=0.07s Sys=0.00s Real=0.01s
[2023-07-21T23:40:08.847+0700][gc,start      ] GC(79) Pause Young (Normal) (G1 Evacuation Pause)
[2023-07-21T23:40:08.848+0700][gc,task       ] GC(79) Using 8 workers of 8 for evacuation
[2023-07-21T23:40:08.872+0700][gc,mmu        ] GC(79) MMU target violated: 21.0ms (20.0ms/21.0ms)
[2023-07-21T23:40:08.872+0700][gc,phases     ] GC(79)   Pre Evacuate Collection Set: 0.1ms
[2023-07-21T23:40:08.872+0700][gc,phases     ] GC(79)   Evacuate Collection Set: 22.2ms
[2023-07-21T23:40:08.872+0700][gc,phases     ] GC(79)   Post Evacuate Collection Set: 2.1ms
[2023-07-21T23:40:08.872+0700][gc,phases     ] GC(79)   Other: 0.8ms
[2023-07-21T23:40:08.872+0700][gc,heap       ] GC(79) Eden regions: 603->0(600)
[2023-07-21T23:40:08.872+0700][gc,heap       ] GC(79) Survivor regions: 11->14(77)
[2023-07-21T23:40:08.872+0700][gc,heap       ] GC(79) Old regions: 118->118
[2023-07-21T23:40:08.872+0700][gc,heap       ] GC(79) Humongous regions: 131->131
[2023-07-21T23:40:08.872+0700][gc,metaspace  ] GC(79) Metaspace: 108338K(114936K)->108338K(114936K) NonClass: 94568K(98220K)->94568K(98220K) Class: 13769K(16716K)->13769K(16716K)
[2023-07-21T23:40:08.873+0700][gc            ] GC(79) Pause Young (Normal) (G1 Evacuation Pause) 860M->260M(1024M) 25.627ms
[2023-07-21T23:40:08.873+0700][gc,cpu        ] GC(79) User=0.09s Sys=0.00s Real=0.03s
[2023-07-21T23:53:38.427+0700][gc,start      ] GC(80) Pause Young (Normal) (G1 Evacuation Pause)
[2023-07-21T23:53:38.427+0700][gc,task       ] GC(80) Using 8 workers of 8 for evacuation
[2023-07-21T23:53:38.434+0700][gc,phases     ] GC(80)   Pre Evacuate Collection Set: 0.1ms
[2023-07-21T23:53:38.434+0700][gc,phases     ] GC(80)   Evacuate Collection Set: 5.6ms
[2023-07-21T23:53:38.434+0700][gc,phases     ] GC(80)   Post Evacuate Collection Set: 0.8ms
[2023-07-21T23:53:38.434+0700][gc,phases     ] GC(80)   Other: 0.5ms
[2023-07-21T23:53:38.434+0700][gc,heap       ] GC(80) Eden regions: 600->0(601)
[2023-07-21T23:53:38.434+0700][gc,heap       ] GC(80) Survivor regions: 14->13(77)
[2023-07-21T23:53:38.434+0700][gc,heap       ] GC(80) Old regions: 118->118
[2023-07-21T23:53:38.434+0700][gc,heap       ] GC(80) Humongous regions: 131->131
[2023-07-21T23:53:38.434+0700][gc,metaspace  ] GC(80) Metaspace: 108375K(114936K)->108375K(114936K) NonClass: 94605K(98220K)->94605K(98220K) Class: 13769K(16716K)->13769K(16716K)
[2023-07-21T23:53:38.434+0700][gc            ] GC(80) Pause Young (Normal) (G1 Evacuation Pause) 860M->259M(1024M) 7.015ms
[2023-07-21T23:53:38.434+0700][gc,cpu        ] GC(80) User=0.05s Sys=0.00s Real=0.01s
[2023-07-22T00:07:00.592+0700][gc,start      ] GC(81) Pause Young (Normal) (G1 Evacuation Pause)
[2023-07-22T00:07:00.592+0700][gc,task       ] GC(81) Using 8 workers of 8 for evacuation
[2023-07-22T00:07:00.599+0700][gc,phases     ] GC(81)   Pre Evacuate Collection Set: 0.1ms
[2023-07-22T00:07:00.599+0700][gc,phases     ] GC(81)   Evacuate Collection Set: 5.2ms
[2023-07-22T00:07:00.599+0700][gc,phases     ] GC(81)   Post Evacuate Collection Set: 1.6ms
[2023-07-22T00:07:00.599+0700][gc,phases     ] GC(81)   Other: 0.2ms
[2023-07-22T00:07:00.599+0700][gc,heap       ] GC(81) Eden regions: 601->0(602)
[2023-07-22T00:07:00.599+0700][gc,heap       ] GC(81) Survivor regions: 13->12(77)
[2023-07-22T00:07:00.599+0700][gc,heap       ] GC(81) Old regions: 118->118
[2023-07-22T00:07:00.599+0700][gc,heap       ] GC(81) Humongous regions: 131->131
[2023-07-22T00:07:00.599+0700][gc,metaspace  ] GC(81) Metaspace: 108380K(114936K)->108380K(114936K) NonClass: 94610K(98220K)->94610K(98220K) Class: 13770K(16716K)->13770K(16716K)
[2023-07-22T00:07:00.599+0700][gc            ] GC(81) Pause Young (Normal) (G1 Evacuation Pause) 860M->258M(1024M) 7.176ms
[2023-07-22T00:07:00.599+0700][gc,cpu        ] GC(81) User=0.05s Sys=0.00s Real=0.01s
