[2023-07-19T19:06:10.120+0700][gc,heap] Heap region size: 1M
[2023-07-19T19:06:10.125+0700][gc     ] Using G1
[2023-07-19T19:06:10.125+0700][gc,heap,coops] Heap address: 0x00000000c0000000, size: 1024 MB, Compressed Oops mode: 32-bit
[2023-07-19T19:06:10.125+0700][gc,cds       ] Mark closed archive regions in map: [0x00000000fff00000, 0x00000000fff6aff8]
[2023-07-19T19:06:10.125+0700][gc,cds       ] Mark open archive regions in map: [0x00000000ffe00000, 0x00000000ffe46ff8]
[2023-07-19T19:06:10.576+0700][gc,start     ] GC(0) Pause Young (Normal) (G1 Evacuation Pause)
[2023-07-19T19:06:10.577+0700][gc,task      ] GC(0) Using 8 workers of 8 for evacuation
[2023-07-19T19:06:10.590+0700][gc,phases    ] GC(0)   Pre Evacuate Collection Set: 0.0ms
[2023-07-19T19:06:10.590+0700][gc,phases    ] GC(0)   Evacuate Collection Set: 12.2ms
[2023-07-19T19:06:10.590+0700][gc,phases    ] GC(0)   Post Evacuate Collection Set: 0.8ms
[2023-07-19T19:06:10.590+0700][gc,phases    ] GC(0)   Other: 1.0ms
[2023-07-19T19:06:10.590+0700][gc,heap      ] GC(0) Eden regions: 51->0(44)
[2023-07-19T19:06:10.590+0700][gc,heap      ] GC(0) Survivor regions: 0->7(7)
[2023-07-19T19:06:10.590+0700][gc,heap      ] GC(0) Old regions: 2->25
[2023-07-19T19:06:10.590+0700][gc,heap      ] GC(0) Humongous regions: 2->2
[2023-07-19T19:06:10.590+0700][gc,metaspace ] GC(0) Metaspace: 5300K(5888K)->5300K(5888K) NonClass: 4731K(5120K)->4731K(5120K) Class: 569K(768K)->569K(768K)
[2023-07-19T19:06:10.590+0700][gc           ] GC(0) Pause Young (Normal) (G1 Evacuation Pause) 53M->32M(1024M) 14.015ms
[2023-07-19T19:06:10.590+0700][gc,cpu       ] GC(0) User=0.02s Sys=0.08s Real=0.01s
[2023-07-19T19:06:10.946+0700][gc,start     ] GC(1) Pause Young (Normal) (G1 Evacuation Pause)
[2023-07-19T19:06:10.946+0700][gc,task      ] GC(1) Using 8 workers of 8 for evacuation
[2023-07-19T19:06:10.951+0700][gc,phases    ] GC(1)   Pre Evacuate Collection Set: 0.0ms
[2023-07-19T19:06:10.951+0700][gc,phases    ] GC(1)   Evacuate Collection Set: 4.1ms
[2023-07-19T19:06:10.951+0700][gc,phases    ] GC(1)   Post Evacuate Collection Set: 0.6ms
[2023-07-19T19:06:10.951+0700][gc,phases    ] GC(1)   Other: 0.1ms
[2023-07-19T19:06:10.951+0700][gc,heap      ] GC(1) Eden regions: 44->0(49)
[2023-07-19T19:06:10.951+0700][gc,heap      ] GC(1) Survivor regions: 7->2(7)
[2023-07-19T19:06:10.951+0700][gc,heap      ] GC(1) Old regions: 25->32
[2023-07-19T19:06:10.951+0700][gc,heap      ] GC(1) Humongous regions: 2->2
[2023-07-19T19:06:10.951+0700][gc,metaspace ] GC(1) Metaspace: 13085K(13952K)->13085K(13952K) NonClass: 11594K(12288K)->11594K(12288K) Class: 1491K(1664K)->1491K(1664K)
[2023-07-19T19:06:10.951+0700][gc           ] GC(1) Pause Young (Normal) (G1 Evacuation Pause) 76M->34M(1024M) 4.896ms
[2023-07-19T19:06:10.951+0700][gc,cpu       ] GC(1) User=0.03s Sys=0.00s Real=0.00s
[2023-07-19T19:06:11.153+0700][gc,start     ] GC(2) Pause Young (Concurrent Start) (Metadata GC Threshold)
[2023-07-19T19:06:11.153+0700][gc,task      ] GC(2) Using 8 workers of 8 for evacuation
[2023-07-19T19:06:11.156+0700][gc,phases    ] GC(2)   Pre Evacuate Collection Set: 0.0ms
[2023-07-19T19:06:11.156+0700][gc,phases    ] GC(2)   Evacuate Collection Set: 2.8ms
[2023-07-19T19:06:11.156+0700][gc,phases    ] GC(2)   Post Evacuate Collection Set: 0.6ms
[2023-07-19T19:06:11.156+0700][gc,phases    ] GC(2)   Other: 0.2ms
[2023-07-19T19:06:11.156+0700][gc,heap      ] GC(2) Eden regions: 29->0(48)
[2023-07-19T19:06:11.156+0700][gc,heap      ] GC(2) Survivor regions: 2->3(7)
[2023-07-19T19:06:11.156+0700][gc,heap      ] GC(2) Old regions: 32->32
[2023-07-19T19:06:11.156+0700][gc,heap      ] GC(2) Humongous regions: 2->2
[2023-07-19T19:06:11.156+0700][gc,metaspace ] GC(2) Metaspace: 20310K(21248K)->20310K(21248K) NonClass: 18223K(18944K)->18223K(18944K) Class: 2086K(2304K)->2086K(2304K)
[2023-07-19T19:06:11.156+0700][gc           ] GC(2) Pause Young (Concurrent Start) (Metadata GC Threshold) 62M->35M(1024M) 3.712ms
[2023-07-19T19:06:11.156+0700][gc,cpu       ] GC(2) User=0.01s Sys=0.01s Real=0.00s
[2023-07-19T19:06:11.157+0700][gc           ] GC(3) Concurrent Cycle
[2023-07-19T19:06:11.157+0700][gc,marking   ] GC(3) Concurrent Clear Claimed Marks
[2023-07-19T19:06:11.157+0700][gc,marking   ] GC(3) Concurrent Clear Claimed Marks 0.014ms
[2023-07-19T19:06:11.157+0700][gc,marking   ] GC(3) Concurrent Scan Root Regions
[2023-07-19T19:06:11.158+0700][gc,marking   ] GC(3) Concurrent Scan Root Regions 1.087ms
[2023-07-19T19:06:11.158+0700][gc,marking   ] GC(3) Concurrent Mark (1.040s)
[2023-07-19T19:06:11.158+0700][gc,marking   ] GC(3) Concurrent Mark From Roots
[2023-07-19T19:06:11.158+0700][gc,task      ] GC(3) Using 2 workers of 2 for marking
[2023-07-19T19:06:11.161+0700][gc,marking   ] GC(3) Concurrent Mark From Roots 3.670ms
[2023-07-19T19:06:11.161+0700][gc,marking   ] GC(3) Concurrent Preclean
[2023-07-19T19:06:11.161+0700][gc,marking   ] GC(3) Concurrent Preclean 0.070ms
[2023-07-19T19:06:11.162+0700][gc,marking   ] GC(3) Concurrent Mark (1.040s, 1.044s) 3.769ms
[2023-07-19T19:06:11.162+0700][gc,start     ] GC(3) Pause Remark
[2023-07-19T19:06:11.163+0700][gc,stringtable] GC(3) Cleaned string and symbol table, strings: 6561 processed, 20 removed, symbols: 49886 processed, 29 removed
[2023-07-19T19:06:11.164+0700][gc            ] GC(3) Pause Remark 36M->36M(1024M) 2.017ms
[2023-07-19T19:06:11.164+0700][gc,cpu        ] GC(3) User=0.01s Sys=0.00s Real=0.01s
[2023-07-19T19:06:11.164+0700][gc,marking    ] GC(3) Concurrent Rebuild Remembered Sets
[2023-07-19T19:06:11.167+0700][gc,marking    ] GC(3) Concurrent Rebuild Remembered Sets 2.533ms
[2023-07-19T19:06:11.167+0700][gc,start      ] GC(3) Pause Cleanup
[2023-07-19T19:06:11.167+0700][gc            ] GC(3) Pause Cleanup 36M->36M(1024M) 0.171ms
[2023-07-19T19:06:11.167+0700][gc,cpu        ] GC(3) User=0.00s Sys=0.00s Real=0.00s
[2023-07-19T19:06:11.167+0700][gc,marking    ] GC(3) Concurrent Cleanup for Next Mark
[2023-07-19T19:06:11.169+0700][gc,marking    ] GC(3) Concurrent Cleanup for Next Mark 2.183ms
[2023-07-19T19:06:11.169+0700][gc            ] GC(3) Concurrent Cycle 12.739ms
[2023-07-19T19:06:11.731+0700][gc,start      ] GC(4) Pause Young (Normal) (G1 Evacuation Pause)
[2023-07-19T19:06:11.731+0700][gc,task       ] GC(4) Using 8 workers of 8 for evacuation
[2023-07-19T19:06:11.735+0700][gc,phases     ] GC(4)   Pre Evacuate Collection Set: 0.0ms
[2023-07-19T19:06:11.735+0700][gc,phases     ] GC(4)   Evacuate Collection Set: 3.1ms
[2023-07-19T19:06:11.735+0700][gc,phases     ] GC(4)   Post Evacuate Collection Set: 0.7ms
[2023-07-19T19:06:11.735+0700][gc,phases     ] GC(4)   Other: 0.2ms
[2023-07-19T19:06:11.735+0700][gc,heap       ] GC(4) Eden regions: 48->0(46)
[2023-07-19T19:06:11.735+0700][gc,heap       ] GC(4) Survivor regions: 3->5(7)
[2023-07-19T19:06:11.735+0700][gc,heap       ] GC(4) Old regions: 32->32
[2023-07-19T19:06:11.735+0700][gc,heap       ] GC(4) Humongous regions: 2->2
[2023-07-19T19:06:11.735+0700][gc,metaspace  ] GC(4) Metaspace: 28357K(29312K)->28357K(29312K) NonClass: 25301K(25856K)->25301K(25856K) Class: 3056K(3456K)->3056K(3456K)
[2023-07-19T19:06:11.735+0700][gc            ] GC(4) Pause Young (Normal) (G1 Evacuation Pause) 83M->36M(1024M) 4.038ms
[2023-07-19T19:06:11.735+0700][gc,cpu        ] GC(4) User=0.04s Sys=0.00s Real=0.01s
[2023-07-19T19:06:12.160+0700][gc,start      ] GC(5) Pause Young (Normal) (G1 Evacuation Pause)
[2023-07-19T19:06:12.160+0700][gc,task       ] GC(5) Using 8 workers of 8 for evacuation
[2023-07-19T19:06:12.170+0700][gc,phases     ] GC(5)   Pre Evacuate Collection Set: 0.0ms
[2023-07-19T19:06:12.170+0700][gc,phases     ] GC(5)   Evacuate Collection Set: 6.0ms
[2023-07-19T19:06:12.170+0700][gc,phases     ] GC(5)   Post Evacuate Collection Set: 4.1ms
[2023-07-19T19:06:12.170+0700][gc,phases     ] GC(5)   Other: 0.1ms
[2023-07-19T19:06:12.170+0700][gc,heap       ] GC(5) Eden regions: 46->0(44)
[2023-07-19T19:06:12.170+0700][gc,heap       ] GC(5) Survivor regions: 5->7(7)
[2023-07-19T19:06:12.170+0700][gc,heap       ] GC(5) Old regions: 32->34
[2023-07-19T19:06:12.170+0700][gc,heap       ] GC(5) Humongous regions: 131->131
[2023-07-19T19:06:12.170+0700][gc,metaspace  ] GC(5) Metaspace: 33874K(35072K)->33874K(35072K) NonClass: 30099K(30720K)->30099K(30720K) Class: 3775K(4352K)->3775K(4352K)
[2023-07-19T19:06:12.170+0700][gc            ] GC(5) Pause Young (Normal) (G1 Evacuation Pause) 211M->169M(1024M) 10.302ms
[2023-07-19T19:06:12.170+0700][gc,cpu        ] GC(5) User=0.08s Sys=0.00s Real=0.01s
[2023-07-19T19:06:12.206+0700][gc,start      ] GC(6) Pause Young (Concurrent Start) (Metadata GC Threshold)
[2023-07-19T19:06:12.206+0700][gc,task       ] GC(6) Using 8 workers of 8 for evacuation
[2023-07-19T19:06:12.215+0700][gc,phases     ] GC(6)   Pre Evacuate Collection Set: 0.1ms
[2023-07-19T19:06:12.215+0700][gc,phases     ] GC(6)   Evacuate Collection Set: 8.2ms
[2023-07-19T19:06:12.215+0700][gc,phases     ] GC(6)   Post Evacuate Collection Set: 0.4ms
[2023-07-19T19:06:12.215+0700][gc,phases     ] GC(6)   Other: 0.2ms
[2023-07-19T19:06:12.215+0700][gc,heap       ] GC(6) Eden regions: 3->0(50)
[2023-07-19T19:06:12.215+0700][gc,heap       ] GC(6) Survivor regions: 7->1(7)
[2023-07-19T19:06:12.215+0700][gc,heap       ] GC(6) Old regions: 34->41
[2023-07-19T19:06:12.215+0700][gc,heap       ] GC(6) Humongous regions: 131->131
[2023-07-19T19:06:12.215+0700][gc,metaspace  ] GC(6) Metaspace: 34486K(35840K)->34486K(35840K) NonClass: 30630K(31488K)->30630K(31488K) Class: 3855K(4352K)->3855K(4352K)
[2023-07-19T19:06:12.215+0700][gc            ] GC(6) Pause Young (Concurrent Start) (Metadata GC Threshold) 172M->170M(1024M) 9.082ms
[2023-07-19T19:06:12.215+0700][gc,cpu        ] GC(6) User=0.03s Sys=0.04s Real=0.01s
[2023-07-19T19:06:12.215+0700][gc            ] GC(7) Concurrent Cycle
[2023-07-19T19:06:12.215+0700][gc,marking    ] GC(7) Concurrent Clear Claimed Marks
[2023-07-19T19:06:12.215+0700][gc,marking    ] GC(7) Concurrent Clear Claimed Marks 0.081ms
[2023-07-19T19:06:12.215+0700][gc,marking    ] GC(7) Concurrent Scan Root Regions
[2023-07-19T19:06:12.216+0700][gc,marking    ] GC(7) Concurrent Scan Root Regions 0.479ms
[2023-07-19T19:06:12.216+0700][gc,marking    ] GC(7) Concurrent Mark (2.098s)
[2023-07-19T19:06:12.216+0700][gc,marking    ] GC(7) Concurrent Mark From Roots
[2023-07-19T19:06:12.216+0700][gc,task       ] GC(7) Using 2 workers of 2 for marking
[2023-07-19T19:06:12.226+0700][gc,marking    ] GC(7) Concurrent Mark From Roots 10.605ms
[2023-07-19T19:06:12.226+0700][gc,marking    ] GC(7) Concurrent Preclean
[2023-07-19T19:06:12.227+0700][gc,marking    ] GC(7) Concurrent Preclean 0.135ms
[2023-07-19T19:06:12.227+0700][gc,marking    ] GC(7) Concurrent Mark (2.098s, 2.109s) 10.799ms
[2023-07-19T19:06:12.227+0700][gc,start      ] GC(7) Pause Remark
[2023-07-19T19:06:12.230+0700][gc,stringtable] GC(7) Cleaned string and symbol table, strings: 11111 processed, 1 removed, symbols: 83979 processed, 29 removed
[2023-07-19T19:06:12.230+0700][gc            ] GC(7) Pause Remark 172M->172M(1024M) 3.247ms
[2023-07-19T19:06:12.230+0700][gc,cpu        ] GC(7) User=0.01s Sys=0.01s Real=0.00s
[2023-07-19T19:06:12.230+0700][gc,marking    ] GC(7) Concurrent Rebuild Remembered Sets
[2023-07-19T19:06:12.237+0700][gc,marking    ] GC(7) Concurrent Rebuild Remembered Sets 7.309ms
[2023-07-19T19:06:12.238+0700][gc,start      ] GC(7) Pause Cleanup
[2023-07-19T19:06:12.238+0700][gc            ] GC(7) Pause Cleanup 172M->172M(1024M) 0.259ms
[2023-07-19T19:06:12.238+0700][gc,cpu        ] GC(7) User=0.00s Sys=0.00s Real=0.00s
[2023-07-19T19:06:12.238+0700][gc,marking    ] GC(7) Concurrent Cleanup for Next Mark
[2023-07-19T19:06:12.244+0700][gc,marking    ] GC(7) Concurrent Cleanup for Next Mark 6.259ms
[2023-07-19T19:06:12.244+0700][gc            ] GC(7) Concurrent Cycle 29.177ms
[2023-07-19T19:06:12.572+0700][gc,start      ] GC(8) Pause Young (Normal) (G1 Evacuation Pause)
[2023-07-19T19:06:12.572+0700][gc,task       ] GC(8) Using 8 workers of 8 for evacuation
[2023-07-19T19:06:12.576+0700][gc,phases     ] GC(8)   Pre Evacuate Collection Set: 0.0ms
[2023-07-19T19:06:12.576+0700][gc,phases     ] GC(8)   Evacuate Collection Set: 2.6ms
[2023-07-19T19:06:12.576+0700][gc,phases     ] GC(8)   Post Evacuate Collection Set: 0.5ms
[2023-07-19T19:06:12.576+0700][gc,phases     ] GC(8)   Other: 0.1ms
[2023-07-19T19:06:12.576+0700][gc,heap       ] GC(8) Eden regions: 50->0(48)
[2023-07-19T19:06:12.576+0700][gc,heap       ] GC(8) Survivor regions: 1->3(7)
[2023-07-19T19:06:12.576+0700][gc,heap       ] GC(8) Old regions: 41->41
[2023-07-19T19:06:12.576+0700][gc,heap       ] GC(8) Humongous regions: 132->131
[2023-07-19T19:06:12.576+0700][gc,metaspace  ] GC(8) Metaspace: 42177K(44032K)->42177K(44032K) NonClass: 37413K(38400K)->37413K(38400K) Class: 4763K(5632K)->4763K(5632K)
[2023-07-19T19:06:12.576+0700][gc            ] GC(8) Pause Young (Normal) (G1 Evacuation Pause) 221M->172M(1024M) 3.293ms
[2023-07-19T19:06:12.576+0700][gc,cpu        ] GC(8) User=0.01s Sys=0.00s Real=0.00s
[2023-07-19T19:06:12.689+0700][gc,start      ] GC(9) Pause Young (Normal) (G1 Evacuation Pause)
[2023-07-19T19:06:12.689+0700][gc,task       ] GC(9) Using 8 workers of 8 for evacuation
[2023-07-19T19:06:12.693+0700][gc,phases     ] GC(9)   Pre Evacuate Collection Set: 0.0ms
[2023-07-19T19:06:12.693+0700][gc,phases     ] GC(9)   Evacuate Collection Set: 3.1ms
[2023-07-19T19:06:12.693+0700][gc,phases     ] GC(9)   Post Evacuate Collection Set: 0.4ms
[2023-07-19T19:06:12.693+0700][gc,phases     ] GC(9)   Other: 0.1ms
[2023-07-19T19:06:12.693+0700][gc,heap       ] GC(9) Eden regions: 48->0(47)
[2023-07-19T19:06:12.693+0700][gc,heap       ] GC(9) Survivor regions: 3->4(7)
[2023-07-19T19:06:12.693+0700][gc,heap       ] GC(9) Old regions: 41->41
[2023-07-19T19:06:12.693+0700][gc,heap       ] GC(9) Humongous regions: 131->131
[2023-07-19T19:06:12.693+0700][gc,metaspace  ] GC(9) Metaspace: 45165K(47232K)->45165K(47232K) NonClass: 40010K(41216K)->40010K(41216K) Class: 5154K(6016K)->5154K(6016K)
[2023-07-19T19:06:12.693+0700][gc            ] GC(9) Pause Young (Normal) (G1 Evacuation Pause) 220M->173M(1024M) 3.747ms
[2023-07-19T19:06:12.693+0700][gc,cpu        ] GC(9) User=0.03s Sys=0.00s Real=0.01s
[2023-07-19T19:06:12.869+0700][gc,start      ] GC(10) Pause Young (Normal) (G1 Evacuation Pause)
[2023-07-19T19:06:12.870+0700][gc,task       ] GC(10) Using 8 workers of 8 for evacuation
[2023-07-19T19:06:12.872+0700][gc,phases     ] GC(10)   Pre Evacuate Collection Set: 0.0ms
[2023-07-19T19:06:12.872+0700][gc,phases     ] GC(10)   Evacuate Collection Set: 1.7ms
[2023-07-19T19:06:12.872+0700][gc,phases     ] GC(10)   Post Evacuate Collection Set: 0.4ms
[2023-07-19T19:06:12.872+0700][gc,phases     ] GC(10)   Other: 0.1ms
[2023-07-19T19:06:12.872+0700][gc,heap       ] GC(10) Eden regions: 47->0(46)
[2023-07-19T19:06:12.872+0700][gc,heap       ] GC(10) Survivor regions: 4->5(7)
[2023-07-19T19:06:12.872+0700][gc,heap       ] GC(10) Old regions: 41->41
[2023-07-19T19:06:12.872+0700][gc,heap       ] GC(10) Humongous regions: 131->131
[2023-07-19T19:06:12.872+0700][gc,metaspace  ] GC(10) Metaspace: 48207K(50176K)->48207K(50176K) NonClass: 42709K(43776K)->42709K(43776K) Class: 5498K(6400K)->5498K(6400K)
[2023-07-19T19:06:12.872+0700][gc            ] GC(10) Pause Young (Normal) (G1 Evacuation Pause) 220M->174M(1024M) 2.352ms
[2023-07-19T19:06:12.872+0700][gc,cpu        ] GC(10) User=0.01s Sys=0.00s Real=0.00s
[2023-07-19T19:06:13.195+0700][gc,start      ] GC(11) Pause Young (Normal) (G1 Evacuation Pause)
[2023-07-19T19:06:13.195+0700][gc,task       ] GC(11) Using 8 workers of 8 for evacuation
[2023-07-19T19:06:13.199+0700][gc,phases     ] GC(11)   Pre Evacuate Collection Set: 0.0ms
[2023-07-19T19:06:13.199+0700][gc,phases     ] GC(11)   Evacuate Collection Set: 3.0ms
[2023-07-19T19:06:13.199+0700][gc,phases     ] GC(11)   Post Evacuate Collection Set: 1.2ms
[2023-07-19T19:06:13.199+0700][gc,phases     ] GC(11)   Other: 0.1ms
[2023-07-19T19:06:13.199+0700][gc,heap       ] GC(11) Eden regions: 46->0(54)
[2023-07-19T19:06:13.199+0700][gc,heap       ] GC(11) Survivor regions: 5->5(7)
[2023-07-19T19:06:13.199+0700][gc,heap       ] GC(11) Old regions: 41->43
[2023-07-19T19:06:13.199+0700][gc,heap       ] GC(11) Humongous regions: 131->131
[2023-07-19T19:06:13.199+0700][gc,metaspace  ] GC(11) Metaspace: 53937K(56064K)->53937K(56064K) NonClass: 47729K(48896K)->47729K(48896K) Class: 6207K(7168K)->6207K(7168K)
[2023-07-19T19:06:13.199+0700][gc            ] GC(11) Pause Young (Normal) (G1 Evacuation Pause) 220M->176M(1024M) 4.436ms
[2023-07-19T19:06:13.199+0700][gc,cpu        ] GC(11) User=0.02s Sys=0.00s Real=0.00s
[2023-07-19T19:06:13.319+0700][gc,start      ] GC(12) Pause Young (Normal) (G1 Evacuation Pause)
[2023-07-19T19:06:13.319+0700][gc,task       ] GC(12) Using 8 workers of 8 for evacuation
[2023-07-19T19:06:13.323+0700][gc,phases     ] GC(12)   Pre Evacuate Collection Set: 0.0ms
[2023-07-19T19:06:13.323+0700][gc,phases     ] GC(12)   Evacuate Collection Set: 2.9ms
[2023-07-19T19:06:13.323+0700][gc,phases     ] GC(12)   Post Evacuate Collection Set: 0.6ms
[2023-07-19T19:06:13.323+0700][gc,phases     ] GC(12)   Other: 0.1ms
[2023-07-19T19:06:13.323+0700][gc,heap       ] GC(12) Eden regions: 54->0(79)
[2023-07-19T19:06:13.323+0700][gc,heap       ] GC(12) Survivor regions: 5->4(8)
[2023-07-19T19:06:13.323+0700][gc,heap       ] GC(12) Old regions: 43->44
[2023-07-19T19:06:13.323+0700][gc,heap       ] GC(12) Humongous regions: 131->131
[2023-07-19T19:06:13.323+0700][gc,metaspace  ] GC(12) Metaspace: 55510K(57472K)->55510K(57472K) NonClass: 49133K(50176K)->49133K(50176K) Class: 6377K(7296K)->6377K(7296K)
[2023-07-19T19:06:13.323+0700][gc            ] GC(12) Pause Young (Normal) (G1 Evacuation Pause) 230M->177M(1024M) 3.678ms
[2023-07-19T19:06:13.323+0700][gc,cpu        ] GC(12) User=0.02s Sys=0.00s Real=0.01s
[2023-07-19T19:06:13.505+0700][gc,start      ] GC(13) Pause Young (Normal) (G1 Evacuation Pause)
[2023-07-19T19:06:13.505+0700][gc,task       ] GC(13) Using 8 workers of 8 for evacuation
[2023-07-19T19:06:13.516+0700][gc,phases     ] GC(13)   Pre Evacuate Collection Set: 0.0ms
[2023-07-19T19:06:13.516+0700][gc,phases     ] GC(13)   Evacuate Collection Set: 10.8ms
[2023-07-19T19:06:13.516+0700][gc,phases     ] GC(13)   Post Evacuate Collection Set: 0.5ms
[2023-07-19T19:06:13.516+0700][gc,phases     ] GC(13)   Other: 0.2ms
[2023-07-19T19:06:13.516+0700][gc,heap       ] GC(13) Eden regions: 79->0(89)
[2023-07-19T19:06:13.516+0700][gc,heap       ] GC(13) Survivor regions: 4->4(11)
[2023-07-19T19:06:13.516+0700][gc,heap       ] GC(13) Old regions: 44->44
[2023-07-19T19:06:13.516+0700][gc,heap       ] GC(13) Humongous regions: 131->131
[2023-07-19T19:06:13.516+0700][gc,metaspace  ] GC(13) Metaspace: 57318K(59264K)->57318K(59264K) NonClass: 50724K(51712K)->50724K(51712K) Class: 6594K(7552K)->6594K(7552K)
[2023-07-19T19:06:13.516+0700][gc            ] GC(13) Pause Young (Normal) (G1 Evacuation Pause) 256M->177M(1024M) 11.601ms
[2023-07-19T19:06:13.516+0700][gc,cpu        ] GC(13) User=0.09s Sys=0.00s Real=0.01s
[2023-07-19T19:06:13.594+0700][gc,start      ] GC(14) Pause Young (Concurrent Start) (Metadata GC Threshold)
[2023-07-19T19:06:13.594+0700][gc,task       ] GC(14) Using 8 workers of 8 for evacuation
[2023-07-19T19:06:13.599+0700][gc,phases     ] GC(14)   Pre Evacuate Collection Set: 0.2ms
[2023-07-19T19:06:13.599+0700][gc,phases     ] GC(14)   Evacuate Collection Set: 4.3ms
[2023-07-19T19:06:13.599+0700][gc,phases     ] GC(14)   Post Evacuate Collection Set: 0.5ms
[2023-07-19T19:06:13.599+0700][gc,phases     ] GC(14)   Other: 0.2ms
[2023-07-19T19:06:13.599+0700][gc,heap       ] GC(14) Eden regions: 25->0(77)
[2023-07-19T19:06:13.599+0700][gc,heap       ] GC(14) Survivor regions: 4->4(12)
[2023-07-19T19:06:13.599+0700][gc,heap       ] GC(14) Old regions: 44->44
[2023-07-19T19:06:13.599+0700][gc,heap       ] GC(14) Humongous regions: 131->131
[2023-07-19T19:06:13.599+0700][gc,metaspace  ] GC(14) Metaspace: 57929K(59904K)->57929K(59904K) NonClass: 51273K(52224K)->51273K(52224K) Class: 6656K(7680K)->6656K(7680K)
[2023-07-19T19:06:13.599+0700][gc            ] GC(14) Pause Young (Concurrent Start) (Metadata GC Threshold) 201M->177M(1024M) 5.285ms
[2023-07-19T19:06:13.599+0700][gc,cpu        ] GC(14) User=0.02s Sys=0.00s Real=0.00s
[2023-07-19T19:06:13.599+0700][gc            ] GC(15) Concurrent Cycle
[2023-07-19T19:06:13.599+0700][gc,marking    ] GC(15) Concurrent Clear Claimed Marks
[2023-07-19T19:06:13.599+0700][gc,marking    ] GC(15) Concurrent Clear Claimed Marks 0.052ms
[2023-07-19T19:06:13.599+0700][gc,marking    ] GC(15) Concurrent Scan Root Regions
[2023-07-19T19:06:13.600+0700][gc,marking    ] GC(15) Concurrent Scan Root Regions 1.086ms
[2023-07-19T19:06:13.600+0700][gc,marking    ] GC(15) Concurrent Mark (3.483s)
[2023-07-19T19:06:13.600+0700][gc,marking    ] GC(15) Concurrent Mark From Roots
[2023-07-19T19:06:13.600+0700][gc,task       ] GC(15) Using 2 workers of 2 for marking
[2023-07-19T19:06:13.611+0700][gc,marking    ] GC(15) Concurrent Mark From Roots 10.392ms
[2023-07-19T19:06:13.611+0700][gc,marking    ] GC(15) Concurrent Preclean
[2023-07-19T19:06:13.611+0700][gc,marking    ] GC(15) Concurrent Preclean 0.119ms
[2023-07-19T19:06:13.611+0700][gc,marking    ] GC(15) Concurrent Mark (3.483s, 3.493s) 10.555ms
[2023-07-19T19:06:13.611+0700][gc,start      ] GC(15) Pause Remark
[2023-07-19T19:06:13.615+0700][gc,stringtable] GC(15) Cleaned string and symbol table, strings: 20303 processed, 20 removed, symbols: 154755 processed, 47 removed
[2023-07-19T19:06:13.616+0700][gc            ] GC(15) Pause Remark 180M->180M(1024M) 4.725ms
[2023-07-19T19:06:13.616+0700][gc,cpu        ] GC(15) User=0.03s Sys=0.00s Real=0.01s
[2023-07-19T19:06:13.616+0700][gc,marking    ] GC(15) Concurrent Rebuild Remembered Sets
[2023-07-19T19:06:13.624+0700][gc,marking    ] GC(15) Concurrent Rebuild Remembered Sets 8.509ms
[2023-07-19T19:06:13.625+0700][gc,start      ] GC(15) Pause Cleanup
[2023-07-19T19:06:13.625+0700][gc            ] GC(15) Pause Cleanup 183M->183M(1024M) 0.257ms
[2023-07-19T19:06:13.625+0700][gc,cpu        ] GC(15) User=0.00s Sys=0.00s Real=0.00s
[2023-07-19T19:06:13.625+0700][gc,marking    ] GC(15) Concurrent Cleanup for Next Mark
[2023-07-19T19:06:13.626+0700][gc,marking    ] GC(15) Concurrent Cleanup for Next Mark 0.783ms
[2023-07-19T19:06:13.626+0700][gc            ] GC(15) Concurrent Cycle 26.859ms
[2023-07-19T19:06:13.787+0700][gc,start      ] GC(16) Pause Young (Normal) (G1 Evacuation Pause)
[2023-07-19T19:06:13.788+0700][gc,task       ] GC(16) Using 8 workers of 8 for evacuation
[2023-07-19T19:06:13.798+0700][gc,phases     ] GC(16)   Pre Evacuate Collection Set: 0.0ms
[2023-07-19T19:06:13.798+0700][gc,phases     ] GC(16)   Evacuate Collection Set: 10.1ms
[2023-07-19T19:06:13.798+0700][gc,phases     ] GC(16)   Post Evacuate Collection Set: 0.6ms
[2023-07-19T19:06:13.798+0700][gc,phases     ] GC(16)   Other: 0.2ms
[2023-07-19T19:06:13.798+0700][gc,heap       ] GC(16) Eden regions: 74->0(87)
[2023-07-19T19:06:13.798+0700][gc,heap       ] GC(16) Survivor regions: 4->5(10)
[2023-07-19T19:06:13.798+0700][gc,heap       ] GC(16) Old regions: 44->44
[2023-07-19T19:06:13.798+0700][gc,heap       ] GC(16) Humongous regions: 131->131
[2023-07-19T19:06:13.798+0700][gc,metaspace  ] GC(16) Metaspace: 59835K(61824K)->59835K(61824K) NonClass: 52948K(54016K)->52948K(54016K) Class: 6886K(7808K)->6886K(7808K)
[2023-07-19T19:06:13.798+0700][gc            ] GC(16) Pause Young (Normal) (G1 Evacuation Pause) 251M->177M(1024M) 10.929ms
[2023-07-19T19:06:13.798+0700][gc,cpu        ] GC(16) User=0.09s Sys=0.00s Real=0.01s
[2023-07-19T19:06:14.365+0700][gc,start      ] GC(17) Pause Young (Normal) (G1 Evacuation Pause)
[2023-07-19T19:06:14.365+0700][gc,task       ] GC(17) Using 8 workers of 8 for evacuation
[2023-07-19T19:06:14.373+0700][gc,phases     ] GC(17)   Pre Evacuate Collection Set: 0.0ms
[2023-07-19T19:06:14.373+0700][gc,phases     ] GC(17)   Evacuate Collection Set: 6.8ms
[2023-07-19T19:06:14.373+0700][gc,phases     ] GC(17)   Post Evacuate Collection Set: 1.3ms
[2023-07-19T19:06:14.373+0700][gc,phases     ] GC(17)   Other: 0.2ms
[2023-07-19T19:06:14.373+0700][gc,heap       ] GC(17) Eden regions: 87->0(115)
[2023-07-19T19:06:14.373+0700][gc,heap       ] GC(17) Survivor regions: 5->8(12)
[2023-07-19T19:06:14.373+0700][gc,heap       ] GC(17) Old regions: 44->44
[2023-07-19T19:06:14.373+0700][gc,heap       ] GC(17) Humongous regions: 131->131
[2023-07-19T19:06:14.373+0700][gc,metaspace  ] GC(17) Metaspace: 65831K(68352K)->65831K(68352K) NonClass: 58068K(59392K)->58068K(59392K) Class: 7763K(8960K)->7763K(8960K)
[2023-07-19T19:06:14.373+0700][gc            ] GC(17) Pause Young (Normal) (G1 Evacuation Pause) 264M->181M(1024M) 8.435ms
[2023-07-19T19:06:14.373+0700][gc,cpu        ] GC(17) User=0.04s Sys=0.01s Real=0.01s
[2023-07-19T19:06:14.852+0700][gc,start      ] GC(18) Pause Young (Normal) (G1 Evacuation Pause)
[2023-07-19T19:06:14.852+0700][gc,task       ] GC(18) Using 8 workers of 8 for evacuation
[2023-07-19T19:06:14.863+0700][gc,phases     ] GC(18)   Pre Evacuate Collection Set: 0.0ms
[2023-07-19T19:06:14.863+0700][gc,phases     ] GC(18)   Evacuate Collection Set: 9.8ms
[2023-07-19T19:06:14.863+0700][gc,phases     ] GC(18)   Post Evacuate Collection Set: 1.5ms
[2023-07-19T19:06:14.863+0700][gc,phases     ] GC(18)   Other: 0.2ms
[2023-07-19T19:06:14.864+0700][gc,heap       ] GC(18) Eden regions: 115->0(133)
[2023-07-19T19:06:14.864+0700][gc,heap       ] GC(18) Survivor regions: 8->11(16)
[2023-07-19T19:06:14.864+0700][gc,heap       ] GC(18) Old regions: 44->44
[2023-07-19T19:06:14.864+0700][gc,heap       ] GC(18) Humongous regions: 131->131
[2023-07-19T19:06:14.864+0700][gc,metaspace  ] GC(18) Metaspace: 71825K(74368K)->71825K(74368K) NonClass: 63171K(64512K)->63171K(64512K) Class: 8654K(9856K)->8654K(9856K)
[2023-07-19T19:06:14.864+0700][gc            ] GC(18) Pause Young (Normal) (G1 Evacuation Pause) 296M->183M(1024M) 11.598ms
[2023-07-19T19:06:14.864+0700][gc,cpu        ] GC(18) User=0.08s Sys=0.00s Real=0.02s
[2023-07-19T19:06:15.247+0700][gc,start      ] GC(19) Pause Young (Normal) (G1 Evacuation Pause)
[2023-07-19T19:06:15.247+0700][gc,task       ] GC(19) Using 8 workers of 8 for evacuation
[2023-07-19T19:06:15.258+0700][gc,phases     ] GC(19)   Pre Evacuate Collection Set: 0.0ms
[2023-07-19T19:06:15.258+0700][gc,phases     ] GC(19)   Evacuate Collection Set: 8.0ms
[2023-07-19T19:06:15.258+0700][gc,phases     ] GC(19)   Post Evacuate Collection Set: 3.3ms
[2023-07-19T19:06:15.258+0700][gc,phases     ] GC(19)   Other: 0.2ms
[2023-07-19T19:06:15.258+0700][gc,heap       ] GC(19) Eden regions: 133->0(165)
[2023-07-19T19:06:15.258+0700][gc,heap       ] GC(19) Survivor regions: 11->12(18)
[2023-07-19T19:06:15.258+0700][gc,heap       ] GC(19) Old regions: 44->45
[2023-07-19T19:06:15.258+0700][gc,heap       ] GC(19) Humongous regions: 131->131
[2023-07-19T19:06:15.258+0700][gc,metaspace  ] GC(19) Metaspace: 76336K(79232K)->76336K(79232K) NonClass: 67017K(68608K)->67017K(68608K) Class: 9318K(10624K)->9318K(10624K)
[2023-07-19T19:06:15.258+0700][gc            ] GC(19) Pause Young (Normal) (G1 Evacuation Pause) 316M->186M(1024M) 11.508ms
[2023-07-19T19:06:15.258+0700][gc,cpu        ] GC(19) User=0.08s Sys=0.00s Real=0.01s
[2023-07-19T19:06:15.708+0700][gc,start      ] GC(20) Pause Young (Normal) (G1 Evacuation Pause)
[2023-07-19T19:06:15.708+0700][gc,task       ] GC(20) Using 8 workers of 8 for evacuation
[2023-07-19T19:06:15.723+0700][gc,phases     ] GC(20)   Pre Evacuate Collection Set: 0.0ms
[2023-07-19T19:06:15.723+0700][gc,phases     ] GC(20)   Evacuate Collection Set: 14.2ms
[2023-07-19T19:06:15.723+0700][gc,phases     ] GC(20)   Post Evacuate Collection Set: 0.8ms
[2023-07-19T19:06:15.723+0700][gc,phases     ] GC(20)   Other: 0.2ms
[2023-07-19T19:06:15.723+0700][gc,heap       ] GC(20) Eden regions: 165->0(203)
[2023-07-19T19:06:15.723+0700][gc,heap       ] GC(20) Survivor regions: 12->18(23)
[2023-07-19T19:06:15.723+0700][gc,heap       ] GC(20) Old regions: 45->45
[2023-07-19T19:06:15.723+0700][gc,heap       ] GC(20) Humongous regions: 131->131
[2023-07-19T19:06:15.723+0700][gc,metaspace  ] GC(20) Metaspace: 78539K(81536K)->78539K(81536K) NonClass: 68945K(70656K)->68945K(70656K) Class: 9594K(10880K)->9594K(10880K)
[2023-07-19T19:06:15.723+0700][gc            ] GC(20) Pause Young (Normal) (G1 Evacuation Pause) 351M->192M(1024M) 15.178ms
[2023-07-19T19:06:15.723+0700][gc,cpu        ] GC(20) User=0.10s Sys=0.01s Real=0.02s
[2023-07-19T19:07:18.510+0700][gc,start      ] GC(21) Pause Young (Normal) (G1 Evacuation Pause)
[2023-07-19T19:07:18.510+0700][gc,task       ] GC(21) Using 8 workers of 8 for evacuation
[2023-07-19T19:07:18.536+0700][gc,mmu        ] GC(21) MMU target violated: 21.0ms (20.0ms/21.0ms)
[2023-07-19T19:07:18.536+0700][gc,phases     ] GC(21)   Pre Evacuate Collection Set: 0.1ms
[2023-07-19T19:07:18.536+0700][gc,phases     ] GC(21)   Evacuate Collection Set: 18.9ms
[2023-07-19T19:07:18.536+0700][gc,phases     ] GC(21)   Post Evacuate Collection Set: 7.0ms
[2023-07-19T19:07:18.536+0700][gc,phases     ] GC(21)   Other: 0.3ms
[2023-07-19T19:07:18.536+0700][gc,heap       ] GC(21) Eden regions: 165->0(165)
[2023-07-19T19:07:18.536+0700][gc,heap       ] GC(21) Survivor regions: 18->19(23)
[2023-07-19T19:07:18.536+0700][gc,heap       ] GC(21) Old regions: 45->51
[2023-07-19T19:07:18.536+0700][gc,heap       ] GC(21) Humongous regions: 131->131
[2023-07-19T19:07:18.536+0700][gc,metaspace  ] GC(21) Metaspace: 95151K(99968K)->95151K(99968K) NonClass: 82766K(85248K)->82766K(85248K) Class: 12384K(14720K)->12384K(14720K)
[2023-07-19T19:07:18.536+0700][gc            ] GC(21) Pause Young (Normal) (G1 Evacuation Pause) 357M->198M(1024M) 26.186ms
[2023-07-19T19:07:18.536+0700][gc,cpu        ] GC(21) User=0.16s Sys=0.04s Real=0.03s
[2023-07-19T19:07:18.727+0700][gc,start      ] GC(22) Pause Young (Concurrent Start) (Metadata GC Threshold)
[2023-07-19T19:07:18.727+0700][gc,task       ] GC(22) Using 8 workers of 8 for evacuation
[2023-07-19T19:07:18.751+0700][gc,mmu        ] GC(22) MMU target violated: 21.0ms (20.0ms/21.0ms)
[2023-07-19T19:07:18.751+0700][gc,phases     ] GC(22)   Pre Evacuate Collection Set: 0.5ms
[2023-07-19T19:07:18.751+0700][gc,phases     ] GC(22)   Evacuate Collection Set: 22.1ms
[2023-07-19T19:07:18.751+0700][gc,phases     ] GC(22)   Post Evacuate Collection Set: 0.8ms
[2023-07-19T19:07:18.751+0700][gc,phases     ] GC(22)   Other: 0.4ms
[2023-07-19T19:07:18.751+0700][gc,heap       ] GC(22) Eden regions: 25->0(251)
[2023-07-19T19:07:18.751+0700][gc,heap       ] GC(22) Survivor regions: 19->4(9)
[2023-07-19T19:07:18.751+0700][gc,heap       ] GC(22) Old regions: 51->69
[2023-07-19T19:07:18.751+0700][gc,heap       ] GC(22) Humongous regions: 131->131
[2023-07-19T19:07:18.751+0700][gc,metaspace  ] GC(22) Metaspace: 95417K(100224K)->95417K(100224K) NonClass: 83006K(85504K)->83006K(85504K) Class: 12411K(14720K)->12411K(14720K)
[2023-07-19T19:07:18.751+0700][gc            ] GC(22) Pause Young (Concurrent Start) (Metadata GC Threshold) 223M->201M(1024M) 23.772ms
[2023-07-19T19:07:18.751+0700][gc,cpu        ] GC(22) User=0.16s Sys=0.01s Real=0.02s
[2023-07-19T19:07:18.751+0700][gc            ] GC(23) Concurrent Cycle
[2023-07-19T19:07:18.751+0700][gc,marking    ] GC(23) Concurrent Clear Claimed Marks
[2023-07-19T19:07:18.751+0700][gc,marking    ] GC(23) Concurrent Clear Claimed Marks 0.454ms
[2023-07-19T19:07:18.751+0700][gc,marking    ] GC(23) Concurrent Scan Root Regions
[2023-07-19T19:07:18.752+0700][gc,marking    ] GC(23) Concurrent Scan Root Regions 0.803ms
[2023-07-19T19:07:18.752+0700][gc,marking    ] GC(23) Concurrent Mark (68.635s)
[2023-07-19T19:07:18.752+0700][gc,marking    ] GC(23) Concurrent Mark From Roots
[2023-07-19T19:07:18.752+0700][gc,task       ] GC(23) Using 2 workers of 2 for marking
[2023-07-19T19:07:18.810+0700][gc,marking    ] GC(23) Concurrent Mark From Roots 57.654ms
[2023-07-19T19:07:18.810+0700][gc,marking    ] GC(23) Concurrent Preclean
[2023-07-19T19:07:18.810+0700][gc,marking    ] GC(23) Concurrent Preclean 0.319ms
[2023-07-19T19:07:18.810+0700][gc,marking    ] GC(23) Concurrent Mark (68.635s, 68.693s) 58.067ms
[2023-07-19T19:07:18.811+0700][gc,start      ] GC(23) Pause Remark
[2023-07-19T19:07:18.826+0700][gc,stringtable] GC(23) Cleaned string and symbol table, strings: 33102 processed, 10 removed, symbols: 234578 processed, 236 removed
[2023-07-19T19:07:18.826+0700][gc            ] GC(23) Pause Remark 206M->206M(1024M) 15.603ms
[2023-07-19T19:07:18.827+0700][gc,cpu        ] GC(23) User=0.11s Sys=0.00s Real=0.02s
[2023-07-19T19:07:18.827+0700][gc,marking    ] GC(23) Concurrent Rebuild Remembered Sets
[2023-07-19T19:07:18.859+0700][gc,marking    ] GC(23) Concurrent Rebuild Remembered Sets 32.511ms
[2023-07-19T19:07:18.860+0700][gc,start      ] GC(23) Pause Cleanup
[2023-07-19T19:07:18.860+0700][gc            ] GC(23) Pause Cleanup 207M->207M(1024M) 0.313ms
[2023-07-19T19:07:18.860+0700][gc,cpu        ] GC(23) User=0.00s Sys=0.00s Real=0.00s
[2023-07-19T19:07:18.860+0700][gc,marking    ] GC(23) Concurrent Cleanup for Next Mark
[2023-07-19T19:07:18.861+0700][gc,marking    ] GC(23) Concurrent Cleanup for Next Mark 0.951ms
[2023-07-19T19:07:18.861+0700][gc            ] GC(23) Concurrent Cycle 110.116ms
[2023-07-19T19:15:18.347+0700][gc,start      ] GC(24) Pause Young (Normal) (G1 Evacuation Pause)
[2023-07-19T19:15:18.347+0700][gc,task       ] GC(24) Using 8 workers of 8 for evacuation
[2023-07-19T19:15:18.355+0700][gc,phases     ] GC(24)   Pre Evacuate Collection Set: 0.1ms
[2023-07-19T19:15:18.355+0700][gc,phases     ] GC(24)   Evacuate Collection Set: 5.7ms
[2023-07-19T19:15:18.355+0700][gc,phases     ] GC(24)   Post Evacuate Collection Set: 1.1ms
[2023-07-19T19:15:18.355+0700][gc,phases     ] GC(24)   Other: 0.3ms
[2023-07-19T19:15:18.355+0700][gc,heap       ] GC(24) Eden regions: 251->0(374)
[2023-07-19T19:15:18.355+0700][gc,heap       ] GC(24) Survivor regions: 4->8(32)
[2023-07-19T19:15:18.355+0700][gc,heap       ] GC(24) Old regions: 69->69
[2023-07-19T19:15:18.355+0700][gc,heap       ] GC(24) Humongous regions: 131->131
[2023-07-19T19:15:18.355+0700][gc,metaspace  ] GC(24) Metaspace: 99977K(105344K)->99977K(105344K) NonClass: 87164K(90112K)->87164K(90112K) Class: 12812K(15232K)->12812K(15232K)
[2023-07-19T19:15:18.355+0700][gc            ] GC(24) Pause Young (Normal) (G1 Evacuation Pause) 452M->205M(1024M) 7.312ms
[2023-07-19T19:15:18.355+0700][gc,cpu        ] GC(24) User=0.05s Sys=0.00s Real=0.01s
[2023-07-19T19:28:39.030+0700][gc,start      ] GC(25) Pause Young (Normal) (G1 Evacuation Pause)
[2023-07-19T19:28:39.030+0700][gc,task       ] GC(25) Using 8 workers of 8 for evacuation
[2023-07-19T19:28:39.045+0700][gc,phases     ] GC(25)   Pre Evacuate Collection Set: 0.1ms
[2023-07-19T19:28:39.045+0700][gc,phases     ] GC(25)   Evacuate Collection Set: 13.3ms
[2023-07-19T19:28:39.045+0700][gc,phases     ] GC(25)   Post Evacuate Collection Set: 0.9ms
[2023-07-19T19:28:39.045+0700][gc,phases     ] GC(25)   Other: 0.3ms
[2023-07-19T19:28:39.045+0700][gc,heap       ] GC(25) Eden regions: 374->0(325)
[2023-07-19T19:28:39.045+0700][gc,heap       ] GC(25) Survivor regions: 8->17(48)
[2023-07-19T19:28:39.045+0700][gc,heap       ] GC(25) Old regions: 69->69
[2023-07-19T19:28:39.045+0700][gc,heap       ] GC(25) Humongous regions: 131->131
[2023-07-19T19:28:39.045+0700][gc,metaspace  ] GC(25) Metaspace: 100931K(106240K)->100931K(106240K) NonClass: 88088K(90880K)->88088K(90880K) Class: 12842K(15360K)->12842K(15360K)
[2023-07-19T19:28:39.045+0700][gc            ] GC(25) Pause Young (Normal) (G1 Evacuation Pause) 579M->214M(1024M) 14.663ms
[2023-07-19T19:28:39.045+0700][gc,cpu        ] GC(25) User=0.06s Sys=0.05s Real=0.02s
[2023-07-19T19:39:40.772+0700][gc,start      ] GC(26) Pause Young (Normal) (G1 Evacuation Pause)
[2023-07-19T19:39:40.772+0700][gc,task       ] GC(26) Using 8 workers of 8 for evacuation
[2023-07-19T19:39:40.791+0700][gc,phases     ] GC(26)   Pre Evacuate Collection Set: 0.1ms
[2023-07-19T19:39:40.791+0700][gc,phases     ] GC(26)   Evacuate Collection Set: 17.1ms
[2023-07-19T19:39:40.791+0700][gc,phases     ] GC(26)   Post Evacuate Collection Set: 1.7ms
[2023-07-19T19:39:40.791+0700][gc,phases     ] GC(26)   Other: 0.4ms
[2023-07-19T19:39:40.791+0700][gc,heap       ] GC(26) Eden regions: 325->0(325)
[2023-07-19T19:39:40.791+0700][gc,heap       ] GC(26) Survivor regions: 17->28(43)
[2023-07-19T19:39:40.791+0700][gc,heap       ] GC(26) Old regions: 69->69
[2023-07-19T19:39:40.791+0700][gc,heap       ] GC(26) Humongous regions: 131->131
[2023-07-19T19:39:40.791+0700][gc,metaspace  ] GC(26) Metaspace: 102350K(107904K)->102350K(107904K) NonClass: 89382K(92416K)->89382K(92416K) Class: 12968K(15488K)->12968K(15488K)
[2023-07-19T19:39:40.791+0700][gc            ] GC(26) Pause Young (Normal) (G1 Evacuation Pause) 539M->225M(1024M) 19.291ms
[2023-07-19T19:39:40.791+0700][gc,cpu        ] GC(26) User=0.12s Sys=0.01s Real=0.01s
[2023-07-19T19:50:27.111+0700][gc,start      ] GC(27) Pause Young (Normal) (G1 Evacuation Pause)
[2023-07-19T19:50:27.111+0700][gc,task       ] GC(27) Using 8 workers of 8 for evacuation
[2023-07-19T19:50:27.132+0700][gc,mmu        ] GC(27) MMU target violated: 20.3ms (20.0ms/21.0ms)
[2023-07-19T19:50:27.132+0700][gc,phases     ] GC(27)   Pre Evacuate Collection Set: 0.4ms
[2023-07-19T19:50:27.132+0700][gc,phases     ] GC(27)   Evacuate Collection Set: 18.1ms
[2023-07-19T19:50:27.132+0700][gc,phases     ] GC(27)   Post Evacuate Collection Set: 1.6ms
[2023-07-19T19:50:27.132+0700][gc,phases     ] GC(27)   Other: 0.3ms
[2023-07-19T19:50:27.132+0700][gc,heap       ] GC(27) Eden regions: 325->0(144)
[2023-07-19T19:50:27.132+0700][gc,heap       ] GC(27) Survivor regions: 28->31(45)
[2023-07-19T19:50:27.132+0700][gc,heap       ] GC(27) Old regions: 69->76
[2023-07-19T19:50:27.132+0700][gc,heap       ] GC(27) Humongous regions: 131->131
[2023-07-19T19:50:27.132+0700][gc,metaspace  ] GC(27) Metaspace: 102590K(108160K)->102590K(108160K) NonClass: 89622K(92672K)->89622K(92672K) Class: 12968K(15488K)->12968K(15488K)
[2023-07-19T19:50:27.132+0700][gc            ] GC(27) Pause Young (Normal) (G1 Evacuation Pause) 550M->235M(1024M) 20.468ms
[2023-07-19T19:50:27.132+0700][gc,cpu        ] GC(27) User=0.14s Sys=0.00s Real=0.02s
[2023-07-19T19:55:18.479+0700][gc,start      ] GC(28) Pause Young (Normal) (G1 Evacuation Pause)
[2023-07-19T19:55:18.479+0700][gc,task       ] GC(28) Using 8 workers of 8 for evacuation
[2023-07-19T19:55:18.494+0700][gc,phases     ] GC(28)   Pre Evacuate Collection Set: 0.1ms
[2023-07-19T19:55:18.494+0700][gc,phases     ] GC(28)   Evacuate Collection Set: 13.6ms
[2023-07-19T19:55:18.494+0700][gc,phases     ] GC(28)   Post Evacuate Collection Set: 0.8ms
[2023-07-19T19:55:18.494+0700][gc,phases     ] GC(28)   Other: 0.2ms
[2023-07-19T19:55:18.494+0700][gc,heap       ] GC(28) Eden regions: 144->0(271)
[2023-07-19T19:55:18.494+0700][gc,heap       ] GC(28) Survivor regions: 31->17(22)
[2023-07-19T19:55:18.494+0700][gc,heap       ] GC(28) Old regions: 76->94
[2023-07-19T19:55:18.494+0700][gc,heap       ] GC(28) Humongous regions: 131->131
[2023-07-19T19:55:18.494+0700][gc,metaspace  ] GC(28) Metaspace: 102745K(108416K)->102745K(108416K) NonClass: 89777K(92928K)->89777K(92928K) Class: 12968K(15488K)->12968K(15488K)
[2023-07-19T19:55:18.494+0700][gc            ] GC(28) Pause Young (Normal) (G1 Evacuation Pause) 379M->240M(1024M) 14.816ms
[2023-07-19T19:55:18.494+0700][gc,cpu        ] GC(28) User=0.11s Sys=0.00s Real=0.01s
[2023-07-19T20:04:51.126+0700][gc,start      ] GC(29) Pause Young (Normal) (G1 Evacuation Pause)
[2023-07-19T20:04:51.126+0700][gc,task       ] GC(29) Using 8 workers of 8 for evacuation
[2023-07-19T20:04:51.136+0700][gc,phases     ] GC(29)   Pre Evacuate Collection Set: 0.0ms
[2023-07-19T20:04:51.136+0700][gc,phases     ] GC(29)   Evacuate Collection Set: 9.3ms
[2023-07-19T20:04:51.136+0700][gc,phases     ] GC(29)   Post Evacuate Collection Set: 0.7ms
[2023-07-19T20:04:51.136+0700][gc,phases     ] GC(29)   Other: 0.3ms
[2023-07-19T20:04:51.136+0700][gc,heap       ] GC(29) Eden regions: 271->0(249)
[2023-07-19T20:04:51.136+0700][gc,heap       ] GC(29) Survivor regions: 17->25(36)
[2023-07-19T20:04:51.136+0700][gc,heap       ] GC(29) Old regions: 94->94
[2023-07-19T20:04:51.136+0700][gc,heap       ] GC(29) Humongous regions: 131->131
[2023-07-19T20:04:51.136+0700][gc,metaspace  ] GC(29) Metaspace: 102858K(108416K)->102858K(108416K) NonClass: 89890K(92928K)->89890K(92928K) Class: 12968K(15488K)->12968K(15488K)
[2023-07-19T20:04:51.137+0700][gc            ] GC(29) Pause Young (Normal) (G1 Evacuation Pause) 511M->247M(1024M) 11.212ms
[2023-07-19T20:04:51.137+0700][gc,cpu        ] GC(29) User=0.07s Sys=0.00s Real=0.02s
[2023-07-19T20:13:18.337+0700][gc,start      ] GC(30) Pause Young (Normal) (G1 Evacuation Pause)
[2023-07-19T20:13:18.337+0700][gc,task       ] GC(30) Using 8 workers of 8 for evacuation
[2023-07-19T20:13:18.350+0700][gc,phases     ] GC(30)   Pre Evacuate Collection Set: 0.0ms
[2023-07-19T20:13:18.350+0700][gc,phases     ] GC(30)   Evacuate Collection Set: 11.0ms
[2023-07-19T20:13:18.350+0700][gc,phases     ] GC(30)   Post Evacuate Collection Set: 1.5ms
[2023-07-19T20:13:18.350+0700][gc,phases     ] GC(30)   Other: 0.4ms
[2023-07-19T20:13:18.350+0700][gc,heap       ] GC(30) Eden regions: 249->0(327)
[2023-07-19T20:13:18.350+0700][gc,heap       ] GC(30) Survivor regions: 25->22(35)
[2023-07-19T20:13:18.350+0700][gc,heap       ] GC(30) Old regions: 94->103
[2023-07-19T20:13:18.350+0700][gc,heap       ] GC(30) Humongous regions: 131->131
[2023-07-19T20:13:18.350+0700][gc,metaspace  ] GC(30) Metaspace: 103070K(108672K)->103070K(108672K) NonClass: 90096K(93184K)->90096K(93184K) Class: 12974K(15488K)->12974K(15488K)
[2023-07-19T20:13:18.350+0700][gc            ] GC(30) Pause Young (Normal) (G1 Evacuation Pause) 496M->254M(1024M) 12.947ms
[2023-07-19T20:13:18.350+0700][gc,cpu        ] GC(30) User=0.08s Sys=0.01s Real=0.01s
[2023-07-19T20:24:17.289+0700][gc,start      ] GC(31) Pause Young (Normal) (G1 Evacuation Pause)
[2023-07-19T20:24:17.289+0700][gc,task       ] GC(31) Using 8 workers of 8 for evacuation
[2023-07-19T20:24:17.298+0700][gc,phases     ] GC(31)   Pre Evacuate Collection Set: 0.1ms
[2023-07-19T20:24:17.298+0700][gc,phases     ] GC(31)   Evacuate Collection Set: 7.3ms
[2023-07-19T20:24:17.298+0700][gc,phases     ] GC(31)   Post Evacuate Collection Set: 1.4ms
[2023-07-19T20:24:17.298+0700][gc,phases     ] GC(31)   Other: 0.3ms
[2023-07-19T20:24:17.298+0700][gc,heap       ] GC(31) Eden regions: 327->0(379)
[2023-07-19T20:24:17.298+0700][gc,heap       ] GC(31) Survivor regions: 22->21(44)
[2023-07-19T20:24:17.298+0700][gc,heap       ] GC(31) Old regions: 103->103
[2023-07-19T20:24:17.298+0700][gc,heap       ] GC(31) Humongous regions: 131->131
[2023-07-19T20:24:17.298+0700][gc,metaspace  ] GC(31) Metaspace: 103186K(108928K)->103186K(108928K) NonClass: 90212K(93440K)->90212K(93440K) Class: 12974K(15488K)->12974K(15488K)
[2023-07-19T20:24:17.298+0700][gc            ] GC(31) Pause Young (Normal) (G1 Evacuation Pause) 581M->253M(1024M) 8.997ms
[2023-07-19T20:24:17.298+0700][gc,cpu        ] GC(31) User=0.06s Sys=0.00s Real=0.01s
[2023-07-19T20:37:18.322+0700][gc,start      ] GC(32) Pause Young (Normal) (G1 Evacuation Pause)
[2023-07-19T20:37:18.322+0700][gc,task       ] GC(32) Using 8 workers of 8 for evacuation
[2023-07-19T20:37:18.334+0700][gc,phases     ] GC(32)   Pre Evacuate Collection Set: 0.1ms
[2023-07-19T20:37:18.334+0700][gc,phases     ] GC(32)   Evacuate Collection Set: 10.1ms
[2023-07-19T20:37:18.334+0700][gc,phases     ] GC(32)   Post Evacuate Collection Set: 1.5ms
[2023-07-19T20:37:18.334+0700][gc,phases     ] GC(32)   Other: 0.4ms
[2023-07-19T20:37:18.334+0700][gc,heap       ] GC(32) Eden regions: 379->0(389)
[2023-07-19T20:37:18.334+0700][gc,heap       ] GC(32) Survivor regions: 21->22(50)
[2023-07-19T20:37:18.334+0700][gc,heap       ] GC(32) Old regions: 103->103
[2023-07-19T20:37:18.334+0700][gc,heap       ] GC(32) Humongous regions: 131->131
[2023-07-19T20:37:18.334+0700][gc,metaspace  ] GC(32) Metaspace: 103248K(108928K)->103248K(108928K) NonClass: 90273K(93440K)->90273K(93440K) Class: 12974K(15488K)->12974K(15488K)
[2023-07-19T20:37:18.334+0700][gc            ] GC(32) Pause Young (Normal) (G1 Evacuation Pause) 632M->254M(1024M) 12.193ms
[2023-07-19T20:37:18.334+0700][gc,cpu        ] GC(32) User=0.06s Sys=0.02s Real=0.01s
[2023-07-19T20:50:13.851+0700][gc,start      ] GC(33) Pause Young (Normal) (G1 Evacuation Pause)
[2023-07-19T20:50:13.851+0700][gc,task       ] GC(33) Using 8 workers of 8 for evacuation
[2023-07-19T20:50:13.860+0700][gc,phases     ] GC(33)   Pre Evacuate Collection Set: 0.0ms
[2023-07-19T20:50:13.860+0700][gc,phases     ] GC(33)   Evacuate Collection Set: 7.9ms
[2023-07-19T20:50:13.860+0700][gc,phases     ] GC(33)   Post Evacuate Collection Set: 0.8ms
[2023-07-19T20:50:13.860+0700][gc,phases     ] GC(33)   Other: 0.2ms
[2023-07-19T20:50:13.860+0700][gc,heap       ] GC(33) Eden regions: 389->0(592)
[2023-07-19T20:50:13.860+0700][gc,heap       ] GC(33) Survivor regions: 22->22(52)
[2023-07-19T20:50:13.860+0700][gc,heap       ] GC(33) Old regions: 103->103
[2023-07-19T20:50:13.860+0700][gc,heap       ] GC(33) Humongous regions: 131->131
[2023-07-19T20:50:13.860+0700][gc,metaspace  ] GC(33) Metaspace: 103448K(109184K)->103448K(109184K) NonClass: 90473K(93696K)->90473K(93696K) Class: 12975K(15488K)->12975K(15488K)
[2023-07-19T20:50:13.860+0700][gc            ] GC(33) Pause Young (Normal) (G1 Evacuation Pause) 643M->254M(1024M) 9.049ms
[2023-07-19T20:50:13.860+0700][gc,cpu        ] GC(33) User=0.06s Sys=0.00s Real=0.01s
[2023-07-19T21:10:18.322+0700][gc,start      ] GC(34) Pause Young (Normal) (G1 Evacuation Pause)
[2023-07-19T21:10:18.322+0700][gc,task       ] GC(34) Using 8 workers of 8 for evacuation
[2023-07-19T21:10:18.332+0700][gc,phases     ] GC(34)   Pre Evacuate Collection Set: 0.0ms
[2023-07-19T21:10:18.332+0700][gc,phases     ] GC(34)   Evacuate Collection Set: 8.9ms
[2023-07-19T21:10:18.332+0700][gc,phases     ] GC(34)   Post Evacuate Collection Set: 1.6ms
[2023-07-19T21:10:18.332+0700][gc,phases     ] GC(34)   Other: 0.3ms
[2023-07-19T21:10:18.332+0700][gc,heap       ] GC(34) Eden regions: 592->0(591)
[2023-07-19T21:10:18.332+0700][gc,heap       ] GC(34) Survivor regions: 22->23(77)
[2023-07-19T21:10:18.332+0700][gc,heap       ] GC(34) Old regions: 103->103
[2023-07-19T21:10:18.332+0700][gc,heap       ] GC(34) Humongous regions: 131->131
[2023-07-19T21:10:18.332+0700][gc,metaspace  ] GC(34) Metaspace: 103553K(109184K)->103553K(109184K) NonClass: 90578K(93696K)->90578K(93696K) Class: 12975K(15488K)->12975K(15488K)
[2023-07-19T21:10:18.332+0700][gc            ] GC(34) Pause Young (Normal) (G1 Evacuation Pause) 846M->255M(1024M) 10.823ms
[2023-07-19T21:10:18.332+0700][gc,cpu        ] GC(34) User=0.00s Sys=0.07s Real=0.02s
[2023-07-19T21:30:13.837+0700][gc,start      ] GC(35) Pause Young (Normal) (G1 Evacuation Pause)
[2023-07-19T21:30:13.838+0700][gc,task       ] GC(35) Using 8 workers of 8 for evacuation
[2023-07-19T21:30:13.853+0700][gc,phases     ] GC(35)   Pre Evacuate Collection Set: 0.1ms
[2023-07-19T21:30:13.853+0700][gc,phases     ] GC(35)   Evacuate Collection Set: 11.2ms
[2023-07-19T21:30:13.853+0700][gc,phases     ] GC(35)   Post Evacuate Collection Set: 4.0ms
[2023-07-19T21:30:13.853+0700][gc,phases     ] GC(35)   Other: 0.4ms
[2023-07-19T21:30:13.853+0700][gc,heap       ] GC(35) Eden regions: 591->0(590)
[2023-07-19T21:30:13.853+0700][gc,heap       ] GC(35) Survivor regions: 23->24(77)
[2023-07-19T21:30:13.853+0700][gc,heap       ] GC(35) Old regions: 103->103
[2023-07-19T21:30:13.853+0700][gc,heap       ] GC(35) Humongous regions: 131->131
[2023-07-19T21:30:13.853+0700][gc,metaspace  ] GC(35) Metaspace: 103710K(109440K)->103710K(109440K) NonClass: 90735K(93952K)->90735K(93952K) Class: 12975K(15488K)->12975K(15488K)
[2023-07-19T21:30:13.853+0700][gc            ] GC(35) Pause Young (Normal) (G1 Evacuation Pause) 846M->256M(1024M) 15.688ms
[2023-07-19T21:30:13.853+0700][gc,cpu        ] GC(35) User=0.08s Sys=0.00s Real=0.02s
[2023-07-19T21:47:13.839+0700][gc,start      ] GC(36) Pause Young (Normal) (G1 Evacuation Pause)
[2023-07-19T21:47:13.840+0700][gc,task       ] GC(36) Using 8 workers of 8 for evacuation
[2023-07-19T21:47:13.852+0700][gc,phases     ] GC(36)   Pre Evacuate Collection Set: 0.1ms
[2023-07-19T21:47:13.853+0700][gc,phases     ] GC(36)   Evacuate Collection Set: 10.8ms
[2023-07-19T21:47:13.853+0700][gc,phases     ] GC(36)   Post Evacuate Collection Set: 1.7ms
[2023-07-19T21:47:13.853+0700][gc,phases     ] GC(36)   Other: 0.5ms
[2023-07-19T21:47:13.853+0700][gc,heap       ] GC(36) Eden regions: 590->0(591)
[2023-07-19T21:47:13.853+0700][gc,heap       ] GC(36) Survivor regions: 24->23(77)
[2023-07-19T21:47:13.853+0700][gc,heap       ] GC(36) Old regions: 103->103
[2023-07-19T21:47:13.853+0700][gc,heap       ] GC(36) Humongous regions: 131->131
[2023-07-19T21:47:13.853+0700][gc,metaspace  ] GC(36) Metaspace: 103828K(109440K)->103828K(109440K) NonClass: 90853K(93952K)->90853K(93952K) Class: 12975K(15488K)->12975K(15488K)
[2023-07-19T21:47:13.853+0700][gc            ] GC(36) Pause Young (Normal) (G1 Evacuation Pause) 846M->255M(1024M) 13.136ms
[2023-07-19T21:47:13.853+0700][gc,cpu        ] GC(36) User=0.09s Sys=0.00s Real=0.01s
[2023-07-19T21:52:56.958+0700][gc,heap,exit  ] Heap
[2023-07-19T21:52:56.959+0700][gc,heap,exit  ]  garbage-first heap   total 1048576K, used 512104K [0x00000000c0000000, 0x0000000100000000)
[2023-07-19T21:52:56.959+0700][gc,heap,exit  ]   region size 1024K, 270 young (276480K), 23 survivors (23552K)
[2023-07-19T21:52:56.959+0700][gc,heap,exit  ]  Metaspace       used 105923K, capacity 111949K, committed 112000K, reserved 1144832K
[2023-07-19T21:52:56.959+0700][gc,heap,exit  ]   class space    used 13465K, capacity 16209K, committed 16256K, reserved 1048576K
