[2023-07-22T16:48:35.624+0700][gc,heap] Heap region size: 1M
[2023-07-22T16:48:35.629+0700][gc     ] Using G1
[2023-07-22T16:48:35.629+0700][gc,heap,coops] Heap address: 0x00000000c0000000, size: 1024 MB, Compressed Oops mode: 32-bit
[2023-07-22T16:48:35.629+0700][gc,cds       ] Mark closed archive regions in map: [0x00000000fff00000, 0x00000000fff6aff8]
[2023-07-22T16:48:35.630+0700][gc,cds       ] Mark open archive regions in map: [0x00000000ffe00000, 0x00000000ffe46ff8]
[2023-07-22T16:48:36.058+0700][gc,start     ] GC(0) Pause Young (Normal) (G1 Evacuation Pause)
[2023-07-22T16:48:36.059+0700][gc,task      ] GC(0) Using 8 workers of 8 for evacuation
[2023-07-22T16:48:36.071+0700][gc,phases    ] GC(0)   Pre Evacuate Collection Set: 0.0ms
[2023-07-22T16:48:36.071+0700][gc,phases    ] GC(0)   Evacuate Collection Set: 11.1ms
[2023-07-22T16:48:36.071+0700][gc,phases    ] GC(0)   Post Evacuate Collection Set: 1.0ms
[2023-07-22T16:48:36.071+0700][gc,phases    ] GC(0)   Other: 0.7ms
[2023-07-22T16:48:36.071+0700][gc,heap      ] GC(0) Eden regions: 51->0(44)
[2023-07-22T16:48:36.071+0700][gc,heap      ] GC(0) Survivor regions: 0->7(7)
[2023-07-22T16:48:36.071+0700][gc,heap      ] GC(0) Old regions: 2->26
[2023-07-22T16:48:36.071+0700][gc,heap      ] GC(0) Humongous regions: 2->2
[2023-07-22T16:48:36.071+0700][gc,metaspace ] GC(0) Metaspace: 5344K(5888K)->5344K(5888K) NonClass: 4772K(5120K)->4772K(5120K) Class: 571K(768K)->571K(768K)
[2023-07-22T16:48:36.071+0700][gc           ] GC(0) Pause Young (Normal) (G1 Evacuation Pause) 53M->33M(1024M) 12.831ms
[2023-07-22T16:48:36.071+0700][gc,cpu       ] GC(0) User=0.05s Sys=0.03s Real=0.01s
[2023-07-22T16:48:36.421+0700][gc,start     ] GC(1) Pause Young (Normal) (G1 Evacuation Pause)
[2023-07-22T16:48:36.421+0700][gc,task      ] GC(1) Using 8 workers of 8 for evacuation
[2023-07-22T16:48:36.425+0700][gc,phases    ] GC(1)   Pre Evacuate Collection Set: 0.0ms
[2023-07-22T16:48:36.425+0700][gc,phases    ] GC(1)   Evacuate Collection Set: 4.0ms
[2023-07-22T16:48:36.425+0700][gc,phases    ] GC(1)   Post Evacuate Collection Set: 0.3ms
[2023-07-22T16:48:36.425+0700][gc,phases    ] GC(1)   Other: 0.1ms
[2023-07-22T16:48:36.425+0700][gc,heap      ] GC(1) Eden regions: 44->0(49)
[2023-07-22T16:48:36.425+0700][gc,heap      ] GC(1) Survivor regions: 7->2(7)
[2023-07-22T16:48:36.425+0700][gc,heap      ] GC(1) Old regions: 26->33
[2023-07-22T16:48:36.425+0700][gc,heap      ] GC(1) Humongous regions: 2->2
[2023-07-22T16:48:36.425+0700][gc,metaspace ] GC(1) Metaspace: 13656K(14336K)->13656K(14336K) NonClass: 12107K(12544K)->12107K(12544K) Class: 1548K(1792K)->1548K(1792K)
[2023-07-22T16:48:36.425+0700][gc           ] GC(1) Pause Young (Normal) (G1 Evacuation Pause) 77M->35M(1024M) 4.578ms
[2023-07-22T16:48:36.425+0700][gc,cpu       ] GC(1) User=0.03s Sys=0.00s Real=0.00s
[2023-07-22T16:48:36.623+0700][gc,start     ] GC(2) Pause Young (Concurrent Start) (Metadata GC Threshold)
[2023-07-22T16:48:36.623+0700][gc,task      ] GC(2) Using 8 workers of 8 for evacuation
[2023-07-22T16:48:36.627+0700][gc,phases    ] GC(2)   Pre Evacuate Collection Set: 0.0ms
[2023-07-22T16:48:36.627+0700][gc,phases    ] GC(2)   Evacuate Collection Set: 3.7ms
[2023-07-22T16:48:36.627+0700][gc,phases    ] GC(2)   Post Evacuate Collection Set: 0.4ms
[2023-07-22T16:48:36.627+0700][gc,phases    ] GC(2)   Other: 0.2ms
[2023-07-22T16:48:36.627+0700][gc,heap      ] GC(2) Eden regions: 28->0(48)
[2023-07-22T16:48:36.627+0700][gc,heap      ] GC(2) Survivor regions: 2->3(7)
[2023-07-22T16:48:36.627+0700][gc,heap      ] GC(2) Old regions: 33->33
[2023-07-22T16:48:36.627+0700][gc,heap      ] GC(2) Humongous regions: 2->2
[2023-07-22T16:48:36.627+0700][gc,metaspace ] GC(2) Metaspace: 20581K(21248K)->20581K(21248K) NonClass: 18475K(18944K)->18475K(18944K) Class: 2106K(2304K)->2106K(2304K)
[2023-07-22T16:48:36.627+0700][gc           ] GC(2) Pause Young (Concurrent Start) (Metadata GC Threshold) 62M->36M(1024M) 4.427ms
[2023-07-22T16:48:36.627+0700][gc,cpu       ] GC(2) User=0.00s Sys=0.01s Real=0.01s
[2023-07-22T16:48:36.627+0700][gc           ] GC(3) Concurrent Cycle
[2023-07-22T16:48:36.627+0700][gc,marking   ] GC(3) Concurrent Clear Claimed Marks
[2023-07-22T16:48:36.627+0700][gc,marking   ] GC(3) Concurrent Clear Claimed Marks 0.061ms
[2023-07-22T16:48:36.627+0700][gc,marking   ] GC(3) Concurrent Scan Root Regions
[2023-07-22T16:48:36.628+0700][gc,marking   ] GC(3) Concurrent Scan Root Regions 1.011ms
[2023-07-22T16:48:36.628+0700][gc,marking   ] GC(3) Concurrent Mark (1.006s)
[2023-07-22T16:48:36.628+0700][gc,marking   ] GC(3) Concurrent Mark From Roots
[2023-07-22T16:48:36.628+0700][gc,task      ] GC(3) Using 2 workers of 2 for marking
[2023-07-22T16:48:36.632+0700][gc,marking   ] GC(3) Concurrent Mark From Roots 3.411ms
[2023-07-22T16:48:36.632+0700][gc,marking   ] GC(3) Concurrent Preclean
[2023-07-22T16:48:36.632+0700][gc,marking   ] GC(3) Concurrent Preclean 0.088ms
[2023-07-22T16:48:36.632+0700][gc,marking   ] GC(3) Concurrent Mark (1.006s, 1.009s) 3.541ms
[2023-07-22T16:48:36.632+0700][gc,start     ] GC(3) Pause Remark
[2023-07-22T16:48:36.634+0700][gc,stringtable] GC(3) Cleaned string and symbol table, strings: 6654 processed, 20 removed, symbols: 50222 processed, 29 removed
[2023-07-22T16:48:36.634+0700][gc            ] GC(3) Pause Remark 37M->37M(1024M) 1.767ms
[2023-07-22T16:48:36.634+0700][gc,cpu        ] GC(3) User=0.00s Sys=0.00s Real=0.00s
[2023-07-22T16:48:36.634+0700][gc,marking    ] GC(3) Concurrent Rebuild Remembered Sets
[2023-07-22T16:48:36.637+0700][gc,marking    ] GC(3) Concurrent Rebuild Remembered Sets 2.713ms
[2023-07-22T16:48:36.637+0700][gc,start      ] GC(3) Pause Cleanup
[2023-07-22T16:48:36.637+0700][gc            ] GC(3) Pause Cleanup 37M->37M(1024M) 0.213ms
[2023-07-22T16:48:36.637+0700][gc,cpu        ] GC(3) User=0.00s Sys=0.00s Real=0.00s
[2023-07-22T16:48:36.637+0700][gc,marking    ] GC(3) Concurrent Cleanup for Next Mark
[2023-07-22T16:48:36.640+0700][gc,marking    ] GC(3) Concurrent Cleanup for Next Mark 2.561ms
[2023-07-22T16:48:36.640+0700][gc            ] GC(3) Concurrent Cycle 12.908ms
[2023-07-22T16:48:37.203+0700][gc,start      ] GC(4) Pause Young (Normal) (G1 Evacuation Pause)
[2023-07-22T16:48:37.203+0700][gc,task       ] GC(4) Using 8 workers of 8 for evacuation
[2023-07-22T16:48:37.208+0700][gc,phases     ] GC(4)   Pre Evacuate Collection Set: 0.0ms
[2023-07-22T16:48:37.208+0700][gc,phases     ] GC(4)   Evacuate Collection Set: 3.6ms
[2023-07-22T16:48:37.208+0700][gc,phases     ] GC(4)   Post Evacuate Collection Set: 1.9ms
[2023-07-22T16:48:37.208+0700][gc,phases     ] GC(4)   Other: 0.2ms
[2023-07-22T16:48:37.208+0700][gc,heap       ] GC(4) Eden regions: 48->0(46)
[2023-07-22T16:48:37.208+0700][gc,heap       ] GC(4) Survivor regions: 3->5(7)
[2023-07-22T16:48:37.208+0700][gc,heap       ] GC(4) Old regions: 33->33
[2023-07-22T16:48:37.208+0700][gc,heap       ] GC(4) Humongous regions: 2->2
[2023-07-22T16:48:37.208+0700][gc,metaspace  ] GC(4) Metaspace: 28493K(29312K)->28493K(29312K) NonClass: 25416K(25856K)->25416K(25856K) Class: 3077K(3456K)->3077K(3456K)
[2023-07-22T16:48:37.208+0700][gc            ] GC(4) Pause Young (Normal) (G1 Evacuation Pause) 84M->37M(1024M) 5.723ms
[2023-07-22T16:48:37.208+0700][gc,cpu        ] GC(4) User=0.04s Sys=0.01s Real=0.01s
[2023-07-22T16:48:37.643+0700][gc,start      ] GC(5) Pause Young (Normal) (G1 Evacuation Pause)
[2023-07-22T16:48:37.643+0700][gc,task       ] GC(5) Using 8 workers of 8 for evacuation
[2023-07-22T16:48:37.649+0700][gc,phases     ] GC(5)   Pre Evacuate Collection Set: 0.0ms
[2023-07-22T16:48:37.650+0700][gc,phases     ] GC(5)   Evacuate Collection Set: 6.4ms
[2023-07-22T16:48:37.650+0700][gc,phases     ] GC(5)   Post Evacuate Collection Set: 0.5ms
[2023-07-22T16:48:37.650+0700][gc,phases     ] GC(5)   Other: 0.1ms
[2023-07-22T16:48:37.650+0700][gc,heap       ] GC(5) Eden regions: 46->0(44)
[2023-07-22T16:48:37.650+0700][gc,heap       ] GC(5) Survivor regions: 5->7(7)
[2023-07-22T16:48:37.650+0700][gc,heap       ] GC(5) Old regions: 33->35
[2023-07-22T16:48:37.650+0700][gc,heap       ] GC(5) Humongous regions: 131->131
[2023-07-22T16:48:37.650+0700][gc,metaspace  ] GC(5) Metaspace: 34230K(35584K)->34230K(35584K) NonClass: 30403K(31232K)->30403K(31232K) Class: 3827K(4352K)->3827K(4352K)
[2023-07-22T16:48:37.650+0700][gc            ] GC(5) Pause Young (Normal) (G1 Evacuation Pause) 212M->170M(1024M) 7.050ms
[2023-07-22T16:48:37.650+0700][gc,cpu        ] GC(5) User=0.06s Sys=0.00s Real=0.01s
[2023-07-22T16:48:37.670+0700][gc,start      ] GC(6) Pause Young (Concurrent Start) (Metadata GC Threshold)
[2023-07-22T16:48:37.670+0700][gc,task       ] GC(6) Using 8 workers of 8 for evacuation
[2023-07-22T16:48:37.677+0700][gc,phases     ] GC(6)   Pre Evacuate Collection Set: 0.1ms
[2023-07-22T16:48:37.677+0700][gc,phases     ] GC(6)   Evacuate Collection Set: 6.7ms
[2023-07-22T16:48:37.677+0700][gc,phases     ] GC(6)   Post Evacuate Collection Set: 0.4ms
[2023-07-22T16:48:37.677+0700][gc,phases     ] GC(6)   Other: 0.1ms
[2023-07-22T16:48:37.677+0700][gc,heap       ] GC(6) Eden regions: 2->0(50)
[2023-07-22T16:48:37.677+0700][gc,heap       ] GC(6) Survivor regions: 7->1(7)
[2023-07-22T16:48:37.677+0700][gc,heap       ] GC(6) Old regions: 35->42
[2023-07-22T16:48:37.677+0700][gc,heap       ] GC(6) Humongous regions: 131->131
[2023-07-22T16:48:37.677+0700][gc,metaspace  ] GC(6) Metaspace: 34501K(35840K)->34501K(35840K) NonClass: 30645K(31488K)->30645K(31488K) Class: 3856K(4352K)->3856K(4352K)
[2023-07-22T16:48:37.677+0700][gc            ] GC(6) Pause Young (Concurrent Start) (Metadata GC Threshold) 172M->171M(1024M) 7.325ms
[2023-07-22T16:48:37.677+0700][gc,cpu        ] GC(6) User=0.04s Sys=0.01s Real=0.01s
[2023-07-22T16:48:37.677+0700][gc            ] GC(7) Concurrent Cycle
[2023-07-22T16:48:37.677+0700][gc,marking    ] GC(7) Concurrent Clear Claimed Marks
[2023-07-22T16:48:37.677+0700][gc,marking    ] GC(7) Concurrent Clear Claimed Marks 0.031ms
[2023-07-22T16:48:37.677+0700][gc,marking    ] GC(7) Concurrent Scan Root Regions
[2023-07-22T16:48:37.678+0700][gc,marking    ] GC(7) Concurrent Scan Root Regions 0.338ms
[2023-07-22T16:48:37.678+0700][gc,marking    ] GC(7) Concurrent Mark (2.055s)
[2023-07-22T16:48:37.678+0700][gc,marking    ] GC(7) Concurrent Mark From Roots
[2023-07-22T16:48:37.678+0700][gc,task       ] GC(7) Using 2 workers of 2 for marking
[2023-07-22T16:48:37.689+0700][gc,marking    ] GC(7) Concurrent Mark From Roots 11.574ms
[2023-07-22T16:48:37.689+0700][gc,marking    ] GC(7) Concurrent Preclean
[2023-07-22T16:48:37.689+0700][gc,marking    ] GC(7) Concurrent Preclean 0.079ms
[2023-07-22T16:48:37.689+0700][gc,marking    ] GC(7) Concurrent Mark (2.055s, 2.067s) 11.693ms
[2023-07-22T16:48:37.690+0700][gc,start      ] GC(7) Pause Remark
[2023-07-22T16:48:37.693+0700][gc,stringtable] GC(7) Cleaned string and symbol table, strings: 11107 processed, 1 removed, symbols: 83980 processed, 29 removed
[2023-07-22T16:48:37.694+0700][gc            ] GC(7) Pause Remark 173M->173M(1024M) 4.207ms
[2023-07-22T16:48:37.694+0700][gc,cpu        ] GC(7) User=0.02s Sys=0.00s Real=0.00s
[2023-07-22T16:48:37.694+0700][gc,marking    ] GC(7) Concurrent Rebuild Remembered Sets
[2023-07-22T16:48:37.701+0700][gc,marking    ] GC(7) Concurrent Rebuild Remembered Sets 7.326ms
[2023-07-22T16:48:37.701+0700][gc,start      ] GC(7) Pause Cleanup
[2023-07-22T16:48:37.702+0700][gc            ] GC(7) Pause Cleanup 174M->174M(1024M) 0.230ms
[2023-07-22T16:48:37.702+0700][gc,cpu        ] GC(7) User=0.00s Sys=0.00s Real=0.00s
[2023-07-22T16:48:37.702+0700][gc,marking    ] GC(7) Concurrent Cleanup for Next Mark
[2023-07-22T16:48:37.706+0700][gc,marking    ] GC(7) Concurrent Cleanup for Next Mark 4.036ms
[2023-07-22T16:48:37.706+0700][gc            ] GC(7) Concurrent Cycle 28.598ms
[2023-07-22T16:48:38.072+0700][gc,start      ] GC(8) Pause Young (Normal) (G1 Evacuation Pause)
[2023-07-22T16:48:38.072+0700][gc,task       ] GC(8) Using 8 workers of 8 for evacuation
[2023-07-22T16:48:38.075+0700][gc,phases     ] GC(8)   Pre Evacuate Collection Set: 0.0ms
[2023-07-22T16:48:38.075+0700][gc,phases     ] GC(8)   Evacuate Collection Set: 2.6ms
[2023-07-22T16:48:38.075+0700][gc,phases     ] GC(8)   Post Evacuate Collection Set: 0.4ms
[2023-07-22T16:48:38.075+0700][gc,phases     ] GC(8)   Other: 0.1ms
[2023-07-22T16:48:38.075+0700][gc,heap       ] GC(8) Eden regions: 50->0(48)
[2023-07-22T16:48:38.075+0700][gc,heap       ] GC(8) Survivor regions: 1->3(7)
[2023-07-22T16:48:38.075+0700][gc,heap       ] GC(8) Old regions: 42->42
[2023-07-22T16:48:38.075+0700][gc,heap       ] GC(8) Humongous regions: 132->131
[2023-07-22T16:48:38.075+0700][gc,metaspace  ] GC(8) Metaspace: 42234K(44032K)->42234K(44032K) NonClass: 37472K(38400K)->37472K(38400K) Class: 4761K(5632K)->4761K(5632K)
[2023-07-22T16:48:38.075+0700][gc            ] GC(8) Pause Young (Normal) (G1 Evacuation Pause) 222M->173M(1024M) 3.272ms
[2023-07-22T16:48:38.075+0700][gc,cpu        ] GC(8) User=0.01s Sys=0.00s Real=0.00s
[2023-07-22T16:48:38.188+0700][gc,start      ] GC(9) Pause Young (Normal) (G1 Evacuation Pause)
[2023-07-22T16:48:38.189+0700][gc,task       ] GC(9) Using 8 workers of 8 for evacuation
[2023-07-22T16:48:38.191+0700][gc,phases     ] GC(9)   Pre Evacuate Collection Set: 0.0ms
[2023-07-22T16:48:38.191+0700][gc,phases     ] GC(9)   Evacuate Collection Set: 2.3ms
[2023-07-22T16:48:38.191+0700][gc,phases     ] GC(9)   Post Evacuate Collection Set: 0.4ms
[2023-07-22T16:48:38.191+0700][gc,phases     ] GC(9)   Other: 0.1ms
[2023-07-22T16:48:38.191+0700][gc,heap       ] GC(9) Eden regions: 48->0(47)
[2023-07-22T16:48:38.191+0700][gc,heap       ] GC(9) Survivor regions: 3->4(7)
[2023-07-22T16:48:38.191+0700][gc,heap       ] GC(9) Old regions: 42->42
[2023-07-22T16:48:38.191+0700][gc,heap       ] GC(9) Humongous regions: 131->131
[2023-07-22T16:48:38.191+0700][gc,metaspace  ] GC(9) Metaspace: 45189K(46976K)->45189K(46976K) NonClass: 40033K(40960K)->40033K(40960K) Class: 5155K(6016K)->5155K(6016K)
[2023-07-22T16:48:38.191+0700][gc            ] GC(9) Pause Young (Normal) (G1 Evacuation Pause) 221M->174M(1024M) 2.818ms
[2023-07-22T16:48:38.191+0700][gc,cpu        ] GC(9) User=0.01s Sys=0.01s Real=0.00s
[2023-07-22T16:48:38.357+0700][gc,start      ] GC(10) Pause Young (Normal) (G1 Evacuation Pause)
[2023-07-22T16:48:38.357+0700][gc,task       ] GC(10) Using 8 workers of 8 for evacuation
[2023-07-22T16:48:38.359+0700][gc,phases     ] GC(10)   Pre Evacuate Collection Set: 0.0ms
[2023-07-22T16:48:38.359+0700][gc,phases     ] GC(10)   Evacuate Collection Set: 1.8ms
[2023-07-22T16:48:38.359+0700][gc,phases     ] GC(10)   Post Evacuate Collection Set: 0.4ms
[2023-07-22T16:48:38.359+0700][gc,phases     ] GC(10)   Other: 0.1ms
[2023-07-22T16:48:38.359+0700][gc,heap       ] GC(10) Eden regions: 47->0(46)
[2023-07-22T16:48:38.359+0700][gc,heap       ] GC(10) Survivor regions: 4->5(7)
[2023-07-22T16:48:38.359+0700][gc,heap       ] GC(10) Old regions: 42->42
[2023-07-22T16:48:38.359+0700][gc,heap       ] GC(10) Humongous regions: 131->131
[2023-07-22T16:48:38.359+0700][gc,metaspace  ] GC(10) Metaspace: 48214K(50176K)->48214K(50176K) NonClass: 42716K(43776K)->42716K(43776K) Class: 5497K(6400K)->5497K(6400K)
[2023-07-22T16:48:38.359+0700][gc            ] GC(10) Pause Young (Normal) (G1 Evacuation Pause) 221M->175M(1024M) 2.289ms
[2023-07-22T16:48:38.359+0700][gc,cpu        ] GC(10) User=0.01s Sys=0.00s Real=0.00s
[2023-07-22T16:48:38.717+0700][gc,start      ] GC(11) Pause Young (Normal) (G1 Evacuation Pause)
[2023-07-22T16:48:38.717+0700][gc,task       ] GC(11) Using 8 workers of 8 for evacuation
[2023-07-22T16:48:38.724+0700][gc,phases     ] GC(11)   Pre Evacuate Collection Set: 0.0ms
[2023-07-22T16:48:38.724+0700][gc,phases     ] GC(11)   Evacuate Collection Set: 5.1ms
[2023-07-22T16:48:38.724+0700][gc,phases     ] GC(11)   Post Evacuate Collection Set: 1.6ms
[2023-07-22T16:48:38.724+0700][gc,phases     ] GC(11)   Other: 0.1ms
[2023-07-22T16:48:38.724+0700][gc,heap       ] GC(11) Eden regions: 46->0(51)
[2023-07-22T16:48:38.724+0700][gc,heap       ] GC(11) Survivor regions: 5->5(7)
[2023-07-22T16:48:38.724+0700][gc,heap       ] GC(11) Old regions: 42->44
[2023-07-22T16:48:38.724+0700][gc,heap       ] GC(11) Humongous regions: 131->131
[2023-07-22T16:48:38.724+0700][gc,metaspace  ] GC(11) Metaspace: 53960K(56064K)->53960K(56064K) NonClass: 47753K(48896K)->47753K(48896K) Class: 6207K(7168K)->6207K(7168K)
[2023-07-22T16:48:38.724+0700][gc            ] GC(11) Pause Young (Normal) (G1 Evacuation Pause) 221M->177M(1024M) 6.916ms
[2023-07-22T16:48:38.724+0700][gc,cpu        ] GC(11) User=0.04s Sys=0.00s Real=0.00s
[2023-07-22T16:48:38.830+0700][gc,start      ] GC(12) Pause Young (Normal) (G1 Evacuation Pause)
[2023-07-22T16:48:38.830+0700][gc,task       ] GC(12) Using 8 workers of 8 for evacuation
[2023-07-22T16:48:38.833+0700][gc,phases     ] GC(12)   Pre Evacuate Collection Set: 0.0ms
[2023-07-22T16:48:38.833+0700][gc,phases     ] GC(12)   Evacuate Collection Set: 3.3ms
[2023-07-22T16:48:38.833+0700][gc,phases     ] GC(12)   Post Evacuate Collection Set: 0.4ms
[2023-07-22T16:48:38.833+0700][gc,phases     ] GC(12)   Other: 0.2ms
[2023-07-22T16:48:38.833+0700][gc,heap       ] GC(12) Eden regions: 51->0(64)
[2023-07-22T16:48:38.833+0700][gc,heap       ] GC(12) Survivor regions: 5->4(7)
[2023-07-22T16:48:38.833+0700][gc,heap       ] GC(12) Old regions: 44->45
[2023-07-22T16:48:38.833+0700][gc,heap       ] GC(12) Humongous regions: 131->131
[2023-07-22T16:48:38.833+0700][gc,metaspace  ] GC(12) Metaspace: 55410K(57472K)->55410K(57472K) NonClass: 49043K(50176K)->49043K(50176K) Class: 6367K(7296K)->6367K(7296K)
[2023-07-22T16:48:38.833+0700][gc            ] GC(12) Pause Young (Normal) (G1 Evacuation Pause) 228M->178M(1024M) 3.918ms
[2023-07-22T16:48:38.833+0700][gc,cpu        ] GC(12) User=0.03s Sys=0.01s Real=0.00s
[2023-07-22T16:48:38.977+0700][gc,start      ] GC(13) Pause Young (Normal) (G1 Evacuation Pause)
[2023-07-22T16:48:38.977+0700][gc,task       ] GC(13) Using 8 workers of 8 for evacuation
[2023-07-22T16:48:38.981+0700][gc,phases     ] GC(13)   Pre Evacuate Collection Set: 0.0ms
[2023-07-22T16:48:38.981+0700][gc,phases     ] GC(13)   Evacuate Collection Set: 3.4ms
[2023-07-22T16:48:38.981+0700][gc,phases     ] GC(13)   Post Evacuate Collection Set: 0.6ms
[2023-07-22T16:48:38.981+0700][gc,phases     ] GC(13)   Other: 0.2ms
[2023-07-22T16:48:38.981+0700][gc,heap       ] GC(13) Eden regions: 64->0(73)
[2023-07-22T16:48:38.981+0700][gc,heap       ] GC(13) Survivor regions: 4->4(9)
[2023-07-22T16:48:38.981+0700][gc,heap       ] GC(13) Old regions: 45->45
[2023-07-22T16:48:38.981+0700][gc,heap       ] GC(13) Humongous regions: 131->131
[2023-07-22T16:48:38.981+0700][gc,metaspace  ] GC(13) Metaspace: 57025K(59264K)->57025K(59264K) NonClass: 50478K(51712K)->50478K(51712K) Class: 6547K(7552K)->6547K(7552K)
[2023-07-22T16:48:38.981+0700][gc            ] GC(13) Pause Young (Normal) (G1 Evacuation Pause) 242M->178M(1024M) 4.242ms
[2023-07-22T16:48:38.981+0700][gc,cpu        ] GC(13) User=0.03s Sys=0.01s Real=0.01s
[2023-07-22T16:48:39.063+0700][gc,start      ] GC(14) Pause Young (Concurrent Start) (Metadata GC Threshold)
[2023-07-22T16:48:39.063+0700][gc,task       ] GC(14) Using 8 workers of 8 for evacuation
[2023-07-22T16:48:39.067+0700][gc,phases     ] GC(14)   Pre Evacuate Collection Set: 0.2ms
[2023-07-22T16:48:39.067+0700][gc,phases     ] GC(14)   Evacuate Collection Set: 3.2ms
[2023-07-22T16:48:39.067+0700][gc,phases     ] GC(14)   Post Evacuate Collection Set: 0.5ms
[2023-07-22T16:48:39.067+0700][gc,phases     ] GC(14)   Other: 0.2ms
[2023-07-22T16:48:39.067+0700][gc,heap       ] GC(14) Eden regions: 43->0(71)
[2023-07-22T16:48:39.067+0700][gc,heap       ] GC(14) Survivor regions: 4->4(10)
[2023-07-22T16:48:39.067+0700][gc,heap       ] GC(14) Old regions: 45->45
[2023-07-22T16:48:39.067+0700][gc,heap       ] GC(14) Humongous regions: 131->131
[2023-07-22T16:48:39.067+0700][gc,metaspace  ] GC(14) Metaspace: 57944K(59948K)->57944K(59948K) NonClass: 51290K(52396K)->51290K(52396K) Class: 6654K(7552K)->6654K(7552K)
[2023-07-22T16:48:39.067+0700][gc            ] GC(14) Pause Young (Concurrent Start) (Metadata GC Threshold) 220M->178M(1024M) 4.175ms
[2023-07-22T16:48:39.067+0700][gc,cpu        ] GC(14) User=0.03s Sys=0.00s Real=0.01s
[2023-07-22T16:48:39.067+0700][gc            ] GC(15) Concurrent Cycle
[2023-07-22T16:48:39.067+0700][gc,marking    ] GC(15) Concurrent Clear Claimed Marks
[2023-07-22T16:48:39.068+0700][gc,marking    ] GC(15) Concurrent Clear Claimed Marks 0.059ms
[2023-07-22T16:48:39.068+0700][gc,marking    ] GC(15) Concurrent Scan Root Regions
[2023-07-22T16:48:39.069+0700][gc,marking    ] GC(15) Concurrent Scan Root Regions 1.372ms
[2023-07-22T16:48:39.069+0700][gc,marking    ] GC(15) Concurrent Mark (3.446s)
[2023-07-22T16:48:39.069+0700][gc,marking    ] GC(15) Concurrent Mark From Roots
[2023-07-22T16:48:39.069+0700][gc,task       ] GC(15) Using 2 workers of 2 for marking
[2023-07-22T16:48:39.083+0700][gc,marking    ] GC(15) Concurrent Mark From Roots 14.054ms
[2023-07-22T16:48:39.083+0700][gc,marking    ] GC(15) Concurrent Preclean
[2023-07-22T16:48:39.083+0700][gc,marking    ] GC(15) Concurrent Preclean 0.126ms
[2023-07-22T16:48:39.083+0700][gc,marking    ] GC(15) Concurrent Mark (3.446s, 3.460s) 14.234ms
[2023-07-22T16:48:39.083+0700][gc,start      ] GC(15) Pause Remark
[2023-07-22T16:48:39.089+0700][gc,stringtable] GC(15) Cleaned string and symbol table, strings: 20306 processed, 20 removed, symbols: 154770 processed, 48 removed
[2023-07-22T16:48:39.089+0700][gc            ] GC(15) Pause Remark 183M->183M(1024M) 5.530ms
[2023-07-22T16:48:39.089+0700][gc,cpu        ] GC(15) User=0.04s Sys=0.00s Real=0.01s
[2023-07-22T16:48:39.089+0700][gc,marking    ] GC(15) Concurrent Rebuild Remembered Sets
[2023-07-22T16:48:39.098+0700][gc,marking    ] GC(15) Concurrent Rebuild Remembered Sets 8.961ms
[2023-07-22T16:48:39.099+0700][gc,start      ] GC(15) Pause Cleanup
[2023-07-22T16:48:39.099+0700][gc            ] GC(15) Pause Cleanup 185M->185M(1024M) 0.220ms
[2023-07-22T16:48:39.099+0700][gc,cpu        ] GC(15) User=0.00s Sys=0.00s Real=0.00s
[2023-07-22T16:48:39.099+0700][gc,marking    ] GC(15) Concurrent Cleanup for Next Mark
[2023-07-22T16:48:39.100+0700][gc,marking    ] GC(15) Concurrent Cleanup for Next Mark 0.764ms
[2023-07-22T16:48:39.100+0700][gc            ] GC(15) Concurrent Cycle 32.195ms
[2023-07-22T16:48:39.267+0700][gc,start      ] GC(16) Pause Young (Normal) (G1 Evacuation Pause)
[2023-07-22T16:48:39.267+0700][gc,task       ] GC(16) Using 8 workers of 8 for evacuation
[2023-07-22T16:48:39.271+0700][gc,phases     ] GC(16)   Pre Evacuate Collection Set: 0.0ms
[2023-07-22T16:48:39.271+0700][gc,phases     ] GC(16)   Evacuate Collection Set: 3.5ms
[2023-07-22T16:48:39.271+0700][gc,phases     ] GC(16)   Post Evacuate Collection Set: 0.4ms
[2023-07-22T16:48:39.271+0700][gc,phases     ] GC(16)   Other: 0.1ms
[2023-07-22T16:48:39.271+0700][gc,heap       ] GC(16) Eden regions: 71->0(83)
[2023-07-22T16:48:39.271+0700][gc,heap       ] GC(16) Survivor regions: 4->5(10)
[2023-07-22T16:48:39.271+0700][gc,heap       ] GC(16) Old regions: 45->45
[2023-07-22T16:48:39.271+0700][gc,heap       ] GC(16) Humongous regions: 131->131
[2023-07-22T16:48:39.271+0700][gc,metaspace  ] GC(16) Metaspace: 59779K(61824K)->59779K(61824K) NonClass: 52899K(54016K)->52899K(54016K) Class: 6879K(7808K)->6879K(7808K)
[2023-07-22T16:48:39.271+0700][gc            ] GC(16) Pause Young (Normal) (G1 Evacuation Pause) 249M->178M(1024M) 4.115ms
[2023-07-22T16:48:39.271+0700][gc,cpu        ] GC(16) User=0.02s Sys=0.00s Real=0.00s
[2023-07-22T16:48:39.711+0700][gc,start      ] GC(17) Pause Young (Normal) (G1 Evacuation Pause)
[2023-07-22T16:48:39.711+0700][gc,task       ] GC(17) Using 8 workers of 8 for evacuation
[2023-07-22T16:48:39.728+0700][gc,phases     ] GC(17)   Pre Evacuate Collection Set: 0.0ms
[2023-07-22T16:48:39.728+0700][gc,phases     ] GC(17)   Evacuate Collection Set: 11.1ms
[2023-07-22T16:48:39.728+0700][gc,phases     ] GC(17)   Post Evacuate Collection Set: 5.7ms
[2023-07-22T16:48:39.728+0700][gc,phases     ] GC(17)   Other: 0.2ms
[2023-07-22T16:48:39.728+0700][gc,heap       ] GC(17) Eden regions: 83->0(113)
[2023-07-22T16:48:39.728+0700][gc,heap       ] GC(17) Survivor regions: 5->8(11)
[2023-07-22T16:48:39.728+0700][gc,heap       ] GC(17) Old regions: 45->45
[2023-07-22T16:48:39.728+0700][gc,heap       ] GC(17) Humongous regions: 131->131
[2023-07-22T16:48:39.728+0700][gc,metaspace  ] GC(17) Metaspace: 65226K(67712K)->65226K(67712K) NonClass: 57531K(58880K)->57531K(58880K) Class: 7694K(8832K)->7694K(8832K)
[2023-07-22T16:48:39.728+0700][gc            ] GC(17) Pause Young (Normal) (G1 Evacuation Pause) 261M->181M(1024M) 17.067ms
[2023-07-22T16:48:39.728+0700][gc,cpu        ] GC(17) User=0.11s Sys=0.01s Real=0.02s
[2023-07-22T16:48:40.247+0700][gc,start      ] GC(18) Pause Young (Normal) (G1 Evacuation Pause)
[2023-07-22T16:48:40.247+0700][gc,task       ] GC(18) Using 8 workers of 8 for evacuation
[2023-07-22T16:48:40.257+0700][gc,phases     ] GC(18)   Pre Evacuate Collection Set: 0.0ms
[2023-07-22T16:48:40.257+0700][gc,phases     ] GC(18)   Evacuate Collection Set: 8.5ms
[2023-07-22T16:48:40.257+0700][gc,phases     ] GC(18)   Post Evacuate Collection Set: 0.9ms
[2023-07-22T16:48:40.257+0700][gc,phases     ] GC(18)   Other: 0.1ms
[2023-07-22T16:48:40.257+0700][gc,heap       ] GC(18) Eden regions: 113->0(130)
[2023-07-22T16:48:40.257+0700][gc,heap       ] GC(18) Survivor regions: 8->11(16)
[2023-07-22T16:48:40.257+0700][gc,heap       ] GC(18) Old regions: 45->45
[2023-07-22T16:48:40.257+0700][gc,heap       ] GC(18) Humongous regions: 131->131
[2023-07-22T16:48:40.257+0700][gc,metaspace  ] GC(18) Metaspace: 71567K(74112K)->71567K(74112K) NonClass: 62952K(64256K)->62952K(64256K) Class: 8615K(9856K)->8615K(9856K)
[2023-07-22T16:48:40.257+0700][gc            ] GC(18) Pause Young (Normal) (G1 Evacuation Pause) 294M->185M(1024M) 9.587ms
[2023-07-22T16:48:40.257+0700][gc,cpu        ] GC(18) User=0.06s Sys=0.00s Real=0.00s
[2023-07-22T16:48:40.625+0700][gc,start      ] GC(19) Pause Young (Normal) (G1 Evacuation Pause)
[2023-07-22T16:48:40.625+0700][gc,task       ] GC(19) Using 8 workers of 8 for evacuation
[2023-07-22T16:48:40.635+0700][gc,phases     ] GC(19)   Pre Evacuate Collection Set: 0.0ms
[2023-07-22T16:48:40.635+0700][gc,phases     ] GC(19)   Evacuate Collection Set: 8.3ms
[2023-07-22T16:48:40.635+0700][gc,phases     ] GC(19)   Post Evacuate Collection Set: 1.5ms
[2023-07-22T16:48:40.635+0700][gc,phases     ] GC(19)   Other: 0.1ms
[2023-07-22T16:48:40.635+0700][gc,heap       ] GC(19) Eden regions: 130->0(148)
[2023-07-22T16:48:40.635+0700][gc,heap       ] GC(19) Survivor regions: 11->12(18)
[2023-07-22T16:48:40.635+0700][gc,heap       ] GC(19) Old regions: 45->46
[2023-07-22T16:48:40.635+0700][gc,heap       ] GC(19) Humongous regions: 131->131
[2023-07-22T16:48:40.635+0700][gc,metaspace  ] GC(19) Metaspace: 76188K(78976K)->76188K(78976K) NonClass: 66877K(68352K)->66877K(68352K) Class: 9310K(10624K)->9310K(10624K)
[2023-07-22T16:48:40.635+0700][gc            ] GC(19) Pause Young (Normal) (G1 Evacuation Pause) 315M->186M(1024M) 10.042ms
[2023-07-22T16:48:40.636+0700][gc,cpu        ] GC(19) User=0.03s Sys=0.04s Real=0.01s
[2023-07-22T16:48:41.072+0700][gc,start      ] GC(20) Pause Young (Normal) (G1 Evacuation Pause)
[2023-07-22T16:48:41.072+0700][gc,task       ] GC(20) Using 8 workers of 8 for evacuation
[2023-07-22T16:48:41.100+0700][gc,mmu        ] GC(20) MMU target violated: 21.0ms (20.0ms/21.0ms)
[2023-07-22T16:48:41.101+0700][gc,phases     ] GC(20)   Pre Evacuate Collection Set: 0.0ms
[2023-07-22T16:48:41.101+0700][gc,phases     ] GC(20)   Evacuate Collection Set: 25.2ms
[2023-07-22T16:48:41.101+0700][gc,phases     ] GC(20)   Post Evacuate Collection Set: 3.3ms
[2023-07-22T16:48:41.101+0700][gc,phases     ] GC(20)   Other: 0.3ms
[2023-07-22T16:48:41.101+0700][gc,heap       ] GC(20) Eden regions: 148->0(158)
[2023-07-22T16:48:41.101+0700][gc,heap       ] GC(20) Survivor regions: 12->15(20)
[2023-07-22T16:48:41.101+0700][gc,heap       ] GC(20) Old regions: 46->49
[2023-07-22T16:48:41.101+0700][gc,heap       ] GC(20) Humongous regions: 131->131
[2023-07-22T16:48:41.101+0700][gc,metaspace  ] GC(20) Metaspace: 78419K(81280K)->78419K(81280K) NonClass: 68828K(70400K)->68828K(70400K) Class: 9590K(10880K)->9590K(10880K)
[2023-07-22T16:48:41.101+0700][gc            ] GC(20) Pause Young (Normal) (G1 Evacuation Pause) 334M->192M(1024M) 28.989ms
[2023-07-22T16:48:41.101+0700][gc,cpu        ] GC(20) User=0.19s Sys=0.03s Real=0.03s
[2023-07-22T16:49:42.463+0700][gc,start      ] GC(21) Pause Young (Normal) (G1 Evacuation Pause)
[2023-07-22T16:49:42.463+0700][gc,task       ] GC(21) Using 8 workers of 8 for evacuation
[2023-07-22T16:49:42.476+0700][gc,phases     ] GC(21)   Pre Evacuate Collection Set: 0.1ms
[2023-07-22T16:49:42.476+0700][gc,phases     ] GC(21)   Evacuate Collection Set: 10.7ms
[2023-07-22T16:49:42.476+0700][gc,phases     ] GC(21)   Post Evacuate Collection Set: 2.0ms
[2023-07-22T16:49:42.476+0700][gc,phases     ] GC(21)   Other: 0.3ms
[2023-07-22T16:49:42.476+0700][gc,heap       ] GC(21) Eden regions: 154->0(275)
[2023-07-22T16:49:42.476+0700][gc,heap       ] GC(21) Survivor regions: 15->17(22)
[2023-07-22T16:49:42.476+0700][gc,heap       ] GC(21) Old regions: 49->53
[2023-07-22T16:49:42.476+0700][gc,heap       ] GC(21) Humongous regions: 131->131
[2023-07-22T16:49:42.476+0700][gc,metaspace  ] GC(21) Metaspace: 92087K(96512K)->92087K(96512K) NonClass: 80131K(82432K)->80131K(82432K) Class: 11956K(14080K)->11956K(14080K)
[2023-07-22T16:49:42.476+0700][gc            ] GC(21) Pause Young (Normal) (G1 Evacuation Pause) 346M->198M(1024M) 13.088ms
[2023-07-22T16:49:42.476+0700][gc,cpu        ] GC(21) User=0.06s Sys=0.03s Real=0.01s
[2023-07-22T16:49:44.296+0700][gc,start      ] GC(22) Pause Young (Concurrent Start) (Metadata GC Threshold)
[2023-07-22T16:49:44.296+0700][gc,task       ] GC(22) Using 8 workers of 8 for evacuation
[2023-07-22T16:49:44.310+0700][gc,phases     ] GC(22)   Pre Evacuate Collection Set: 0.5ms
[2023-07-22T16:49:44.310+0700][gc,phases     ] GC(22)   Evacuate Collection Set: 12.2ms
[2023-07-22T16:49:44.310+0700][gc,phases     ] GC(22)   Post Evacuate Collection Set: 0.8ms
[2023-07-22T16:49:44.310+0700][gc,phases     ] GC(22)   Other: 0.3ms
[2023-07-22T16:49:44.310+0700][gc,heap       ] GC(22) Eden regions: 80->0(306)
[2023-07-22T16:49:44.310+0700][gc,heap       ] GC(22) Survivor regions: 17->16(24)
[2023-07-22T16:49:44.310+0700][gc,heap       ] GC(22) Old regions: 53->57
[2023-07-22T16:49:44.310+0700][gc,heap       ] GC(22) Humongous regions: 131->131
[2023-07-22T16:49:44.310+0700][gc,metaspace  ] GC(22) Metaspace: 95644K(100468K)->95644K(100468K) NonClass: 83221K(85748K)->83221K(85748K) Class: 12422K(14720K)->12422K(14720K)
[2023-07-22T16:49:44.310+0700][gc            ] GC(22) Pause Young (Concurrent Start) (Metadata GC Threshold) 278M->202M(1024M) 13.834ms
[2023-07-22T16:49:44.310+0700][gc,cpu        ] GC(22) User=0.10s Sys=0.00s Real=0.02s
[2023-07-22T16:49:44.310+0700][gc            ] GC(23) Concurrent Cycle
[2023-07-22T16:49:44.310+0700][gc,marking    ] GC(23) Concurrent Clear Claimed Marks
[2023-07-22T16:49:44.311+0700][gc,marking    ] GC(23) Concurrent Clear Claimed Marks 0.507ms
[2023-07-22T16:49:44.311+0700][gc,marking    ] GC(23) Concurrent Scan Root Regions
[2023-07-22T16:49:44.316+0700][gc,marking    ] GC(23) Concurrent Scan Root Regions 5.559ms
[2023-07-22T16:49:44.316+0700][gc,marking    ] GC(23) Concurrent Mark (68.694s)
[2023-07-22T16:49:44.316+0700][gc,marking    ] GC(23) Concurrent Mark From Roots
[2023-07-22T16:49:44.316+0700][gc,task       ] GC(23) Using 2 workers of 2 for marking
[2023-07-22T16:49:44.343+0700][gc,marking    ] GC(23) Concurrent Mark From Roots 26.677ms
[2023-07-22T16:49:44.343+0700][gc,marking    ] GC(23) Concurrent Preclean
[2023-07-22T16:49:44.343+0700][gc,marking    ] GC(23) Concurrent Preclean 0.213ms
[2023-07-22T16:49:44.343+0700][gc,marking    ] GC(23) Concurrent Mark (68.694s, 68.721s) 26.968ms
[2023-07-22T16:49:44.344+0700][gc,start      ] GC(23) Pause Remark
[2023-07-22T16:49:44.360+0700][gc,stringtable] GC(23) Cleaned string and symbol table, strings: 33487 processed, 9 removed, symbols: 234566 processed, 236 removed
[2023-07-22T16:49:44.360+0700][gc            ] GC(23) Pause Remark 207M->207M(1024M) 16.281ms
[2023-07-22T16:49:44.360+0700][gc,cpu        ] GC(23) User=0.09s Sys=0.00s Real=0.02s
[2023-07-22T16:49:44.360+0700][gc,marking    ] GC(23) Concurrent Rebuild Remembered Sets
[2023-07-22T16:49:44.376+0700][gc,marking    ] GC(23) Concurrent Rebuild Remembered Sets 15.425ms
[2023-07-22T16:49:44.376+0700][gc,start      ] GC(23) Pause Cleanup
[2023-07-22T16:49:44.376+0700][gc            ] GC(23) Pause Cleanup 209M->209M(1024M) 0.197ms
[2023-07-22T16:49:44.376+0700][gc,cpu        ] GC(23) User=0.00s Sys=0.00s Real=0.00s
[2023-07-22T16:49:44.376+0700][gc,marking    ] GC(23) Concurrent Cleanup for Next Mark
[2023-07-22T16:49:44.377+0700][gc,marking    ] GC(23) Concurrent Cleanup for Next Mark 0.864ms
[2023-07-22T16:49:44.377+0700][gc            ] GC(23) Concurrent Cycle 66.845ms
[2023-07-22T16:51:09.865+0700][gc,start      ] GC(24) Pause Young (Normal) (G1 Evacuation Pause)
[2023-07-22T16:51:09.865+0700][gc,task       ] GC(24) Using 8 workers of 8 for evacuation
[2023-07-22T16:51:09.879+0700][gc,phases     ] GC(24)   Pre Evacuate Collection Set: 0.0ms
[2023-07-22T16:51:09.880+0700][gc,phases     ] GC(24)   Evacuate Collection Set: 12.9ms
[2023-07-22T16:51:09.880+0700][gc,phases     ] GC(24)   Post Evacuate Collection Set: 0.9ms
[2023-07-22T16:51:09.880+0700][gc,phases     ] GC(24)   Other: 0.2ms
[2023-07-22T16:51:09.880+0700][gc,heap       ] GC(24) Eden regions: 64->0(180)
[2023-07-22T16:51:09.880+0700][gc,heap       ] GC(24) Survivor regions: 16->8(10)
[2023-07-22T16:51:09.880+0700][gc,heap       ] GC(24) Old regions: 57->68
[2023-07-22T16:51:09.880+0700][gc,heap       ] GC(24) Humongous regions: 131->131
[2023-07-22T16:51:09.880+0700][gc,metaspace  ] GC(24) Metaspace: 99056K(104308K)->99056K(104308K) NonClass: 86257K(89076K)->86257K(89076K) Class: 12798K(15232K)->12798K(15232K)
[2023-07-22T16:51:09.880+0700][gc            ] GC(24) Pause Young (Normal) (G1 Evacuation Pause) 266M->205M(1024M) 14.116ms
[2023-07-22T16:51:09.880+0700][gc,cpu        ] GC(24) User=0.08s Sys=0.01s Real=0.02s
[2023-07-22T16:57:39.579+0700][gc,start      ] GC(25) Pause Young (Normal) (G1 Evacuation Pause)
[2023-07-22T16:57:39.579+0700][gc,task       ] GC(25) Using 8 workers of 8 for evacuation
[2023-07-22T16:57:39.586+0700][gc,phases     ] GC(25)   Pre Evacuate Collection Set: 0.1ms
[2023-07-22T16:57:39.586+0700][gc,phases     ] GC(25)   Evacuate Collection Set: 6.3ms
[2023-07-22T16:57:39.586+0700][gc,phases     ] GC(25)   Post Evacuate Collection Set: 1.0ms
[2023-07-22T16:57:39.586+0700][gc,phases     ] GC(25)   Other: 0.3ms
[2023-07-22T16:57:39.587+0700][gc,heap       ] GC(25) Eden regions: 180->0(190)
[2023-07-22T16:57:39.587+0700][gc,heap       ] GC(25) Survivor regions: 8->10(24)
[2023-07-22T16:57:39.587+0700][gc,heap       ] GC(25) Old regions: 68->68
[2023-07-22T16:57:39.587+0700][gc,heap       ] GC(25) Humongous regions: 131->131
[2023-07-22T16:57:39.587+0700][gc,metaspace  ] GC(25) Metaspace: 100112K(105460K)->100112K(105460K) NonClass: 87281K(90100K)->87281K(90100K) Class: 12831K(15360K)->12831K(15360K)
[2023-07-22T16:57:39.587+0700][gc            ] GC(25) Pause Young (Normal) (G1 Evacuation Pause) 385M->207M(1024M) 7.715ms
[2023-07-22T16:57:39.587+0700][gc,cpu        ] GC(25) User=0.05s Sys=0.00s Real=0.00s
[2023-07-22T17:04:43.882+0700][gc,start      ] GC(26) Pause Young (Normal) (G1 Evacuation Pause)
[2023-07-22T17:04:43.882+0700][gc,task       ] GC(26) Using 8 workers of 8 for evacuation
[2023-07-22T17:04:43.892+0700][gc,phases     ] GC(26)   Pre Evacuate Collection Set: 0.2ms
[2023-07-22T17:04:43.892+0700][gc,phases     ] GC(26)   Evacuate Collection Set: 9.1ms
[2023-07-22T17:04:43.892+0700][gc,phases     ] GC(26)   Post Evacuate Collection Set: 1.1ms
[2023-07-22T17:04:43.892+0700][gc,phases     ] GC(26)   Other: 0.3ms
[2023-07-22T17:04:43.892+0700][gc,heap       ] GC(26) Eden regions: 190->0(209)
[2023-07-22T17:04:43.892+0700][gc,heap       ] GC(26) Survivor regions: 10->16(25)
[2023-07-22T17:04:43.892+0700][gc,heap       ] GC(26) Old regions: 68->68
[2023-07-22T17:04:43.892+0700][gc,heap       ] GC(26) Humongous regions: 131->131
[2023-07-22T17:04:43.892+0700][gc,metaspace  ] GC(26) Metaspace: 100725K(106228K)->100725K(106228K) NonClass: 87870K(90868K)->87870K(90868K) Class: 12854K(15360K)->12854K(15360K)
[2023-07-22T17:04:43.892+0700][gc            ] GC(26) Pause Young (Normal) (G1 Evacuation Pause) 397M->212M(1024M) 10.666ms
[2023-07-22T17:04:43.893+0700][gc,cpu        ] GC(26) User=0.07s Sys=0.01s Real=0.01s
[2023-07-22T17:13:01.528+0700][gc,start      ] GC(27) Pause Young (Normal) (G1 Evacuation Pause)
[2023-07-22T17:13:01.530+0700][gc,task       ] GC(27) Using 8 workers of 8 for evacuation
[2023-07-22T17:13:01.564+0700][gc,mmu        ] GC(27) MMU target violated: 21.0ms (20.0ms/21.0ms)
[2023-07-22T17:13:01.564+0700][gc,phases     ] GC(27)   Pre Evacuate Collection Set: 15.9ms
[2023-07-22T17:13:01.564+0700][gc,phases     ] GC(27)   Evacuate Collection Set: 14.5ms
[2023-07-22T17:13:01.564+0700][gc,phases     ] GC(27)   Post Evacuate Collection Set: 2.7ms
[2023-07-22T17:13:01.564+0700][gc,phases     ] GC(27)   Other: 3.3ms
[2023-07-22T17:13:01.564+0700][gc,heap       ] GC(27) Eden regions: 209->0(76)
[2023-07-22T17:13:01.564+0700][gc,heap       ] GC(27) Survivor regions: 16->15(29)
[2023-07-22T17:13:01.564+0700][gc,heap       ] GC(27) Old regions: 68->72
[2023-07-22T17:13:01.565+0700][gc,heap       ] GC(27) Humongous regions: 131->131
[2023-07-22T17:13:01.565+0700][gc,metaspace  ] GC(27) Metaspace: 101014K(106484K)->101014K(106484K) NonClass: 88158K(91124K)->88158K(91124K) Class: 12856K(15360K)->12856K(15360K)
[2023-07-22T17:13:01.565+0700][gc            ] GC(27) Pause Young (Normal) (G1 Evacuation Pause) 421M->216M(1024M) 36.474ms
[2023-07-22T17:13:01.565+0700][gc,cpu        ] GC(27) User=0.13s Sys=0.00s Real=0.04s
[2023-07-22T17:15:49.702+0700][gc,start      ] GC(28) Pause Young (Normal) (G1 Evacuation Pause)
[2023-07-22T17:15:49.702+0700][gc,task       ] GC(28) Using 8 workers of 8 for evacuation
[2023-07-22T17:15:49.721+0700][gc,phases     ] GC(28)   Pre Evacuate Collection Set: 0.2ms
[2023-07-22T17:15:49.721+0700][gc,phases     ] GC(28)   Evacuate Collection Set: 18.3ms
[2023-07-22T17:15:49.721+0700][gc,phases     ] GC(28)   Post Evacuate Collection Set: 0.9ms
[2023-07-22T17:15:49.721+0700][gc,phases     ] GC(28)   Other: 0.4ms
[2023-07-22T17:15:49.721+0700][gc,heap       ] GC(28) Eden regions: 76->0(140)
[2023-07-22T17:15:49.721+0700][gc,heap       ] GC(28) Survivor regions: 15->7(12)
[2023-07-22T17:15:49.721+0700][gc,heap       ] GC(28) Old regions: 72->80
[2023-07-22T17:15:49.721+0700][gc,heap       ] GC(28) Humongous regions: 131->131
[2023-07-22T17:15:49.721+0700][gc,metaspace  ] GC(28) Metaspace: 101143K(106484K)->101143K(106484K) NonClass: 88286K(91124K)->88286K(91124K) Class: 12856K(15360K)->12856K(15360K)
[2023-07-22T17:15:49.721+0700][gc            ] GC(28) Pause Young (Normal) (G1 Evacuation Pause) 292M->216M(1024M) 19.819ms
[2023-07-22T17:15:49.721+0700][gc,cpu        ] GC(28) User=0.09s Sys=0.04s Real=0.02s
[2023-07-22T17:20:52.812+0700][gc,start      ] GC(29) Pause Young (Normal) (G1 Evacuation Pause)
[2023-07-22T17:20:52.812+0700][gc,task       ] GC(29) Using 8 workers of 8 for evacuation
[2023-07-22T17:20:52.850+0700][gc,mmu        ] GC(29) MMU target violated: 21.0ms (20.0ms/21.0ms)
[2023-07-22T17:20:52.850+0700][gc,phases     ] GC(29)   Pre Evacuate Collection Set: 0.2ms
[2023-07-22T17:20:52.850+0700][gc,phases     ] GC(29)   Evacuate Collection Set: 36.4ms
[2023-07-22T17:20:52.850+0700][gc,phases     ] GC(29)   Post Evacuate Collection Set: 0.8ms
[2023-07-22T17:20:52.850+0700][gc,phases     ] GC(29)   Other: 0.6ms
[2023-07-22T17:20:52.850+0700][gc,heap       ] GC(29) Eden regions: 140->0(91)
[2023-07-22T17:20:52.850+0700][gc,heap       ] GC(29) Survivor regions: 7->9(19)
[2023-07-22T17:20:52.850+0700][gc,heap       ] GC(29) Old regions: 80->80
[2023-07-22T17:20:52.850+0700][gc,heap       ] GC(29) Humongous regions: 131->131
[2023-07-22T17:20:52.850+0700][gc,metaspace  ] GC(29) Metaspace: 102330K(108020K)->102330K(108020K) NonClass: 89351K(92404K)->89351K(92404K) Class: 12979K(15616K)->12979K(15616K)
[2023-07-22T17:20:52.850+0700][gc            ] GC(29) Pause Young (Normal) (G1 Evacuation Pause) 356M->218M(1024M) 37.924ms
[2023-07-22T17:20:52.850+0700][gc,cpu        ] GC(29) User=0.14s Sys=0.02s Real=0.03s
[2023-07-22T17:24:39.350+0700][gc,start      ] GC(30) Pause Young (Normal) (G1 Evacuation Pause)
[2023-07-22T17:24:39.352+0700][gc,task       ] GC(30) Using 8 workers of 8 for evacuation
[2023-07-22T17:24:39.358+0700][gc,phases     ] GC(30)   Pre Evacuate Collection Set: 0.2ms
[2023-07-22T17:24:39.358+0700][gc,phases     ] GC(30)   Evacuate Collection Set: 5.8ms
[2023-07-22T17:24:39.358+0700][gc,phases     ] GC(30)   Post Evacuate Collection Set: 0.6ms
[2023-07-22T17:24:39.358+0700][gc,phases     ] GC(30)   Other: 1.5ms
[2023-07-22T17:24:39.358+0700][gc,heap       ] GC(30) Eden regions: 91->0(147)
[2023-07-22T17:24:39.358+0700][gc,heap       ] GC(30) Survivor regions: 9->7(13)
[2023-07-22T17:24:39.358+0700][gc,heap       ] GC(30) Old regions: 80->84
[2023-07-22T17:24:39.358+0700][gc,heap       ] GC(30) Humongous regions: 131->131
[2023-07-22T17:24:39.358+0700][gc,metaspace  ] GC(30) Metaspace: 102391K(108020K)->102391K(108020K) NonClass: 89411K(92404K)->89411K(92404K) Class: 12979K(15616K)->12979K(15616K)
[2023-07-22T17:24:39.358+0700][gc            ] GC(30) Pause Young (Normal) (G1 Evacuation Pause) 309M->220M(1024M) 8.105ms
[2023-07-22T17:24:39.359+0700][gc,cpu        ] GC(30) User=0.04s Sys=0.01s Real=0.01s
[2023-07-22T17:30:39.342+0700][gc,start      ] GC(31) Pause Young (Normal) (G1 Evacuation Pause)
[2023-07-22T17:30:39.343+0700][gc,task       ] GC(31) Using 8 workers of 8 for evacuation
[2023-07-22T17:30:39.367+0700][gc,mmu        ] GC(31) MMU target violated: 21.0ms (20.0ms/21.0ms)
[2023-07-22T17:30:39.367+0700][gc,phases     ] GC(31)   Pre Evacuate Collection Set: 0.2ms
[2023-07-22T17:30:39.367+0700][gc,phases     ] GC(31)   Evacuate Collection Set: 23.6ms
[2023-07-22T17:30:39.367+0700][gc,phases     ] GC(31)   Post Evacuate Collection Set: 0.6ms
[2023-07-22T17:30:39.367+0700][gc,phases     ] GC(31)   Other: 1.0ms
[2023-07-22T17:30:39.367+0700][gc,heap       ] GC(31) Eden regions: 147->0(149)
[2023-07-22T17:30:39.367+0700][gc,heap       ] GC(31) Survivor regions: 7->11(20)
[2023-07-22T17:30:39.367+0700][gc,heap       ] GC(31) Old regions: 84->84
[2023-07-22T17:30:39.367+0700][gc,heap       ] GC(31) Humongous regions: 131->131
[2023-07-22T17:30:39.367+0700][gc,metaspace  ] GC(31) Metaspace: 102498K(108276K)->102498K(108276K) NonClass: 89519K(92660K)->89519K(92660K) Class: 12979K(15616K)->12979K(15616K)
[2023-07-22T17:30:39.367+0700][gc            ] GC(31) Pause Young (Normal) (G1 Evacuation Pause) 367M->224M(1024M) 25.375ms
[2023-07-22T17:30:39.367+0700][gc,cpu        ] GC(31) User=0.10s Sys=0.00s Real=0.02s
[2023-07-22T17:36:22.967+0700][gc,start      ] GC(32) Pause Young (Normal) (G1 Evacuation Pause)
[2023-07-22T17:36:22.967+0700][gc,task       ] GC(32) Using 8 workers of 8 for evacuation
[2023-07-22T17:36:22.984+0700][gc,phases     ] GC(32)   Pre Evacuate Collection Set: 0.2ms
[2023-07-22T17:36:22.984+0700][gc,phases     ] GC(32)   Evacuate Collection Set: 15.7ms
[2023-07-22T17:36:22.984+0700][gc,phases     ] GC(32)   Post Evacuate Collection Set: 0.7ms
[2023-07-22T17:36:22.984+0700][gc,phases     ] GC(32)   Other: 0.4ms
[2023-07-22T17:36:22.984+0700][gc,heap       ] GC(32) Eden regions: 149->0(138)
[2023-07-22T17:36:22.984+0700][gc,heap       ] GC(32) Survivor regions: 11->12(20)
[2023-07-22T17:36:22.984+0700][gc,heap       ] GC(32) Old regions: 84->84
[2023-07-22T17:36:22.984+0700][gc,heap       ] GC(32) Humongous regions: 131->131
[2023-07-22T17:36:22.984+0700][gc,metaspace  ] GC(32) Metaspace: 102592K(108276K)->102592K(108276K) NonClass: 89613K(92660K)->89613K(92660K) Class: 12979K(15616K)->12979K(15616K)
[2023-07-22T17:36:22.984+0700][gc            ] GC(32) Pause Young (Normal) (G1 Evacuation Pause) 373M->225M(1024M) 16.977ms
[2023-07-22T17:36:22.984+0700][gc,cpu        ] GC(32) User=0.04s Sys=0.01s Real=0.02s
[2023-07-22T17:41:39.344+0700][gc,start      ] GC(33) Pause Young (Normal) (G1 Evacuation Pause)
[2023-07-22T17:41:39.344+0700][gc,task       ] GC(33) Using 8 workers of 8 for evacuation
[2023-07-22T17:41:39.353+0700][gc,phases     ] GC(33)   Pre Evacuate Collection Set: 0.2ms
[2023-07-22T17:41:39.353+0700][gc,phases     ] GC(33)   Evacuate Collection Set: 7.5ms
[2023-07-22T17:41:39.353+0700][gc,phases     ] GC(33)   Post Evacuate Collection Set: 0.7ms
[2023-07-22T17:41:39.353+0700][gc,phases     ] GC(33)   Other: 0.3ms
[2023-07-22T17:41:39.353+0700][gc,heap       ] GC(33) Eden regions: 138->0(151)
[2023-07-22T17:41:39.353+0700][gc,heap       ] GC(33) Survivor regions: 12->12(19)
[2023-07-22T17:41:39.353+0700][gc,heap       ] GC(33) Old regions: 84->88
[2023-07-22T17:41:39.353+0700][gc,heap       ] GC(33) Humongous regions: 131->131
[2023-07-22T17:41:39.353+0700][gc,metaspace  ] GC(33) Metaspace: 102710K(108276K)->102710K(108276K) NonClass: 89731K(92660K)->89731K(92660K) Class: 12979K(15616K)->12979K(15616K)
[2023-07-22T17:41:39.353+0700][gc            ] GC(33) Pause Young (Normal) (G1 Evacuation Pause) 363M->228M(1024M) 8.807ms
[2023-07-22T17:41:39.353+0700][gc,cpu        ] GC(33) User=0.05s Sys=0.00s Real=0.01s
[2023-07-22T17:47:39.342+0700][gc,start      ] GC(34) Pause Young (Normal) (GCLocker Initiated GC)
[2023-07-22T17:47:39.342+0700][gc,task       ] GC(34) Using 8 workers of 8 for evacuation
[2023-07-22T17:47:39.359+0700][gc,phases     ] GC(34)   Pre Evacuate Collection Set: 0.1ms
[2023-07-22T17:47:39.359+0700][gc,phases     ] GC(34)   Evacuate Collection Set: 15.7ms
[2023-07-22T17:47:39.359+0700][gc,phases     ] GC(34)   Post Evacuate Collection Set: 0.6ms
[2023-07-22T17:47:39.359+0700][gc,phases     ] GC(34)   Other: 0.2ms
[2023-07-22T17:47:39.359+0700][gc,heap       ] GC(34) Eden regions: 152->0(147)
[2023-07-22T17:47:39.359+0700][gc,heap       ] GC(34) Survivor regions: 12->14(21)
[2023-07-22T17:47:39.359+0700][gc,heap       ] GC(34) Old regions: 88->88
[2023-07-22T17:47:39.359+0700][gc,heap       ] GC(34) Humongous regions: 131->131
[2023-07-22T17:47:39.359+0700][gc,metaspace  ] GC(34) Metaspace: 102911K(108532K)->102911K(108532K) NonClass: 89907K(92916K)->89907K(92916K) Class: 13003K(15616K)->13003K(15616K)
[2023-07-22T17:47:39.359+0700][gc            ] GC(34) Pause Young (Normal) (GCLocker Initiated GC) 379M->230M(1024M) 16.808ms
[2023-07-22T17:47:39.359+0700][gc,cpu        ] GC(34) User=0.03s Sys=0.02s Real=0.02s
[2023-07-22T17:52:43.874+0700][gc,start      ] GC(35) Pause Young (Normal) (G1 Evacuation Pause)
[2023-07-22T17:52:43.874+0700][gc,task       ] GC(35) Using 8 workers of 8 for evacuation
[2023-07-22T17:52:43.899+0700][gc,mmu        ] GC(35) MMU target violated: 21.0ms (20.0ms/21.0ms)
[2023-07-22T17:52:43.899+0700][gc,phases     ] GC(35)   Pre Evacuate Collection Set: 0.2ms
[2023-07-22T17:52:43.899+0700][gc,phases     ] GC(35)   Evacuate Collection Set: 23.7ms
[2023-07-22T17:52:43.899+0700][gc,phases     ] GC(35)   Post Evacuate Collection Set: 0.9ms
[2023-07-22T17:52:43.899+0700][gc,phases     ] GC(35)   Other: 0.3ms
[2023-07-22T17:52:43.899+0700][gc,heap       ] GC(35) Eden regions: 147->0(144)
[2023-07-22T17:52:43.899+0700][gc,heap       ] GC(35) Survivor regions: 14->16(21)
[2023-07-22T17:52:43.899+0700][gc,heap       ] GC(35) Old regions: 88->92
[2023-07-22T17:52:43.899+0700][gc,heap       ] GC(35) Humongous regions: 131->131
[2023-07-22T17:52:43.899+0700][gc,metaspace  ] GC(35) Metaspace: 103182K(108788K)->103182K(108788K) NonClass: 90162K(93172K)->90162K(93172K) Class: 13019K(15616K)->13019K(15616K)
[2023-07-22T17:52:43.899+0700][gc            ] GC(35) Pause Young (Normal) (G1 Evacuation Pause) 377M->237M(1024M) 25.081ms
[2023-07-22T17:52:43.899+0700][gc,cpu        ] GC(35) User=0.12s Sys=0.03s Real=0.03s
[2023-07-22T17:58:43.863+0700][gc,start      ] GC(36) Pause Young (Normal) (G1 Evacuation Pause)
[2023-07-22T17:58:43.863+0700][gc,task       ] GC(36) Using 8 workers of 8 for evacuation
[2023-07-22T17:58:43.874+0700][gc,phases     ] GC(36)   Pre Evacuate Collection Set: 0.1ms
[2023-07-22T17:58:43.874+0700][gc,phases     ] GC(36)   Evacuate Collection Set: 10.2ms
[2023-07-22T17:58:43.874+0700][gc,phases     ] GC(36)   Post Evacuate Collection Set: 1.3ms
[2023-07-22T17:58:43.874+0700][gc,phases     ] GC(36)   Other: 0.2ms
[2023-07-22T17:58:43.874+0700][gc,heap       ] GC(36) Eden regions: 144->0(175)
[2023-07-22T17:58:43.874+0700][gc,heap       ] GC(36) Survivor regions: 16->11(20)
[2023-07-22T17:58:43.875+0700][gc,heap       ] GC(36) Old regions: 92->97
[2023-07-22T17:58:43.875+0700][gc,heap       ] GC(36) Humongous regions: 131->131
[2023-07-22T17:58:43.875+0700][gc,metaspace  ] GC(36) Metaspace: 103215K(108788K)->103215K(108788K) NonClass: 90195K(93172K)->90195K(93172K) Class: 13019K(15616K)->13019K(15616K)
[2023-07-22T17:58:43.875+0700][gc            ] GC(36) Pause Young (Normal) (G1 Evacuation Pause) 381M->237M(1024M) 12.015ms
[2023-07-22T17:58:43.875+0700][gc,cpu        ] GC(36) User=0.03s Sys=0.04s Real=0.01s
[2023-07-22T18:05:26.512+0700][gc,start      ] GC(37) Pause Young (Normal) (G1 Evacuation Pause)
[2023-07-22T18:05:26.512+0700][gc,task       ] GC(37) Using 8 workers of 8 for evacuation
[2023-07-22T18:05:26.536+0700][gc,mmu        ] GC(37) MMU target violated: 21.0ms (20.0ms/21.0ms)
[2023-07-22T18:05:26.536+0700][gc,phases     ] GC(37)   Pre Evacuate Collection Set: 0.2ms
[2023-07-22T18:05:26.536+0700][gc,phases     ] GC(37)   Evacuate Collection Set: 21.9ms
[2023-07-22T18:05:26.536+0700][gc,phases     ] GC(37)   Post Evacuate Collection Set: 1.1ms
[2023-07-22T18:05:26.536+0700][gc,phases     ] GC(37)   Other: 0.3ms
[2023-07-22T18:05:26.536+0700][gc,heap       ] GC(37) Eden regions: 175->0(116)
[2023-07-22T18:05:26.536+0700][gc,heap       ] GC(37) Survivor regions: 11->10(24)
[2023-07-22T18:05:26.536+0700][gc,heap       ] GC(37) Old regions: 97->97
[2023-07-22T18:05:26.536+0700][gc,heap       ] GC(37) Humongous regions: 131->131
[2023-07-22T18:05:26.536+0700][gc,metaspace  ] GC(37) Metaspace: 103305K(109044K)->103305K(109044K) NonClass: 90286K(93428K)->90286K(93428K) Class: 13019K(15616K)->13019K(15616K)
[2023-07-22T18:05:26.536+0700][gc            ] GC(37) Pause Young (Normal) (G1 Evacuation Pause) 412M->236M(1024M) 23.516ms
[2023-07-22T18:05:26.536+0700][gc,cpu        ] GC(37) User=0.07s Sys=0.01s Real=0.02s
[2023-07-22T18:09:49.910+0700][gc,start      ] GC(38) Pause Young (Normal) (G1 Evacuation Pause)
[2023-07-22T18:09:49.910+0700][gc,task       ] GC(38) Using 8 workers of 8 for evacuation
[2023-07-22T18:09:49.942+0700][gc,mmu        ] GC(38) MMU target violated: 21.0ms (20.0ms/21.0ms)
[2023-07-22T18:09:49.942+0700][gc,phases     ] GC(38)   Pre Evacuate Collection Set: 0.3ms
[2023-07-22T18:09:49.942+0700][gc,phases     ] GC(38)   Evacuate Collection Set: 22.9ms
[2023-07-22T18:09:49.942+0700][gc,phases     ] GC(38)   Post Evacuate Collection Set: 7.8ms
[2023-07-22T18:09:49.942+0700][gc,phases     ] GC(38)   Other: 0.4ms
[2023-07-22T18:09:49.942+0700][gc,heap       ] GC(38) Eden regions: 116->0(120)
[2023-07-22T18:09:49.942+0700][gc,heap       ] GC(38) Survivor regions: 10->8(16)
[2023-07-22T18:09:49.942+0700][gc,heap       ] GC(38) Old regions: 97->100
[2023-07-22T18:09:49.942+0700][gc,heap       ] GC(38) Humongous regions: 131->131
[2023-07-22T18:09:49.942+0700][gc,metaspace  ] GC(38) Metaspace: 103324K(109044K)->103324K(109044K) NonClass: 90305K(93428K)->90305K(93428K) Class: 13019K(15616K)->13019K(15616K)
[2023-07-22T18:09:49.942+0700][gc            ] GC(38) Pause Young (Normal) (G1 Evacuation Pause) 352M->237M(1024M) 31.501ms
[2023-07-22T18:09:49.942+0700][gc,cpu        ] GC(38) User=0.15s Sys=0.02s Real=0.04s
[2023-07-22T18:14:32.004+0700][gc,start      ] GC(39) Pause Young (Normal) (G1 Evacuation Pause)
[2023-07-22T18:14:32.004+0700][gc,task       ] GC(39) Using 8 workers of 8 for evacuation
[2023-07-22T18:14:32.011+0700][gc,phases     ] GC(39)   Pre Evacuate Collection Set: 0.1ms
[2023-07-22T18:14:32.011+0700][gc,phases     ] GC(39)   Evacuate Collection Set: 5.5ms
[2023-07-22T18:14:32.011+0700][gc,phases     ] GC(39)   Post Evacuate Collection Set: 0.8ms
[2023-07-22T18:14:32.011+0700][gc,phases     ] GC(39)   Other: 0.2ms
[2023-07-22T18:14:32.011+0700][gc,heap       ] GC(39) Eden regions: 120->0(153)
[2023-07-22T18:14:32.011+0700][gc,heap       ] GC(39) Survivor regions: 8->7(16)
[2023-07-22T18:14:32.011+0700][gc,heap       ] GC(39) Old regions: 100->100
[2023-07-22T18:14:32.011+0700][gc,heap       ] GC(39) Humongous regions: 131->131
[2023-07-22T18:14:32.011+0700][gc,metaspace  ] GC(39) Metaspace: 103350K(109044K)->103350K(109044K) NonClass: 90331K(93428K)->90331K(93428K) Class: 13019K(15616K)->13019K(15616K)
[2023-07-22T18:14:32.011+0700][gc            ] GC(39) Pause Young (Normal) (G1 Evacuation Pause) 357M->236M(1024M) 6.669ms
[2023-07-22T18:14:32.011+0700][gc,cpu        ] GC(39) User=0.03s Sys=0.01s Real=0.00s
[2023-07-22T18:20:18.063+0700][gc,start      ] GC(40) Pause Young (Normal) (G1 Evacuation Pause)
[2023-07-22T18:20:18.063+0700][gc,task       ] GC(40) Using 8 workers of 8 for evacuation
[2023-07-22T18:20:18.070+0700][gc,phases     ] GC(40)   Pre Evacuate Collection Set: 0.2ms
[2023-07-22T18:20:18.070+0700][gc,phases     ] GC(40)   Evacuate Collection Set: 5.9ms
[2023-07-22T18:20:18.070+0700][gc,phases     ] GC(40)   Post Evacuate Collection Set: 0.8ms
[2023-07-22T18:20:18.070+0700][gc,phases     ] GC(40)   Other: 0.3ms
[2023-07-22T18:20:18.070+0700][gc,heap       ] GC(40) Eden regions: 153->0(171)
[2023-07-22T18:20:18.070+0700][gc,heap       ] GC(40) Survivor regions: 7->9(20)
[2023-07-22T18:20:18.070+0700][gc,heap       ] GC(40) Old regions: 100->100
[2023-07-22T18:20:18.070+0700][gc,heap       ] GC(40) Humongous regions: 131->131
[2023-07-22T18:20:18.070+0700][gc,metaspace  ] GC(40) Metaspace: 103389K(109044K)->103389K(109044K) NonClass: 90370K(93428K)->90370K(93428K) Class: 13019K(15616K)->13019K(15616K)
[2023-07-22T18:20:18.070+0700][gc            ] GC(40) Pause Young (Normal) (G1 Evacuation Pause) 389M->237M(1024M) 7.290ms
[2023-07-22T18:20:18.070+0700][gc,cpu        ] GC(40) User=0.04s Sys=0.01s Real=0.01s
[2023-07-22T18:26:48.455+0700][gc,start      ] GC(41) Pause Young (Normal) (G1 Evacuation Pause)
[2023-07-22T18:26:48.455+0700][gc,task       ] GC(41) Using 8 workers of 8 for evacuation
[2023-07-22T18:26:48.465+0700][gc,phases     ] GC(41)   Pre Evacuate Collection Set: 0.2ms
[2023-07-22T18:26:48.465+0700][gc,phases     ] GC(41)   Evacuate Collection Set: 8.6ms
[2023-07-22T18:26:48.465+0700][gc,phases     ] GC(41)   Post Evacuate Collection Set: 0.9ms
[2023-07-22T18:26:48.465+0700][gc,phases     ] GC(41)   Other: 0.3ms
[2023-07-22T18:26:48.465+0700][gc,heap       ] GC(41) Eden regions: 171->0(197)
[2023-07-22T18:26:48.465+0700][gc,heap       ] GC(41) Survivor regions: 9->8(23)
[2023-07-22T18:26:48.465+0700][gc,heap       ] GC(41) Old regions: 100->100
[2023-07-22T18:26:48.465+0700][gc,heap       ] GC(41) Humongous regions: 131->131
[2023-07-22T18:26:48.465+0700][gc,metaspace  ] GC(41) Metaspace: 103487K(109300K)->103487K(109300K) NonClass: 90467K(93684K)->90467K(93684K) Class: 13019K(15616K)->13019K(15616K)
[2023-07-22T18:26:48.465+0700][gc            ] GC(41) Pause Young (Normal) (G1 Evacuation Pause) 408M->237M(1024M) 9.983ms
[2023-07-22T18:26:48.465+0700][gc,cpu        ] GC(41) User=0.05s Sys=0.02s Real=0.01s
[2023-07-22T18:34:43.837+0700][gc,start      ] GC(42) Pause Young (Normal) (G1 Evacuation Pause)
[2023-07-22T18:34:43.837+0700][gc,task       ] GC(42) Using 8 workers of 8 for evacuation
[2023-07-22T18:34:43.850+0700][gc,phases     ] GC(42)   Pre Evacuate Collection Set: 0.1ms
[2023-07-22T18:34:43.850+0700][gc,phases     ] GC(42)   Evacuate Collection Set: 12.6ms
[2023-07-22T18:34:43.850+0700][gc,phases     ] GC(42)   Post Evacuate Collection Set: 0.6ms
[2023-07-22T18:34:43.850+0700][gc,phases     ] GC(42)   Other: 0.3ms
[2023-07-22T18:34:43.850+0700][gc,heap       ] GC(42) Eden regions: 197->0(183)
[2023-07-22T18:34:43.850+0700][gc,heap       ] GC(42) Survivor regions: 8->8(26)
[2023-07-22T18:34:43.850+0700][gc,heap       ] GC(42) Old regions: 100->100
[2023-07-22T18:34:43.850+0700][gc,heap       ] GC(42) Humongous regions: 131->131
[2023-07-22T18:34:43.850+0700][gc,metaspace  ] GC(42) Metaspace: 103557K(109300K)->103557K(109300K) NonClass: 90537K(93684K)->90537K(93684K) Class: 13019K(15616K)->13019K(15616K)
[2023-07-22T18:34:43.850+0700][gc            ] GC(42) Pause Young (Normal) (G1 Evacuation Pause) 434M->237M(1024M) 13.627ms
[2023-07-22T18:34:43.850+0700][gc,cpu        ] GC(42) User=0.04s Sys=0.01s Real=0.02s
[2023-07-22T18:41:40.293+0700][gc,start      ] GC(43) Pause Young (Normal) (G1 Evacuation Pause)
[2023-07-22T18:41:40.293+0700][gc,task       ] GC(43) Using 8 workers of 8 for evacuation
[2023-07-22T18:41:40.298+0700][gc,phases     ] GC(43)   Pre Evacuate Collection Set: 0.1ms
[2023-07-22T18:41:40.298+0700][gc,phases     ] GC(43)   Evacuate Collection Set: 4.1ms
[2023-07-22T18:41:40.298+0700][gc,phases     ] GC(43)   Post Evacuate Collection Set: 0.8ms
[2023-07-22T18:41:40.298+0700][gc,phases     ] GC(43)   Other: 0.2ms
[2023-07-22T18:41:40.298+0700][gc,heap       ] GC(43) Eden regions: 183->0(235)
[2023-07-22T18:41:40.298+0700][gc,heap       ] GC(43) Survivor regions: 8->8(24)
[2023-07-22T18:41:40.298+0700][gc,heap       ] GC(43) Old regions: 100->100
[2023-07-22T18:41:40.298+0700][gc,heap       ] GC(43) Humongous regions: 131->131
[2023-07-22T18:41:40.298+0700][gc,metaspace  ] GC(43) Metaspace: 103631K(109300K)->103631K(109300K) NonClass: 90612K(93684K)->90612K(93684K) Class: 13019K(15616K)->13019K(15616K)
[2023-07-22T18:41:40.298+0700][gc            ] GC(43) Pause Young (Normal) (G1 Evacuation Pause) 420M->236M(1024M) 5.195ms
[2023-07-22T18:41:40.298+0700][gc,cpu        ] GC(43) User=0.02s Sys=0.00s Real=0.01s
[2023-07-22T18:50:43.700+0700][gc,start      ] GC(44) Pause Young (Normal) (G1 Evacuation Pause)
[2023-07-22T18:50:43.700+0700][gc,task       ] GC(44) Using 8 workers of 8 for evacuation
[2023-07-22T18:50:43.706+0700][gc,phases     ] GC(44)   Pre Evacuate Collection Set: 0.1ms
[2023-07-22T18:50:43.706+0700][gc,phases     ] GC(44)   Evacuate Collection Set: 5.1ms
[2023-07-22T18:50:43.706+0700][gc,phases     ] GC(44)   Post Evacuate Collection Set: 1.0ms
[2023-07-22T18:50:43.706+0700][gc,phases     ] GC(44)   Other: 0.3ms
[2023-07-22T18:50:43.706+0700][gc,heap       ] GC(44) Eden regions: 234->0(606)
[2023-07-22T18:50:43.706+0700][gc,heap       ] GC(44) Survivor regions: 8->8(31)
[2023-07-22T18:50:43.706+0700][gc,heap       ] GC(44) Old regions: 100->100
[2023-07-22T18:50:43.706+0700][gc,heap       ] GC(44) Humongous regions: 131->131
[2023-07-22T18:50:43.706+0700][gc,metaspace  ] GC(44) Metaspace: 103653K(109300K)->103653K(109300K) NonClass: 90633K(93684K)->90633K(93684K) Class: 13019K(15616K)->13019K(15616K)
[2023-07-22T18:50:43.706+0700][gc            ] GC(44) Pause Young (Normal) (G1 Evacuation Pause) 470M->237M(1024M) 6.549ms
[2023-07-22T18:50:43.706+0700][gc,cpu        ] GC(44) User=0.02s Sys=0.02s Real=0.01s
[2023-07-22T19:14:39.285+0700][gc,start      ] GC(45) Pause Young (Normal) (G1 Evacuation Pause)
[2023-07-22T19:14:39.285+0700][gc,task       ] GC(45) Using 8 workers of 8 for evacuation
[2023-07-22T19:14:39.296+0700][gc,phases     ] GC(45)   Pre Evacuate Collection Set: 0.0ms
[2023-07-22T19:14:39.296+0700][gc,phases     ] GC(45)   Evacuate Collection Set: 7.9ms
[2023-07-22T19:14:39.296+0700][gc,phases     ] GC(45)   Post Evacuate Collection Set: 2.4ms
[2023-07-22T19:14:39.296+0700][gc,phases     ] GC(45)   Other: 1.3ms
[2023-07-22T19:14:39.296+0700][gc,heap       ] GC(45) Eden regions: 606->0(604)
[2023-07-22T19:14:39.296+0700][gc,heap       ] GC(45) Survivor regions: 8->10(77)
[2023-07-22T19:14:39.296+0700][gc,heap       ] GC(45) Old regions: 100->100
[2023-07-22T19:14:39.296+0700][gc,heap       ] GC(45) Humongous regions: 131->131
[2023-07-22T19:14:39.296+0700][gc,metaspace  ] GC(45) Metaspace: 103867K(109556K)->103867K(109556K) NonClass: 90847K(93940K)->90847K(93940K) Class: 13019K(15616K)->13019K(15616K)
[2023-07-22T19:14:39.296+0700][gc            ] GC(45) Pause Young (Normal) (G1 Evacuation Pause) 843M->238M(1024M) 11.702ms
[2023-07-22T19:14:39.296+0700][gc,cpu        ] GC(45) User=0.04s Sys=0.02s Real=0.01s
[2023-07-22T19:38:18.029+0700][gc,start      ] GC(46) Pause Young (Normal) (G1 Evacuation Pause)
[2023-07-22T19:38:18.030+0700][gc,task       ] GC(46) Using 8 workers of 8 for evacuation
[2023-07-22T19:38:18.038+0700][gc,phases     ] GC(46)   Pre Evacuate Collection Set: 0.1ms
[2023-07-22T19:38:18.038+0700][gc,phases     ] GC(46)   Evacuate Collection Set: 6.0ms
[2023-07-22T19:38:18.038+0700][gc,phases     ] GC(46)   Post Evacuate Collection Set: 1.4ms
[2023-07-22T19:38:18.038+0700][gc,phases     ] GC(46)   Other: 1.6ms
[2023-07-22T19:38:18.038+0700][gc,heap       ] GC(46) Eden regions: 604->0(605)
[2023-07-22T19:38:18.038+0700][gc,heap       ] GC(46) Survivor regions: 10->9(77)
[2023-07-22T19:38:18.038+0700][gc,heap       ] GC(46) Old regions: 100->100
[2023-07-22T19:38:18.038+0700][gc,heap       ] GC(46) Humongous regions: 131->131
[2023-07-22T19:38:18.038+0700][gc,metaspace  ] GC(46) Metaspace: 103944K(109812K)->103944K(109812K) NonClass: 90924K(94196K)->90924K(94196K) Class: 13019K(15616K)->13019K(15616K)
[2023-07-22T19:38:18.038+0700][gc            ] GC(46) Pause Young (Normal) (G1 Evacuation Pause) 842M->238M(1024M) 9.168ms
[2023-07-22T19:38:18.038+0700][gc,cpu        ] GC(46) User=0.03s Sys=0.01s Real=0.01s
[2023-07-22T20:01:43.806+0700][gc,start      ] GC(47) Pause Young (Normal) (G1 Evacuation Pause)
[2023-07-22T20:01:43.806+0700][gc,task       ] GC(47) Using 8 workers of 8 for evacuation
[2023-07-22T20:01:43.815+0700][gc,phases     ] GC(47)   Pre Evacuate Collection Set: 0.1ms
[2023-07-22T20:01:43.815+0700][gc,phases     ] GC(47)   Evacuate Collection Set: 7.3ms
[2023-07-22T20:01:43.815+0700][gc,phases     ] GC(47)   Post Evacuate Collection Set: 0.9ms
[2023-07-22T20:01:43.815+0700][gc,phases     ] GC(47)   Other: 0.3ms
[2023-07-22T20:01:43.815+0700][gc,heap       ] GC(47) Eden regions: 605->0(604)
[2023-07-22T20:01:43.815+0700][gc,heap       ] GC(47) Survivor regions: 9->10(77)
[2023-07-22T20:01:43.815+0700][gc,heap       ] GC(47) Old regions: 100->100
[2023-07-22T20:01:43.815+0700][gc,heap       ] GC(47) Humongous regions: 131->131
[2023-07-22T20:01:43.815+0700][gc,metaspace  ] GC(47) Metaspace: 104057K(109812K)->104057K(109812K) NonClass: 91037K(94196K)->91037K(94196K) Class: 13019K(15616K)->13019K(15616K)
[2023-07-22T20:01:43.815+0700][gc            ] GC(47) Pause Young (Normal) (G1 Evacuation Pause) 843M->239M(1024M) 8.609ms
[2023-07-22T20:01:43.815+0700][gc,cpu        ] GC(47) User=0.04s Sys=0.01s Real=0.01s
[2023-07-22T20:25:39.274+0700][gc,start      ] GC(48) Pause Young (Normal) (G1 Evacuation Pause)
[2023-07-22T20:25:39.274+0700][gc,task       ] GC(48) Using 8 workers of 8 for evacuation
[2023-07-22T20:25:39.280+0700][gc,phases     ] GC(48)   Pre Evacuate Collection Set: 0.0ms
[2023-07-22T20:25:39.280+0700][gc,phases     ] GC(48)   Evacuate Collection Set: 5.2ms
[2023-07-22T20:25:39.280+0700][gc,phases     ] GC(48)   Post Evacuate Collection Set: 0.8ms
[2023-07-22T20:25:39.280+0700][gc,phases     ] GC(48)   Other: 0.2ms
[2023-07-22T20:25:39.280+0700][gc,heap       ] GC(48) Eden regions: 604->0(604)
[2023-07-22T20:25:39.280+0700][gc,heap       ] GC(48) Survivor regions: 10->10(77)
[2023-07-22T20:25:39.280+0700][gc,heap       ] GC(48) Old regions: 100->100
[2023-07-22T20:25:39.280+0700][gc,heap       ] GC(48) Humongous regions: 131->131
[2023-07-22T20:25:39.280+0700][gc,metaspace  ] GC(48) Metaspace: 104160K(110068K)->104160K(110068K) NonClass: 91140K(94452K)->91140K(94452K) Class: 13020K(15616K)->13020K(15616K)
[2023-07-22T20:25:39.280+0700][gc            ] GC(48) Pause Young (Normal) (G1 Evacuation Pause) 843M->239M(1024M) 6.302ms
[2023-07-22T20:25:39.280+0700][gc,cpu        ] GC(48) User=0.02s Sys=0.02s Real=0.00s
[2023-07-22T20:48:39.502+0700][gc,start      ] GC(49) Pause Young (Normal) (G1 Evacuation Pause)
[2023-07-22T20:48:39.502+0700][gc,task       ] GC(49) Using 8 workers of 8 for evacuation
[2023-07-22T20:48:39.507+0700][gc,phases     ] GC(49)   Pre Evacuate Collection Set: 0.0ms
[2023-07-22T20:48:39.507+0700][gc,phases     ] GC(49)   Evacuate Collection Set: 4.3ms
[2023-07-22T20:48:39.507+0700][gc,phases     ] GC(49)   Post Evacuate Collection Set: 1.0ms
[2023-07-22T20:48:39.507+0700][gc,phases     ] GC(49)   Other: 0.2ms
[2023-07-22T20:48:39.507+0700][gc,heap       ] GC(49) Eden regions: 604->0(604)
[2023-07-22T20:48:39.507+0700][gc,heap       ] GC(49) Survivor regions: 10->10(77)
[2023-07-22T20:48:39.507+0700][gc,heap       ] GC(49) Old regions: 100->100
[2023-07-22T20:48:39.507+0700][gc,heap       ] GC(49) Humongous regions: 131->131
[2023-07-22T20:48:39.507+0700][gc,metaspace  ] GC(49) Metaspace: 104181K(110068K)->104181K(110068K) NonClass: 91161K(94452K)->91161K(94452K) Class: 13020K(15616K)->13020K(15616K)
[2023-07-22T20:48:39.507+0700][gc            ] GC(49) Pause Young (Normal) (G1 Evacuation Pause) 843M->238M(1024M) 5.492ms
[2023-07-22T20:48:39.507+0700][gc,cpu        ] GC(49) User=0.02s Sys=0.01s Real=0.00s
[2023-07-22T21:06:09.373+0700][gc,start      ] GC(50) Pause Young (Normal) (G1 Evacuation Pause)
[2023-07-22T21:06:09.373+0700][gc,task       ] GC(50) Using 8 workers of 8 for evacuation
[2023-07-22T21:06:09.397+0700][gc,mmu        ] GC(50) MMU target violated: 21.0ms (20.0ms/21.0ms)
[2023-07-22T21:06:09.397+0700][gc,phases     ] GC(50)   Pre Evacuate Collection Set: 0.1ms
[2023-07-22T21:06:09.397+0700][gc,phases     ] GC(50)   Evacuate Collection Set: 21.1ms
[2023-07-22T21:06:09.397+0700][gc,phases     ] GC(50)   Post Evacuate Collection Set: 1.2ms
[2023-07-22T21:06:09.397+0700][gc,phases     ] GC(50)   Other: 1.7ms
[2023-07-22T21:06:09.397+0700][gc,heap       ] GC(50) Eden regions: 604->0(601)
[2023-07-22T21:06:09.397+0700][gc,heap       ] GC(50) Survivor regions: 10->13(77)
[2023-07-22T21:06:09.397+0700][gc,heap       ] GC(50) Old regions: 100->102
[2023-07-22T21:06:09.397+0700][gc,heap       ] GC(50) Humongous regions: 131->131
[2023-07-22T21:06:09.397+0700][gc,metaspace  ] GC(50) Metaspace: 106033K(112116K)->106033K(112116K) NonClass: 92675K(95988K)->92675K(95988K) Class: 13357K(16128K)->13357K(16128K)
[2023-07-22T21:06:09.397+0700][gc            ] GC(50) Pause Young (Normal) (G1 Evacuation Pause) 842M->243M(1024M) 24.083ms
[2023-07-22T21:06:09.397+0700][gc,cpu        ] GC(50) User=0.10s Sys=0.01s Real=0.03s
[2023-07-22T21:20:39.517+0700][gc,start      ] GC(51) Pause Young (Normal) (G1 Evacuation Pause)
[2023-07-22T21:20:39.519+0700][gc,task       ] GC(51) Using 8 workers of 8 for evacuation
[2023-07-22T21:20:39.532+0700][gc,phases     ] GC(51)   Pre Evacuate Collection Set: 0.1ms
[2023-07-22T21:20:39.532+0700][gc,phases     ] GC(51)   Evacuate Collection Set: 11.3ms
[2023-07-22T21:20:39.532+0700][gc,phases     ] GC(51)   Post Evacuate Collection Set: 2.0ms
[2023-07-22T21:20:39.532+0700][gc,phases     ] GC(51)   Other: 2.1ms
[2023-07-22T21:20:39.532+0700][gc,heap       ] GC(51) Eden regions: 601->0(600)
[2023-07-22T21:20:39.532+0700][gc,heap       ] GC(51) Survivor regions: 13->14(77)
[2023-07-22T21:20:39.532+0700][gc,heap       ] GC(51) Old regions: 102->102
[2023-07-22T21:20:39.532+0700][gc,heap       ] GC(51) Humongous regions: 131->131
[2023-07-22T21:20:39.532+0700][gc,metaspace  ] GC(51) Metaspace: 107073K(113524K)->107073K(113524K) NonClass: 93474K(97012K)->93474K(97012K) Class: 13599K(16512K)->13599K(16512K)
[2023-07-22T21:20:39.533+0700][gc            ] GC(51) Pause Young (Normal) (G1 Evacuation Pause) 844M->245M(1024M) 15.537ms
[2023-07-22T21:20:39.533+0700][gc,cpu        ] GC(51) User=0.06s Sys=0.02s Real=0.01s
[2023-07-22T21:35:35.340+0700][gc,start      ] GC(52) Pause Young (Normal) (G1 Evacuation Pause)
[2023-07-22T21:35:35.341+0700][gc,task       ] GC(52) Using 8 workers of 8 for evacuation
[2023-07-22T21:35:35.350+0700][gc,phases     ] GC(52)   Pre Evacuate Collection Set: 0.1ms
[2023-07-22T21:35:35.350+0700][gc,phases     ] GC(52)   Evacuate Collection Set: 7.5ms
[2023-07-22T21:35:35.350+0700][gc,phases     ] GC(52)   Post Evacuate Collection Set: 1.7ms
[2023-07-22T21:35:35.350+0700][gc,phases     ] GC(52)   Other: 1.1ms
[2023-07-22T21:35:35.350+0700][gc,heap       ] GC(52) Eden regions: 600->0(598)
[2023-07-22T21:35:35.350+0700][gc,heap       ] GC(52) Survivor regions: 14->16(77)
[2023-07-22T21:35:35.350+0700][gc,heap       ] GC(52) Old regions: 102->102
[2023-07-22T21:35:35.350+0700][gc,heap       ] GC(52) Humongous regions: 131->131
[2023-07-22T21:35:35.350+0700][gc,metaspace  ] GC(52) Metaspace: 107117K(113524K)->107117K(113524K) NonClass: 93517K(97012K)->93517K(97012K) Class: 13599K(16512K)->13599K(16512K)
[2023-07-22T21:35:35.350+0700][gc            ] GC(52) Pause Young (Normal) (G1 Evacuation Pause) 845M->247M(1024M) 10.340ms
[2023-07-22T21:35:35.350+0700][gc,cpu        ] GC(52) User=0.04s Sys=0.02s Real=0.02s
[2023-07-22T21:49:54.599+0700][gc,start      ] GC(53) Pause Young (Normal) (G1 Evacuation Pause)
[2023-07-22T21:49:54.599+0700][gc,task       ] GC(53) Using 8 workers of 8 for evacuation
[2023-07-22T21:49:54.608+0700][gc,phases     ] GC(53)   Pre Evacuate Collection Set: 0.1ms
[2023-07-22T21:49:54.608+0700][gc,phases     ] GC(53)   Evacuate Collection Set: 6.9ms
[2023-07-22T21:49:54.608+0700][gc,phases     ] GC(53)   Post Evacuate Collection Set: 1.5ms
[2023-07-22T21:49:54.608+0700][gc,phases     ] GC(53)   Other: 0.7ms
[2023-07-22T21:49:54.608+0700][gc,heap       ] GC(53) Eden regions: 598->0(599)
[2023-07-22T21:49:54.608+0700][gc,heap       ] GC(53) Survivor regions: 16->15(77)
[2023-07-22T21:49:54.608+0700][gc,heap       ] GC(53) Old regions: 102->103
[2023-07-22T21:49:54.608+0700][gc,heap       ] GC(53) Humongous regions: 131->131
[2023-07-22T21:49:54.608+0700][gc,metaspace  ] GC(53) Metaspace: 107221K(113780K)->107221K(113780K) NonClass: 93613K(97268K)->93613K(97268K) Class: 13608K(16512K)->13608K(16512K)
[2023-07-22T21:49:54.608+0700][gc            ] GC(53) Pause Young (Normal) (G1 Evacuation Pause) 845M->246M(1024M) 9.146ms
[2023-07-22T21:49:54.608+0700][gc,cpu        ] GC(53) User=0.06s Sys=0.00s Real=0.01s
[2023-07-22T22:03:39.258+0700][gc,start      ] GC(54) Pause Young (Normal) (G1 Evacuation Pause)
[2023-07-22T22:03:39.258+0700][gc,task       ] GC(54) Using 8 workers of 8 for evacuation
[2023-07-22T22:03:39.268+0700][gc,phases     ] GC(54)   Pre Evacuate Collection Set: 0.1ms
[2023-07-22T22:03:39.268+0700][gc,phases     ] GC(54)   Evacuate Collection Set: 7.7ms
[2023-07-22T22:03:39.268+0700][gc,phases     ] GC(54)   Post Evacuate Collection Set: 1.3ms
[2023-07-22T22:03:39.268+0700][gc,phases     ] GC(54)   Other: 1.2ms
[2023-07-22T22:03:39.268+0700][gc,heap       ] GC(54) Eden regions: 599->0(597)
[2023-07-22T22:03:39.268+0700][gc,heap       ] GC(54) Survivor regions: 15->17(77)
[2023-07-22T22:03:39.268+0700][gc,heap       ] GC(54) Old regions: 103->103
[2023-07-22T22:03:39.268+0700][gc,heap       ] GC(54) Humongous regions: 131->131
[2023-07-22T22:03:39.268+0700][gc,metaspace  ] GC(54) Metaspace: 107330K(113780K)->107330K(113780K) NonClass: 93722K(97268K)->93722K(97268K) Class: 13608K(16512K)->13608K(16512K)
[2023-07-22T22:03:39.268+0700][gc            ] GC(54) Pause Young (Normal) (G1 Evacuation Pause) 845M->248M(1024M) 10.374ms
[2023-07-22T22:03:39.268+0700][gc,cpu        ] GC(54) User=0.04s Sys=0.02s Real=0.01s
[2023-07-22T22:16:36.964+0700][gc,start      ] GC(55) Pause Young (Normal) (G1 Evacuation Pause)
[2023-07-22T22:16:36.966+0700][gc,task       ] GC(55) Using 8 workers of 8 for evacuation
[2023-07-22T22:16:36.996+0700][gc,mmu        ] GC(55) MMU target violated: 21.0ms (20.0ms/21.0ms)
[2023-07-22T22:16:36.996+0700][gc,phases     ] GC(55)   Pre Evacuate Collection Set: 0.1ms
[2023-07-22T22:16:36.996+0700][gc,phases     ] GC(55)   Evacuate Collection Set: 23.9ms
[2023-07-22T22:16:36.996+0700][gc,phases     ] GC(55)   Post Evacuate Collection Set: 4.8ms
[2023-07-22T22:16:36.996+0700][gc,phases     ] GC(55)   Other: 3.7ms
[2023-07-22T22:16:36.996+0700][gc,heap       ] GC(55) Eden regions: 597->0(598)
[2023-07-22T22:16:36.996+0700][gc,heap       ] GC(55) Survivor regions: 17->16(77)
[2023-07-22T22:16:36.996+0700][gc,heap       ] GC(55) Old regions: 103->103
[2023-07-22T22:16:36.996+0700][gc,heap       ] GC(55) Humongous regions: 131->131
[2023-07-22T22:16:36.996+0700][gc,metaspace  ] GC(55) Metaspace: 107466K(113780K)->107466K(113780K) NonClass: 93853K(97268K)->93853K(97268K) Class: 13612K(16512K)->13612K(16512K)
[2023-07-22T22:16:36.996+0700][gc            ] GC(55) Pause Young (Normal) (G1 Evacuation Pause) 845M->247M(1024M) 32.455ms
[2023-07-22T22:16:36.996+0700][gc,cpu        ] GC(55) User=0.07s Sys=0.03s Real=0.04s
