[2023-07-20T16:47:56.479+0700][gc,heap] Heap region size: 1M
[2023-07-20T16:47:56.484+0700][gc     ] Using G1
[2023-07-20T16:47:56.484+0700][gc,heap,coops] Heap address: 0x00000000c0000000, size: 1024 MB, Compressed Oops mode: 32-bit
[2023-07-20T16:47:56.484+0700][gc,cds       ] Mark closed archive regions in map: [0x00000000fff00000, 0x00000000fff6aff8]
[2023-07-20T16:47:56.484+0700][gc,cds       ] Mark open archive regions in map: [0x00000000ffe00000, 0x00000000ffe46ff8]
[2023-07-20T16:47:56.990+0700][gc,start     ] GC(0) Pause Young (Normal) (G1 Evacuation Pause)
[2023-07-20T16:47:56.991+0700][gc,task      ] GC(0) Using 8 workers of 8 for evacuation
[2023-07-20T16:47:57.004+0700][gc,phases    ] GC(0)   Pre Evacuate Collection Set: 0.0ms
[2023-07-20T16:47:57.004+0700][gc,phases    ] GC(0)   Evacuate Collection Set: 12.7ms
[2023-07-20T16:47:57.004+0700][gc,phases    ] GC(0)   Post Evacuate Collection Set: 0.8ms
[2023-07-20T16:47:57.004+0700][gc,phases    ] GC(0)   Other: 1.0ms
[2023-07-20T16:47:57.004+0700][gc,heap      ] GC(0) Eden regions: 51->0(44)
[2023-07-20T16:47:57.004+0700][gc,heap      ] GC(0) Survivor regions: 0->7(7)
[2023-07-20T16:47:57.004+0700][gc,heap      ] GC(0) Old regions: 2->26
[2023-07-20T16:47:57.004+0700][gc,heap      ] GC(0) Humongous regions: 2->2
[2023-07-20T16:47:57.004+0700][gc,metaspace ] GC(0) Metaspace: 5341K(5888K)->5341K(5888K) NonClass: 4769K(5120K)->4769K(5120K) Class: 571K(768K)->571K(768K)
[2023-07-20T16:47:57.004+0700][gc           ] GC(0) Pause Young (Normal) (G1 Evacuation Pause) 53M->33M(1024M) 14.559ms
[2023-07-20T16:47:57.005+0700][gc,cpu       ] GC(0) User=0.02s Sys=0.09s Real=0.02s
[2023-07-20T16:47:57.360+0700][gc,start     ] GC(1) Pause Young (Normal) (G1 Evacuation Pause)
[2023-07-20T16:47:57.360+0700][gc,task      ] GC(1) Using 8 workers of 8 for evacuation
[2023-07-20T16:47:57.364+0700][gc,phases    ] GC(1)   Pre Evacuate Collection Set: 0.0ms
[2023-07-20T16:47:57.364+0700][gc,phases    ] GC(1)   Evacuate Collection Set: 3.9ms
[2023-07-20T16:47:57.364+0700][gc,phases    ] GC(1)   Post Evacuate Collection Set: 0.3ms
[2023-07-20T16:47:57.364+0700][gc,phases    ] GC(1)   Other: 0.1ms
[2023-07-20T16:47:57.364+0700][gc,heap      ] GC(1) Eden regions: 44->0(49)
[2023-07-20T16:47:57.364+0700][gc,heap      ] GC(1) Survivor regions: 7->2(7)
[2023-07-20T16:47:57.364+0700][gc,heap      ] GC(1) Old regions: 26->32
[2023-07-20T16:47:57.365+0700][gc,heap      ] GC(1) Humongous regions: 2->2
[2023-07-20T16:47:57.365+0700][gc,metaspace ] GC(1) Metaspace: 13667K(14592K)->13667K(14592K) NonClass: 12118K(12800K)->12118K(12800K) Class: 1548K(1792K)->1548K(1792K)
[2023-07-20T16:47:57.365+0700][gc           ] GC(1) Pause Young (Normal) (G1 Evacuation Pause) 77M->34M(1024M) 4.334ms
[2023-07-20T16:47:57.365+0700][gc,cpu       ] GC(1) User=0.02s Sys=0.01s Real=0.01s
[2023-07-20T16:47:57.549+0700][gc,start     ] GC(2) Pause Young (Concurrent Start) (Metadata GC Threshold)
[2023-07-20T16:47:57.549+0700][gc,task      ] GC(2) Using 8 workers of 8 for evacuation
[2023-07-20T16:47:57.552+0700][gc,phases    ] GC(2)   Pre Evacuate Collection Set: 0.0ms
[2023-07-20T16:47:57.552+0700][gc,phases    ] GC(2)   Evacuate Collection Set: 2.8ms
[2023-07-20T16:47:57.552+0700][gc,phases    ] GC(2)   Post Evacuate Collection Set: 0.4ms
[2023-07-20T16:47:57.552+0700][gc,phases    ] GC(2)   Other: 0.2ms
[2023-07-20T16:47:57.552+0700][gc,heap      ] GC(2) Eden regions: 27->0(48)
[2023-07-20T16:47:57.552+0700][gc,heap      ] GC(2) Survivor regions: 2->3(7)
[2023-07-20T16:47:57.552+0700][gc,heap      ] GC(2) Old regions: 32->32
[2023-07-20T16:47:57.552+0700][gc,heap      ] GC(2) Humongous regions: 2->2
[2023-07-20T16:47:57.552+0700][gc,metaspace ] GC(2) Metaspace: 20315K(21248K)->20315K(21248K) NonClass: 18229K(18944K)->18229K(18944K) Class: 2086K(2304K)->2086K(2304K)
[2023-07-20T16:47:57.552+0700][gc           ] GC(2) Pause Young (Concurrent Start) (Metadata GC Threshold) 60M->35M(1024M) 3.399ms
[2023-07-20T16:47:57.553+0700][gc,cpu       ] GC(2) User=0.01s Sys=0.00s Real=0.01s
[2023-07-20T16:47:57.553+0700][gc           ] GC(3) Concurrent Cycle
[2023-07-20T16:47:57.553+0700][gc,marking   ] GC(3) Concurrent Clear Claimed Marks
[2023-07-20T16:47:57.553+0700][gc,marking   ] GC(3) Concurrent Clear Claimed Marks 0.010ms
[2023-07-20T16:47:57.553+0700][gc,marking   ] GC(3) Concurrent Scan Root Regions
[2023-07-20T16:47:57.554+0700][gc,marking   ] GC(3) Concurrent Scan Root Regions 0.900ms
[2023-07-20T16:47:57.554+0700][gc,marking   ] GC(3) Concurrent Mark (1.076s)
[2023-07-20T16:47:57.554+0700][gc,marking   ] GC(3) Concurrent Mark From Roots
[2023-07-20T16:47:57.554+0700][gc,task      ] GC(3) Using 2 workers of 2 for marking
[2023-07-20T16:47:57.556+0700][gc,marking   ] GC(3) Concurrent Mark From Roots 2.854ms
[2023-07-20T16:47:57.556+0700][gc,marking   ] GC(3) Concurrent Preclean
[2023-07-20T16:47:57.557+0700][gc,marking   ] GC(3) Concurrent Preclean 0.078ms
[2023-07-20T16:47:57.557+0700][gc,marking   ] GC(3) Concurrent Mark (1.076s, 1.079s) 2.962ms
[2023-07-20T16:47:57.557+0700][gc,start     ] GC(3) Pause Remark
[2023-07-20T16:47:57.559+0700][gc,stringtable] GC(3) Cleaned string and symbol table, strings: 6528 processed, 20 removed, symbols: 49800 processed, 29 removed
[2023-07-20T16:47:57.559+0700][gc            ] GC(3) Pause Remark 36M->36M(1024M) 2.380ms
[2023-07-20T16:47:57.559+0700][gc,cpu        ] GC(3) User=0.00s Sys=0.00s Real=0.00s
[2023-07-20T16:47:57.559+0700][gc,marking    ] GC(3) Concurrent Rebuild Remembered Sets
[2023-07-20T16:47:57.561+0700][gc,marking    ] GC(3) Concurrent Rebuild Remembered Sets 1.942ms
[2023-07-20T16:47:57.562+0700][gc,start      ] GC(3) Pause Cleanup
[2023-07-20T16:47:57.562+0700][gc            ] GC(3) Pause Cleanup 36M->36M(1024M) 0.165ms
[2023-07-20T16:47:57.562+0700][gc,cpu        ] GC(3) User=0.00s Sys=0.00s Real=0.00s
[2023-07-20T16:47:57.562+0700][gc,marking    ] GC(3) Concurrent Cleanup for Next Mark
[2023-07-20T16:47:57.564+0700][gc,marking    ] GC(3) Concurrent Cleanup for Next Mark 1.727ms
[2023-07-20T16:47:57.564+0700][gc            ] GC(3) Concurrent Cycle 10.941ms
[2023-07-20T16:47:58.078+0700][gc,start      ] GC(4) Pause Young (Normal) (G1 Evacuation Pause)
[2023-07-20T16:47:58.078+0700][gc,task       ] GC(4) Using 8 workers of 8 for evacuation
[2023-07-20T16:47:58.081+0700][gc,phases     ] GC(4)   Pre Evacuate Collection Set: 0.0ms
[2023-07-20T16:47:58.081+0700][gc,phases     ] GC(4)   Evacuate Collection Set: 2.6ms
[2023-07-20T16:47:58.081+0700][gc,phases     ] GC(4)   Post Evacuate Collection Set: 0.4ms
[2023-07-20T16:47:58.081+0700][gc,phases     ] GC(4)   Other: 0.1ms
[2023-07-20T16:47:58.081+0700][gc,heap       ] GC(4) Eden regions: 48->0(46)
[2023-07-20T16:47:58.081+0700][gc,heap       ] GC(4) Survivor regions: 3->5(7)
[2023-07-20T16:47:58.081+0700][gc,heap       ] GC(4) Old regions: 32->32
[2023-07-20T16:47:58.081+0700][gc,heap       ] GC(4) Humongous regions: 2->2
[2023-07-20T16:47:58.081+0700][gc,metaspace  ] GC(4) Metaspace: 28387K(29312K)->28387K(29312K) NonClass: 25330K(25856K)->25330K(25856K) Class: 3056K(3456K)->3056K(3456K)
[2023-07-20T16:47:58.081+0700][gc            ] GC(4) Pause Young (Normal) (G1 Evacuation Pause) 83M->36M(1024M) 3.182ms
[2023-07-20T16:47:58.081+0700][gc,cpu        ] GC(4) User=0.03s Sys=0.00s Real=0.01s
[2023-07-20T16:47:58.462+0700][gc,start      ] GC(5) Pause Young (Normal) (G1 Evacuation Pause)
[2023-07-20T16:47:58.462+0700][gc,task       ] GC(5) Using 8 workers of 8 for evacuation
[2023-07-20T16:47:58.471+0700][gc,phases     ] GC(5)   Pre Evacuate Collection Set: 0.0ms
[2023-07-20T16:47:58.471+0700][gc,phases     ] GC(5)   Evacuate Collection Set: 6.3ms
[2023-07-20T16:47:58.471+0700][gc,phases     ] GC(5)   Post Evacuate Collection Set: 2.4ms
[2023-07-20T16:47:58.471+0700][gc,phases     ] GC(5)   Other: 0.1ms
[2023-07-20T16:47:58.471+0700][gc,heap       ] GC(5) Eden regions: 46->0(44)
[2023-07-20T16:47:58.471+0700][gc,heap       ] GC(5) Survivor regions: 5->7(7)
[2023-07-20T16:47:58.471+0700][gc,heap       ] GC(5) Old regions: 32->34
[2023-07-20T16:47:58.471+0700][gc,heap       ] GC(5) Humongous regions: 131->131
[2023-07-20T16:47:58.471+0700][gc,metaspace  ] GC(5) Metaspace: 33890K(35328K)->33890K(35328K) NonClass: 30115K(30976K)->30115K(30976K) Class: 3775K(4352K)->3775K(4352K)
[2023-07-20T16:47:58.471+0700][gc            ] GC(5) Pause Young (Normal) (G1 Evacuation Pause) 211M->169M(1024M) 8.838ms
[2023-07-20T16:47:58.471+0700][gc,cpu        ] GC(5) User=0.06s Sys=0.00s Real=0.01s
[2023-07-20T16:47:58.505+0700][gc,start      ] GC(6) Pause Young (Concurrent Start) (Metadata GC Threshold)
[2023-07-20T16:47:58.505+0700][gc,task       ] GC(6) Using 8 workers of 8 for evacuation
[2023-07-20T16:47:58.519+0700][gc,phases     ] GC(6)   Pre Evacuate Collection Set: 0.2ms
[2023-07-20T16:47:58.519+0700][gc,phases     ] GC(6)   Evacuate Collection Set: 13.4ms
[2023-07-20T16:47:58.519+0700][gc,phases     ] GC(6)   Post Evacuate Collection Set: 0.4ms
[2023-07-20T16:47:58.519+0700][gc,phases     ] GC(6)   Other: 0.2ms
[2023-07-20T16:47:58.519+0700][gc,heap       ] GC(6) Eden regions: 3->0(50)
[2023-07-20T16:47:58.519+0700][gc,heap       ] GC(6) Survivor regions: 7->1(7)
[2023-07-20T16:47:58.519+0700][gc,heap       ] GC(6) Old regions: 34->41
[2023-07-20T16:47:58.519+0700][gc,heap       ] GC(6) Humongous regions: 131->131
[2023-07-20T16:47:58.519+0700][gc,metaspace  ] GC(6) Metaspace: 34512K(35840K)->34512K(35840K) NonClass: 30655K(31488K)->30655K(31488K) Class: 3856K(4352K)->3856K(4352K)
[2023-07-20T16:47:58.519+0700][gc            ] GC(6) Pause Young (Concurrent Start) (Metadata GC Threshold) 172M->170M(1024M) 14.246ms
[2023-07-20T16:47:58.519+0700][gc,cpu        ] GC(6) User=0.08s Sys=0.00s Real=0.01s
[2023-07-20T16:47:58.519+0700][gc            ] GC(7) Concurrent Cycle
[2023-07-20T16:47:58.519+0700][gc,marking    ] GC(7) Concurrent Clear Claimed Marks
[2023-07-20T16:47:58.519+0700][gc,marking    ] GC(7) Concurrent Clear Claimed Marks 0.054ms
[2023-07-20T16:47:58.519+0700][gc,marking    ] GC(7) Concurrent Scan Root Regions
[2023-07-20T16:47:58.520+0700][gc,marking    ] GC(7) Concurrent Scan Root Regions 0.416ms
[2023-07-20T16:47:58.520+0700][gc,marking    ] GC(7) Concurrent Mark (2.042s)
[2023-07-20T16:47:58.520+0700][gc,marking    ] GC(7) Concurrent Mark From Roots
[2023-07-20T16:47:58.520+0700][gc,task       ] GC(7) Using 2 workers of 2 for marking
[2023-07-20T16:47:58.531+0700][gc,marking    ] GC(7) Concurrent Mark From Roots 11.082ms
[2023-07-20T16:47:58.531+0700][gc,marking    ] GC(7) Concurrent Preclean
[2023-07-20T16:47:58.531+0700][gc,marking    ] GC(7) Concurrent Preclean 0.143ms
[2023-07-20T16:47:58.531+0700][gc,marking    ] GC(7) Concurrent Mark (2.042s, 2.054s) 11.270ms
[2023-07-20T16:47:58.531+0700][gc,start      ] GC(7) Pause Remark
[2023-07-20T16:47:58.538+0700][gc,stringtable] GC(7) Cleaned string and symbol table, strings: 11152 processed, 1 removed, symbols: 83980 processed, 29 removed
[2023-07-20T16:47:58.538+0700][gc            ] GC(7) Pause Remark 172M->172M(1024M) 7.004ms
[2023-07-20T16:47:58.538+0700][gc,cpu        ] GC(7) User=0.04s Sys=0.00s Real=0.00s
[2023-07-20T16:47:58.538+0700][gc,marking    ] GC(7) Concurrent Rebuild Remembered Sets
[2023-07-20T16:47:58.546+0700][gc,marking    ] GC(7) Concurrent Rebuild Remembered Sets 7.954ms
[2023-07-20T16:47:58.547+0700][gc,start      ] GC(7) Pause Cleanup
[2023-07-20T16:47:58.547+0700][gc            ] GC(7) Pause Cleanup 173M->173M(1024M) 0.234ms
[2023-07-20T16:47:58.547+0700][gc,cpu        ] GC(7) User=0.00s Sys=0.00s Real=0.00s
[2023-07-20T16:47:58.547+0700][gc,marking    ] GC(7) Concurrent Cleanup for Next Mark
[2023-07-20T16:47:58.551+0700][gc,marking    ] GC(7) Concurrent Cleanup for Next Mark 3.979ms
[2023-07-20T16:47:58.551+0700][gc            ] GC(7) Concurrent Cycle 31.570ms
[2023-07-20T16:47:58.859+0700][gc,start      ] GC(8) Pause Young (Normal) (G1 Evacuation Pause)
[2023-07-20T16:47:58.859+0700][gc,task       ] GC(8) Using 8 workers of 8 for evacuation
[2023-07-20T16:47:58.862+0700][gc,phases     ] GC(8)   Pre Evacuate Collection Set: 0.0ms
[2023-07-20T16:47:58.862+0700][gc,phases     ] GC(8)   Evacuate Collection Set: 2.5ms
[2023-07-20T16:47:58.862+0700][gc,phases     ] GC(8)   Post Evacuate Collection Set: 0.4ms
[2023-07-20T16:47:58.862+0700][gc,phases     ] GC(8)   Other: 0.1ms
[2023-07-20T16:47:58.862+0700][gc,heap       ] GC(8) Eden regions: 50->0(48)
[2023-07-20T16:47:58.862+0700][gc,heap       ] GC(8) Survivor regions: 1->3(7)
[2023-07-20T16:47:58.862+0700][gc,heap       ] GC(8) Old regions: 41->41
[2023-07-20T16:47:58.862+0700][gc,heap       ] GC(8) Humongous regions: 132->131
[2023-07-20T16:47:58.862+0700][gc,metaspace  ] GC(8) Metaspace: 42198K(43904K)->42198K(43904K) NonClass: 37446K(38400K)->37446K(38400K) Class: 4751K(5504K)->4751K(5504K)
[2023-07-20T16:47:58.862+0700][gc            ] GC(8) Pause Young (Normal) (G1 Evacuation Pause) 221M->172M(1024M) 3.140ms
[2023-07-20T16:47:58.862+0700][gc,cpu        ] GC(8) User=0.02s Sys=0.00s Real=0.01s
[2023-07-20T16:47:58.981+0700][gc,start      ] GC(9) Pause Young (Normal) (G1 Evacuation Pause)
[2023-07-20T16:47:58.981+0700][gc,task       ] GC(9) Using 8 workers of 8 for evacuation
[2023-07-20T16:47:58.984+0700][gc,phases     ] GC(9)   Pre Evacuate Collection Set: 0.0ms
[2023-07-20T16:47:58.984+0700][gc,phases     ] GC(9)   Evacuate Collection Set: 2.5ms
[2023-07-20T16:47:58.984+0700][gc,phases     ] GC(9)   Post Evacuate Collection Set: 0.4ms
[2023-07-20T16:47:58.984+0700][gc,phases     ] GC(9)   Other: 0.1ms
[2023-07-20T16:47:58.984+0700][gc,heap       ] GC(9) Eden regions: 48->0(47)
[2023-07-20T16:47:58.984+0700][gc,heap       ] GC(9) Survivor regions: 3->4(7)
[2023-07-20T16:47:58.984+0700][gc,heap       ] GC(9) Old regions: 41->41
[2023-07-20T16:47:58.984+0700][gc,heap       ] GC(9) Humongous regions: 131->131
[2023-07-20T16:47:58.984+0700][gc,metaspace  ] GC(9) Metaspace: 45157K(46976K)->45157K(46976K) NonClass: 40005K(40960K)->40005K(40960K) Class: 5152K(6016K)->5152K(6016K)
[2023-07-20T16:47:58.984+0700][gc            ] GC(9) Pause Young (Normal) (G1 Evacuation Pause) 220M->173M(1024M) 3.088ms
[2023-07-20T16:47:58.984+0700][gc,cpu        ] GC(9) User=0.02s Sys=0.00s Real=0.00s
[2023-07-20T16:47:59.143+0700][gc,start      ] GC(10) Pause Young (Normal) (G1 Evacuation Pause)
[2023-07-20T16:47:59.143+0700][gc,task       ] GC(10) Using 8 workers of 8 for evacuation
[2023-07-20T16:47:59.146+0700][gc,phases     ] GC(10)   Pre Evacuate Collection Set: 0.0ms
[2023-07-20T16:47:59.146+0700][gc,phases     ] GC(10)   Evacuate Collection Set: 2.2ms
[2023-07-20T16:47:59.146+0700][gc,phases     ] GC(10)   Post Evacuate Collection Set: 0.5ms
[2023-07-20T16:47:59.146+0700][gc,phases     ] GC(10)   Other: 0.1ms
[2023-07-20T16:47:59.146+0700][gc,heap       ] GC(10) Eden regions: 47->0(46)
[2023-07-20T16:47:59.146+0700][gc,heap       ] GC(10) Survivor regions: 4->5(7)
[2023-07-20T16:47:59.146+0700][gc,heap       ] GC(10) Old regions: 41->41
[2023-07-20T16:47:59.146+0700][gc,heap       ] GC(10) Humongous regions: 131->131
[2023-07-20T16:47:59.146+0700][gc,metaspace  ] GC(10) Metaspace: 48226K(50176K)->48226K(50176K) NonClass: 42728K(43776K)->42728K(43776K) Class: 5497K(6400K)->5497K(6400K)
[2023-07-20T16:47:59.146+0700][gc            ] GC(10) Pause Young (Normal) (G1 Evacuation Pause) 220M->174M(1024M) 2.851ms
[2023-07-20T16:47:59.146+0700][gc,cpu        ] GC(10) User=0.02s Sys=0.00s Real=0.00s
[2023-07-20T16:47:59.483+0700][gc,start      ] GC(11) Pause Young (Normal) (G1 Evacuation Pause)
[2023-07-20T16:47:59.483+0700][gc,task       ] GC(11) Using 8 workers of 8 for evacuation
[2023-07-20T16:47:59.489+0700][gc,phases     ] GC(11)   Pre Evacuate Collection Set: 0.0ms
[2023-07-20T16:47:59.489+0700][gc,phases     ] GC(11)   Evacuate Collection Set: 3.9ms
[2023-07-20T16:47:59.489+0700][gc,phases     ] GC(11)   Post Evacuate Collection Set: 1.5ms
[2023-07-20T16:47:59.489+0700][gc,phases     ] GC(11)   Other: 0.1ms
[2023-07-20T16:47:59.489+0700][gc,heap       ] GC(11) Eden regions: 46->0(50)
[2023-07-20T16:47:59.489+0700][gc,heap       ] GC(11) Survivor regions: 5->5(7)
[2023-07-20T16:47:59.489+0700][gc,heap       ] GC(11) Old regions: 41->43
[2023-07-20T16:47:59.489+0700][gc,heap       ] GC(11) Humongous regions: 131->131
[2023-07-20T16:47:59.489+0700][gc,metaspace  ] GC(11) Metaspace: 54047K(56064K)->54047K(56064K) NonClass: 47831K(48896K)->47831K(48896K) Class: 6215K(7168K)->6215K(7168K)
[2023-07-20T16:47:59.489+0700][gc            ] GC(11) Pause Young (Normal) (G1 Evacuation Pause) 220M->176M(1024M) 5.637ms
[2023-07-20T16:47:59.489+0700][gc,cpu        ] GC(11) User=0.03s Sys=0.00s Real=0.00s
[2023-07-20T16:47:59.600+0700][gc,start      ] GC(12) Pause Young (Normal) (G1 Evacuation Pause)
[2023-07-20T16:47:59.600+0700][gc,task       ] GC(12) Using 8 workers of 8 for evacuation
[2023-07-20T16:47:59.602+0700][gc,phases     ] GC(12)   Pre Evacuate Collection Set: 0.0ms
[2023-07-20T16:47:59.602+0700][gc,phases     ] GC(12)   Evacuate Collection Set: 1.9ms
[2023-07-20T16:47:59.602+0700][gc,phases     ] GC(12)   Post Evacuate Collection Set: 0.4ms
[2023-07-20T16:47:59.602+0700][gc,phases     ] GC(12)   Other: 0.1ms
[2023-07-20T16:47:59.602+0700][gc,heap       ] GC(12) Eden regions: 50->0(64)
[2023-07-20T16:47:59.602+0700][gc,heap       ] GC(12) Survivor regions: 5->5(7)
[2023-07-20T16:47:59.602+0700][gc,heap       ] GC(12) Old regions: 43->44
[2023-07-20T16:47:59.602+0700][gc,heap       ] GC(12) Humongous regions: 131->131
[2023-07-20T16:47:59.603+0700][gc,metaspace  ] GC(12) Metaspace: 55475K(57472K)->55475K(57472K) NonClass: 49102K(50176K)->49102K(50176K) Class: 6372K(7296K)->6372K(7296K)
[2023-07-20T16:47:59.603+0700][gc            ] GC(12) Pause Young (Normal) (G1 Evacuation Pause) 226M->177M(1024M) 2.500ms
[2023-07-20T16:47:59.603+0700][gc,cpu        ] GC(12) User=0.00s Sys=0.01s Real=0.01s
[2023-07-20T16:47:59.724+0700][gc,start      ] GC(13) Pause Young (Normal) (G1 Evacuation Pause)
[2023-07-20T16:47:59.724+0700][gc,task       ] GC(13) Using 8 workers of 8 for evacuation
[2023-07-20T16:47:59.727+0700][gc,phases     ] GC(13)   Pre Evacuate Collection Set: 0.0ms
[2023-07-20T16:47:59.727+0700][gc,phases     ] GC(13)   Evacuate Collection Set: 2.1ms
[2023-07-20T16:47:59.727+0700][gc,phases     ] GC(13)   Post Evacuate Collection Set: 0.6ms
[2023-07-20T16:47:59.727+0700][gc,phases     ] GC(13)   Other: 0.1ms
[2023-07-20T16:47:59.727+0700][gc,heap       ] GC(13) Eden regions: 64->0(288)
[2023-07-20T16:47:59.727+0700][gc,heap       ] GC(13) Survivor regions: 5->4(9)
[2023-07-20T16:47:59.727+0700][gc,heap       ] GC(13) Old regions: 44->44
[2023-07-20T16:47:59.727+0700][gc,heap       ] GC(13) Humongous regions: 131->131
[2023-07-20T16:47:59.727+0700][gc,metaspace  ] GC(13) Metaspace: 57095K(59264K)->57095K(59264K) NonClass: 50542K(51712K)->50542K(51712K) Class: 6553K(7552K)->6553K(7552K)
[2023-07-20T16:47:59.727+0700][gc            ] GC(13) Pause Young (Normal) (G1 Evacuation Pause) 241M->177M(1024M) 2.897ms
[2023-07-20T16:47:59.727+0700][gc,cpu        ] GC(13) User=0.01s Sys=0.00s Real=0.00s
[2023-07-20T16:47:59.809+0700][gc,start      ] GC(14) Pause Young (Concurrent Start) (Metadata GC Threshold)
[2023-07-20T16:47:59.809+0700][gc,task       ] GC(14) Using 8 workers of 8 for evacuation
[2023-07-20T16:47:59.813+0700][gc,phases     ] GC(14)   Pre Evacuate Collection Set: 0.2ms
[2023-07-20T16:47:59.813+0700][gc,phases     ] GC(14)   Evacuate Collection Set: 4.0ms
[2023-07-20T16:47:59.813+0700][gc,phases     ] GC(14)   Post Evacuate Collection Set: 0.5ms
[2023-07-20T16:47:59.813+0700][gc,phases     ] GC(14)   Other: 0.2ms
[2023-07-20T16:47:59.813+0700][gc,heap       ] GC(14) Eden regions: 45->0(91)
[2023-07-20T16:47:59.813+0700][gc,heap       ] GC(14) Survivor regions: 4->5(37)
[2023-07-20T16:47:59.813+0700][gc,heap       ] GC(14) Old regions: 44->44
[2023-07-20T16:47:59.813+0700][gc,heap       ] GC(14) Humongous regions: 131->131
[2023-07-20T16:47:59.813+0700][gc,metaspace  ] GC(14) Metaspace: 58026K(59948K)->58026K(59948K) NonClass: 51363K(52396K)->51363K(52396K) Class: 6663K(7552K)->6663K(7552K)
[2023-07-20T16:47:59.813+0700][gc            ] GC(14) Pause Young (Concurrent Start) (Metadata GC Threshold) 222M->177M(1024M) 4.817ms
[2023-07-20T16:47:59.813+0700][gc,cpu        ] GC(14) User=0.03s Sys=0.00s Real=0.01s
[2023-07-20T16:47:59.813+0700][gc            ] GC(15) Concurrent Cycle
[2023-07-20T16:47:59.813+0700][gc,marking    ] GC(15) Concurrent Clear Claimed Marks
[2023-07-20T16:47:59.814+0700][gc,marking    ] GC(15) Concurrent Clear Claimed Marks 0.053ms
[2023-07-20T16:47:59.814+0700][gc,marking    ] GC(15) Concurrent Scan Root Regions
[2023-07-20T16:47:59.815+0700][gc,marking    ] GC(15) Concurrent Scan Root Regions 1.324ms
[2023-07-20T16:47:59.815+0700][gc,marking    ] GC(15) Concurrent Mark (3.337s)
[2023-07-20T16:47:59.815+0700][gc,marking    ] GC(15) Concurrent Mark From Roots
[2023-07-20T16:47:59.815+0700][gc,task       ] GC(15) Using 2 workers of 2 for marking
[2023-07-20T16:47:59.827+0700][gc,marking    ] GC(15) Concurrent Mark From Roots 11.721ms
[2023-07-20T16:47:59.827+0700][gc,marking    ] GC(15) Concurrent Preclean
[2023-07-20T16:47:59.827+0700][gc,marking    ] GC(15) Concurrent Preclean 0.094ms
[2023-07-20T16:47:59.827+0700][gc,marking    ] GC(15) Concurrent Mark (3.337s, 3.349s) 11.852ms
[2023-07-20T16:47:59.827+0700][gc,start      ] GC(15) Pause Remark
[2023-07-20T16:47:59.839+0700][gc,stringtable] GC(15) Cleaned string and symbol table, strings: 20406 processed, 20 removed, symbols: 155326 processed, 47 removed
[2023-07-20T16:47:59.839+0700][gc            ] GC(15) Pause Remark 182M->182M(1024M) 12.331ms
[2023-07-20T16:47:59.839+0700][gc,cpu        ] GC(15) User=0.08s Sys=0.00s Real=0.01s
[2023-07-20T16:47:59.839+0700][gc,marking    ] GC(15) Concurrent Rebuild Remembered Sets
[2023-07-20T16:47:59.846+0700][gc,marking    ] GC(15) Concurrent Rebuild Remembered Sets 6.736ms
[2023-07-20T16:47:59.846+0700][gc,start      ] GC(15) Pause Cleanup
[2023-07-20T16:47:59.847+0700][gc            ] GC(15) Pause Cleanup 184M->184M(1024M) 0.206ms
[2023-07-20T16:47:59.847+0700][gc,cpu        ] GC(15) User=0.00s Sys=0.00s Real=0.00s
[2023-07-20T16:47:59.847+0700][gc,marking    ] GC(15) Concurrent Cleanup for Next Mark
[2023-07-20T16:47:59.848+0700][gc,marking    ] GC(15) Concurrent Cleanup for Next Mark 0.776ms
[2023-07-20T16:47:59.848+0700][gc            ] GC(15) Concurrent Cycle 34.071ms
[2023-07-20T16:48:00.094+0700][gc,start      ] GC(16) Pause Young (Normal) (G1 Evacuation Pause)
[2023-07-20T16:48:00.094+0700][gc,task       ] GC(16) Using 8 workers of 8 for evacuation
[2023-07-20T16:48:00.100+0700][gc,phases     ] GC(16)   Pre Evacuate Collection Set: 0.0ms
[2023-07-20T16:48:00.100+0700][gc,phases     ] GC(16)   Evacuate Collection Set: 4.5ms
[2023-07-20T16:48:00.100+0700][gc,phases     ] GC(16)   Post Evacuate Collection Set: 0.7ms
[2023-07-20T16:48:00.100+0700][gc,phases     ] GC(16)   Other: 0.1ms
[2023-07-20T16:48:00.100+0700][gc,heap       ] GC(16) Eden regions: 88->0(397)
[2023-07-20T16:48:00.100+0700][gc,heap       ] GC(16) Survivor regions: 5->6(12)
[2023-07-20T16:48:00.100+0700][gc,heap       ] GC(16) Old regions: 44->44
[2023-07-20T16:48:00.100+0700][gc,heap       ] GC(16) Humongous regions: 131->131
[2023-07-20T16:48:00.100+0700][gc,metaspace  ] GC(16) Metaspace: 60425K(62464K)->60425K(62464K) NonClass: 53487K(54528K)->53487K(54528K) Class: 6938K(7936K)->6938K(7936K)
[2023-07-20T16:48:00.100+0700][gc            ] GC(16) Pause Young (Normal) (G1 Evacuation Pause) 265M->178M(1024M) 5.489ms
[2023-07-20T16:48:00.100+0700][gc,cpu        ] GC(16) User=0.03s Sys=0.00s Real=0.00s
[2023-07-20T16:48:01.476+0700][gc,start      ] GC(17) Pause Young (Normal) (G1 Evacuation Pause)
[2023-07-20T16:48:01.476+0700][gc,task       ] GC(17) Using 8 workers of 8 for evacuation
[2023-07-20T16:48:01.488+0700][gc,phases     ] GC(17)   Pre Evacuate Collection Set: 0.0ms
[2023-07-20T16:48:01.488+0700][gc,phases     ] GC(17)   Evacuate Collection Set: 7.5ms
[2023-07-20T16:48:01.488+0700][gc,phases     ] GC(17)   Post Evacuate Collection Set: 5.0ms
[2023-07-20T16:48:01.488+0700][gc,phases     ] GC(17)   Other: 0.2ms
[2023-07-20T16:48:01.488+0700][gc,heap       ] GC(17) Eden regions: 397->0(452)
[2023-07-20T16:48:01.488+0700][gc,heap       ] GC(17) Survivor regions: 6->14(51)
[2023-07-20T16:48:01.488+0700][gc,heap       ] GC(17) Old regions: 44->44
[2023-07-20T16:48:01.488+0700][gc,heap       ] GC(17) Humongous regions: 131->131
[2023-07-20T16:48:01.488+0700][gc,metaspace  ] GC(17) Metaspace: 77939K(80768K)->77939K(80768K) NonClass: 68385K(69888K)->68385K(69888K) Class: 9553K(10880K)->9553K(10880K)
[2023-07-20T16:48:01.488+0700][gc            ] GC(17) Pause Young (Normal) (G1 Evacuation Pause) 575M->187M(1024M) 12.755ms
[2023-07-20T16:48:01.488+0700][gc,cpu        ] GC(17) User=0.09s Sys=0.00s Real=0.01s
[2023-07-20T16:49:04.596+0700][gc,start      ] GC(18) Pause Young (Normal) (G1 Evacuation Pause)
[2023-07-20T16:49:04.596+0700][gc,task       ] GC(18) Using 8 workers of 8 for evacuation
[2023-07-20T16:49:04.612+0700][gc,phases     ] GC(18)   Pre Evacuate Collection Set: 0.0ms
[2023-07-20T16:49:04.612+0700][gc,phases     ] GC(18)   Evacuate Collection Set: 14.5ms
[2023-07-20T16:49:04.612+0700][gc,phases     ] GC(18)   Post Evacuate Collection Set: 1.8ms
[2023-07-20T16:49:04.612+0700][gc,phases     ] GC(18)   Other: 0.2ms
[2023-07-20T16:49:04.612+0700][gc,heap       ] GC(18) Eden regions: 262->0(262)
[2023-07-20T16:49:04.612+0700][gc,heap       ] GC(18) Survivor regions: 14->25(35)
[2023-07-20T16:49:04.612+0700][gc,heap       ] GC(18) Old regions: 44->44
[2023-07-20T16:49:04.612+0700][gc,heap       ] GC(18) Humongous regions: 131->131
[2023-07-20T16:49:04.612+0700][gc,metaspace  ] GC(18) Metaspace: 95201K(100224K)->95201K(100224K) NonClass: 82796K(85504K)->82796K(85504K) Class: 12404K(14720K)->12404K(14720K)
[2023-07-20T16:49:04.612+0700][gc            ] GC(18) Pause Young (Normal) (G1 Evacuation Pause) 449M->198M(1024M) 16.549ms
[2023-07-20T16:49:04.612+0700][gc,cpu        ] GC(18) User=0.11s Sys=0.00s Real=0.02s
[2023-07-20T16:49:04.954+0700][gc,start      ] GC(19) Pause Young (Concurrent Start) (Metadata GC Threshold)
[2023-07-20T16:49:04.954+0700][gc,task       ] GC(19) Using 8 workers of 8 for evacuation
[2023-07-20T16:49:04.977+0700][gc,mmu        ] GC(19) MMU target violated: 21.0ms (20.0ms/21.0ms)
[2023-07-20T16:49:04.977+0700][gc,phases     ] GC(19)   Pre Evacuate Collection Set: 0.4ms
[2023-07-20T16:49:04.977+0700][gc,phases     ] GC(19)   Evacuate Collection Set: 22.3ms
[2023-07-20T16:49:04.977+0700][gc,phases     ] GC(19)   Post Evacuate Collection Set: 0.7ms
[2023-07-20T16:49:04.977+0700][gc,phases     ] GC(19)   Other: 0.3ms
[2023-07-20T16:49:04.977+0700][gc,heap       ] GC(19) Eden regions: 39->0(111)
[2023-07-20T16:49:04.977+0700][gc,heap       ] GC(19) Survivor regions: 25->15(28)
[2023-07-20T16:49:04.977+0700][gc,heap       ] GC(19) Old regions: 44->58
[2023-07-20T16:49:04.977+0700][gc,heap       ] GC(19) Humongous regions: 131->131
[2023-07-20T16:49:04.977+0700][gc,metaspace  ] GC(19) Metaspace: 95656K(100468K)->95656K(100468K) NonClass: 83233K(85748K)->83233K(85748K) Class: 12422K(14720K)->12422K(14720K)
[2023-07-20T16:49:04.977+0700][gc            ] GC(19) Pause Young (Concurrent Start) (Metadata GC Threshold) 237M->202M(1024M) 23.680ms
[2023-07-20T16:49:04.977+0700][gc,cpu        ] GC(19) User=0.13s Sys=0.00s Real=0.02s
[2023-07-20T16:49:04.977+0700][gc            ] GC(20) Concurrent Cycle
[2023-07-20T16:49:04.977+0700][gc,marking    ] GC(20) Concurrent Clear Claimed Marks
[2023-07-20T16:49:04.978+0700][gc,marking    ] GC(20) Concurrent Clear Claimed Marks 0.366ms
[2023-07-20T16:49:04.978+0700][gc,marking    ] GC(20) Concurrent Scan Root Regions
[2023-07-20T16:49:04.983+0700][gc,marking    ] GC(20) Concurrent Scan Root Regions 5.267ms
[2023-07-20T16:49:04.983+0700][gc,marking    ] GC(20) Concurrent Mark (68.505s)
[2023-07-20T16:49:04.983+0700][gc,marking    ] GC(20) Concurrent Mark From Roots
[2023-07-20T16:49:04.983+0700][gc,task       ] GC(20) Using 2 workers of 2 for marking
[2023-07-20T16:49:05.008+0700][gc,marking    ] GC(20) Concurrent Mark From Roots 24.597ms
[2023-07-20T16:49:05.008+0700][gc,marking    ] GC(20) Concurrent Preclean
[2023-07-20T16:49:05.008+0700][gc,marking    ] GC(20) Concurrent Preclean 0.159ms
[2023-07-20T16:49:05.008+0700][gc,marking    ] GC(20) Concurrent Mark (68.505s, 68.530s) 24.791ms
[2023-07-20T16:49:05.008+0700][gc,start      ] GC(20) Pause Remark
[2023-07-20T16:49:05.013+0700][gc,stringtable] GC(20) Cleaned string and symbol table, strings: 33369 processed, 0 removed, symbols: 234588 processed, 236 removed
[2023-07-20T16:49:05.014+0700][gc            ] GC(20) Pause Remark 205M->205M(1024M) 5.501ms
[2023-07-20T16:49:05.014+0700][gc,cpu        ] GC(20) User=0.02s Sys=0.01s Real=0.01s
[2023-07-20T16:49:05.014+0700][gc,marking    ] GC(20) Concurrent Rebuild Remembered Sets
[2023-07-20T16:49:05.030+0700][gc,marking    ] GC(20) Concurrent Rebuild Remembered Sets 16.193ms
[2023-07-20T16:49:05.031+0700][gc,start      ] GC(20) Pause Cleanup
[2023-07-20T16:49:05.031+0700][gc            ] GC(20) Pause Cleanup 208M->208M(1024M) 0.207ms
[2023-07-20T16:49:05.031+0700][gc,cpu        ] GC(20) User=0.00s Sys=0.00s Real=0.00s
[2023-07-20T16:49:05.036+0700][gc,marking    ] GC(20) Concurrent Cleanup for Next Mark
[2023-07-20T16:49:05.037+0700][gc,marking    ] GC(20) Concurrent Cleanup for Next Mark 0.839ms
[2023-07-20T16:49:05.037+0700][gc            ] GC(20) Concurrent Cycle 59.348ms
[2023-07-20T16:49:52.181+0700][gc,start      ] GC(21) Pause Young (Normal) (G1 Evacuation Pause)
[2023-07-20T16:49:52.181+0700][gc,task       ] GC(21) Using 8 workers of 8 for evacuation
[2023-07-20T16:49:52.193+0700][gc,phases     ] GC(21)   Pre Evacuate Collection Set: 0.0ms
[2023-07-20T16:49:52.193+0700][gc,phases     ] GC(21)   Evacuate Collection Set: 10.7ms
[2023-07-20T16:49:52.193+0700][gc,phases     ] GC(21)   Post Evacuate Collection Set: 1.0ms
[2023-07-20T16:49:52.193+0700][gc,phases     ] GC(21)   Other: 0.2ms
[2023-07-20T16:49:52.193+0700][gc,heap       ] GC(21) Eden regions: 36->0(209)
[2023-07-20T16:49:52.193+0700][gc,heap       ] GC(21) Survivor regions: 15->6(7)
[2023-07-20T16:49:52.193+0700][gc,heap       ] GC(21) Old regions: 58->69
[2023-07-20T16:49:52.193+0700][gc,heap       ] GC(21) Humongous regions: 131->131
[2023-07-20T16:49:52.193+0700][gc,metaspace  ] GC(21) Metaspace: 98182K(103668K)->98182K(103668K) NonClass: 85376K(88308K)->85376K(88308K) Class: 12806K(15360K)->12806K(15360K)
[2023-07-20T16:49:52.193+0700][gc            ] GC(21) Pause Young (Normal) (G1 Evacuation Pause) 238M->204M(1024M) 11.984ms
[2023-07-20T16:49:52.193+0700][gc,cpu        ] GC(21) User=0.08s Sys=0.01s Real=0.01s
[2023-07-20T16:57:36.895+0700][gc,start      ] GC(22) Pause Young (Normal) (G1 Evacuation Pause)
[2023-07-20T16:57:36.895+0700][gc,task       ] GC(22) Using 8 workers of 8 for evacuation
[2023-07-20T16:57:36.899+0700][gc,phases     ] GC(22)   Pre Evacuate Collection Set: 0.0ms
[2023-07-20T16:57:36.899+0700][gc,phases     ] GC(22)   Evacuate Collection Set: 3.6ms
[2023-07-20T16:57:36.899+0700][gc,phases     ] GC(22)   Post Evacuate Collection Set: 0.8ms
[2023-07-20T16:57:36.899+0700][gc,phases     ] GC(22)   Other: 0.2ms
[2023-07-20T16:57:36.899+0700][gc,heap       ] GC(22) Eden regions: 209->0(246)
[2023-07-20T16:57:36.899+0700][gc,heap       ] GC(22) Survivor regions: 6->9(27)
[2023-07-20T16:57:36.899+0700][gc,heap       ] GC(22) Old regions: 69->69
[2023-07-20T16:57:36.899+0700][gc,heap       ] GC(22) Humongous regions: 131->131
[2023-07-20T16:57:36.899+0700][gc,metaspace  ] GC(22) Metaspace: 100056K(105460K)->100056K(105460K) NonClass: 87210K(90100K)->87210K(90100K) Class: 12846K(15360K)->12846K(15360K)
[2023-07-20T16:57:36.899+0700][gc            ] GC(22) Pause Young (Normal) (G1 Evacuation Pause) 413M->207M(1024M) 4.569ms
[2023-07-20T16:57:36.899+0700][gc,cpu        ] GC(22) User=0.02s Sys=0.00s Real=0.00s
[2023-07-20T17:07:04.564+0700][gc,start      ] GC(23) Pause Young (Normal) (G1 Evacuation Pause)
[2023-07-20T17:07:04.564+0700][gc,task       ] GC(23) Using 8 workers of 8 for evacuation
[2023-07-20T17:07:04.570+0700][gc,phases     ] GC(23)   Pre Evacuate Collection Set: 0.0ms
[2023-07-20T17:07:04.570+0700][gc,phases     ] GC(23)   Evacuate Collection Set: 4.9ms
[2023-07-20T17:07:04.570+0700][gc,phases     ] GC(23)   Post Evacuate Collection Set: 0.7ms
[2023-07-20T17:07:04.570+0700][gc,phases     ] GC(23)   Other: 0.2ms
[2023-07-20T17:07:04.570+0700][gc,heap       ] GC(23) Eden regions: 246->0(274)
[2023-07-20T17:07:04.570+0700][gc,heap       ] GC(23) Survivor regions: 9->15(32)
[2023-07-20T17:07:04.570+0700][gc,heap       ] GC(23) Old regions: 69->69
[2023-07-20T17:07:04.570+0700][gc,heap       ] GC(23) Humongous regions: 131->131
[2023-07-20T17:07:04.570+0700][gc,metaspace  ] GC(23) Metaspace: 100819K(106228K)->100819K(106228K) NonClass: 87949K(90868K)->87949K(90868K) Class: 12869K(15360K)->12869K(15360K)
[2023-07-20T17:07:04.570+0700][gc            ] GC(23) Pause Young (Normal) (G1 Evacuation Pause) 453M->213M(1024M) 5.918ms
[2023-07-20T17:07:04.570+0700][gc,cpu        ] GC(23) User=0.03s Sys=0.02s Real=0.01s
[2023-07-20T17:18:02.210+0700][gc,start      ] GC(24) Pause Young (Normal) (G1 Evacuation Pause)
[2023-07-20T17:18:02.210+0700][gc,task       ] GC(24) Using 8 workers of 8 for evacuation
[2023-07-20T17:18:02.224+0700][gc,phases     ] GC(24)   Pre Evacuate Collection Set: 0.1ms
[2023-07-20T17:18:02.224+0700][gc,phases     ] GC(24)   Evacuate Collection Set: 12.7ms
[2023-07-20T17:18:02.224+0700][gc,phases     ] GC(24)   Post Evacuate Collection Set: 1.4ms
[2023-07-20T17:18:02.224+0700][gc,phases     ] GC(24)   Other: 0.2ms
[2023-07-20T17:18:02.224+0700][gc,heap       ] GC(24) Eden regions: 274->0(246)
[2023-07-20T17:18:02.224+0700][gc,heap       ] GC(24) Survivor regions: 15->18(37)
[2023-07-20T17:18:02.224+0700][gc,heap       ] GC(24) Old regions: 69->69
[2023-07-20T17:18:02.224+0700][gc,heap       ] GC(24) Humongous regions: 131->131
[2023-07-20T17:18:02.224+0700][gc,metaspace  ] GC(24) Metaspace: 101436K(107124K)->101436K(107124K) NonClass: 88518K(91636K)->88518K(91636K) Class: 12918K(15488K)->12918K(15488K)
[2023-07-20T17:18:02.224+0700][gc            ] GC(24) Pause Young (Normal) (G1 Evacuation Pause) 487M->216M(1024M) 14.531ms
[2023-07-20T17:18:02.224+0700][gc,cpu        ] GC(24) User=0.10s Sys=0.00s Real=0.02s
[2023-07-20T17:26:46.269+0700][gc,start      ] GC(25) Pause Young (Normal) (G1 Evacuation Pause)
[2023-07-20T17:26:46.270+0700][gc,task       ] GC(25) Using 8 workers of 8 for evacuation
[2023-07-20T17:26:46.303+0700][gc,mmu        ] GC(25) MMU target violated: 21.0ms (20.0ms/21.0ms)
[2023-07-20T17:26:46.303+0700][gc,phases     ] GC(25)   Pre Evacuate Collection Set: 2.1ms
[2023-07-20T17:26:46.303+0700][gc,phases     ] GC(25)   Evacuate Collection Set: 28.7ms
[2023-07-20T17:26:46.303+0700][gc,phases     ] GC(25)   Post Evacuate Collection Set: 2.1ms
[2023-07-20T17:26:46.303+0700][gc,phases     ] GC(25)   Other: 1.9ms
[2023-07-20T17:26:46.303+0700][gc,heap       ] GC(25) Eden regions: 246->0(127)
[2023-07-20T17:26:46.303+0700][gc,heap       ] GC(25) Survivor regions: 18->22(33)
[2023-07-20T17:26:46.303+0700][gc,heap       ] GC(25) Old regions: 69->72
[2023-07-20T17:26:46.303+0700][gc,heap       ] GC(25) Humongous regions: 131->131
[2023-07-20T17:26:46.303+0700][gc,metaspace  ] GC(25) Metaspace: 102857K(108660K)->102857K(108660K) NonClass: 89789K(92916K)->89789K(92916K) Class: 13068K(15744K)->13068K(15744K)
[2023-07-20T17:26:46.303+0700][gc            ] GC(25) Pause Young (Normal) (G1 Evacuation Pause) 462M->222M(1024M) 34.806ms
[2023-07-20T17:26:46.303+0700][gc,cpu        ] GC(25) User=0.12s Sys=0.04s Real=0.04s
[2023-07-20T17:30:27.425+0700][gc,start      ] GC(26) Pause Young (Normal) (G1 Evacuation Pause)
[2023-07-20T17:30:27.426+0700][gc,task       ] GC(26) Using 8 workers of 8 for evacuation
[2023-07-20T17:30:27.450+0700][gc,mmu        ] GC(26) MMU target violated: 21.0ms (20.0ms/21.0ms)
[2023-07-20T17:30:27.450+0700][gc,phases     ] GC(26)   Pre Evacuate Collection Set: 0.2ms
[2023-07-20T17:30:27.450+0700][gc,phases     ] GC(26)   Evacuate Collection Set: 22.9ms
[2023-07-20T17:30:27.450+0700][gc,phases     ] GC(26)   Post Evacuate Collection Set: 1.0ms
[2023-07-20T17:30:27.450+0700][gc,phases     ] GC(26)   Other: 1.3ms
[2023-07-20T17:30:27.450+0700][gc,heap       ] GC(26) Eden regions: 127->0(177)
[2023-07-20T17:30:27.450+0700][gc,heap       ] GC(26) Survivor regions: 22->13(19)
[2023-07-20T17:30:27.450+0700][gc,heap       ] GC(26) Old regions: 72->86
[2023-07-20T17:30:27.450+0700][gc,heap       ] GC(26) Humongous regions: 131->131
[2023-07-20T17:30:27.450+0700][gc,metaspace  ] GC(26) Metaspace: 102999K(108916K)->102999K(108916K) NonClass: 89921K(93172K)->89921K(93172K) Class: 13077K(15744K)->13077K(15744K)
[2023-07-20T17:30:27.452+0700][gc            ] GC(26) Pause Young (Normal) (G1 Evacuation Pause) 349M->228M(1024M) 25.487ms
[2023-07-20T17:30:27.452+0700][gc,cpu        ] GC(26) User=0.13s Sys=0.03s Real=0.03s
[2023-07-20T17:35:47.102+0700][gc,start      ] GC(27) Pause Young (Normal) (G1 Evacuation Pause)
[2023-07-20T17:35:47.102+0700][gc,task       ] GC(27) Using 8 workers of 8 for evacuation
[2023-07-20T17:35:47.115+0700][gc,phases     ] GC(27)   Pre Evacuate Collection Set: 0.2ms
[2023-07-20T17:35:47.115+0700][gc,phases     ] GC(27)   Evacuate Collection Set: 12.1ms
[2023-07-20T17:35:47.115+0700][gc,phases     ] GC(27)   Post Evacuate Collection Set: 0.6ms
[2023-07-20T17:35:47.115+0700][gc,phases     ] GC(27)   Other: 0.5ms
[2023-07-20T17:35:47.115+0700][gc,heap       ] GC(27) Eden regions: 177->0(182)
[2023-07-20T17:35:47.115+0700][gc,heap       ] GC(27) Survivor regions: 13->18(24)
[2023-07-20T17:35:47.115+0700][gc,heap       ] GC(27) Old regions: 86->86
[2023-07-20T17:35:47.115+0700][gc,heap       ] GC(27) Humongous regions: 131->131
[2023-07-20T17:35:47.115+0700][gc,metaspace  ] GC(27) Metaspace: 103124K(108916K)->103124K(108916K) NonClass: 90046K(93172K)->90046K(93172K) Class: 13077K(15744K)->13077K(15744K)
[2023-07-20T17:35:47.115+0700][gc            ] GC(27) Pause Young (Normal) (G1 Evacuation Pause) 405M->233M(1024M) 13.394ms
[2023-07-20T17:35:47.115+0700][gc,cpu        ] GC(27) User=0.09s Sys=0.00s Real=0.01s
[2023-07-20T17:41:00.105+0700][gc,start      ] GC(28) Pause Young (Normal) (G1 Evacuation Pause)
[2023-07-20T17:41:00.105+0700][gc,task       ] GC(28) Using 8 workers of 8 for evacuation
[2023-07-20T17:41:00.139+0700][gc,mmu        ] GC(28) MMU target violated: 21.0ms (20.0ms/21.0ms)
[2023-07-20T17:41:00.139+0700][gc,phases     ] GC(28)   Pre Evacuate Collection Set: 0.2ms
[2023-07-20T17:41:00.139+0700][gc,phases     ] GC(28)   Evacuate Collection Set: 33.0ms
[2023-07-20T17:41:00.139+0700][gc,phases     ] GC(28)   Post Evacuate Collection Set: 0.6ms
[2023-07-20T17:41:00.139+0700][gc,phases     ] GC(28)   Other: 0.3ms
[2023-07-20T17:41:00.139+0700][gc,heap       ] GC(28) Eden regions: 182->0(176)
[2023-07-20T17:41:00.139+0700][gc,heap       ] GC(28) Survivor regions: 18->18(25)
[2023-07-20T17:41:00.139+0700][gc,heap       ] GC(28) Old regions: 86->92
[2023-07-20T17:41:00.139+0700][gc,heap       ] GC(28) Humongous regions: 131->131
[2023-07-20T17:41:00.139+0700][gc,metaspace  ] GC(28) Metaspace: 103200K(108916K)->103200K(108916K) NonClass: 90121K(93172K)->90121K(93172K) Class: 13078K(15744K)->13078K(15744K)
[2023-07-20T17:41:00.139+0700][gc            ] GC(28) Pause Young (Normal) (G1 Evacuation Pause) 415M->239M(1024M) 34.397ms
[2023-07-20T17:41:00.140+0700][gc,cpu        ] GC(28) User=0.09s Sys=0.00s Real=0.04s
[2023-07-20T17:46:04.840+0700][gc,start      ] GC(29) Pause Young (Normal) (G1 Evacuation Pause)
[2023-07-20T17:46:04.840+0700][gc,task       ] GC(29) Using 8 workers of 8 for evacuation
[2023-07-20T17:46:04.853+0700][gc,phases     ] GC(29)   Pre Evacuate Collection Set: 0.1ms
[2023-07-20T17:46:04.853+0700][gc,phases     ] GC(29)   Evacuate Collection Set: 11.9ms
[2023-07-20T17:46:04.853+0700][gc,phases     ] GC(29)   Post Evacuate Collection Set: 0.9ms
[2023-07-20T17:46:04.853+0700][gc,phases     ] GC(29)   Other: 0.3ms
[2023-07-20T17:46:04.854+0700][gc,heap       ] GC(29) Eden regions: 176->0(190)
[2023-07-20T17:46:04.854+0700][gc,heap       ] GC(29) Survivor regions: 18->14(25)
[2023-07-20T17:46:04.854+0700][gc,heap       ] GC(29) Old regions: 92->103
[2023-07-20T17:46:04.854+0700][gc,heap       ] GC(29) Humongous regions: 131->131
[2023-07-20T17:46:04.854+0700][gc,metaspace  ] GC(29) Metaspace: 103345K(109172K)->103345K(109172K) NonClass: 90266K(93428K)->90266K(93428K) Class: 13078K(15744K)->13078K(15744K)
[2023-07-20T17:46:04.854+0700][gc            ] GC(29) Pause Young (Normal) (G1 Evacuation Pause) 415M->245M(1024M) 13.333ms
[2023-07-20T17:46:04.854+0700][gc,cpu        ] GC(29) User=0.08s Sys=0.01s Real=0.01s
[2023-07-20T17:52:00.107+0700][gc,start      ] GC(30) Pause Young (Normal) (G1 Evacuation Pause)
[2023-07-20T17:52:00.107+0700][gc,task       ] GC(30) Using 8 workers of 8 for evacuation
[2023-07-20T17:52:00.165+0700][gc,mmu        ] GC(30) MMU target violated: 21.0ms (20.0ms/21.0ms)
[2023-07-20T17:52:00.165+0700][gc,phases     ] GC(30)   Pre Evacuate Collection Set: 0.1ms
[2023-07-20T17:52:00.165+0700][gc,phases     ] GC(30)   Evacuate Collection Set: 57.1ms
[2023-07-20T17:52:00.165+0700][gc,phases     ] GC(30)   Post Evacuate Collection Set: 0.6ms
[2023-07-20T17:52:00.165+0700][gc,phases     ] GC(30)   Other: 0.4ms
[2023-07-20T17:52:00.165+0700][gc,heap       ] GC(30) Eden regions: 190->0(126)
[2023-07-20T17:52:00.165+0700][gc,heap       ] GC(30) Survivor regions: 14->22(26)
[2023-07-20T17:52:00.165+0700][gc,heap       ] GC(30) Old regions: 103->103
[2023-07-20T17:52:00.165+0700][gc,heap       ] GC(30) Humongous regions: 131->131
[2023-07-20T17:52:00.165+0700][gc,metaspace  ] GC(30) Metaspace: 103567K(109428K)->103567K(109428K) NonClass: 90482K(93684K)->90482K(93684K) Class: 13084K(15744K)->13084K(15744K)
[2023-07-20T17:52:00.165+0700][gc            ] GC(30) Pause Young (Normal) (G1 Evacuation Pause) 435M->253M(1024M) 58.260ms
[2023-07-20T17:52:00.165+0700][gc,cpu        ] GC(30) User=0.11s Sys=0.00s Real=0.06s
[2023-07-20T17:54:08.060+0700][gc,start      ] GC(31) Pause Young (Normal) (G1 Evacuation Pause)
[2023-07-20T17:54:08.060+0700][gc,task       ] GC(31) Using 8 workers of 8 for evacuation
[2023-07-20T17:54:08.073+0700][gc,phases     ] GC(31)   Pre Evacuate Collection Set: 0.1ms
[2023-07-20T17:54:08.073+0700][gc,phases     ] GC(31)   Evacuate Collection Set: 13.0ms
[2023-07-20T17:54:08.073+0700][gc,phases     ] GC(31)   Post Evacuate Collection Set: 0.6ms
[2023-07-20T17:54:08.073+0700][gc,phases     ] GC(31)   Other: 0.2ms
[2023-07-20T17:54:08.074+0700][gc,heap       ] GC(31) Eden regions: 78->0(214)
[2023-07-20T17:54:08.074+0700][gc,heap       ] GC(31) Survivor regions: 22->4(13)
[2023-07-20T17:54:08.074+0700][gc,heap       ] GC(31) Old regions: 103->120
[2023-07-20T17:54:08.074+0700][gc,heap       ] GC(31) Humongous regions: 131->131
[2023-07-20T17:54:08.074+0700][gc,metaspace  ] GC(31) Metaspace: 103596K(109428K)->103596K(109428K) NonClass: 90512K(93684K)->90512K(93684K) Class: 13084K(15744K)->13084K(15744K)
[2023-07-20T17:54:08.074+0700][gc            ] GC(31) Pause Young (Normal) (G1 Evacuation Pause) 331M->253M(1024M) 13.819ms
[2023-07-20T17:54:08.074+0700][gc,cpu        ] GC(31) User=0.09s Sys=0.00s Real=0.02s
[2023-07-20T18:00:45.243+0700][gc,start      ] GC(32) Pause Young (Normal) (G1 Evacuation Pause)
[2023-07-20T18:00:45.243+0700][gc,task       ] GC(32) Using 8 workers of 8 for evacuation
[2023-07-20T18:00:45.249+0700][gc,phases     ] GC(32)   Pre Evacuate Collection Set: 0.1ms
[2023-07-20T18:00:45.249+0700][gc,phases     ] GC(32)   Evacuate Collection Set: 5.2ms
[2023-07-20T18:00:45.249+0700][gc,phases     ] GC(32)   Post Evacuate Collection Set: 0.7ms
[2023-07-20T18:00:45.249+0700][gc,phases     ] GC(32)   Other: 0.2ms
[2023-07-20T18:00:45.249+0700][gc,heap       ] GC(32) Eden regions: 214->0(219)
[2023-07-20T18:00:45.249+0700][gc,heap       ] GC(32) Survivor regions: 4->10(28)
[2023-07-20T18:00:45.249+0700][gc,heap       ] GC(32) Old regions: 120->120
[2023-07-20T18:00:45.249+0700][gc,heap       ] GC(32) Humongous regions: 131->131
[2023-07-20T18:00:45.249+0700][gc,metaspace  ] GC(32) Metaspace: 103658K(109428K)->103658K(109428K) NonClass: 90573K(93684K)->90573K(93684K) Class: 13084K(15744K)->13084K(15744K)
[2023-07-20T18:00:45.249+0700][gc            ] GC(32) Pause Young (Normal) (G1 Evacuation Pause) 467M->259M(1024M) 6.280ms
[2023-07-20T18:00:45.249+0700][gc,cpu        ] GC(32) User=0.04s Sys=0.00s Real=0.00s
[2023-07-20T18:07:04.557+0700][gc,start      ] GC(33) Pause Young (Normal) (G1 Evacuation Pause)
[2023-07-20T18:07:04.557+0700][gc,task       ] GC(33) Using 8 workers of 8 for evacuation
[2023-07-20T18:07:04.566+0700][gc,phases     ] GC(33)   Pre Evacuate Collection Set: 0.1ms
[2023-07-20T18:07:04.566+0700][gc,phases     ] GC(33)   Evacuate Collection Set: 8.2ms
[2023-07-20T18:07:04.566+0700][gc,phases     ] GC(33)   Post Evacuate Collection Set: 0.8ms
[2023-07-20T18:07:04.566+0700][gc,phases     ] GC(33)   Other: 0.2ms
[2023-07-20T18:07:04.566+0700][gc,heap       ] GC(33) Eden regions: 219->0(223)
[2023-07-20T18:07:04.566+0700][gc,heap       ] GC(33) Survivor regions: 10->18(29)
[2023-07-20T18:07:04.566+0700][gc,heap       ] GC(33) Old regions: 120->120
[2023-07-20T18:07:04.566+0700][gc,heap       ] GC(33) Humongous regions: 131->131
[2023-07-20T18:07:04.566+0700][gc,metaspace  ] GC(33) Metaspace: 103685K(109684K)->103685K(109684K) NonClass: 90601K(93940K)->90601K(93940K) Class: 13084K(15744K)->13084K(15744K)
[2023-07-20T18:07:04.566+0700][gc            ] GC(33) Pause Young (Normal) (G1 Evacuation Pause) 478M->267M(1024M) 9.407ms
[2023-07-20T18:07:04.566+0700][gc,cpu        ] GC(33) User=0.06s Sys=0.00s Real=0.01s
[2023-07-20T18:13:45.067+0700][gc,start      ] GC(34) Pause Young (Normal) (G1 Evacuation Pause)
[2023-07-20T18:13:45.067+0700][gc,task       ] GC(34) Using 8 workers of 8 for evacuation
[2023-07-20T18:13:45.080+0700][gc,phases     ] GC(34)   Pre Evacuate Collection Set: 0.1ms
[2023-07-20T18:13:45.080+0700][gc,phases     ] GC(34)   Evacuate Collection Set: 12.3ms
[2023-07-20T18:13:45.080+0700][gc,phases     ] GC(34)   Post Evacuate Collection Set: 0.7ms
[2023-07-20T18:13:45.080+0700][gc,phases     ] GC(34)   Other: 0.2ms
[2023-07-20T18:13:45.080+0700][gc,heap       ] GC(34) Eden regions: 223->0(231)
[2023-07-20T18:13:45.080+0700][gc,heap       ] GC(34) Survivor regions: 18->16(31)
[2023-07-20T18:13:45.080+0700][gc,heap       ] GC(34) Old regions: 120->129
[2023-07-20T18:13:45.080+0700][gc,heap       ] GC(34) Humongous regions: 131->131
[2023-07-20T18:13:45.080+0700][gc,metaspace  ] GC(34) Metaspace: 103741K(109684K)->103741K(109684K) NonClass: 90656K(93940K)->90656K(93940K) Class: 13084K(15744K)->13084K(15744K)
[2023-07-20T18:13:45.080+0700][gc            ] GC(34) Pause Young (Normal) (G1 Evacuation Pause) 490M->273M(1024M) 13.366ms
[2023-07-20T18:13:45.080+0700][gc,cpu        ] GC(34) User=0.09s Sys=0.00s Real=0.02s
[2023-07-20T18:21:00.081+0700][gc,start      ] GC(35) Pause Young (Normal) (G1 Evacuation Pause)
[2023-07-20T18:21:00.081+0700][gc,task       ] GC(35) Using 8 workers of 8 for evacuation
[2023-07-20T18:21:00.106+0700][gc,mmu        ] GC(35) MMU target violated: 21.0ms (20.0ms/21.0ms)
[2023-07-20T18:21:00.106+0700][gc,phases     ] GC(35)   Pre Evacuate Collection Set: 0.1ms
[2023-07-20T18:21:00.106+0700][gc,phases     ] GC(35)   Evacuate Collection Set: 24.3ms
[2023-07-20T18:21:00.106+0700][gc,phases     ] GC(35)   Post Evacuate Collection Set: 0.5ms
[2023-07-20T18:21:00.106+0700][gc,phases     ] GC(35)   Other: 0.3ms
[2023-07-20T18:21:00.106+0700][gc,heap       ] GC(35) Eden regions: 231->0(187)
[2023-07-20T18:21:00.106+0700][gc,heap       ] GC(35) Survivor regions: 16->25(31)
[2023-07-20T18:21:00.106+0700][gc,heap       ] GC(35) Old regions: 129->129
[2023-07-20T18:21:00.106+0700][gc,heap       ] GC(35) Humongous regions: 131->131
[2023-07-20T18:21:00.106+0700][gc,metaspace  ] GC(35) Metaspace: 103818K(109684K)->103818K(109684K) NonClass: 90733K(93940K)->90733K(93940K) Class: 13084K(15744K)->13084K(15744K)
[2023-07-20T18:21:00.106+0700][gc            ] GC(35) Pause Young (Normal) (G1 Evacuation Pause) 504M->282M(1024M) 25.149ms
[2023-07-20T18:21:00.106+0700][gc,cpu        ] GC(35) User=0.10s Sys=0.00s Real=0.03s
[2023-07-20T18:26:47.556+0700][gc,start      ] GC(36) Pause Young (Normal) (G1 Evacuation Pause)
[2023-07-20T18:26:47.556+0700][gc,task       ] GC(36) Using 8 workers of 8 for evacuation
[2023-07-20T18:26:47.585+0700][gc,mmu        ] GC(36) MMU target violated: 21.0ms (20.0ms/21.0ms)
[2023-07-20T18:26:47.585+0700][gc,phases     ] GC(36)   Pre Evacuate Collection Set: 0.0ms
[2023-07-20T18:26:47.585+0700][gc,phases     ] GC(36)   Evacuate Collection Set: 28.3ms
[2023-07-20T18:26:47.585+0700][gc,phases     ] GC(36)   Post Evacuate Collection Set: 0.6ms
[2023-07-20T18:26:47.585+0700][gc,phases     ] GC(36)   Other: 0.2ms
[2023-07-20T18:26:47.585+0700][gc,heap       ] GC(36) Eden regions: 187->0(205)
[2023-07-20T18:26:47.585+0700][gc,heap       ] GC(36) Survivor regions: 25->18(27)
[2023-07-20T18:26:47.585+0700][gc,heap       ] GC(36) Old regions: 129->143
[2023-07-20T18:26:47.585+0700][gc,heap       ] GC(36) Humongous regions: 131->131
[2023-07-20T18:26:47.585+0700][gc,metaspace  ] GC(36) Metaspace: 103906K(109684K)->103906K(109684K) NonClass: 90821K(93940K)->90821K(93940K) Class: 13085K(15744K)->13085K(15744K)
[2023-07-20T18:26:47.585+0700][gc            ] GC(36) Pause Young (Normal) (G1 Evacuation Pause) 469M->290M(1024M) 29.104ms
[2023-07-20T18:26:47.585+0700][gc,cpu        ] GC(36) User=0.19s Sys=0.00s Real=0.03s
[2023-07-20T18:32:58.577+0700][gc,start      ] GC(37) Pause Young (Normal) (G1 Evacuation Pause)
[2023-07-20T18:32:58.577+0700][gc,task       ] GC(37) Using 8 workers of 8 for evacuation
[2023-07-20T18:32:58.593+0700][gc,phases     ] GC(37)   Pre Evacuate Collection Set: 0.0ms
[2023-07-20T18:32:58.593+0700][gc,phases     ] GC(37)   Evacuate Collection Set: 15.4ms
[2023-07-20T18:32:58.593+0700][gc,phases     ] GC(37)   Post Evacuate Collection Set: 0.7ms
[2023-07-20T18:32:58.593+0700][gc,phases     ] GC(37)   Other: 0.2ms
[2023-07-20T18:32:58.593+0700][gc,heap       ] GC(37) Eden regions: 205->0(227)
[2023-07-20T18:32:58.593+0700][gc,heap       ] GC(37) Survivor regions: 18->16(28)
[2023-07-20T18:32:58.593+0700][gc,heap       ] GC(37) Old regions: 143->152
[2023-07-20T18:32:58.593+0700][gc,heap       ] GC(37) Humongous regions: 131->131
[2023-07-20T18:32:58.593+0700][gc,metaspace  ] GC(37) Metaspace: 103956K(109940K)->103956K(109940K) NonClass: 90871K(94196K)->90871K(94196K) Class: 13085K(15744K)->13085K(15744K)
[2023-07-20T18:32:58.593+0700][gc            ] GC(37) Pause Young (Normal) (G1 Evacuation Pause) 495M->297M(1024M) 16.253ms
[2023-07-20T18:32:58.594+0700][gc,cpu        ] GC(37) User=0.11s Sys=0.00s Real=0.02s
[2023-07-20T18:39:46.954+0700][gc,start      ] GC(38) Pause Young (Normal) (G1 Evacuation Pause)
[2023-07-20T18:39:46.954+0700][gc,task       ] GC(38) Using 8 workers of 8 for evacuation
[2023-07-20T18:39:46.964+0700][gc,phases     ] GC(38)   Pre Evacuate Collection Set: 0.1ms
[2023-07-20T18:39:46.964+0700][gc,phases     ] GC(38)   Evacuate Collection Set: 9.2ms
[2023-07-20T18:39:46.964+0700][gc,phases     ] GC(38)   Post Evacuate Collection Set: 0.8ms
[2023-07-20T18:39:46.964+0700][gc,phases     ] GC(38)   Other: 0.2ms
[2023-07-20T18:39:46.964+0700][gc,heap       ] GC(38) Eden regions: 227->0(234)
[2023-07-20T18:39:46.964+0700][gc,heap       ] GC(38) Survivor regions: 16->24(31)
[2023-07-20T18:39:46.964+0700][gc,heap       ] GC(38) Old regions: 152->152
[2023-07-20T18:39:46.964+0700][gc,heap       ] GC(38) Humongous regions: 131->131
[2023-07-20T18:39:46.964+0700][gc,metaspace  ] GC(38) Metaspace: 104010K(109940K)->104010K(109940K) NonClass: 90925K(94196K)->90925K(94196K) Class: 13085K(15744K)->13085K(15744K)
[2023-07-20T18:39:46.964+0700][gc            ] GC(38) Pause Young (Normal) (G1 Evacuation Pause) 524M->305M(1024M) 10.379ms
[2023-07-20T18:39:46.964+0700][gc,cpu        ] GC(38) User=0.07s Sys=0.00s Real=0.01s
[2023-07-20T18:46:20.682+0700][gc,start      ] GC(39) Pause Young (Normal) (G1 Evacuation Pause)
[2023-07-20T18:46:20.682+0700][gc,task       ] GC(39) Using 8 workers of 8 for evacuation
[2023-07-20T18:46:20.717+0700][gc,mmu        ] GC(39) MMU target violated: 21.0ms (20.0ms/21.0ms)
[2023-07-20T18:46:20.717+0700][gc,phases     ] GC(39)   Pre Evacuate Collection Set: 0.1ms
[2023-07-20T18:46:20.717+0700][gc,phases     ] GC(39)   Evacuate Collection Set: 28.8ms
[2023-07-20T18:46:20.717+0700][gc,phases     ] GC(39)   Post Evacuate Collection Set: 0.5ms
[2023-07-20T18:46:20.717+0700][gc,phases     ] GC(39)   Other: 5.1ms
[2023-07-20T18:46:20.717+0700][gc,heap       ] GC(39) Eden regions: 234->0(69)
[2023-07-20T18:46:20.717+0700][gc,heap       ] GC(39) Survivor regions: 24->26(33)
[2023-07-20T18:46:20.717+0700][gc,heap       ] GC(39) Old regions: 152->159
[2023-07-20T18:46:20.717+0700][gc,heap       ] GC(39) Humongous regions: 131->131
[2023-07-20T18:46:20.717+0700][gc,metaspace  ] GC(39) Metaspace: 104058K(109940K)->104058K(109940K) NonClass: 90972K(94196K)->90972K(94196K) Class: 13085K(15744K)->13085K(15744K)
[2023-07-20T18:46:20.717+0700][gc            ] GC(39) Pause Young (Normal) (G1 Evacuation Pause) 539M->313M(1024M) 34.442ms
[2023-07-20T18:46:20.717+0700][gc,cpu        ] GC(39) User=0.10s Sys=0.00s Real=0.03s
[2023-07-20T18:48:27.085+0700][gc,start      ] GC(40) Pause Young (Normal) (G1 Evacuation Pause)
[2023-07-20T18:48:27.085+0700][gc,task       ] GC(40) Using 8 workers of 8 for evacuation
[2023-07-20T18:48:27.100+0700][gc,phases     ] GC(40)   Pre Evacuate Collection Set: 0.0ms
[2023-07-20T18:48:27.100+0700][gc,phases     ] GC(40)   Evacuate Collection Set: 14.8ms
[2023-07-20T18:48:27.100+0700][gc,phases     ] GC(40)   Post Evacuate Collection Set: 0.7ms
[2023-07-20T18:48:27.100+0700][gc,phases     ] GC(40)   Other: 0.2ms
[2023-07-20T18:48:27.100+0700][gc,heap       ] GC(40) Eden regions: 69->0(221)
[2023-07-20T18:48:27.100+0700][gc,heap       ] GC(40) Survivor regions: 26->11(12)
[2023-07-20T18:48:27.100+0700][gc,heap       ] GC(40) Old regions: 159->181
[2023-07-20T18:48:27.100+0700][gc,heap       ] GC(40) Humongous regions: 131->131
[2023-07-20T18:48:27.100+0700][gc,metaspace  ] GC(40) Metaspace: 104064K(109940K)->104064K(109940K) NonClass: 90979K(94196K)->90979K(94196K) Class: 13085K(15744K)->13085K(15744K)
[2023-07-20T18:48:27.100+0700][gc            ] GC(40) Pause Young (Normal) (G1 Evacuation Pause) 382M->321M(1024M) 15.712ms
[2023-07-20T18:48:27.100+0700][gc,cpu        ] GC(40) User=0.06s Sys=0.04s Real=0.02s
[2023-07-20T18:55:00.079+0700][gc,start      ] GC(41) Pause Young (Normal) (G1 Evacuation Pause)
[2023-07-20T18:55:00.079+0700][gc,task       ] GC(41) Using 8 workers of 8 for evacuation
[2023-07-20T18:55:00.087+0700][gc,phases     ] GC(41)   Pre Evacuate Collection Set: 0.1ms
[2023-07-20T18:55:00.087+0700][gc,phases     ] GC(41)   Evacuate Collection Set: 6.8ms
[2023-07-20T18:55:00.087+0700][gc,phases     ] GC(41)   Post Evacuate Collection Set: 0.5ms
[2023-07-20T18:55:00.087+0700][gc,phases     ] GC(41)   Other: 0.2ms
[2023-07-20T18:55:00.087+0700][gc,heap       ] GC(41) Eden regions: 221->0(266)
[2023-07-20T18:55:00.087+0700][gc,heap       ] GC(41) Survivor regions: 11->11(29)
[2023-07-20T18:55:00.087+0700][gc,heap       ] GC(41) Old regions: 181->181
[2023-07-20T18:55:00.087+0700][gc,heap       ] GC(41) Humongous regions: 131->131
[2023-07-20T18:55:00.087+0700][gc,metaspace  ] GC(41) Metaspace: 104104K(109940K)->104104K(109940K) NonClass: 91019K(94196K)->91019K(94196K) Class: 13085K(15744K)->13085K(15744K)
[2023-07-20T18:55:00.087+0700][gc            ] GC(41) Pause Young (Normal) (G1 Evacuation Pause) 542M->321M(1024M) 7.704ms
[2023-07-20T18:55:00.087+0700][gc,cpu        ] GC(41) User=0.04s Sys=0.00s Real=0.00s
[2023-07-20T19:02:50.960+0700][gc,start      ] GC(42) Pause Young (Normal) (G1 Evacuation Pause)
[2023-07-20T19:02:50.960+0700][gc,task       ] GC(42) Using 8 workers of 8 for evacuation
[2023-07-20T19:02:50.973+0700][gc,phases     ] GC(42)   Pre Evacuate Collection Set: 0.1ms
[2023-07-20T19:02:50.973+0700][gc,phases     ] GC(42)   Evacuate Collection Set: 12.0ms
[2023-07-20T19:02:50.973+0700][gc,phases     ] GC(42)   Post Evacuate Collection Set: 0.5ms
[2023-07-20T19:02:50.973+0700][gc,phases     ] GC(42)   Other: 0.2ms
[2023-07-20T19:02:50.973+0700][gc,heap       ] GC(42) Eden regions: 265->0(241)
[2023-07-20T19:02:50.973+0700][gc,heap       ] GC(42) Survivor regions: 11->11(35)
[2023-07-20T19:02:50.973+0700][gc,heap       ] GC(42) Old regions: 181->181
[2023-07-20T19:02:50.973+0700][gc,heap       ] GC(42) Humongous regions: 131->131
[2023-07-20T19:02:50.973+0700][gc,metaspace  ] GC(42) Metaspace: 104212K(110196K)->104212K(110196K) NonClass: 91127K(94452K)->91127K(94452K) Class: 13085K(15744K)->13085K(15744K)
[2023-07-20T19:02:50.973+0700][gc            ] GC(42) Pause Young (Normal) (G1 Evacuation Pause) 586M->320M(1024M) 12.853ms
[2023-07-20T19:02:50.973+0700][gc,cpu        ] GC(42) User=0.01s Sys=0.04s Real=0.01s
[2023-07-20T19:10:04.526+0700][gc,start      ] GC(43) Pause Young (Normal) (G1 Evacuation Pause)
[2023-07-20T19:10:04.526+0700][gc,task       ] GC(43) Using 8 workers of 8 for evacuation
[2023-07-20T19:10:04.536+0700][gc,phases     ] GC(43)   Pre Evacuate Collection Set: 0.1ms
[2023-07-20T19:10:04.536+0700][gc,phases     ] GC(43)   Evacuate Collection Set: 9.0ms
[2023-07-20T19:10:04.536+0700][gc,phases     ] GC(43)   Post Evacuate Collection Set: 0.5ms
[2023-07-20T19:10:04.536+0700][gc,phases     ] GC(43)   Other: 0.2ms
[2023-07-20T19:10:04.536+0700][gc,heap       ] GC(43) Eden regions: 240->0(289)
[2023-07-20T19:10:04.536+0700][gc,heap       ] GC(43) Survivor regions: 11->11(32)
[2023-07-20T19:10:04.536+0700][gc,heap       ] GC(43) Old regions: 181->181
[2023-07-20T19:10:04.536+0700][gc,heap       ] GC(43) Humongous regions: 131->131
[2023-07-20T19:10:04.536+0700][gc,metaspace  ] GC(43) Metaspace: 104276K(110196K)->104276K(110196K) NonClass: 91187K(94452K)->91187K(94452K) Class: 13088K(15744K)->13088K(15744K)
[2023-07-20T19:10:04.536+0700][gc            ] GC(43) Pause Young (Normal) (G1 Evacuation Pause) 560M->321M(1024M) 9.889ms
[2023-07-20T19:10:04.536+0700][gc,cpu        ] GC(43) User=0.05s Sys=0.02s Real=0.01s
[2023-07-20T19:19:04.417+0700][gc,start      ] GC(44) Pause Young (Normal) (G1 Evacuation Pause)
[2023-07-20T19:19:04.417+0700][gc,task       ] GC(44) Using 8 workers of 8 for evacuation
[2023-07-20T19:19:04.432+0700][gc,phases     ] GC(44)   Pre Evacuate Collection Set: 0.2ms
[2023-07-20T19:19:04.432+0700][gc,phases     ] GC(44)   Evacuate Collection Set: 13.5ms
[2023-07-20T19:19:04.432+0700][gc,phases     ] GC(44)   Post Evacuate Collection Set: 0.9ms
[2023-07-20T19:19:04.432+0700][gc,phases     ] GC(44)   Other: 0.2ms
[2023-07-20T19:19:04.432+0700][gc,heap       ] GC(44) Eden regions: 286->0(276)
[2023-07-20T19:19:04.432+0700][gc,heap       ] GC(44) Survivor regions: 11->11(38)
[2023-07-20T19:19:04.432+0700][gc,heap       ] GC(44) Old regions: 181->181
[2023-07-20T19:19:04.432+0700][gc,heap       ] GC(44) Humongous regions: 131->131
[2023-07-20T19:19:04.432+0700][gc,metaspace  ] GC(44) Metaspace: 105408K(111732K)->105408K(111732K) NonClass: 91978K(95476K)->91978K(95476K) Class: 13429K(16256K)->13429K(16256K)
[2023-07-20T19:19:04.432+0700][gc            ] GC(44) Pause Young (Normal) (G1 Evacuation Pause) 607M->321M(1024M) 14.784ms
[2023-07-20T19:19:04.432+0700][gc,cpu        ] GC(44) User=0.10s Sys=0.01s Real=0.01s
[2023-07-20T19:27:48.749+0700][gc,start      ] GC(45) Pause Young (Normal) (G1 Evacuation Pause)
[2023-07-20T19:27:48.749+0700][gc,task       ] GC(45) Using 8 workers of 8 for evacuation
[2023-07-20T19:27:48.758+0700][gc,phases     ] GC(45)   Pre Evacuate Collection Set: 0.1ms
[2023-07-20T19:27:48.758+0700][gc,phases     ] GC(45)   Evacuate Collection Set: 7.6ms
[2023-07-20T19:27:48.758+0700][gc,phases     ] GC(45)   Post Evacuate Collection Set: 0.6ms
[2023-07-20T19:27:48.758+0700][gc,phases     ] GC(45)   Other: 0.2ms
[2023-07-20T19:27:48.758+0700][gc,heap       ] GC(45) Eden regions: 267->0(299)
[2023-07-20T19:27:48.758+0700][gc,heap       ] GC(45) Survivor regions: 11->12(35)
[2023-07-20T19:27:48.758+0700][gc,heap       ] GC(45) Old regions: 181->181
[2023-07-20T19:27:48.758+0700][gc,heap       ] GC(45) Humongous regions: 131->131
[2023-07-20T19:27:48.758+0700][gc,metaspace  ] GC(45) Metaspace: 105444K(111732K)->105444K(111732K) NonClass: 92015K(95476K)->92015K(95476K) Class: 13429K(16256K)->13429K(16256K)
[2023-07-20T19:27:48.758+0700][gc            ] GC(45) Pause Young (Normal) (G1 Evacuation Pause) 588M->321M(1024M) 8.650ms
[2023-07-20T19:27:48.758+0700][gc,cpu        ] GC(45) User=0.06s Sys=0.00s Real=0.01s
[2023-07-20T19:37:04.520+0700][gc,start      ] GC(46) Pause Young (Normal) (G1 Evacuation Pause)
[2023-07-20T19:37:04.520+0700][gc,task       ] GC(46) Using 8 workers of 8 for evacuation
[2023-07-20T19:37:04.541+0700][gc,mmu        ] GC(46) MMU target violated: 20.9ms (20.0ms/21.0ms)
[2023-07-20T19:37:04.541+0700][gc,phases     ] GC(46)   Pre Evacuate Collection Set: 0.2ms
[2023-07-20T19:37:04.541+0700][gc,phases     ] GC(46)   Evacuate Collection Set: 19.8ms
[2023-07-20T19:37:04.541+0700][gc,phases     ] GC(46)   Post Evacuate Collection Set: 0.6ms
[2023-07-20T19:37:04.541+0700][gc,phases     ] GC(46)   Other: 0.3ms
[2023-07-20T19:37:04.541+0700][gc,heap       ] GC(46) Eden regions: 292->0(241)
[2023-07-20T19:37:04.541+0700][gc,heap       ] GC(46) Survivor regions: 12->13(38)
[2023-07-20T19:37:04.541+0700][gc,heap       ] GC(46) Old regions: 181->181
[2023-07-20T19:37:04.541+0700][gc,heap       ] GC(46) Humongous regions: 131->131
[2023-07-20T19:37:04.541+0700][gc,metaspace  ] GC(46) Metaspace: 105461K(111732K)->105461K(111732K) NonClass: 92031K(95476K)->92031K(95476K) Class: 13429K(16256K)->13429K(16256K)
[2023-07-20T19:37:04.541+0700][gc            ] GC(46) Pause Young (Normal) (G1 Evacuation Pause) 613M->323M(1024M) 21.019ms
[2023-07-20T19:37:04.541+0700][gc,cpu        ] GC(46) User=0.02s Sys=0.04s Real=0.02s
[2023-07-20T19:44:40.890+0700][gc,start      ] GC(47) Pause Young (Normal) (G1 Evacuation Pause)
[2023-07-20T19:44:40.890+0700][gc,task       ] GC(47) Using 8 workers of 8 for evacuation
[2023-07-20T19:44:40.897+0700][gc,phases     ] GC(47)   Pre Evacuate Collection Set: 0.0ms
[2023-07-20T19:44:40.897+0700][gc,phases     ] GC(47)   Evacuate Collection Set: 4.9ms
[2023-07-20T19:44:40.897+0700][gc,phases     ] GC(47)   Post Evacuate Collection Set: 1.4ms
[2023-07-20T19:44:40.897+0700][gc,phases     ] GC(47)   Other: 0.2ms
[2023-07-20T19:44:40.897+0700][gc,heap       ] GC(47) Eden regions: 232->0(299)
[2023-07-20T19:44:40.897+0700][gc,heap       ] GC(47) Survivor regions: 13->13(31)
[2023-07-20T19:44:40.897+0700][gc,heap       ] GC(47) Old regions: 181->181
[2023-07-20T19:44:40.897+0700][gc,heap       ] GC(47) Humongous regions: 131->131
[2023-07-20T19:44:40.897+0700][gc,metaspace  ] GC(47) Metaspace: 105492K(111732K)->105492K(111732K) NonClass: 92061K(95476K)->92061K(95476K) Class: 13430K(16256K)->13430K(16256K)
[2023-07-20T19:44:40.897+0700][gc            ] GC(47) Pause Young (Normal) (G1 Evacuation Pause) 555M->322M(1024M) 6.535ms
[2023-07-20T19:44:40.897+0700][gc,cpu        ] GC(47) User=0.03s Sys=0.01s Real=0.00s
[2023-07-20T19:54:12.959+0700][gc,start      ] GC(48) Pause Young (Normal) (G1 Evacuation Pause)
[2023-07-20T19:54:12.959+0700][gc,task       ] GC(48) Using 8 workers of 8 for evacuation
[2023-07-20T19:54:12.978+0700][gc,phases     ] GC(48)   Pre Evacuate Collection Set: 0.1ms
[2023-07-20T19:54:12.978+0700][gc,phases     ] GC(48)   Evacuate Collection Set: 17.6ms
[2023-07-20T19:54:12.978+0700][gc,phases     ] GC(48)   Post Evacuate Collection Set: 1.1ms
[2023-07-20T19:54:12.978+0700][gc,phases     ] GC(48)   Other: 0.2ms
[2023-07-20T19:54:12.978+0700][gc,heap       ] GC(48) Eden regions: 299->0(257)
[2023-07-20T19:54:12.978+0700][gc,heap       ] GC(48) Survivor regions: 13->12(39)
[2023-07-20T19:54:12.978+0700][gc,heap       ] GC(48) Old regions: 181->181
[2023-07-20T19:54:12.978+0700][gc,heap       ] GC(48) Humongous regions: 131->131
[2023-07-20T19:54:12.978+0700][gc,metaspace  ] GC(48) Metaspace: 105532K(111732K)->105532K(111732K) NonClass: 92102K(95476K)->92102K(95476K) Class: 13430K(16256K)->13430K(16256K)
[2023-07-20T19:54:12.978+0700][gc            ] GC(48) Pause Young (Normal) (G1 Evacuation Pause) 621M->322M(1024M) 19.026ms
[2023-07-20T19:54:12.978+0700][gc,cpu        ] GC(48) User=0.04s Sys=0.02s Real=0.02s
[2023-07-20T20:02:44.201+0700][gc,start      ] GC(49) Pause Young (Normal) (G1 Evacuation Pause)
[2023-07-20T20:02:44.201+0700][gc,task       ] GC(49) Using 8 workers of 8 for evacuation
[2023-07-20T20:02:44.207+0700][gc,phases     ] GC(49)   Pre Evacuate Collection Set: 0.0ms
[2023-07-20T20:02:44.207+0700][gc,phases     ] GC(49)   Evacuate Collection Set: 4.9ms
[2023-07-20T20:02:44.207+0700][gc,phases     ] GC(49)   Post Evacuate Collection Set: 1.6ms
[2023-07-20T20:02:44.207+0700][gc,phases     ] GC(49)   Other: 0.2ms
[2023-07-20T20:02:44.207+0700][gc,heap       ] GC(49) Eden regions: 257->0(309)
[2023-07-20T20:02:44.207+0700][gc,heap       ] GC(49) Survivor regions: 12->12(34)
[2023-07-20T20:02:44.207+0700][gc,heap       ] GC(49) Old regions: 181->181
[2023-07-20T20:02:44.207+0700][gc,heap       ] GC(49) Humongous regions: 131->131
[2023-07-20T20:02:44.207+0700][gc,metaspace  ] GC(49) Metaspace: 105583K(111732K)->105583K(111732K) NonClass: 92153K(95476K)->92153K(95476K) Class: 13430K(16256K)->13430K(16256K)
[2023-07-20T20:02:44.207+0700][gc            ] GC(49) Pause Young (Normal) (G1 Evacuation Pause) 579M->322M(1024M) 6.726ms
[2023-07-20T20:02:44.207+0700][gc,cpu        ] GC(49) User=0.04s Sys=0.00s Real=0.01s
[2023-07-20T20:13:00.044+0700][gc,start      ] GC(50) Pause Young (Normal) (G1 Evacuation Pause)
[2023-07-20T20:13:00.044+0700][gc,task       ] GC(50) Using 8 workers of 8 for evacuation
[2023-07-20T20:13:00.069+0700][gc,mmu        ] GC(50) MMU target violated: 21.0ms (20.0ms/21.0ms)
[2023-07-20T20:13:00.069+0700][gc,phases     ] GC(50)   Pre Evacuate Collection Set: 0.1ms
[2023-07-20T20:13:00.069+0700][gc,phases     ] GC(50)   Evacuate Collection Set: 23.6ms
[2023-07-20T20:13:00.069+0700][gc,phases     ] GC(50)   Post Evacuate Collection Set: 1.1ms
[2023-07-20T20:13:00.069+0700][gc,phases     ] GC(50)   Other: 0.2ms
[2023-07-20T20:13:00.069+0700][gc,heap       ] GC(50) Eden regions: 309->0(189)
[2023-07-20T20:13:00.069+0700][gc,heap       ] GC(50) Survivor regions: 12->12(41)
[2023-07-20T20:13:00.069+0700][gc,heap       ] GC(50) Old regions: 181->181
[2023-07-20T20:13:00.069+0700][gc,heap       ] GC(50) Humongous regions: 131->131
[2023-07-20T20:13:00.069+0700][gc,metaspace  ] GC(50) Metaspace: 105648K(111988K)->105648K(111988K) NonClass: 92218K(95732K)->92218K(95732K) Class: 13430K(16256K)->13430K(16256K)
[2023-07-20T20:13:00.069+0700][gc            ] GC(50) Pause Young (Normal) (G1 Evacuation Pause) 631M->322M(1024M) 25.026ms
[2023-07-20T20:13:00.069+0700][gc,cpu        ] GC(50) User=0.05s Sys=0.02s Real=0.03s
[2023-07-20T20:19:00.047+0700][gc,start      ] GC(51) Pause Young (Normal) (G1 Evacuation Pause)
[2023-07-20T20:19:00.047+0700][gc,task       ] GC(51) Using 8 workers of 8 for evacuation
[2023-07-20T20:19:00.054+0700][gc,phases     ] GC(51)   Pre Evacuate Collection Set: 0.1ms
[2023-07-20T20:19:00.054+0700][gc,phases     ] GC(51)   Evacuate Collection Set: 5.5ms
[2023-07-20T20:19:00.054+0700][gc,phases     ] GC(51)   Post Evacuate Collection Set: 1.4ms
[2023-07-20T20:19:00.054+0700][gc,phases     ] GC(51)   Other: 0.2ms
[2023-07-20T20:19:00.054+0700][gc,heap       ] GC(51) Eden regions: 189->0(232)
[2023-07-20T20:19:00.054+0700][gc,heap       ] GC(51) Survivor regions: 12->11(26)
[2023-07-20T20:19:00.054+0700][gc,heap       ] GC(51) Old regions: 181->181
[2023-07-20T20:19:00.054+0700][gc,heap       ] GC(51) Humongous regions: 131->131
[2023-07-20T20:19:00.054+0700][gc,metaspace  ] GC(51) Metaspace: 105649K(111988K)->105649K(111988K) NonClass: 92219K(95732K)->92219K(95732K) Class: 13430K(16256K)->13430K(16256K)
[2023-07-20T20:19:00.054+0700][gc            ] GC(51) Pause Young (Normal) (G1 Evacuation Pause) 511M->321M(1024M) 7.191ms
[2023-07-20T20:19:00.054+0700][gc,cpu        ] GC(51) User=0.05s Sys=0.00s Real=0.01s
[2023-07-20T20:26:13.754+0700][gc,start      ] GC(52) Pause Young (Normal) (G1 Evacuation Pause)
[2023-07-20T20:26:13.754+0700][gc,task       ] GC(52) Using 8 workers of 8 for evacuation
[2023-07-20T20:26:13.762+0700][gc,phases     ] GC(52)   Pre Evacuate Collection Set: 0.1ms
[2023-07-20T20:26:13.762+0700][gc,phases     ] GC(52)   Evacuate Collection Set: 6.3ms
[2023-07-20T20:26:13.762+0700][gc,phases     ] GC(52)   Post Evacuate Collection Set: 1.5ms
[2023-07-20T20:26:13.762+0700][gc,phases     ] GC(52)   Other: 0.2ms
[2023-07-20T20:26:13.762+0700][gc,heap       ] GC(52) Eden regions: 232->0(246)
[2023-07-20T20:26:13.762+0700][gc,heap       ] GC(52) Survivor regions: 11->13(31)
[2023-07-20T20:26:13.762+0700][gc,heap       ] GC(52) Old regions: 181->181
[2023-07-20T20:26:13.762+0700][gc,heap       ] GC(52) Humongous regions: 131->131
[2023-07-20T20:26:13.762+0700][gc,metaspace  ] GC(52) Metaspace: 105656K(111988K)->105656K(111988K) NonClass: 92226K(95732K)->92226K(95732K) Class: 13430K(16256K)->13430K(16256K)
[2023-07-20T20:26:13.762+0700][gc            ] GC(52) Pause Young (Normal) (G1 Evacuation Pause) 553M->322M(1024M) 8.242ms
[2023-07-20T20:26:13.762+0700][gc,cpu        ] GC(52) User=0.05s Sys=0.00s Real=0.01s
[2023-07-20T20:34:04.512+0700][gc,start      ] GC(53) Pause Young (Normal) (G1 Evacuation Pause)
[2023-07-20T20:34:04.512+0700][gc,task       ] GC(53) Using 8 workers of 8 for evacuation
[2023-07-20T20:34:04.522+0700][gc,phases     ] GC(53)   Pre Evacuate Collection Set: 0.2ms
[2023-07-20T20:34:04.522+0700][gc,phases     ] GC(53)   Evacuate Collection Set: 7.8ms
[2023-07-20T20:34:04.522+0700][gc,phases     ] GC(53)   Post Evacuate Collection Set: 1.8ms
[2023-07-20T20:34:04.522+0700][gc,phases     ] GC(53)   Other: 0.3ms
[2023-07-20T20:34:04.522+0700][gc,heap       ] GC(53) Eden regions: 246->0(263)
[2023-07-20T20:34:04.522+0700][gc,heap       ] GC(53) Survivor regions: 13->14(33)
[2023-07-20T20:34:04.522+0700][gc,heap       ] GC(53) Old regions: 181->181
[2023-07-20T20:34:04.522+0700][gc,heap       ] GC(53) Humongous regions: 131->131
[2023-07-20T20:34:04.522+0700][gc,metaspace  ] GC(53) Metaspace: 105659K(111988K)->105659K(111988K) NonClass: 92228K(95732K)->92228K(95732K) Class: 13430K(16256K)->13430K(16256K)
[2023-07-20T20:34:04.522+0700][gc            ] GC(53) Pause Young (Normal) (G1 Evacuation Pause) 568M->323M(1024M) 10.057ms
[2023-07-20T20:34:04.522+0700][gc,cpu        ] GC(53) User=0.06s Sys=0.00s Real=0.01s
[2023-07-20T20:42:08.091+0700][gc,start      ] GC(54) Pause Young (Normal) (G1 Evacuation Pause)
[2023-07-20T20:42:08.091+0700][gc,task       ] GC(54) Using 8 workers of 8 for evacuation
[2023-07-20T20:42:08.135+0700][gc,mmu        ] GC(54) MMU target violated: 21.0ms (20.0ms/21.0ms)
[2023-07-20T20:42:08.135+0700][gc,phases     ] GC(54)   Pre Evacuate Collection Set: 0.2ms
[2023-07-20T20:42:08.135+0700][gc,phases     ] GC(54)   Evacuate Collection Set: 39.8ms
[2023-07-20T20:42:08.135+0700][gc,phases     ] GC(54)   Post Evacuate Collection Set: 3.8ms
[2023-07-20T20:42:08.135+0700][gc,phases     ] GC(54)   Other: 0.3ms
[2023-07-20T20:42:08.135+0700][gc,heap       ] GC(54) Eden regions: 253->0(236)
[2023-07-20T20:42:08.135+0700][gc,heap       ] GC(54) Survivor regions: 14->13(34)
[2023-07-20T20:42:08.135+0700][gc,heap       ] GC(54) Old regions: 181->181
[2023-07-20T20:42:08.135+0700][gc,heap       ] GC(54) Humongous regions: 131->131
[2023-07-20T20:42:08.135+0700][gc,metaspace  ] GC(54) Metaspace: 106327K(112756K)->106327K(112756K) NonClass: 92745K(96244K)->92745K(96244K) Class: 13581K(16512K)->13581K(16512K)
[2023-07-20T20:42:08.135+0700][gc            ] GC(54) Pause Young (Normal) (G1 Evacuation Pause) 576M->322M(1024M) 44.117ms
[2023-07-20T20:42:08.135+0700][gc,cpu        ] GC(54) User=0.29s Sys=0.00s Real=0.05s
[2023-07-20T20:42:25.188+0700][gc,heap,exit  ] Heap
[2023-07-20T20:42:25.188+0700][gc,heap,exit  ]  garbage-first heap   total 1048576K, used 355106K [0x00000000c0000000, 0x0000000100000000)
[2023-07-20T20:42:25.188+0700][gc,heap,exit  ]   region size 1024K, 39 young (39936K), 13 survivors (13312K)
[2023-07-20T20:42:25.188+0700][gc,heap,exit  ]  Metaspace       used 107140K, capacity 113470K, committed 113780K, reserved 1146880K
[2023-07-20T20:42:25.188+0700][gc,heap,exit  ]   class space    used 13773K, capacity 16661K, committed 16768K, reserved 1048576K
