[2023-07-20T07:20:17.639+0700][gc,heap] Heap region size: 1M
[2023-07-20T07:20:17.645+0700][gc     ] Using G1
[2023-07-20T07:20:17.645+0700][gc,heap,coops] Heap address: 0x00000000c0000000, size: 1024 MB, Compressed Oops mode: 32-bit
[2023-07-20T07:20:17.646+0700][gc,cds       ] Mark closed archive regions in map: [0x00000000fff00000, 0x00000000fff6aff8]
[2023-07-20T07:20:17.646+0700][gc,cds       ] Mark open archive regions in map: [0x00000000ffe00000, 0x00000000ffe46ff8]
[2023-07-20T07:20:18.224+0700][gc,start     ] GC(0) Pause Young (Normal) (G1 Evacuation Pause)
[2023-07-20T07:20:18.226+0700][gc,task      ] GC(0) Using 8 workers of 8 for evacuation
[2023-07-20T07:20:18.238+0700][gc,phases    ] GC(0)   Pre Evacuate Collection Set: 0.0ms
[2023-07-20T07:20:18.238+0700][gc,phases    ] GC(0)   Evacuate Collection Set: 11.1ms
[2023-07-20T07:20:18.238+0700][gc,phases    ] GC(0)   Post Evacuate Collection Set: 1.1ms
[2023-07-20T07:20:18.238+0700][gc,phases    ] GC(0)   Other: 1.7ms
[2023-07-20T07:20:18.238+0700][gc,heap      ] GC(0) Eden regions: 51->0(44)
[2023-07-20T07:20:18.238+0700][gc,heap      ] GC(0) Survivor regions: 0->7(7)
[2023-07-20T07:20:18.238+0700][gc,heap      ] GC(0) Old regions: 2->25
[2023-07-20T07:20:18.238+0700][gc,heap      ] GC(0) Humongous regions: 2->2
[2023-07-20T07:20:18.238+0700][gc,metaspace ] GC(0) Metaspace: 5334K(5888K)->5334K(5888K) NonClass: 4762K(5120K)->4762K(5120K) Class: 571K(768K)->571K(768K)
[2023-07-20T07:20:18.238+0700][gc           ] GC(0) Pause Young (Normal) (G1 Evacuation Pause) 53M->32M(1024M) 13.909ms
[2023-07-20T07:20:18.238+0700][gc,cpu       ] GC(0) User=0.02s Sys=0.06s Real=0.01s
[2023-07-20T07:20:18.733+0700][gc,start     ] GC(1) Pause Young (Normal) (G1 Evacuation Pause)
[2023-07-20T07:20:18.733+0700][gc,task      ] GC(1) Using 8 workers of 8 for evacuation
[2023-07-20T07:20:18.738+0700][gc,phases    ] GC(1)   Pre Evacuate Collection Set: 0.0ms
[2023-07-20T07:20:18.738+0700][gc,phases    ] GC(1)   Evacuate Collection Set: 4.4ms
[2023-07-20T07:20:18.738+0700][gc,phases    ] GC(1)   Post Evacuate Collection Set: 0.9ms
[2023-07-20T07:20:18.738+0700][gc,phases    ] GC(1)   Other: 0.1ms
[2023-07-20T07:20:18.738+0700][gc,heap      ] GC(1) Eden regions: 44->0(49)
[2023-07-20T07:20:18.738+0700][gc,heap      ] GC(1) Survivor regions: 7->2(7)
[2023-07-20T07:20:18.738+0700][gc,heap      ] GC(1) Old regions: 25->32
[2023-07-20T07:20:18.738+0700][gc,heap      ] GC(1) Humongous regions: 2->2
[2023-07-20T07:20:18.738+0700][gc,metaspace ] GC(1) Metaspace: 13451K(14208K)->13451K(14208K) NonClass: 11927K(12544K)->11927K(12544K) Class: 1524K(1664K)->1524K(1664K)
[2023-07-20T07:20:18.738+0700][gc           ] GC(1) Pause Young (Normal) (G1 Evacuation Pause) 76M->34M(1024M) 5.553ms
[2023-07-20T07:20:18.738+0700][gc,cpu       ] GC(1) User=0.03s Sys=0.01s Real=0.00s
[2023-07-20T07:20:19.007+0700][gc,start     ] GC(2) Pause Young (Concurrent Start) (Metadata GC Threshold)
[2023-07-20T07:20:19.007+0700][gc,task      ] GC(2) Using 8 workers of 8 for evacuation
[2023-07-20T07:20:19.012+0700][gc,phases    ] GC(2)   Pre Evacuate Collection Set: 0.0ms
[2023-07-20T07:20:19.012+0700][gc,phases    ] GC(2)   Evacuate Collection Set: 3.9ms
[2023-07-20T07:20:19.012+0700][gc,phases    ] GC(2)   Post Evacuate Collection Set: 0.6ms
[2023-07-20T07:20:19.012+0700][gc,phases    ] GC(2)   Other: 0.2ms
[2023-07-20T07:20:19.012+0700][gc,heap      ] GC(2) Eden regions: 27->0(48)
[2023-07-20T07:20:19.012+0700][gc,heap      ] GC(2) Survivor regions: 2->3(7)
[2023-07-20T07:20:19.012+0700][gc,heap      ] GC(2) Old regions: 32->32
[2023-07-20T07:20:19.012+0700][gc,heap      ] GC(2) Humongous regions: 2->2
[2023-07-20T07:20:19.012+0700][gc,metaspace ] GC(2) Metaspace: 20370K(21248K)->20370K(21248K) NonClass: 18279K(18944K)->18279K(18944K) Class: 2091K(2304K)->2091K(2304K)
[2023-07-20T07:20:19.012+0700][gc           ] GC(2) Pause Young (Concurrent Start) (Metadata GC Threshold) 61M->35M(1024M) 4.807ms
[2023-07-20T07:20:19.012+0700][gc,cpu       ] GC(2) User=0.02s Sys=0.00s Real=0.01s
[2023-07-20T07:20:19.012+0700][gc           ] GC(3) Concurrent Cycle
[2023-07-20T07:20:19.012+0700][gc,marking   ] GC(3) Concurrent Clear Claimed Marks
[2023-07-20T07:20:19.012+0700][gc,marking   ] GC(3) Concurrent Clear Claimed Marks 0.016ms
[2023-07-20T07:20:19.012+0700][gc,marking   ] GC(3) Concurrent Scan Root Regions
[2023-07-20T07:20:19.014+0700][gc,marking   ] GC(3) Concurrent Scan Root Regions 1.264ms
[2023-07-20T07:20:19.014+0700][gc,marking   ] GC(3) Concurrent Mark (1.381s)
[2023-07-20T07:20:19.014+0700][gc,marking   ] GC(3) Concurrent Mark From Roots
[2023-07-20T07:20:19.014+0700][gc,task      ] GC(3) Using 2 workers of 2 for marking
[2023-07-20T07:20:19.018+0700][gc,marking   ] GC(3) Concurrent Mark From Roots 4.315ms
[2023-07-20T07:20:19.018+0700][gc,marking   ] GC(3) Concurrent Preclean
[2023-07-20T07:20:19.018+0700][gc,marking   ] GC(3) Concurrent Preclean 0.092ms
[2023-07-20T07:20:19.018+0700][gc,marking   ] GC(3) Concurrent Mark (1.381s, 1.385s) 4.442ms
[2023-07-20T07:20:19.018+0700][gc,start     ] GC(3) Pause Remark
[2023-07-20T07:20:19.020+0700][gc,stringtable] GC(3) Cleaned string and symbol table, strings: 6566 processed, 20 removed, symbols: 49890 processed, 29 removed
[2023-07-20T07:20:19.021+0700][gc            ] GC(3) Pause Remark 35M->35M(1024M) 2.485ms
[2023-07-20T07:20:19.021+0700][gc,cpu        ] GC(3) User=0.02s Sys=0.00s Real=0.01s
[2023-07-20T07:20:19.021+0700][gc,marking    ] GC(3) Concurrent Rebuild Remembered Sets
[2023-07-20T07:20:19.023+0700][gc,marking    ] GC(3) Concurrent Rebuild Remembered Sets 2.415ms
[2023-07-20T07:20:19.024+0700][gc,start      ] GC(3) Pause Cleanup
[2023-07-20T07:20:19.024+0700][gc            ] GC(3) Pause Cleanup 36M->36M(1024M) 0.252ms
[2023-07-20T07:20:19.024+0700][gc,cpu        ] GC(3) User=0.00s Sys=0.00s Real=0.00s
[2023-07-20T07:20:19.024+0700][gc,marking    ] GC(3) Concurrent Cleanup for Next Mark
[2023-07-20T07:20:19.027+0700][gc,marking    ] GC(3) Concurrent Cleanup for Next Mark 3.365ms
[2023-07-20T07:20:19.027+0700][gc            ] GC(3) Concurrent Cycle 15.154ms
[2023-07-20T07:20:19.773+0700][gc,start      ] GC(4) Pause Young (Normal) (G1 Evacuation Pause)
[2023-07-20T07:20:19.774+0700][gc,task       ] GC(4) Using 8 workers of 8 for evacuation
[2023-07-20T07:20:19.780+0700][gc,phases     ] GC(4)   Pre Evacuate Collection Set: 0.0ms
[2023-07-20T07:20:19.780+0700][gc,phases     ] GC(4)   Evacuate Collection Set: 4.8ms
[2023-07-20T07:20:19.780+0700][gc,phases     ] GC(4)   Post Evacuate Collection Set: 1.7ms
[2023-07-20T07:20:19.780+0700][gc,phases     ] GC(4)   Other: 0.1ms
[2023-07-20T07:20:19.780+0700][gc,heap       ] GC(4) Eden regions: 48->0(46)
[2023-07-20T07:20:19.780+0700][gc,heap       ] GC(4) Survivor regions: 3->5(7)
[2023-07-20T07:20:19.780+0700][gc,heap       ] GC(4) Old regions: 32->32
[2023-07-20T07:20:19.780+0700][gc,heap       ] GC(4) Humongous regions: 2->2
[2023-07-20T07:20:19.780+0700][gc,metaspace  ] GC(4) Metaspace: 28522K(29568K)->28522K(29568K) NonClass: 25443K(26112K)->25443K(26112K) Class: 3078K(3456K)->3078K(3456K)
[2023-07-20T07:20:19.780+0700][gc            ] GC(4) Pause Young (Normal) (G1 Evacuation Pause) 83M->36M(1024M) 6.765ms
[2023-07-20T07:20:19.780+0700][gc,cpu        ] GC(4) User=0.05s Sys=0.00s Real=0.01s
[2023-07-20T07:20:20.327+0700][gc,start      ] GC(5) Pause Young (Normal) (G1 Evacuation Pause)
[2023-07-20T07:20:20.327+0700][gc,task       ] GC(5) Using 8 workers of 8 for evacuation
[2023-07-20T07:20:20.339+0700][gc,phases     ] GC(5)   Pre Evacuate Collection Set: 0.0ms
[2023-07-20T07:20:20.339+0700][gc,phases     ] GC(5)   Evacuate Collection Set: 11.2ms
[2023-07-20T07:20:20.339+0700][gc,phases     ] GC(5)   Post Evacuate Collection Set: 0.9ms
[2023-07-20T07:20:20.339+0700][gc,phases     ] GC(5)   Other: 0.1ms
[2023-07-20T07:20:20.339+0700][gc,heap       ] GC(5) Eden regions: 46->0(44)
[2023-07-20T07:20:20.339+0700][gc,heap       ] GC(5) Survivor regions: 5->7(7)
[2023-07-20T07:20:20.339+0700][gc,heap       ] GC(5) Old regions: 32->34
[2023-07-20T07:20:20.339+0700][gc,heap       ] GC(5) Humongous regions: 131->131
[2023-07-20T07:20:20.339+0700][gc,metaspace  ] GC(5) Metaspace: 34108K(35328K)->34108K(35328K) NonClass: 30293K(30976K)->30293K(30976K) Class: 3814K(4352K)->3814K(4352K)
[2023-07-20T07:20:20.339+0700][gc            ] GC(5) Pause Young (Normal) (G1 Evacuation Pause) 211M->170M(1024M) 12.482ms
[2023-07-20T07:20:20.339+0700][gc,cpu        ] GC(5) User=0.09s Sys=0.00s Real=0.02s
[2023-07-20T07:20:20.374+0700][gc,start      ] GC(6) Pause Young (Concurrent Start) (Metadata GC Threshold)
[2023-07-20T07:20:20.374+0700][gc,task       ] GC(6) Using 8 workers of 8 for evacuation
[2023-07-20T07:20:20.397+0700][gc,mmu        ] GC(6) MMU target violated: 21.0ms (20.0ms/21.0ms)
[2023-07-20T07:20:20.397+0700][gc,phases     ] GC(6)   Pre Evacuate Collection Set: 0.3ms
[2023-07-20T07:20:20.397+0700][gc,phases     ] GC(6)   Evacuate Collection Set: 21.5ms
[2023-07-20T07:20:20.397+0700][gc,phases     ] GC(6)   Post Evacuate Collection Set: 0.6ms
[2023-07-20T07:20:20.397+0700][gc,phases     ] GC(6)   Other: 0.4ms
[2023-07-20T07:20:20.397+0700][gc,heap       ] GC(6) Eden regions: 2->0(50)
[2023-07-20T07:20:20.397+0700][gc,heap       ] GC(6) Survivor regions: 7->1(7)
[2023-07-20T07:20:20.397+0700][gc,heap       ] GC(6) Old regions: 34->41
[2023-07-20T07:20:20.397+0700][gc,heap       ] GC(6) Humongous regions: 131->131
[2023-07-20T07:20:20.397+0700][gc,metaspace  ] GC(6) Metaspace: 34502K(35840K)->34502K(35840K) NonClass: 30647K(31488K)->30647K(31488K) Class: 3855K(4352K)->3855K(4352K)
[2023-07-20T07:20:20.397+0700][gc            ] GC(6) Pause Young (Concurrent Start) (Metadata GC Threshold) 172M->170M(1024M) 22.798ms
[2023-07-20T07:20:20.397+0700][gc,cpu        ] GC(6) User=0.13s Sys=0.02s Real=0.02s
[2023-07-20T07:20:20.397+0700][gc            ] GC(7) Concurrent Cycle
[2023-07-20T07:20:20.397+0700][gc,marking    ] GC(7) Concurrent Clear Claimed Marks
[2023-07-20T07:20:20.397+0700][gc,marking    ] GC(7) Concurrent Clear Claimed Marks 0.130ms
[2023-07-20T07:20:20.397+0700][gc,marking    ] GC(7) Concurrent Scan Root Regions
[2023-07-20T07:20:20.398+0700][gc,marking    ] GC(7) Concurrent Scan Root Regions 0.339ms
[2023-07-20T07:20:20.398+0700][gc,marking    ] GC(7) Concurrent Mark (2.765s)
[2023-07-20T07:20:20.398+0700][gc,marking    ] GC(7) Concurrent Mark From Roots
[2023-07-20T07:20:20.398+0700][gc,task       ] GC(7) Using 2 workers of 2 for marking
[2023-07-20T07:20:20.411+0700][gc,marking    ] GC(7) Concurrent Mark From Roots 13.219ms
[2023-07-20T07:20:20.411+0700][gc,marking    ] GC(7) Concurrent Preclean
[2023-07-20T07:20:20.411+0700][gc,marking    ] GC(7) Concurrent Preclean 0.164ms
[2023-07-20T07:20:20.411+0700][gc,marking    ] GC(7) Concurrent Mark (2.765s, 2.778s) 13.459ms
[2023-07-20T07:20:20.411+0700][gc,start      ] GC(7) Pause Remark
[2023-07-20T07:20:20.416+0700][gc,stringtable] GC(7) Cleaned string and symbol table, strings: 11128 processed, 1 removed, symbols: 83968 processed, 29 removed
[2023-07-20T07:20:20.417+0700][gc            ] GC(7) Pause Remark 171M->171M(1024M) 5.301ms
[2023-07-20T07:20:20.417+0700][gc,cpu        ] GC(7) User=0.03s Sys=0.00s Real=0.00s
[2023-07-20T07:20:20.417+0700][gc,marking    ] GC(7) Concurrent Rebuild Remembered Sets
[2023-07-20T07:20:20.427+0700][gc,marking    ] GC(7) Concurrent Rebuild Remembered Sets 9.821ms
[2023-07-20T07:20:20.427+0700][gc,start      ] GC(7) Pause Cleanup
[2023-07-20T07:20:20.427+0700][gc            ] GC(7) Pause Cleanup 171M->171M(1024M) 0.291ms
[2023-07-20T07:20:20.427+0700][gc,cpu        ] GC(7) User=0.00s Sys=0.00s Real=0.00s
[2023-07-20T07:20:20.427+0700][gc,marking    ] GC(7) Concurrent Cleanup for Next Mark
[2023-07-20T07:20:20.434+0700][gc,marking    ] GC(7) Concurrent Cleanup for Next Mark 6.915ms
[2023-07-20T07:20:20.434+0700][gc            ] GC(7) Concurrent Cycle 37.071ms
[2023-07-20T07:20:20.852+0700][gc,start      ] GC(8) Pause Young (Normal) (G1 Evacuation Pause)
[2023-07-20T07:20:20.852+0700][gc,task       ] GC(8) Using 8 workers of 8 for evacuation
[2023-07-20T07:20:20.856+0700][gc,phases     ] GC(8)   Pre Evacuate Collection Set: 0.1ms
[2023-07-20T07:20:20.856+0700][gc,phases     ] GC(8)   Evacuate Collection Set: 3.1ms
[2023-07-20T07:20:20.856+0700][gc,phases     ] GC(8)   Post Evacuate Collection Set: 0.5ms
[2023-07-20T07:20:20.856+0700][gc,phases     ] GC(8)   Other: 0.2ms
[2023-07-20T07:20:20.856+0700][gc,heap       ] GC(8) Eden regions: 50->0(48)
[2023-07-20T07:20:20.856+0700][gc,heap       ] GC(8) Survivor regions: 1->3(7)
[2023-07-20T07:20:20.856+0700][gc,heap       ] GC(8) Old regions: 41->41
[2023-07-20T07:20:20.856+0700][gc,heap       ] GC(8) Humongous regions: 132->131
[2023-07-20T07:20:20.856+0700][gc,metaspace  ] GC(8) Metaspace: 41947K(43648K)->41947K(43648K) NonClass: 37200K(38144K)->37200K(38144K) Class: 4746K(5504K)->4746K(5504K)
[2023-07-20T07:20:20.856+0700][gc            ] GC(8) Pause Young (Normal) (G1 Evacuation Pause) 221M->172M(1024M) 3.847ms
[2023-07-20T07:20:20.856+0700][gc,cpu        ] GC(8) User=0.02s Sys=0.00s Real=0.00s
[2023-07-20T07:20:21.003+0700][gc,start      ] GC(9) Pause Young (Normal) (G1 Evacuation Pause)
[2023-07-20T07:20:21.003+0700][gc,task       ] GC(9) Using 8 workers of 8 for evacuation
[2023-07-20T07:20:21.007+0700][gc,phases     ] GC(9)   Pre Evacuate Collection Set: 0.0ms
[2023-07-20T07:20:21.007+0700][gc,phases     ] GC(9)   Evacuate Collection Set: 3.4ms
[2023-07-20T07:20:21.007+0700][gc,phases     ] GC(9)   Post Evacuate Collection Set: 0.8ms
[2023-07-20T07:20:21.007+0700][gc,phases     ] GC(9)   Other: 0.2ms
[2023-07-20T07:20:21.007+0700][gc,heap       ] GC(9) Eden regions: 48->0(47)
[2023-07-20T07:20:21.007+0700][gc,heap       ] GC(9) Survivor regions: 3->4(7)
[2023-07-20T07:20:21.007+0700][gc,heap       ] GC(9) Old regions: 41->41
[2023-07-20T07:20:21.007+0700][gc,heap       ] GC(9) Humongous regions: 131->131
[2023-07-20T07:20:21.007+0700][gc,metaspace  ] GC(9) Metaspace: 45086K(46976K)->45086K(46976K) NonClass: 39942K(40960K)->39942K(40960K) Class: 5144K(6016K)->5144K(6016K)
[2023-07-20T07:20:21.007+0700][gc            ] GC(9) Pause Young (Normal) (G1 Evacuation Pause) 220M->173M(1024M) 4.481ms
[2023-07-20T07:20:21.007+0700][gc,cpu        ] GC(9) User=0.03s Sys=0.00s Real=0.00s
[2023-07-20T07:20:21.226+0700][gc,start      ] GC(10) Pause Young (Normal) (G1 Evacuation Pause)
[2023-07-20T07:20:21.226+0700][gc,task       ] GC(10) Using 8 workers of 8 for evacuation
[2023-07-20T07:20:21.230+0700][gc,phases     ] GC(10)   Pre Evacuate Collection Set: 0.0ms
[2023-07-20T07:20:21.230+0700][gc,phases     ] GC(10)   Evacuate Collection Set: 2.5ms
[2023-07-20T07:20:21.230+0700][gc,phases     ] GC(10)   Post Evacuate Collection Set: 0.8ms
[2023-07-20T07:20:21.230+0700][gc,phases     ] GC(10)   Other: 0.1ms
[2023-07-20T07:20:21.230+0700][gc,heap       ] GC(10) Eden regions: 47->0(46)
[2023-07-20T07:20:21.230+0700][gc,heap       ] GC(10) Survivor regions: 4->5(7)
[2023-07-20T07:20:21.230+0700][gc,heap       ] GC(10) Old regions: 41->41
[2023-07-20T07:20:21.230+0700][gc,heap       ] GC(10) Humongous regions: 131->131
[2023-07-20T07:20:21.230+0700][gc,metaspace  ] GC(10) Metaspace: 48085K(50176K)->48085K(50176K) NonClass: 42603K(43776K)->42603K(43776K) Class: 5482K(6400K)->5482K(6400K)
[2023-07-20T07:20:21.230+0700][gc            ] GC(10) Pause Young (Normal) (G1 Evacuation Pause) 220M->174M(1024M) 3.539ms
[2023-07-20T07:20:21.230+0700][gc,cpu        ] GC(10) User=0.02s Sys=0.00s Real=0.01s
[2023-07-20T07:20:21.693+0700][gc,start      ] GC(11) Pause Young (Normal) (G1 Evacuation Pause)
[2023-07-20T07:20:21.693+0700][gc,task       ] GC(11) Using 8 workers of 8 for evacuation
[2023-07-20T07:20:21.700+0700][gc,phases     ] GC(11)   Pre Evacuate Collection Set: 0.0ms
[2023-07-20T07:20:21.700+0700][gc,phases     ] GC(11)   Evacuate Collection Set: 4.3ms
[2023-07-20T07:20:21.700+0700][gc,phases     ] GC(11)   Post Evacuate Collection Set: 2.1ms
[2023-07-20T07:20:21.700+0700][gc,phases     ] GC(11)   Other: 0.2ms
[2023-07-20T07:20:21.700+0700][gc,heap       ] GC(11) Eden regions: 46->0(48)
[2023-07-20T07:20:21.700+0700][gc,heap       ] GC(11) Survivor regions: 5->5(7)
[2023-07-20T07:20:21.700+0700][gc,heap       ] GC(11) Old regions: 41->43
[2023-07-20T07:20:21.700+0700][gc,heap       ] GC(11) Humongous regions: 131->131
[2023-07-20T07:20:21.700+0700][gc,metaspace  ] GC(11) Metaspace: 54117K(56064K)->54117K(56064K) NonClass: 47874K(48896K)->47874K(48896K) Class: 6242K(7168K)->6242K(7168K)
[2023-07-20T07:20:21.700+0700][gc            ] GC(11) Pause Young (Normal) (G1 Evacuation Pause) 220M->177M(1024M) 7.024ms
[2023-07-20T07:20:21.700+0700][gc,cpu        ] GC(11) User=0.06s Sys=0.00s Real=0.01s
[2023-07-20T07:20:21.830+0700][gc,start      ] GC(12) Pause Young (Normal) (G1 Evacuation Pause)
[2023-07-20T07:20:21.830+0700][gc,task       ] GC(12) Using 8 workers of 8 for evacuation
[2023-07-20T07:20:21.834+0700][gc,phases     ] GC(12)   Pre Evacuate Collection Set: 0.0ms
[2023-07-20T07:20:21.834+0700][gc,phases     ] GC(12)   Evacuate Collection Set: 2.8ms
[2023-07-20T07:20:21.834+0700][gc,phases     ] GC(12)   Post Evacuate Collection Set: 0.8ms
[2023-07-20T07:20:21.834+0700][gc,phases     ] GC(12)   Other: 0.1ms
[2023-07-20T07:20:21.834+0700][gc,heap       ] GC(12) Eden regions: 48->0(59)
[2023-07-20T07:20:21.834+0700][gc,heap       ] GC(12) Survivor regions: 5->4(7)
[2023-07-20T07:20:21.834+0700][gc,heap       ] GC(12) Old regions: 43->44
[2023-07-20T07:20:21.834+0700][gc,heap       ] GC(12) Humongous regions: 131->131
[2023-07-20T07:20:21.834+0700][gc,metaspace  ] GC(12) Metaspace: 55402K(57472K)->55402K(57472K) NonClass: 49035K(50176K)->49035K(50176K) Class: 6367K(7296K)->6367K(7296K)
[2023-07-20T07:20:21.834+0700][gc            ] GC(12) Pause Young (Normal) (G1 Evacuation Pause) 225M->177M(1024M) 3.762ms
[2023-07-20T07:20:21.834+0700][gc,cpu        ] GC(12) User=0.02s Sys=0.00s Real=0.00s
[2023-07-20T07:20:21.991+0700][gc,start      ] GC(13) Pause Young (Normal) (G1 Evacuation Pause)
[2023-07-20T07:20:21.991+0700][gc,task       ] GC(13) Using 8 workers of 8 for evacuation
[2023-07-20T07:20:21.997+0700][gc,phases     ] GC(13)   Pre Evacuate Collection Set: 0.0ms
[2023-07-20T07:20:21.997+0700][gc,phases     ] GC(13)   Evacuate Collection Set: 5.0ms
[2023-07-20T07:20:21.997+0700][gc,phases     ] GC(13)   Post Evacuate Collection Set: 0.7ms
[2023-07-20T07:20:21.997+0700][gc,phases     ] GC(13)   Other: 0.2ms
[2023-07-20T07:20:21.997+0700][gc,heap       ] GC(13) Eden regions: 59->0(66)
[2023-07-20T07:20:21.997+0700][gc,heap       ] GC(13) Survivor regions: 4->4(8)
[2023-07-20T07:20:21.997+0700][gc,heap       ] GC(13) Old regions: 44->44
[2023-07-20T07:20:21.997+0700][gc,heap       ] GC(13) Humongous regions: 131->131
[2023-07-20T07:20:21.997+0700][gc,metaspace  ] GC(13) Metaspace: 56942K(58880K)->56942K(58880K) NonClass: 50410K(51456K)->50410K(51456K) Class: 6532K(7424K)->6532K(7424K)
[2023-07-20T07:20:21.997+0700][gc            ] GC(13) Pause Young (Normal) (G1 Evacuation Pause) 236M->177M(1024M) 6.006ms
[2023-07-20T07:20:21.997+0700][gc,cpu        ] GC(13) User=0.02s Sys=0.00s Real=0.00s
[2023-07-20T07:20:22.140+0700][gc,start      ] GC(14) Pause Young (Concurrent Start) (Metadata GC Threshold)
[2023-07-20T07:20:22.140+0700][gc,task       ] GC(14) Using 8 workers of 8 for evacuation
[2023-07-20T07:20:22.153+0700][gc,phases     ] GC(14)   Pre Evacuate Collection Set: 0.3ms
[2023-07-20T07:20:22.153+0700][gc,phases     ] GC(14)   Evacuate Collection Set: 12.1ms
[2023-07-20T07:20:22.153+0700][gc,phases     ] GC(14)   Post Evacuate Collection Set: 0.7ms
[2023-07-20T07:20:22.153+0700][gc,phases     ] GC(14)   Other: 0.3ms
[2023-07-20T07:20:22.153+0700][gc,heap       ] GC(14) Eden regions: 51->0(67)
[2023-07-20T07:20:22.153+0700][gc,heap       ] GC(14) Survivor regions: 4->4(9)
[2023-07-20T07:20:22.153+0700][gc,heap       ] GC(14) Old regions: 44->44
[2023-07-20T07:20:22.153+0700][gc,heap       ] GC(14) Humongous regions: 131->131
[2023-07-20T07:20:22.153+0700][gc,metaspace  ] GC(14) Metaspace: 57982K(59948K)->57982K(59948K) NonClass: 51321K(52396K)->51321K(52396K) Class: 6661K(7552K)->6661K(7552K)
[2023-07-20T07:20:22.153+0700][gc            ] GC(14) Pause Young (Concurrent Start) (Metadata GC Threshold) 228M->177M(1024M) 13.554ms
[2023-07-20T07:20:22.153+0700][gc,cpu        ] GC(14) User=0.08s Sys=0.00s Real=0.01s
[2023-07-20T07:20:22.153+0700][gc            ] GC(15) Concurrent Cycle
[2023-07-20T07:20:22.153+0700][gc,marking    ] GC(15) Concurrent Clear Claimed Marks
[2023-07-20T07:20:22.153+0700][gc,marking    ] GC(15) Concurrent Clear Claimed Marks 0.095ms
[2023-07-20T07:20:22.153+0700][gc,marking    ] GC(15) Concurrent Scan Root Regions
[2023-07-20T07:20:22.156+0700][gc,marking    ] GC(15) Concurrent Scan Root Regions 2.374ms
[2023-07-20T07:20:22.156+0700][gc,marking    ] GC(15) Concurrent Mark (4.523s)
[2023-07-20T07:20:22.156+0700][gc,marking    ] GC(15) Concurrent Mark From Roots
[2023-07-20T07:20:22.156+0700][gc,task       ] GC(15) Using 2 workers of 2 for marking
[2023-07-20T07:20:22.179+0700][gc,marking    ] GC(15) Concurrent Mark From Roots 22.663ms
[2023-07-20T07:20:22.179+0700][gc,marking    ] GC(15) Concurrent Preclean
[2023-07-20T07:20:22.179+0700][gc,marking    ] GC(15) Concurrent Preclean 0.188ms
[2023-07-20T07:20:22.179+0700][gc,marking    ] GC(15) Concurrent Mark (4.523s, 4.546s) 22.944ms
[2023-07-20T07:20:22.180+0700][gc,start      ] GC(15) Pause Remark
[2023-07-20T07:20:22.194+0700][gc,stringtable] GC(15) Cleaned string and symbol table, strings: 20453 processed, 20 removed, symbols: 155339 processed, 44 removed
[2023-07-20T07:20:22.195+0700][gc            ] GC(15) Pause Remark 179M->179M(1024M) 15.241ms
[2023-07-20T07:20:22.195+0700][gc,cpu        ] GC(15) User=0.10s Sys=0.00s Real=0.01s
[2023-07-20T07:20:22.195+0700][gc,marking    ] GC(15) Concurrent Rebuild Remembered Sets
[2023-07-20T07:20:22.206+0700][gc,marking    ] GC(15) Concurrent Rebuild Remembered Sets 10.628ms
[2023-07-20T07:20:22.206+0700][gc,start      ] GC(15) Pause Cleanup
[2023-07-20T07:20:22.207+0700][gc            ] GC(15) Pause Cleanup 181M->181M(1024M) 0.589ms
[2023-07-20T07:20:22.207+0700][gc,cpu        ] GC(15) User=0.00s Sys=0.00s Real=0.00s
[2023-07-20T07:20:22.207+0700][gc,marking    ] GC(15) Concurrent Cleanup for Next Mark
[2023-07-20T07:20:22.208+0700][gc,marking    ] GC(15) Concurrent Cleanup for Next Mark 1.261ms
[2023-07-20T07:20:22.208+0700][gc            ] GC(15) Concurrent Cycle 54.825ms
[2023-07-20T07:20:22.370+0700][gc,start      ] GC(16) Pause Young (Normal) (G1 Evacuation Pause)
[2023-07-20T07:20:22.370+0700][gc,task       ] GC(16) Using 8 workers of 8 for evacuation
[2023-07-20T07:20:22.410+0700][gc,mmu        ] GC(16) MMU target violated: 21.0ms (20.0ms/21.0ms)
[2023-07-20T07:20:22.410+0700][gc,phases     ] GC(16)   Pre Evacuate Collection Set: 0.0ms
[2023-07-20T07:20:22.410+0700][gc,phases     ] GC(16)   Evacuate Collection Set: 4.8ms
[2023-07-20T07:20:22.410+0700][gc,phases     ] GC(16)   Post Evacuate Collection Set: 34.8ms
[2023-07-20T07:20:22.410+0700][gc,phases     ] GC(16)   Other: 0.2ms
[2023-07-20T07:20:22.410+0700][gc,heap       ] GC(16) Eden regions: 67->0(46)
[2023-07-20T07:20:22.410+0700][gc,heap       ] GC(16) Survivor regions: 4->5(9)
[2023-07-20T07:20:22.410+0700][gc,heap       ] GC(16) Old regions: 44->44
[2023-07-20T07:20:22.410+0700][gc,heap       ] GC(16) Humongous regions: 131->131
[2023-07-20T07:20:22.410+0700][gc,metaspace  ] GC(16) Metaspace: 59787K(62072K)->59787K(62072K) NonClass: 52915K(54188K)->52915K(54188K) Class: 6871K(7884K)->6871K(7884K)
[2023-07-20T07:20:22.410+0700][gc            ] GC(16) Pause Young (Normal) (G1 Evacuation Pause) 244M->177M(1024M) 39.818ms
[2023-07-20T07:20:22.410+0700][gc,cpu        ] GC(16) User=0.03s Sys=0.01s Real=0.04s
[2023-07-20T07:20:22.675+0700][gc,start      ] GC(17) Pause Young (Normal) (G1 Evacuation Pause)
[2023-07-20T07:20:22.675+0700][gc,task       ] GC(17) Using 8 workers of 8 for evacuation
[2023-07-20T07:20:22.683+0700][gc,phases     ] GC(17)   Pre Evacuate Collection Set: 0.0ms
[2023-07-20T07:20:22.683+0700][gc,phases     ] GC(17)   Evacuate Collection Set: 6.1ms
[2023-07-20T07:20:22.683+0700][gc,phases     ] GC(17)   Post Evacuate Collection Set: 1.9ms
[2023-07-20T07:20:22.683+0700][gc,phases     ] GC(17)   Other: 0.2ms
[2023-07-20T07:20:22.683+0700][gc,heap       ] GC(17) Eden regions: 46->0(50)
[2023-07-20T07:20:22.683+0700][gc,heap       ] GC(17) Survivor regions: 5->5(7)
[2023-07-20T07:20:22.683+0700][gc,heap       ] GC(17) Old regions: 44->45
[2023-07-20T07:20:22.683+0700][gc,heap       ] GC(17) Humongous regions: 131->131
[2023-07-20T07:20:22.683+0700][gc,metaspace  ] GC(17) Metaspace: 61734K(63864K)->61734K(63864K) NonClass: 54617K(55724K)->54617K(55724K) Class: 7117K(8140K)->7117K(8140K)
[2023-07-20T07:20:22.683+0700][gc            ] GC(17) Pause Young (Normal) (G1 Evacuation Pause) 223M->178M(1024M) 8.188ms
[2023-07-20T07:20:22.683+0700][gc,cpu        ] GC(17) User=0.05s Sys=0.00s Real=0.01s
[2023-07-20T07:20:23.124+0700][gc,start      ] GC(18) Pause Young (Normal) (G1 Evacuation Pause)
[2023-07-20T07:20:23.124+0700][gc,task       ] GC(18) Using 8 workers of 8 for evacuation
[2023-07-20T07:20:23.134+0700][gc,phases     ] GC(18)   Pre Evacuate Collection Set: 0.0ms
[2023-07-20T07:20:23.134+0700][gc,phases     ] GC(18)   Evacuate Collection Set: 6.9ms
[2023-07-20T07:20:23.134+0700][gc,phases     ] GC(18)   Post Evacuate Collection Set: 2.4ms
[2023-07-20T07:20:23.134+0700][gc,phases     ] GC(18)   Other: 0.2ms
[2023-07-20T07:20:23.134+0700][gc,heap       ] GC(18) Eden regions: 50->0(67)
[2023-07-20T07:20:23.134+0700][gc,heap       ] GC(18) Survivor regions: 5->5(7)
[2023-07-20T07:20:23.134+0700][gc,heap       ] GC(18) Old regions: 45->48
[2023-07-20T07:20:23.134+0700][gc,heap       ] GC(18) Humongous regions: 131->131
[2023-07-20T07:20:23.134+0700][gc,metaspace  ] GC(18) Metaspace: 66024K(68600K)->66024K(68600K) NonClass: 58235K(59564K)->58235K(59564K) Class: 7789K(9036K)->7789K(9036K)
[2023-07-20T07:20:23.134+0700][gc            ] GC(18) Pause Young (Normal) (G1 Evacuation Pause) 228M->181M(1024M) 9.717ms
[2023-07-20T07:20:23.134+0700][gc,cpu        ] GC(18) User=0.07s Sys=0.00s Real=0.01s
[2023-07-20T07:20:23.499+0700][gc,start      ] GC(19) Pause Young (Normal) (G1 Evacuation Pause)
[2023-07-20T07:20:23.499+0700][gc,task       ] GC(19) Using 8 workers of 8 for evacuation
[2023-07-20T07:20:23.505+0700][gc,phases     ] GC(19)   Pre Evacuate Collection Set: 0.0ms
[2023-07-20T07:20:23.505+0700][gc,phases     ] GC(19)   Evacuate Collection Set: 4.7ms
[2023-07-20T07:20:23.505+0700][gc,phases     ] GC(19)   Post Evacuate Collection Set: 1.4ms
[2023-07-20T07:20:23.505+0700][gc,phases     ] GC(19)   Other: 0.2ms
[2023-07-20T07:20:23.505+0700][gc,heap       ] GC(19) Eden regions: 67->0(81)
[2023-07-20T07:20:23.505+0700][gc,heap       ] GC(19) Survivor regions: 5->6(9)
[2023-07-20T07:20:23.505+0700][gc,heap       ] GC(19) Old regions: 48->48
[2023-07-20T07:20:23.505+0700][gc,heap       ] GC(19) Humongous regions: 131->131
[2023-07-20T07:20:23.505+0700][gc,metaspace  ] GC(19) Metaspace: 69207K(71928K)->69207K(71928K) NonClass: 60941K(62380K)->60941K(62380K) Class: 8265K(9548K)->8265K(9548K)
[2023-07-20T07:20:23.505+0700][gc            ] GC(19) Pause Young (Normal) (G1 Evacuation Pause) 248M->182M(1024M) 6.374ms
[2023-07-20T07:20:23.505+0700][gc,cpu        ] GC(19) User=0.04s Sys=0.00s Real=0.01s
[2023-07-20T07:20:24.042+0700][gc,start      ] GC(20) Pause Young (Normal) (G1 Evacuation Pause)
[2023-07-20T07:20:24.042+0700][gc,task       ] GC(20) Using 8 workers of 8 for evacuation
[2023-07-20T07:20:24.050+0700][gc,phases     ] GC(20)   Pre Evacuate Collection Set: 0.0ms
[2023-07-20T07:20:24.050+0700][gc,phases     ] GC(20)   Evacuate Collection Set: 6.1ms
[2023-07-20T07:20:24.050+0700][gc,phases     ] GC(20)   Post Evacuate Collection Set: 1.9ms
[2023-07-20T07:20:24.050+0700][gc,phases     ] GC(20)   Other: 0.2ms
[2023-07-20T07:20:24.050+0700][gc,heap       ] GC(20) Eden regions: 81->0(92)
[2023-07-20T07:20:24.050+0700][gc,heap       ] GC(20) Survivor regions: 6->8(11)
[2023-07-20T07:20:24.050+0700][gc,heap       ] GC(20) Old regions: 48->48
[2023-07-20T07:20:24.050+0700][gc,heap       ] GC(20) Humongous regions: 131->131
[2023-07-20T07:20:24.050+0700][gc,metaspace  ] GC(20) Metaspace: 74356K(76920K)->74356K(76920K) NonClass: 65386K(66732K)->65386K(66732K) Class: 8970K(10188K)->8970K(10188K)
[2023-07-20T07:20:24.050+0700][gc            ] GC(20) Pause Young (Normal) (G1 Evacuation Pause) 263M->184M(1024M) 8.273ms
[2023-07-20T07:20:24.050+0700][gc,cpu        ] GC(20) User=0.05s Sys=0.01s Real=0.01s
[2023-07-20T07:20:24.311+0700][gc,start      ] GC(21) Pause Young (Normal) (G1 Evacuation Pause)
[2023-07-20T07:20:24.311+0700][gc,task       ] GC(21) Using 8 workers of 8 for evacuation
[2023-07-20T07:20:24.321+0700][gc,phases     ] GC(21)   Pre Evacuate Collection Set: 0.1ms
[2023-07-20T07:20:24.321+0700][gc,phases     ] GC(21)   Evacuate Collection Set: 7.8ms
[2023-07-20T07:20:24.321+0700][gc,phases     ] GC(21)   Post Evacuate Collection Set: 1.8ms
[2023-07-20T07:20:24.321+0700][gc,phases     ] GC(21)   Other: 0.2ms
[2023-07-20T07:20:24.321+0700][gc,heap       ] GC(21) Eden regions: 92->0(106)
[2023-07-20T07:20:24.321+0700][gc,heap       ] GC(21) Survivor regions: 8->8(13)
[2023-07-20T07:20:24.321+0700][gc,heap       ] GC(21) Old regions: 48->50
[2023-07-20T07:20:24.321+0700][gc,heap       ] GC(21) Humongous regions: 131->131
[2023-07-20T07:20:24.321+0700][gc,metaspace  ] GC(21) Metaspace: 76422K(79096K)->76422K(79096K) NonClass: 67096K(68524K)->67096K(68524K) Class: 9325K(10572K)->9325K(10572K)
[2023-07-20T07:20:24.321+0700][gc            ] GC(21) Pause Young (Normal) (G1 Evacuation Pause) 276M->186M(1024M) 9.871ms
[2023-07-20T07:20:24.321+0700][gc,cpu        ] GC(21) User=0.05s Sys=0.01s Real=0.01s
[2023-07-20T07:20:24.912+0700][gc,start      ] GC(22) Pause Young (Normal) (G1 Evacuation Pause)
[2023-07-20T07:20:24.912+0700][gc,task       ] GC(22) Using 8 workers of 8 for evacuation
[2023-07-20T07:20:24.922+0700][gc,phases     ] GC(22)   Pre Evacuate Collection Set: 0.0ms
[2023-07-20T07:20:24.922+0700][gc,phases     ] GC(22)   Evacuate Collection Set: 8.7ms
[2023-07-20T07:20:24.922+0700][gc,phases     ] GC(22)   Post Evacuate Collection Set: 0.7ms
[2023-07-20T07:20:24.922+0700][gc,phases     ] GC(22)   Other: 0.2ms
[2023-07-20T07:20:24.922+0700][gc,heap       ] GC(22) Eden regions: 106->0(578)
[2023-07-20T07:20:24.922+0700][gc,heap       ] GC(22) Survivor regions: 8->11(15)
[2023-07-20T07:20:24.922+0700][gc,heap       ] GC(22) Old regions: 50->50
[2023-07-20T07:20:24.922+0700][gc,heap       ] GC(22) Humongous regions: 131->131
[2023-07-20T07:20:24.922+0700][gc,metaspace  ] GC(22) Metaspace: 78535K(81528K)->78535K(81528K) NonClass: 68940K(70572K)->68940K(70572K) Class: 9595K(10956K)->9595K(10956K)
[2023-07-20T07:20:24.922+0700][gc            ] GC(22) Pause Young (Normal) (G1 Evacuation Pause) 292M->189M(1024M) 9.672ms
[2023-07-20T07:20:24.922+0700][gc,cpu        ] GC(22) User=0.03s Sys=0.02s Real=0.01s
[2023-07-20T07:21:28.855+0700][gc,start      ] GC(23) Pause Young (Concurrent Start) (Metadata GC Threshold)
[2023-07-20T07:21:28.855+0700][gc,task       ] GC(23) Using 8 workers of 8 for evacuation
[2023-07-20T07:21:28.921+0700][gc,mmu        ] GC(23) MMU target violated: 21.0ms (20.0ms/21.0ms)
[2023-07-20T07:21:28.921+0700][gc,phases     ] GC(23)   Pre Evacuate Collection Set: 0.8ms
[2023-07-20T07:21:28.921+0700][gc,phases     ] GC(23)   Evacuate Collection Set: 61.3ms
[2023-07-20T07:21:28.921+0700][gc,phases     ] GC(23)   Post Evacuate Collection Set: 2.8ms
[2023-07-20T07:21:28.921+0700][gc,phases     ] GC(23)   Other: 1.0ms
[2023-07-20T07:21:28.921+0700][gc,heap       ] GC(23) Eden regions: 259->0(185)
[2023-07-20T07:21:28.921+0700][gc,heap       ] GC(23) Survivor regions: 11->22(56)
[2023-07-20T07:21:28.921+0700][gc,heap       ] GC(23) Old regions: 50->50
[2023-07-20T07:21:28.921+0700][gc,heap       ] GC(23) Humongous regions: 131->131
[2023-07-20T07:21:28.921+0700][gc,metaspace  ] GC(23) Metaspace: 95529K(100468K)->95529K(100468K) NonClass: 83108K(85672K)->83108K(85672K) Class: 12421K(14796K)->12421K(14796K)
[2023-07-20T07:21:28.921+0700][gc            ] GC(23) Pause Young (Concurrent Start) (Metadata GC Threshold) 448M->200M(1024M) 66.014ms
[2023-07-20T07:21:28.922+0700][gc,cpu        ] GC(23) User=0.27s Sys=0.06s Real=0.07s
[2023-07-20T07:21:28.922+0700][gc            ] GC(24) Concurrent Cycle
[2023-07-20T07:21:28.922+0700][gc,marking    ] GC(24) Concurrent Clear Claimed Marks
[2023-07-20T07:21:28.922+0700][gc,marking    ] GC(24) Concurrent Clear Claimed Marks 0.597ms
[2023-07-20T07:21:28.922+0700][gc,marking    ] GC(24) Concurrent Scan Root Regions
[2023-07-20T07:21:28.939+0700][gc,marking    ] GC(24) Concurrent Scan Root Regions 17.143ms
[2023-07-20T07:21:28.939+0700][gc,marking    ] GC(24) Concurrent Mark (71.307s)
[2023-07-20T07:21:28.939+0700][gc,marking    ] GC(24) Concurrent Mark From Roots
[2023-07-20T07:21:28.939+0700][gc,task       ] GC(24) Using 2 workers of 2 for marking
[2023-07-20T07:21:28.973+0700][gc,marking    ] GC(24) Concurrent Mark From Roots 34.013ms
[2023-07-20T07:21:28.973+0700][gc,marking    ] GC(24) Concurrent Preclean
[2023-07-20T07:21:28.974+0700][gc,marking    ] GC(24) Concurrent Preclean 0.171ms
[2023-07-20T07:21:28.974+0700][gc,marking    ] GC(24) Concurrent Mark (71.307s, 71.341s) 34.235ms
[2023-07-20T07:21:28.974+0700][gc,start      ] GC(24) Pause Remark
[2023-07-20T07:21:28.998+0700][gc,stringtable] GC(24) Cleaned string and symbol table, strings: 33240 processed, 5 removed, symbols: 234586 processed, 236 removed
[2023-07-20T07:21:28.999+0700][gc,mmu        ] GC(24) MMU target violated: 21.0ms (20.0ms/21.0ms)
[2023-07-20T07:21:28.999+0700][gc            ] GC(24) Pause Remark 204M->204M(1024M) 24.840ms
[2023-07-20T07:21:28.999+0700][gc,cpu        ] GC(24) User=0.13s Sys=0.00s Real=0.02s
[2023-07-20T07:21:28.999+0700][gc,marking    ] GC(24) Concurrent Rebuild Remembered Sets
[2023-07-20T07:21:29.019+0700][gc,marking    ] GC(24) Concurrent Rebuild Remembered Sets 20.041ms
[2023-07-20T07:21:29.020+0700][gc,start      ] GC(24) Pause Cleanup
[2023-07-20T07:21:29.020+0700][gc            ] GC(24) Pause Cleanup 205M->205M(1024M) 0.281ms
[2023-07-20T07:21:29.020+0700][gc,cpu        ] GC(24) User=0.00s Sys=0.00s Real=0.00s
[2023-07-20T07:21:29.020+0700][gc,marking    ] GC(24) Concurrent Cleanup for Next Mark
[2023-07-20T07:21:29.024+0700][gc,marking    ] GC(24) Concurrent Cleanup for Next Mark 3.985ms
[2023-07-20T07:21:29.024+0700][gc            ] GC(24) Concurrent Cycle 102.886ms
[2023-07-20T07:22:10.671+0700][gc,start      ] GC(25) Pause Young (Normal) (G1 Evacuation Pause)
[2023-07-20T07:22:10.671+0700][gc,task       ] GC(25) Using 8 workers of 8 for evacuation
[2023-07-20T07:22:10.693+0700][gc,mmu        ] GC(25) MMU target violated: 21.0ms (20.0ms/21.0ms)
[2023-07-20T07:22:10.693+0700][gc,phases     ] GC(25)   Pre Evacuate Collection Set: 0.3ms
[2023-07-20T07:22:10.693+0700][gc,phases     ] GC(25)   Evacuate Collection Set: 20.6ms
[2023-07-20T07:22:10.693+0700][gc,phases     ] GC(25)   Post Evacuate Collection Set: 1.2ms
[2023-07-20T07:22:10.693+0700][gc,phases     ] GC(25)   Other: 0.4ms
[2023-07-20T07:22:10.693+0700][gc,heap       ] GC(25) Eden regions: 49->0(167)
[2023-07-20T07:22:10.693+0700][gc,heap       ] GC(25) Survivor regions: 22->4(9)
[2023-07-20T07:22:10.693+0700][gc,heap       ] GC(25) Old regions: 50->70
[2023-07-20T07:22:10.693+0700][gc,heap       ] GC(25) Humongous regions: 131->131
[2023-07-20T07:22:10.693+0700][gc,metaspace  ] GC(25) Metaspace: 98194K(103544K)->98194K(103544K) NonClass: 85406K(88236K)->85406K(88236K) Class: 12788K(15308K)->12788K(15308K)
[2023-07-20T07:22:10.693+0700][gc            ] GC(25) Pause Young (Normal) (G1 Evacuation Pause) 249M->203M(1024M) 22.550ms
[2023-07-20T07:22:10.693+0700][gc,cpu        ] GC(25) User=0.08s Sys=0.09s Real=0.03s
[2023-07-20T07:28:07.800+0700][gc,start      ] GC(26) Pause Young (Normal) (G1 Evacuation Pause)
[2023-07-20T07:28:07.801+0700][gc,task       ] GC(26) Using 8 workers of 8 for evacuation
[2023-07-20T07:28:07.821+0700][gc,phases     ] GC(26)   Pre Evacuate Collection Set: 0.7ms
[2023-07-20T07:28:07.821+0700][gc,phases     ] GC(26)   Evacuate Collection Set: 16.7ms
[2023-07-20T07:28:07.821+0700][gc,phases     ] GC(26)   Post Evacuate Collection Set: 1.7ms
[2023-07-20T07:28:07.821+0700][gc,phases     ] GC(26)   Other: 1.3ms
[2023-07-20T07:28:07.821+0700][gc,heap       ] GC(26) Eden regions: 167->0(130)
[2023-07-20T07:28:07.821+0700][gc,heap       ] GC(26) Survivor regions: 4->8(22)
[2023-07-20T07:28:07.821+0700][gc,heap       ] GC(26) Old regions: 70->70
[2023-07-20T07:28:07.821+0700][gc,heap       ] GC(26) Humongous regions: 131->131
[2023-07-20T07:28:07.821+0700][gc,metaspace  ] GC(26) Metaspace: 99994K(105336K)->99994K(105336K) NonClass: 87169K(90028K)->87169K(90028K) Class: 12825K(15308K)->12825K(15308K)
[2023-07-20T07:28:07.821+0700][gc            ] GC(26) Pause Young (Normal) (G1 Evacuation Pause) 370M->207M(1024M) 20.472ms
[2023-07-20T07:28:07.821+0700][gc,cpu        ] GC(26) User=0.12s Sys=0.01s Real=0.02s
[2023-07-20T07:32:43.294+0700][gc,start      ] GC(27) Pause Young (Normal) (G1 Evacuation Pause)
[2023-07-20T07:32:43.294+0700][gc,task       ] GC(27) Using 8 workers of 8 for evacuation
[2023-07-20T07:32:43.301+0700][gc,phases     ] GC(27)   Pre Evacuate Collection Set: 0.2ms
[2023-07-20T07:32:43.301+0700][gc,phases     ] GC(27)   Evacuate Collection Set: 5.8ms
[2023-07-20T07:32:43.301+0700][gc,phases     ] GC(27)   Post Evacuate Collection Set: 0.8ms
[2023-07-20T07:32:43.301+0700][gc,phases     ] GC(27)   Other: 0.2ms
[2023-07-20T07:32:43.301+0700][gc,heap       ] GC(27) Eden regions: 130->0(153)
[2023-07-20T07:32:43.301+0700][gc,heap       ] GC(27) Survivor regions: 8->11(18)
[2023-07-20T07:32:43.301+0700][gc,heap       ] GC(27) Old regions: 70->70
[2023-07-20T07:32:43.301+0700][gc,heap       ] GC(27) Humongous regions: 131->131
[2023-07-20T07:32:43.301+0700][gc,metaspace  ] GC(27) Metaspace: 100404K(105848K)->100404K(105848K) NonClass: 87551K(90540K)->87551K(90540K) Class: 12852K(15308K)->12852K(15308K)
[2023-07-20T07:32:43.301+0700][gc            ] GC(27) Pause Young (Normal) (G1 Evacuation Pause) 337M->209M(1024M) 7.154ms
[2023-07-20T07:32:43.301+0700][gc,cpu        ] GC(27) User=0.05s Sys=0.00s Real=0.01s
[2023-07-20T07:38:20.170+0700][gc,start      ] GC(28) Pause Young (Normal) (G1 Evacuation Pause)
[2023-07-20T07:38:20.170+0700][gc,task       ] GC(28) Using 8 workers of 8 for evacuation
[2023-07-20T07:38:20.180+0700][gc,phases     ] GC(28)   Pre Evacuate Collection Set: 0.2ms
[2023-07-20T07:38:20.180+0700][gc,phases     ] GC(28)   Evacuate Collection Set: 9.0ms
[2023-07-20T07:38:20.180+0700][gc,phases     ] GC(28)   Post Evacuate Collection Set: 1.2ms
[2023-07-20T07:38:20.180+0700][gc,phases     ] GC(28)   Other: 0.5ms
[2023-07-20T07:38:20.180+0700][gc,heap       ] GC(28) Eden regions: 153->0(167)
[2023-07-20T07:38:20.180+0700][gc,heap       ] GC(28) Survivor regions: 11->15(21)
[2023-07-20T07:38:20.180+0700][gc,heap       ] GC(28) Old regions: 70->70
[2023-07-20T07:38:20.180+0700][gc,heap       ] GC(28) Humongous regions: 131->131
[2023-07-20T07:38:20.180+0700][gc,metaspace  ] GC(28) Metaspace: 100799K(106104K)->100799K(106104K) NonClass: 87946K(90796K)->87946K(90796K) Class: 12852K(15308K)->12852K(15308K)
[2023-07-20T07:38:20.180+0700][gc            ] GC(28) Pause Young (Normal) (G1 Evacuation Pause) 362M->213M(1024M) 10.920ms
[2023-07-20T07:38:20.180+0700][gc,cpu        ] GC(28) User=0.07s Sys=0.00s Real=0.01s
[2023-07-20T07:44:22.508+0700][gc,start      ] GC(29) Pause Young (Normal) (G1 Evacuation Pause)
[2023-07-20T07:44:22.508+0700][gc,task       ] GC(29) Using 8 workers of 8 for evacuation
[2023-07-20T07:44:22.520+0700][gc,phases     ] GC(29)   Pre Evacuate Collection Set: 0.5ms
[2023-07-20T07:44:22.520+0700][gc,phases     ] GC(29)   Evacuate Collection Set: 9.1ms
[2023-07-20T07:44:22.520+0700][gc,phases     ] GC(29)   Post Evacuate Collection Set: 1.4ms
[2023-07-20T07:44:22.520+0700][gc,phases     ] GC(29)   Other: 0.3ms
[2023-07-20T07:44:22.520+0700][gc,heap       ] GC(29) Eden regions: 167->0(180)
[2023-07-20T07:44:22.520+0700][gc,heap       ] GC(29) Survivor regions: 15->17(23)
[2023-07-20T07:44:22.520+0700][gc,heap       ] GC(29) Old regions: 70->72
[2023-07-20T07:44:22.520+0700][gc,heap       ] GC(29) Humongous regions: 131->131
[2023-07-20T07:44:22.520+0700][gc,metaspace  ] GC(29) Metaspace: 101018K(106360K)->101018K(106360K) NonClass: 88165K(91052K)->88165K(91052K) Class: 12853K(15308K)->12853K(15308K)
[2023-07-20T07:44:22.520+0700][gc            ] GC(29) Pause Young (Normal) (G1 Evacuation Pause) 380M->218M(1024M) 11.347ms
[2023-07-20T07:44:22.520+0700][gc,cpu        ] GC(29) User=0.07s Sys=0.00s Real=0.01s
[2023-07-20T07:46:35.712+0700][gc,heap,exit  ] Heap
[2023-07-20T07:46:35.712+0700][gc,heap,exit  ]  garbage-first heap   total 1048576K, used 323890K [0x00000000c0000000, 0x0000000100000000)
[2023-07-20T07:46:35.712+0700][gc,heap,exit  ]   region size 1024K, 117 young (119808K), 17 survivors (17408K)
[2023-07-20T07:46:35.712+0700][gc,heap,exit  ]  Metaspace       used 102721K, capacity 108419K, committed 108536K, reserved 1142784K
[2023-07-20T07:46:35.712+0700][gc,heap,exit  ]   class space    used 13241K, capacity 15885K, committed 15948K, reserved 1048576K
