[2023-07-21T14:33:59.391+0700][gc,heap] Heap region size: 1M
[2023-07-21T14:33:59.393+0700][gc     ] Using G1
[2023-07-21T14:33:59.393+0700][gc,heap,coops] Heap address: 0x0000000740000000, size: 3072 MB, Compressed Oops mode: Zero based, Oop shift amount: 3
[2023-07-21T14:33:59.394+0700][gc,cds       ] Mark closed archive regions in map: [0x00000007fff00000, 0x00000007fff6aff8]
[2023-07-21T14:33:59.394+0700][gc,cds       ] Mark open archive regions in map: [0x00000007ffe00000, 0x00000007ffe46ff8]
[2023-07-21T14:33:59.918+0700][gc,start     ] GC(0) Pause Young (Normal) (G1 Evacuation Pause)
[2023-07-21T14:33:59.919+0700][gc,task      ] GC(0) Using 2 workers of 8 for evacuation
[2023-07-21T14:33:59.926+0700][gc,phases    ] GC(0)   Pre Evacuate Collection Set: 0.0ms
[2023-07-21T14:33:59.926+0700][gc,phases    ] GC(0)   Evacuate Collection Set: 6.5ms
[2023-07-21T14:33:59.926+0700][gc,phases    ] GC(0)   Post Evacuate Collection Set: 0.7ms
[2023-07-21T14:33:59.926+0700][gc,phases    ] GC(0)   Other: 0.3ms
[2023-07-21T14:33:59.926+0700][gc,heap      ] GC(0) Eden regions: 61->0(53)
[2023-07-21T14:33:59.926+0700][gc,heap      ] GC(0) Survivor regions: 0->8(8)
[2023-07-21T14:33:59.926+0700][gc,heap      ] GC(0) Old regions: 2->13
[2023-07-21T14:33:59.926+0700][gc,heap      ] GC(0) Humongous regions: 4->4
[2023-07-21T14:33:59.926+0700][gc,metaspace ] GC(0) Metaspace: 6799K(7296K)->6799K(7296K) NonClass: 6029K(6400K)->6029K(6400K) Class: 769K(896K)->769K(896K)
[2023-07-21T14:33:59.926+0700][gc           ] GC(0) Pause Young (Normal) (G1 Evacuation Pause) 65M->23M(124M) 7.682ms
[2023-07-21T14:33:59.926+0700][gc,cpu       ] GC(0) User=0.02s Sys=0.00s Real=0.01s
[2023-07-21T14:34:00.101+0700][gc,start     ] GC(1) Pause Young (Normal) (G1 Evacuation Pause)
[2023-07-21T14:34:00.101+0700][gc,task      ] GC(1) Using 2 workers of 8 for evacuation
[2023-07-21T14:34:00.107+0700][gc,phases    ] GC(1)   Pre Evacuate Collection Set: 0.0ms
[2023-07-21T14:34:00.107+0700][gc,phases    ] GC(1)   Evacuate Collection Set: 5.3ms
[2023-07-21T14:34:00.107+0700][gc,phases    ] GC(1)   Post Evacuate Collection Set: 0.6ms
[2023-07-21T14:34:00.107+0700][gc,phases    ] GC(1)   Other: 0.1ms
[2023-07-21T14:34:00.107+0700][gc,heap      ] GC(1) Eden regions: 53->0(59)
[2023-07-21T14:34:00.107+0700][gc,heap      ] GC(1) Survivor regions: 8->2(8)
[2023-07-21T14:34:00.107+0700][gc,heap      ] GC(1) Old regions: 13->21
[2023-07-21T14:34:00.107+0700][gc,heap      ] GC(1) Humongous regions: 4->4
[2023-07-21T14:34:00.107+0700][gc,metaspace ] GC(1) Metaspace: 10567K(11264K)->10567K(11264K) NonClass: 9283K(9728K)->9283K(9728K) Class: 1283K(1536K)->1283K(1536K)
[2023-07-21T14:34:00.107+0700][gc           ] GC(1) Pause Young (Normal) (G1 Evacuation Pause) 76M->24M(124M) 6.046ms
[2023-07-21T14:34:00.107+0700][gc,cpu       ] GC(1) User=0.02s Sys=0.00s Real=0.01s
[2023-07-21T14:34:00.302+0700][gc,start     ] GC(2) Pause Young (Normal) (G1 Evacuation Pause)
[2023-07-21T14:34:00.302+0700][gc,task      ] GC(2) Using 2 workers of 8 for evacuation
[2023-07-21T14:34:00.310+0700][gc,phases    ] GC(2)   Pre Evacuate Collection Set: 0.0ms
[2023-07-21T14:34:00.310+0700][gc,phases    ] GC(2)   Evacuate Collection Set: 8.0ms
[2023-07-21T14:34:00.310+0700][gc,phases    ] GC(2)   Post Evacuate Collection Set: 0.5ms
[2023-07-21T14:34:00.310+0700][gc,phases    ] GC(2)   Other: 0.1ms
[2023-07-21T14:34:00.310+0700][gc,heap      ] GC(2) Eden regions: 59->0(53)
[2023-07-21T14:34:00.310+0700][gc,heap      ] GC(2) Survivor regions: 2->8(8)
[2023-07-21T14:34:00.310+0700][gc,heap      ] GC(2) Old regions: 21->23
[2023-07-21T14:34:00.310+0700][gc,heap      ] GC(2) Humongous regions: 4->4
[2023-07-21T14:34:00.310+0700][gc,metaspace ] GC(2) Metaspace: 12260K(13056K)->12260K(13056K) NonClass: 10771K(11264K)->10771K(11264K) Class: 1488K(1792K)->1488K(1792K)
[2023-07-21T14:34:00.310+0700][gc           ] GC(2) Pause Young (Normal) (G1 Evacuation Pause) 83M->33M(124M) 8.751ms
[2023-07-21T14:34:00.310+0700][gc,cpu       ] GC(2) User=0.03s Sys=0.00s Real=0.01s
[2023-07-21T14:34:00.364+0700][gc,start     ] GC(3) Pause Young (Normal) (GCLocker Initiated GC)
[2023-07-21T14:34:00.364+0700][gc,task      ] GC(3) Using 2 workers of 8 for evacuation
[2023-07-21T14:34:00.380+0700][gc,phases    ] GC(3)   Pre Evacuate Collection Set: 0.0ms
[2023-07-21T14:34:00.380+0700][gc,phases    ] GC(3)   Evacuate Collection Set: 16.1ms
[2023-07-21T14:34:00.380+0700][gc,phases    ] GC(3)   Post Evacuate Collection Set: 0.3ms
[2023-07-21T14:34:00.380+0700][gc,phases    ] GC(3)   Other: 0.2ms
[2023-07-21T14:34:00.380+0700][gc,heap      ] GC(3) Eden regions: 56->0(53)
[2023-07-21T14:34:00.380+0700][gc,heap      ] GC(3) Survivor regions: 8->8(8)
[2023-07-21T14:34:00.380+0700][gc,heap      ] GC(3) Old regions: 23->37
[2023-07-21T14:34:00.380+0700][gc,heap      ] GC(3) Humongous regions: 7->6
[2023-07-21T14:34:00.380+0700][gc,metaspace ] GC(3) Metaspace: 12318K(13056K)->12318K(13056K) NonClass: 10829K(11264K)->10829K(11264K) Class: 1488K(1792K)->1488K(1792K)
[2023-07-21T14:34:00.380+0700][gc           ] GC(3) Pause Young (Normal) (GCLocker Initiated GC) 91M->49M(124M) 16.637ms
[2023-07-21T14:34:00.380+0700][gc,cpu       ] GC(3) User=0.05s Sys=0.00s Real=0.01s
[2023-07-21T14:34:00.536+0700][gc,start     ] GC(4) Pause Young (Normal) (G1 Evacuation Pause)
[2023-07-21T14:34:00.536+0700][gc,task      ] GC(4) Using 2 workers of 8 for evacuation
[2023-07-21T14:34:00.557+0700][gc,phases    ] GC(4)   Pre Evacuate Collection Set: 0.0ms
[2023-07-21T14:34:00.557+0700][gc,phases    ] GC(4)   Evacuate Collection Set: 20.3ms
[2023-07-21T14:34:00.557+0700][gc,phases    ] GC(4)   Post Evacuate Collection Set: 0.8ms
[2023-07-21T14:34:00.557+0700][gc,phases    ] GC(4)   Other: 0.1ms
[2023-07-21T14:34:00.557+0700][gc,heap      ] GC(4) Eden regions: 53->0(87)
[2023-07-21T14:34:00.557+0700][gc,heap      ] GC(4) Survivor regions: 8->8(8)
[2023-07-21T14:34:00.557+0700][gc,heap      ] GC(4) Old regions: 37->56
[2023-07-21T14:34:00.557+0700][gc,heap      ] GC(4) Humongous regions: 8->4
[2023-07-21T14:34:00.557+0700][gc,metaspace ] GC(4) Metaspace: 12449K(13312K)->12449K(13312K) NonClass: 10958K(11520K)->10958K(11520K) Class: 1491K(1792K)->1491K(1792K)
[2023-07-21T14:34:00.557+0700][gc           ] GC(4) Pause Young (Normal) (G1 Evacuation Pause) 104M->66M(191M) 21.328ms
[2023-07-21T14:34:00.557+0700][gc,cpu       ] GC(4) User=0.08s Sys=0.00s Real=0.02s
[2023-07-21T14:34:00.709+0700][gc,start     ] GC(5) Pause Young (Normal) (GCLocker Initiated GC)
[2023-07-21T14:34:00.709+0700][gc,task      ] GC(5) Using 4 workers of 8 for evacuation
[2023-07-21T14:34:00.742+0700][gc,phases    ] GC(5)   Pre Evacuate Collection Set: 0.0ms
[2023-07-21T14:34:00.742+0700][gc,phases    ] GC(5)   Evacuate Collection Set: 32.5ms
[2023-07-21T14:34:00.742+0700][gc,phases    ] GC(5)   Post Evacuate Collection Set: 0.3ms
[2023-07-21T14:34:00.742+0700][gc,phases    ] GC(5)   Other: 0.5ms
[2023-07-21T14:34:00.742+0700][gc,heap      ] GC(5) Eden regions: 88->0(84)
[2023-07-21T14:34:00.742+0700][gc,heap      ] GC(5) Survivor regions: 8->12(12)
[2023-07-21T14:34:00.742+0700][gc,heap      ] GC(5) Old regions: 56->78
[2023-07-21T14:34:00.742+0700][gc,heap      ] GC(5) Humongous regions: 6->6
[2023-07-21T14:34:00.742+0700][gc,metaspace ] GC(5) Metaspace: 12776K(13568K)->12776K(13568K) NonClass: 11258K(11776K)->11258K(11776K) Class: 1518K(1792K)->1518K(1792K)
[2023-07-21T14:34:00.742+0700][gc           ] GC(5) Pause Young (Normal) (GCLocker Initiated GC) 155M->94M(192M) 33.260ms
[2023-07-21T14:34:00.742+0700][gc,cpu       ] GC(5) User=0.17s Sys=0.00s Real=0.03s
[2023-07-21T14:34:00.784+0700][gc,start     ] GC(6) Pause Young (Normal) (G1 Evacuation Pause)
[2023-07-21T14:34:00.784+0700][gc,task      ] GC(6) Using 4 workers of 8 for evacuation
[2023-07-21T14:34:00.793+0700][gc,phases    ] GC(6)   Pre Evacuate Collection Set: 0.0ms
[2023-07-21T14:34:00.793+0700][gc,phases    ] GC(6)   Evacuate Collection Set: 8.5ms
[2023-07-21T14:34:00.793+0700][gc,phases    ] GC(6)   Post Evacuate Collection Set: 0.3ms
[2023-07-21T14:34:00.793+0700][gc,phases    ] GC(6)   Other: 0.1ms
[2023-07-21T14:34:00.793+0700][gc,heap      ] GC(6) Eden regions: 84->0(93)
[2023-07-21T14:34:00.793+0700][gc,heap      ] GC(6) Survivor regions: 12->6(12)
[2023-07-21T14:34:00.793+0700][gc,heap      ] GC(6) Old regions: 78->90
[2023-07-21T14:34:00.793+0700][gc,heap      ] GC(6) Humongous regions: 6->6
[2023-07-21T14:34:00.793+0700][gc,metaspace ] GC(6) Metaspace: 12798K(13568K)->12798K(13568K) NonClass: 11278K(11776K)->11278K(11776K) Class: 1520K(1792K)->1520K(1792K)
[2023-07-21T14:34:00.793+0700][gc           ] GC(6) Pause Young (Normal) (G1 Evacuation Pause) 178M->100M(198M) 9.060ms
[2023-07-21T14:34:00.793+0700][gc,cpu       ] GC(6) User=0.04s Sys=0.00s Real=0.00s
[2023-07-21T14:34:00.827+0700][gc,start     ] GC(7) Pause Young (Concurrent Start) (G1 Evacuation Pause)
[2023-07-21T14:34:00.827+0700][gc,task      ] GC(7) Using 4 workers of 8 for evacuation
[2023-07-21T14:34:00.831+0700][gc,phases    ] GC(7)   Pre Evacuate Collection Set: 0.1ms
[2023-07-21T14:34:00.831+0700][gc,phases    ] GC(7)   Evacuate Collection Set: 3.3ms
[2023-07-21T14:34:00.831+0700][gc,phases    ] GC(7)   Post Evacuate Collection Set: 0.2ms
[2023-07-21T14:34:00.831+0700][gc,phases    ] GC(7)   Other: 0.2ms
[2023-07-21T14:34:00.831+0700][gc,heap      ] GC(7) Eden regions: 93->0(93)
[2023-07-21T14:34:00.831+0700][gc,heap      ] GC(7) Survivor regions: 6->8(13)
[2023-07-21T14:34:00.831+0700][gc,heap      ] GC(7) Old regions: 90->90
[2023-07-21T14:34:00.831+0700][gc,heap      ] GC(7) Humongous regions: 6->6
[2023-07-21T14:34:00.831+0700][gc,metaspace ] GC(7) Metaspace: 12804K(13568K)->12804K(13568K) NonClass: 11283K(11776K)->11283K(11776K) Class: 1520K(1792K)->1520K(1792K)
[2023-07-21T14:34:00.831+0700][gc           ] GC(7) Pause Young (Concurrent Start) (G1 Evacuation Pause) 193M->102M(203M) 3.904ms
[2023-07-21T14:34:00.831+0700][gc,cpu       ] GC(7) User=0.02s Sys=0.00s Real=0.00s
[2023-07-21T14:34:00.831+0700][gc           ] GC(8) Concurrent Cycle
[2023-07-21T14:34:00.831+0700][gc,marking   ] GC(8) Concurrent Clear Claimed Marks
[2023-07-21T14:34:00.831+0700][gc,marking   ] GC(8) Concurrent Clear Claimed Marks 0.048ms
[2023-07-21T14:34:00.831+0700][gc,marking   ] GC(8) Concurrent Scan Root Regions
[2023-07-21T14:34:00.833+0700][gc,marking   ] GC(8) Concurrent Scan Root Regions 2.208ms
[2023-07-21T14:34:00.833+0700][gc,marking   ] GC(8) Concurrent Mark (1.444s)
[2023-07-21T14:34:00.833+0700][gc,marking   ] GC(8) Concurrent Mark From Roots
[2023-07-21T14:34:00.833+0700][gc,task      ] GC(8) Using 2 workers of 2 for marking
[2023-07-21T14:34:00.880+0700][gc,start     ] GC(9) Pause Young (Normal) (G1 Evacuation Pause)
[2023-07-21T14:34:00.880+0700][gc,task      ] GC(9) Using 4 workers of 8 for evacuation
[2023-07-21T14:34:00.888+0700][gc,phases    ] GC(9)   Pre Evacuate Collection Set: 0.0ms
[2023-07-21T14:34:00.888+0700][gc,phases    ] GC(9)   Evacuate Collection Set: 5.6ms
[2023-07-21T14:34:00.888+0700][gc,phases    ] GC(9)   Post Evacuate Collection Set: 1.7ms
[2023-07-21T14:34:00.888+0700][gc,phases    ] GC(9)   Other: 0.2ms
[2023-07-21T14:34:00.888+0700][gc,heap      ] GC(9) Eden regions: 93->0(201)
[2023-07-21T14:34:00.888+0700][gc,heap      ] GC(9) Survivor regions: 8->10(13)
[2023-07-21T14:34:00.888+0700][gc,heap      ] GC(9) Old regions: 90->94
[2023-07-21T14:34:00.888+0700][gc,heap      ] GC(9) Humongous regions: 6->6
[2023-07-21T14:34:00.888+0700][gc,metaspace ] GC(9) Metaspace: 12829K(13568K)->12829K(13568K) NonClass: 11308K(11776K)->11308K(11776K) Class: 1521K(1792K)->1521K(1792K)
[2023-07-21T14:34:00.888+0700][gc           ] GC(9) Pause Young (Normal) (G1 Evacuation Pause) 195M->108M(422M) 7.581ms
[2023-07-21T14:34:00.888+0700][gc,cpu       ] GC(9) User=0.02s Sys=0.01s Real=0.01s
[2023-07-21T14:34:00.919+0700][gc,marking   ] GC(8) Concurrent Mark From Roots 85.320ms
[2023-07-21T14:34:00.919+0700][gc,marking   ] GC(8) Concurrent Preclean
[2023-07-21T14:34:00.919+0700][gc,marking   ] GC(8) Concurrent Preclean 0.211ms
[2023-07-21T14:34:00.919+0700][gc,marking   ] GC(8) Concurrent Mark (1.444s, 1.530s) 85.694ms
[2023-07-21T14:34:00.924+0700][gc,start     ] GC(8) Pause Remark
[2023-07-21T14:34:00.938+0700][gc,stringtable] GC(8) Cleaned string and symbol table, strings: 6979 processed, 34 removed, symbols: 36176 processed, 33 removed
[2023-07-21T14:34:00.938+0700][gc            ] GC(8) Pause Remark 171M->170M(422M) 14.489ms
[2023-07-21T14:34:00.938+0700][gc,cpu        ] GC(8) User=0.09s Sys=0.00s Real=0.01s
[2023-07-21T14:34:00.938+0700][gc,marking    ] GC(8) Concurrent Rebuild Remembered Sets
[2023-07-21T14:34:01.015+0700][gc,start      ] GC(10) Pause Young (Normal) (GCLocker Initiated GC)
[2023-07-21T14:34:01.016+0700][gc,task       ] GC(10) Using 8 workers of 8 for evacuation
[2023-07-21T14:34:01.025+0700][gc,phases     ] GC(10)   Pre Evacuate Collection Set: 0.0ms
[2023-07-21T14:34:01.025+0700][gc,phases     ] GC(10)   Evacuate Collection Set: 8.3ms
[2023-07-21T14:34:01.025+0700][gc,phases     ] GC(10)   Post Evacuate Collection Set: 0.4ms
[2023-07-21T14:34:01.025+0700][gc,phases     ] GC(10)   Other: 0.9ms
[2023-07-21T14:34:01.025+0700][gc,heap       ] GC(10) Eden regions: 204->0(194)
[2023-07-21T14:34:01.025+0700][gc,heap       ] GC(10) Survivor regions: 10->17(27)
[2023-07-21T14:34:01.025+0700][gc,heap       ] GC(10) Old regions: 94->94
[2023-07-21T14:34:01.025+0700][gc,heap       ] GC(10) Humongous regions: 5->5
[2023-07-21T14:34:01.025+0700][gc,metaspace  ] GC(10) Metaspace: 12839K(13568K)->12839K(13568K) NonClass: 11318K(11776K)->11318K(11776K) Class: 1520K(1792K)->1520K(1792K)
[2023-07-21T14:34:01.025+0700][gc            ] GC(10) Pause Young (Normal) (GCLocker Initiated GC) 310M->114M(422M) 9.675ms
[2023-07-21T14:34:01.025+0700][gc,cpu        ] GC(10) User=0.06s Sys=0.00s Real=0.01s
[2023-07-21T14:34:01.040+0700][gc,marking    ] GC(8) Concurrent Rebuild Remembered Sets 101.793ms
[2023-07-21T14:34:01.040+0700][gc,start      ] GC(8) Pause Cleanup
[2023-07-21T14:34:01.041+0700][gc            ] GC(8) Pause Cleanup 142M->142M(422M) 0.218ms
[2023-07-21T14:34:01.041+0700][gc,cpu        ] GC(8) User=0.00s Sys=0.00s Real=0.00s
[2023-07-21T14:34:01.041+0700][gc,marking    ] GC(8) Concurrent Cleanup for Next Mark
[2023-07-21T14:34:01.042+0700][gc,marking    ] GC(8) Concurrent Cleanup for Next Mark 1.454ms
[2023-07-21T14:34:01.042+0700][gc            ] GC(8) Concurrent Cycle 211.161ms
[2023-07-21T14:34:01.089+0700][gc,start      ] GC(11) Pause Young (Normal) (GCLocker Initiated GC)
[2023-07-21T14:34:01.089+0700][gc,task       ] GC(11) Using 8 workers of 8 for evacuation
[2023-07-21T14:34:01.102+0700][gc,phases     ] GC(11)   Pre Evacuate Collection Set: 0.0ms
[2023-07-21T14:34:01.102+0700][gc,phases     ] GC(11)   Evacuate Collection Set: 11.7ms
[2023-07-21T14:34:01.102+0700][gc,phases     ] GC(11)   Post Evacuate Collection Set: 0.4ms
[2023-07-21T14:34:01.102+0700][gc,phases     ] GC(11)   Other: 0.2ms
[2023-07-21T14:34:01.102+0700][gc,heap       ] GC(11) Eden regions: 195->0(190)
[2023-07-21T14:34:01.102+0700][gc,heap       ] GC(11) Survivor regions: 17->21(27)
[2023-07-21T14:34:01.102+0700][gc,heap       ] GC(11) Old regions: 94->98
[2023-07-21T14:34:01.102+0700][gc,heap       ] GC(11) Humongous regions: 5->5
[2023-07-21T14:34:01.102+0700][gc,metaspace  ] GC(11) Metaspace: 12842K(13568K)->12842K(13568K) NonClass: 11321K(11776K)->11321K(11776K) Class: 1520K(1792K)->1520K(1792K)
[2023-07-21T14:34:01.102+0700][gc            ] GC(11) Pause Young (Normal) (GCLocker Initiated GC) 308M->121M(422M) 12.416ms
[2023-07-21T14:34:01.102+0700][gc,cpu        ] GC(11) User=0.09s Sys=0.00s Real=0.01s
[2023-07-21T14:34:01.189+0700][gc,start      ] GC(12) Pause Young (Normal) (G1 Evacuation Pause)
[2023-07-21T14:34:01.189+0700][gc,task       ] GC(12) Using 8 workers of 8 for evacuation
[2023-07-21T14:34:01.198+0700][gc,phases     ] GC(12)   Pre Evacuate Collection Set: 0.0ms
[2023-07-21T14:34:01.198+0700][gc,phases     ] GC(12)   Evacuate Collection Set: 8.9ms
[2023-07-21T14:34:01.198+0700][gc,phases     ] GC(12)   Post Evacuate Collection Set: 0.4ms
[2023-07-21T14:34:01.198+0700][gc,phases     ] GC(12)   Other: 0.2ms
[2023-07-21T14:34:01.198+0700][gc,heap       ] GC(12) Eden regions: 190->0(195)
[2023-07-21T14:34:01.198+0700][gc,heap       ] GC(12) Survivor regions: 21->16(27)
[2023-07-21T14:34:01.198+0700][gc,heap       ] GC(12) Old regions: 98->110
[2023-07-21T14:34:01.198+0700][gc,heap       ] GC(12) Humongous regions: 5->5
[2023-07-21T14:34:01.198+0700][gc,metaspace  ] GC(12) Metaspace: 12846K(13568K)->12846K(13568K) NonClass: 11325K(11776K)->11325K(11776K) Class: 1520K(1792K)->1520K(1792K)
[2023-07-21T14:34:01.198+0700][gc            ] GC(12) Pause Young (Normal) (G1 Evacuation Pause) 311M->129M(422M) 9.524ms
[2023-07-21T14:34:01.198+0700][gc,cpu        ] GC(12) User=0.07s Sys=0.00s Real=0.01s
[2023-07-21T14:34:01.279+0700][gc,start      ] GC(13) Pause Young (Normal) (GCLocker Initiated GC)
[2023-07-21T14:34:01.279+0700][gc,task       ] GC(13) Using 8 workers of 8 for evacuation
[2023-07-21T14:34:01.291+0700][gc,phases     ] GC(13)   Pre Evacuate Collection Set: 0.0ms
[2023-07-21T14:34:01.291+0700][gc,phases     ] GC(13)   Evacuate Collection Set: 10.6ms
[2023-07-21T14:34:01.291+0700][gc,phases     ] GC(13)   Post Evacuate Collection Set: 1.8ms
[2023-07-21T14:34:01.291+0700][gc,phases     ] GC(13)   Other: 0.1ms
[2023-07-21T14:34:01.291+0700][gc,heap       ] GC(13) Eden regions: 195->0(337)
[2023-07-21T14:34:01.291+0700][gc,heap       ] GC(13) Survivor regions: 16->17(27)
[2023-07-21T14:34:01.291+0700][gc,heap       ] GC(13) Old regions: 110->118
[2023-07-21T14:34:01.291+0700][gc,heap       ] GC(13) Humongous regions: 5->5
[2023-07-21T14:34:01.291+0700][gc,metaspace  ] GC(13) Metaspace: 12846K(13568K)->12846K(13568K) NonClass: 11325K(11776K)->11325K(11776K) Class: 1520K(1792K)->1520K(1792K)
[2023-07-21T14:34:01.291+0700][gc            ] GC(13) Pause Young (Normal) (GCLocker Initiated GC) 324M->138M(709M) 12.598ms
[2023-07-21T14:34:01.291+0700][gc,cpu        ] GC(13) User=0.08s Sys=0.00s Real=0.01s
[2023-07-21T14:34:01.424+0700][gc,start      ] GC(14) Pause Young (Normal) (GCLocker Initiated GC)
[2023-07-21T14:34:01.424+0700][gc,task       ] GC(14) Using 8 workers of 8 for evacuation
[2023-07-21T14:34:01.444+0700][gc,phases     ] GC(14)   Pre Evacuate Collection Set: 0.1ms
[2023-07-21T14:34:01.444+0700][gc,phases     ] GC(14)   Evacuate Collection Set: 18.7ms
[2023-07-21T14:34:01.444+0700][gc,phases     ] GC(14)   Post Evacuate Collection Set: 0.5ms
[2023-07-21T14:34:01.444+0700][gc,phases     ] GC(14)   Other: 0.4ms
[2023-07-21T14:34:01.444+0700][gc,heap       ] GC(14) Eden regions: 339->0(323)
[2023-07-21T14:34:01.444+0700][gc,heap       ] GC(14) Survivor regions: 17->31(45)
[2023-07-21T14:34:01.444+0700][gc,heap       ] GC(14) Old regions: 118->118
[2023-07-21T14:34:01.444+0700][gc,heap       ] GC(14) Humongous regions: 6->6
[2023-07-21T14:34:01.444+0700][gc,metaspace  ] GC(14) Metaspace: 12846K(13568K)->12846K(13568K) NonClass: 11325K(11776K)->11325K(11776K) Class: 1520K(1792K)->1520K(1792K)
[2023-07-21T14:34:01.444+0700][gc            ] GC(14) Pause Young (Normal) (GCLocker Initiated GC) 477M->153M(709M) 19.663ms
[2023-07-21T14:34:01.444+0700][gc,cpu        ] GC(14) User=0.12s Sys=0.00s Real=0.02s
[2023-07-21T14:34:01.507+0700][gc,start      ] GC(15) Pause Young (Normal) (GCLocker Initiated GC)
[2023-07-21T14:34:01.507+0700][gc,task       ] GC(15) Using 8 workers of 8 for evacuation
[2023-07-21T14:34:01.519+0700][gc,phases     ] GC(15)   Pre Evacuate Collection Set: 0.0ms
[2023-07-21T14:34:01.519+0700][gc,phases     ] GC(15)   Evacuate Collection Set: 10.6ms
[2023-07-21T14:34:01.519+0700][gc,phases     ] GC(15)   Post Evacuate Collection Set: 0.6ms
[2023-07-21T14:34:01.519+0700][gc,phases     ] GC(15)   Other: 0.1ms
[2023-07-21T14:34:01.519+0700][gc,heap       ] GC(15) Eden regions: 324->0(317)
[2023-07-21T14:34:01.519+0700][gc,heap       ] GC(15) Survivor regions: 31->37(45)
[2023-07-21T14:34:01.519+0700][gc,heap       ] GC(15) Old regions: 118->133
[2023-07-21T14:34:01.519+0700][gc,heap       ] GC(15) Humongous regions: 13->6
[2023-07-21T14:34:01.519+0700][gc,metaspace  ] GC(15) Metaspace: 12846K(13568K)->12846K(13568K) NonClass: 11325K(11776K)->11325K(11776K) Class: 1520K(1792K)->1520K(1792K)
[2023-07-21T14:34:01.519+0700][gc            ] GC(15) Pause Young (Normal) (GCLocker Initiated GC) 484M->174M(709M) 11.371ms
[2023-07-21T14:34:01.519+0700][gc,cpu        ] GC(15) User=0.07s Sys=0.00s Real=0.01s
[2023-07-21T14:34:01.577+0700][gc,start      ] GC(16) Pause Young (Normal) (GCLocker Initiated GC)
[2023-07-21T14:34:01.577+0700][gc,task       ] GC(16) Using 8 workers of 8 for evacuation
[2023-07-21T14:34:01.592+0700][gc,phases     ] GC(16)   Pre Evacuate Collection Set: 0.0ms
[2023-07-21T14:34:01.592+0700][gc,phases     ] GC(16)   Evacuate Collection Set: 14.1ms
[2023-07-21T14:34:01.592+0700][gc,phases     ] GC(16)   Post Evacuate Collection Set: 0.5ms
[2023-07-21T14:34:01.592+0700][gc,phases     ] GC(16)   Other: 0.2ms
[2023-07-21T14:34:01.592+0700][gc,heap       ] GC(16) Eden regions: 318->0(323)
[2023-07-21T14:34:01.592+0700][gc,heap       ] GC(16) Survivor regions: 37->31(45)
[2023-07-21T14:34:01.592+0700][gc,heap       ] GC(16) Old regions: 133->149
[2023-07-21T14:34:01.592+0700][gc,heap       ] GC(16) Humongous regions: 6->6
[2023-07-21T14:34:01.592+0700][gc,metaspace  ] GC(16) Metaspace: 12848K(13568K)->12848K(13568K) NonClass: 11327K(11776K)->11327K(11776K) Class: 1520K(1792K)->1520K(1792K)
[2023-07-21T14:34:01.592+0700][gc            ] GC(16) Pause Young (Normal) (GCLocker Initiated GC) 491M->184M(709M) 14.863ms
[2023-07-21T14:34:01.592+0700][gc,cpu        ] GC(16) User=0.11s Sys=0.00s Real=0.01s
[2023-07-21T14:34:01.671+0700][gc,start      ] GC(17) Pause Young (Normal) (GCLocker Initiated GC)
[2023-07-21T14:34:01.671+0700][gc,task       ] GC(17) Using 8 workers of 8 for evacuation
[2023-07-21T14:34:01.684+0700][gc,phases     ] GC(17)   Pre Evacuate Collection Set: 0.0ms
[2023-07-21T14:34:01.684+0700][gc,phases     ] GC(17)   Evacuate Collection Set: 10.7ms
[2023-07-21T14:34:01.684+0700][gc,phases     ] GC(17)   Post Evacuate Collection Set: 2.7ms
[2023-07-21T14:34:01.684+0700][gc,phases     ] GC(17)   Other: 0.1ms
[2023-07-21T14:34:01.684+0700][gc,heap       ] GC(17) Eden regions: 324->0(567)
[2023-07-21T14:34:01.684+0700][gc,heap       ] GC(17) Survivor regions: 31->24(45)
[2023-07-21T14:34:01.684+0700][gc,heap       ] GC(17) Old regions: 149->170
[2023-07-21T14:34:01.684+0700][gc,heap       ] GC(17) Humongous regions: 7->6
[2023-07-21T14:34:01.684+0700][gc,metaspace  ] GC(17) Metaspace: 12875K(13568K)->12875K(13568K) NonClass: 11351K(11776K)->11351K(11776K) Class: 1523K(1792K)->1523K(1792K)
[2023-07-21T14:34:01.684+0700][gc            ] GC(17) Pause Young (Normal) (GCLocker Initiated GC) 509M->198M(1182M) 13.695ms
[2023-07-21T14:34:01.684+0700][gc,cpu        ] GC(17) User=0.09s Sys=0.01s Real=0.02s
[2023-07-21T14:34:01.832+0700][gc,start      ] GC(18) Pause Young (Normal) (GCLocker Initiated GC)
[2023-07-21T14:34:01.832+0700][gc,task       ] GC(18) Using 8 workers of 8 for evacuation
[2023-07-21T14:34:01.847+0700][gc,phases     ] GC(18)   Pre Evacuate Collection Set: 0.0ms
[2023-07-21T14:34:01.847+0700][gc,phases     ] GC(18)   Evacuate Collection Set: 13.5ms
[2023-07-21T14:34:01.847+0700][gc,phases     ] GC(18)   Post Evacuate Collection Set: 0.6ms
[2023-07-21T14:34:01.847+0700][gc,phases     ] GC(18)   Other: 0.3ms
[2023-07-21T14:34:01.847+0700][gc,heap       ] GC(18) Eden regions: 568->0(546)
[2023-07-21T14:34:01.847+0700][gc,heap       ] GC(18) Survivor regions: 24->45(74)
[2023-07-21T14:34:01.847+0700][gc,heap       ] GC(18) Old regions: 170->170
[2023-07-21T14:34:01.847+0700][gc,heap       ] GC(18) Humongous regions: 9->8
[2023-07-21T14:34:01.847+0700][gc,metaspace  ] GC(18) Metaspace: 12876K(13568K)->12876K(13568K) NonClass: 11352K(11776K)->11352K(11776K) Class: 1523K(1792K)->1523K(1792K)
[2023-07-21T14:34:01.847+0700][gc            ] GC(18) Pause Young (Normal) (GCLocker Initiated GC) 769M->221M(1182M) 14.526ms
[2023-07-21T14:34:01.847+0700][gc,cpu        ] GC(18) User=0.11s Sys=0.00s Real=0.02s
[2023-07-21T14:34:01.931+0700][gc,start      ] GC(19) Pause Young (Normal) (GCLocker Initiated GC)
[2023-07-21T14:34:01.931+0700][gc,task       ] GC(19) Using 8 workers of 8 for evacuation
[2023-07-21T14:34:01.950+0700][gc,phases     ] GC(19)   Pre Evacuate Collection Set: 0.0ms
[2023-07-21T14:34:01.950+0700][gc,phases     ] GC(19)   Evacuate Collection Set: 18.2ms
[2023-07-21T14:34:01.950+0700][gc,phases     ] GC(19)   Post Evacuate Collection Set: 0.6ms
[2023-07-21T14:34:01.950+0700][gc,phases     ] GC(19)   Other: 0.2ms
[2023-07-21T14:34:01.950+0700][gc,heap       ] GC(19) Eden regions: 547->0(540)
[2023-07-21T14:34:01.950+0700][gc,heap       ] GC(19) Survivor regions: 45->51(74)
[2023-07-21T14:34:01.950+0700][gc,heap       ] GC(19) Old regions: 170->180
[2023-07-21T14:34:01.950+0700][gc,heap       ] GC(19) Humongous regions: 8->8
[2023-07-21T14:34:01.950+0700][gc,metaspace  ] GC(19) Metaspace: 12876K(13568K)->12876K(13568K) NonClass: 11352K(11776K)->11352K(11776K) Class: 1523K(1792K)->1523K(1792K)
[2023-07-21T14:34:01.950+0700][gc            ] GC(19) Pause Young (Normal) (GCLocker Initiated GC) 768M->236M(1182M) 19.083ms
[2023-07-21T14:34:01.950+0700][gc,cpu        ] GC(19) User=0.14s Sys=0.00s Real=0.02s
[2023-07-21T14:34:02.059+0700][gc,start      ] GC(20) Pause Young (Normal) (GCLocker Initiated GC)
[2023-07-21T14:34:02.059+0700][gc,task       ] GC(20) Using 8 workers of 8 for evacuation
[2023-07-21T14:34:02.093+0700][gc,phases     ] GC(20)   Pre Evacuate Collection Set: 0.0ms
[2023-07-21T14:34:02.093+0700][gc,phases     ] GC(20)   Evacuate Collection Set: 33.0ms
[2023-07-21T14:34:02.093+0700][gc,phases     ] GC(20)   Post Evacuate Collection Set: 0.6ms
[2023-07-21T14:34:02.093+0700][gc,phases     ] GC(20)   Other: 0.2ms
[2023-07-21T14:34:02.093+0700][gc,heap       ] GC(20) Eden regions: 541->0(529)
[2023-07-21T14:34:02.093+0700][gc,heap       ] GC(20) Survivor regions: 51->62(74)
[2023-07-21T14:34:02.093+0700][gc,heap       ] GC(20) Old regions: 180->193
[2023-07-21T14:34:02.093+0700][gc,heap       ] GC(20) Humongous regions: 8->8
[2023-07-21T14:34:02.093+0700][gc,metaspace  ] GC(20) Metaspace: 12878K(13568K)->12878K(13568K) NonClass: 11355K(11776K)->11355K(11776K) Class: 1523K(1792K)->1523K(1792K)
[2023-07-21T14:34:02.093+0700][gc            ] GC(20) Pause Young (Normal) (GCLocker Initiated GC) 776M->260M(1182M) 33.880ms
[2023-07-21T14:34:02.093+0700][gc,cpu        ] GC(20) User=0.27s Sys=0.00s Real=0.03s
[2023-07-21T14:34:02.867+0700][gc,start      ] GC(21) Pause Young (Concurrent Start) (Metadata GC Threshold)
[2023-07-21T14:34:02.867+0700][gc,task       ] GC(21) Using 8 workers of 8 for evacuation
[2023-07-21T14:34:02.898+0700][gc,phases     ] GC(21)   Pre Evacuate Collection Set: 0.1ms
[2023-07-21T14:34:02.898+0700][gc,phases     ] GC(21)   Evacuate Collection Set: 26.6ms
[2023-07-21T14:34:02.898+0700][gc,phases     ] GC(21)   Post Evacuate Collection Set: 3.6ms
[2023-07-21T14:34:02.898+0700][gc,phases     ] GC(21)   Other: 0.2ms
[2023-07-21T14:34:02.898+0700][gc,heap       ] GC(21) Eden regions: 226->0(754)
[2023-07-21T14:34:02.898+0700][gc,heap       ] GC(21) Survivor regions: 62->53(74)
[2023-07-21T14:34:02.898+0700][gc,heap       ] GC(21) Old regions: 193->205
[2023-07-21T14:34:02.898+0700][gc,heap       ] GC(21) Humongous regions: 9->9
[2023-07-21T14:34:02.898+0700][gc,metaspace  ] GC(21) Metaspace: 21860K(22616K)->21860K(22616K) NonClass: 19242K(19712K)->19242K(19712K) Class: 2618K(2904K)->2618K(2904K)
[2023-07-21T14:34:02.898+0700][gc            ] GC(21) Pause Young (Concurrent Start) (Metadata GC Threshold) 487M->265M(1615M) 30.597ms
[2023-07-21T14:34:02.898+0700][gc,cpu        ] GC(21) User=0.21s Sys=0.00s Real=0.03s
[2023-07-21T14:34:02.898+0700][gc            ] GC(22) Concurrent Cycle
[2023-07-21T14:34:02.898+0700][gc,marking    ] GC(22) Concurrent Clear Claimed Marks
[2023-07-21T14:34:02.898+0700][gc,marking    ] GC(22) Concurrent Clear Claimed Marks 0.082ms
[2023-07-21T14:34:02.898+0700][gc,marking    ] GC(22) Concurrent Scan Root Regions
[2023-07-21T14:34:02.917+0700][gc,marking    ] GC(22) Concurrent Scan Root Regions 19.317ms
[2023-07-21T14:34:02.918+0700][gc,marking    ] GC(22) Concurrent Mark (3.529s)
[2023-07-21T14:34:02.918+0700][gc,marking    ] GC(22) Concurrent Mark From Roots
[2023-07-21T14:34:02.918+0700][gc,task       ] GC(22) Using 2 workers of 2 for marking
[2023-07-21T14:34:02.948+0700][gc,marking    ] GC(22) Concurrent Mark From Roots 30.608ms
[2023-07-21T14:34:02.948+0700][gc,marking    ] GC(22) Concurrent Preclean
[2023-07-21T14:34:02.948+0700][gc,marking    ] GC(22) Concurrent Preclean 0.080ms
[2023-07-21T14:34:02.948+0700][gc,marking    ] GC(22) Concurrent Mark (3.529s, 3.559s) 30.727ms
[2023-07-21T14:34:02.948+0700][gc,start      ] GC(22) Pause Remark
[2023-07-21T14:34:02.951+0700][gc,stringtable] GC(22) Cleaned string and symbol table, strings: 9560 processed, 0 removed, symbols: 63643 processed, 24 removed
[2023-07-21T14:34:02.951+0700][gc            ] GC(22) Pause Remark 274M->263M(1615M) 3.017ms
[2023-07-21T14:34:02.952+0700][gc,cpu        ] GC(22) User=0.02s Sys=0.00s Real=0.00s
[2023-07-21T14:34:02.952+0700][gc,marking    ] GC(22) Concurrent Rebuild Remembered Sets
[2023-07-21T14:34:02.978+0700][gc,marking    ] GC(22) Concurrent Rebuild Remembered Sets 26.058ms
[2023-07-21T14:34:02.978+0700][gc,start      ] GC(22) Pause Cleanup
[2023-07-21T14:34:02.978+0700][gc            ] GC(22) Pause Cleanup 267M->267M(1615M) 0.345ms
[2023-07-21T14:34:02.978+0700][gc,cpu        ] GC(22) User=0.00s Sys=0.00s Real=0.00s
[2023-07-21T14:34:02.979+0700][gc,marking    ] GC(22) Concurrent Cleanup for Next Mark
[2023-07-21T14:34:02.983+0700][gc,marking    ] GC(22) Concurrent Cleanup for Next Mark 4.776ms
[2023-07-21T14:34:02.983+0700][gc            ] GC(22) Concurrent Cycle 85.285ms
[2023-07-21T14:34:03.615+0700][gc,start      ] GC(23) Pause Young (Prepare Mixed) (Metadata GC Threshold)
[2023-07-21T14:34:03.615+0700][gc,task       ] GC(23) Using 8 workers of 8 for evacuation
[2023-07-21T14:34:03.638+0700][gc,phases     ] GC(23)   Pre Evacuate Collection Set: 0.1ms
[2023-07-21T14:34:03.638+0700][gc,phases     ] GC(23)   Evacuate Collection Set: 19.9ms
[2023-07-21T14:34:03.638+0700][gc,phases     ] GC(23)   Post Evacuate Collection Set: 3.6ms
[2023-07-21T14:34:03.638+0700][gc,phases     ] GC(23)   Other: 0.2ms
[2023-07-21T14:34:03.639+0700][gc,heap       ] GC(23) Eden regions: 124->0(752)
[2023-07-21T14:34:03.639+0700][gc,heap       ] GC(23) Survivor regions: 53->55(101)
[2023-07-21T14:34:03.639+0700][gc,heap       ] GC(23) Old regions: 198->198
[2023-07-21T14:34:03.639+0700][gc,heap       ] GC(23) Humongous regions: 5->5
[2023-07-21T14:34:03.639+0700][gc,metaspace  ] GC(23) Metaspace: 37884K(39076K)->37884K(39076K) NonClass: 33515K(34252K)->33515K(34252K) Class: 4368K(4824K)->4368K(4824K)
[2023-07-21T14:34:03.639+0700][gc            ] GC(23) Pause Young (Prepare Mixed) (Metadata GC Threshold) 378M->256M(1615M) 23.858ms
[2023-07-21T14:34:03.639+0700][gc,cpu        ] GC(23) User=0.15s Sys=0.03s Real=0.02s
[2023-07-21T14:34:03.660+0700][gc,start      ] GC(24) Pause Young (Mixed) (Metadata GC Threshold)
[2023-07-21T14:34:03.660+0700][gc,task       ] GC(24) Using 8 workers of 8 for evacuation
[2023-07-21T14:34:03.677+0700][gc,phases     ] GC(24)   Pre Evacuate Collection Set: 0.1ms
[2023-07-21T14:34:03.677+0700][gc,phases     ] GC(24)   Evacuate Collection Set: 16.1ms
[2023-07-21T14:34:03.677+0700][gc,phases     ] GC(24)   Post Evacuate Collection Set: 1.0ms
[2023-07-21T14:34:03.677+0700][gc,phases     ] GC(24)   Other: 0.2ms
[2023-07-21T14:34:03.677+0700][gc,heap       ] GC(24) Eden regions: 8->0(756)
[2023-07-21T14:34:03.677+0700][gc,heap       ] GC(24) Survivor regions: 55->51(101)
[2023-07-21T14:34:03.677+0700][gc,heap       ] GC(24) Old regions: 198->183
[2023-07-21T14:34:03.677+0700][gc,heap       ] GC(24) Humongous regions: 5->5
[2023-07-21T14:34:03.677+0700][gc,metaspace  ] GC(24) Metaspace: 38222K(39432K)->38222K(39432K) NonClass: 33808K(34508K)->33808K(34508K) Class: 4413K(4924K)->4413K(4924K)
[2023-07-21T14:34:03.677+0700][gc            ] GC(24) Pause Young (Mixed) (Metadata GC Threshold) 263M->236M(1615M) 17.285ms
[2023-07-21T14:34:03.677+0700][gc,cpu        ] GC(24) User=0.12s Sys=0.01s Real=0.02s
[2023-07-21T14:34:03.701+0700][gc,start      ] GC(25) Pause Young (Mixed) (Metadata GC Threshold)
[2023-07-21T14:34:03.701+0700][gc,task       ] GC(25) Using 8 workers of 8 for evacuation
[2023-07-21T14:34:03.720+0700][gc,phases     ] GC(25)   Pre Evacuate Collection Set: 0.1ms
[2023-07-21T14:34:03.720+0700][gc,phases     ] GC(25)   Evacuate Collection Set: 17.6ms
[2023-07-21T14:34:03.720+0700][gc,phases     ] GC(25)   Post Evacuate Collection Set: 0.8ms
[2023-07-21T14:34:03.720+0700][gc,phases     ] GC(25)   Other: 0.2ms
[2023-07-21T14:34:03.720+0700][gc,heap       ] GC(25) Eden regions: 7->0(757)
[2023-07-21T14:34:03.720+0700][gc,heap       ] GC(25) Survivor regions: 51->50(101)
[2023-07-21T14:34:03.720+0700][gc,heap       ] GC(25) Old regions: 183->163
[2023-07-21T14:34:03.720+0700][gc,heap       ] GC(25) Humongous regions: 5->5
[2023-07-21T14:34:03.720+0700][gc,metaspace  ] GC(25) Metaspace: 38405K(39688K)->38405K(39688K) NonClass: 33965K(34764K)->33965K(34764K) Class: 4439K(4924K)->4439K(4924K)
[2023-07-21T14:34:03.720+0700][gc            ] GC(25) Pause Young (Mixed) (Metadata GC Threshold) 242M->216M(1615M) 18.688ms
[2023-07-21T14:34:03.720+0700][gc,cpu        ] GC(25) User=0.14s Sys=0.00s Real=0.02s
[2023-07-21T14:34:03.737+0700][gc,start      ] GC(26) Pause Young (Mixed) (Metadata GC Threshold)
[2023-07-21T14:34:03.737+0700][gc,task       ] GC(26) Using 8 workers of 8 for evacuation
[2023-07-21T14:34:03.753+0700][gc,phases     ] GC(26)   Pre Evacuate Collection Set: 0.1ms
[2023-07-21T14:34:03.753+0700][gc,phases     ] GC(26)   Evacuate Collection Set: 15.3ms
[2023-07-21T14:34:03.753+0700][gc,phases     ] GC(26)   Post Evacuate Collection Set: 0.6ms
[2023-07-21T14:34:03.753+0700][gc,phases     ] GC(26)   Other: 0.2ms
[2023-07-21T14:34:03.753+0700][gc,heap       ] GC(26) Eden regions: 3->0(756)
[2023-07-21T14:34:03.753+0700][gc,heap       ] GC(26) Survivor regions: 50->51(101)
[2023-07-21T14:34:03.753+0700][gc,heap       ] GC(26) Old regions: 163->160
[2023-07-21T14:34:03.753+0700][gc,heap       ] GC(26) Humongous regions: 5->5
[2023-07-21T14:34:03.753+0700][gc,metaspace  ] GC(26) Metaspace: 38701K(40072K)->38701K(40072K) NonClass: 34238K(35020K)->34238K(35020K) Class: 4462K(5052K)->4462K(5052K)
[2023-07-21T14:34:03.753+0700][gc            ] GC(26) Pause Young (Mixed) (Metadata GC Threshold) 218M->214M(1615M) 16.229ms
[2023-07-21T14:34:03.753+0700][gc,cpu        ] GC(26) User=0.12s Sys=0.00s Real=0.01s
[2023-07-21T14:34:03.771+0700][gc,start      ] GC(27) Pause Young (Concurrent Start) (Metadata GC Threshold)
[2023-07-21T14:34:03.771+0700][gc,task       ] GC(27) Using 8 workers of 8 for evacuation
[2023-07-21T14:34:03.790+0700][gc,phases     ] GC(27)   Pre Evacuate Collection Set: 0.1ms
[2023-07-21T14:34:03.790+0700][gc,phases     ] GC(27)   Evacuate Collection Set: 17.8ms
[2023-07-21T14:34:03.790+0700][gc,phases     ] GC(27)   Post Evacuate Collection Set: 0.7ms
[2023-07-21T14:34:03.790+0700][gc,phases     ] GC(27)   Other: 0.2ms
[2023-07-21T14:34:03.790+0700][gc,heap       ] GC(27) Eden regions: 3->0(757)
[2023-07-21T14:34:03.790+0700][gc,heap       ] GC(27) Survivor regions: 51->50(101)
[2023-07-21T14:34:03.790+0700][gc,heap       ] GC(27) Old regions: 160->160
[2023-07-21T14:34:03.790+0700][gc,heap       ] GC(27) Humongous regions: 5->5
[2023-07-21T14:34:03.790+0700][gc,metaspace  ] GC(27) Metaspace: 39009K(40328K)->39009K(40328K) NonClass: 34502K(35276K)->34502K(35276K) Class: 4507K(5052K)->4507K(5052K)
[2023-07-21T14:34:03.790+0700][gc            ] GC(27) Pause Young (Concurrent Start) (Metadata GC Threshold) 216M->213M(1615M) 18.903ms
[2023-07-21T14:34:03.790+0700][gc,cpu        ] GC(27) User=0.13s Sys=0.01s Real=0.02s
[2023-07-21T14:34:03.790+0700][gc            ] GC(28) Concurrent Cycle
[2023-07-21T14:34:03.790+0700][gc,marking    ] GC(28) Concurrent Clear Claimed Marks
[2023-07-21T14:34:03.790+0700][gc,marking    ] GC(28) Concurrent Clear Claimed Marks 0.147ms
[2023-07-21T14:34:03.790+0700][gc,marking    ] GC(28) Concurrent Scan Root Regions
[2023-07-21T14:34:03.808+0700][gc,marking    ] GC(28) Concurrent Scan Root Regions 18.076ms
[2023-07-21T14:34:03.808+0700][gc,marking    ] GC(28) Concurrent Mark (4.420s)
[2023-07-21T14:34:03.808+0700][gc,marking    ] GC(28) Concurrent Mark From Roots
[2023-07-21T14:34:03.808+0700][gc,task       ] GC(28) Using 2 workers of 2 for marking
[2023-07-21T14:34:03.850+0700][gc,marking    ] GC(28) Concurrent Mark From Roots 41.472ms
[2023-07-21T14:34:03.850+0700][gc,marking    ] GC(28) Concurrent Preclean
[2023-07-21T14:34:03.850+0700][gc,marking    ] GC(28) Concurrent Preclean 0.101ms
[2023-07-21T14:34:03.850+0700][gc,marking    ] GC(28) Concurrent Mark (4.420s, 4.461s) 41.620ms
[2023-07-21T14:34:03.850+0700][gc,start      ] GC(28) Pause Remark
[2023-07-21T14:34:03.854+0700][gc,stringtable] GC(28) Cleaned string and symbol table, strings: 16699 processed, 0 removed, symbols: 104854 processed, 31 removed
[2023-07-21T14:34:03.855+0700][gc            ] GC(28) Pause Remark 222M->221M(1615M) 4.167ms
[2023-07-21T14:34:03.855+0700][gc,cpu        ] GC(28) User=0.03s Sys=0.00s Real=0.01s
[2023-07-21T14:34:03.855+0700][gc,marking    ] GC(28) Concurrent Rebuild Remembered Sets
[2023-07-21T14:34:03.879+0700][gc,marking    ] GC(28) Concurrent Rebuild Remembered Sets 24.864ms
[2023-07-21T14:34:03.880+0700][gc,start      ] GC(28) Pause Cleanup
[2023-07-21T14:34:03.880+0700][gc            ] GC(28) Pause Cleanup 225M->225M(1615M) 0.306ms
[2023-07-21T14:34:03.880+0700][gc,cpu        ] GC(28) User=0.00s Sys=0.00s Real=0.00s
[2023-07-21T14:34:03.880+0700][gc,marking    ] GC(28) Concurrent Cleanup for Next Mark
[2023-07-21T14:34:03.884+0700][gc,marking    ] GC(28) Concurrent Cleanup for Next Mark 4.159ms
[2023-07-21T14:34:03.884+0700][gc            ] GC(28) Concurrent Cycle 94.089ms
[2023-07-21T14:34:35.879+0700][gc,heap,exit  ] Heap
[2023-07-21T14:34:35.879+0700][gc,heap,exit  ]  garbage-first heap   total 1653760K, used 403144K [0x0000000740000000, 0x0000000800000000)
[2023-07-21T14:34:35.879+0700][gc,heap,exit  ]   region size 1024K, 232 young (237568K), 50 survivors (51200K)
[2023-07-21T14:34:35.879+0700][gc,heap,exit  ]  Metaspace       used 53915K, capacity 55796K, committed 55944K, reserved 1097728K
[2023-07-21T14:34:35.879+0700][gc,heap,exit  ]   class space    used 6470K, capacity 7249K, committed 7356K, reserved 1048576K
