[2023-07-22T21:02:55.075+0700][gc,heap] Heap region size: 1M
[2023-07-22T21:02:55.078+0700][gc     ] Using G1
[2023-07-22T21:02:55.078+0700][gc,heap,coops] Heap address: 0x0000000740000000, size: 3072 MB, Compressed Oops mode: Zero based, Oop shift amount: 3
[2023-07-22T21:02:55.078+0700][gc,cds       ] Mark closed archive regions in map: [0x00000007fff00000, 0x00000007fff6aff8]
[2023-07-22T21:02:55.078+0700][gc,cds       ] Mark open archive regions in map: [0x00000007ffe00000, 0x00000007ffe46ff8]
[2023-07-22T21:02:55.980+0700][gc,start     ] GC(0) Pause Young (Normal) (G1 Evacuation Pause)
[2023-07-22T21:02:55.980+0700][gc,task      ] GC(0) Using 2 workers of 8 for evacuation
[2023-07-22T21:02:55.991+0700][gc,phases    ] GC(0)   Pre Evacuate Collection Set: 0.0ms
[2023-07-22T21:02:55.991+0700][gc,phases    ] GC(0)   Evacuate Collection Set: 9.9ms
[2023-07-22T21:02:55.991+0700][gc,phases    ] GC(0)   Post Evacuate Collection Set: 0.6ms
[2023-07-22T21:02:55.991+0700][gc,phases    ] GC(0)   Other: 0.3ms
[2023-07-22T21:02:55.991+0700][gc,heap      ] GC(0) Eden regions: 61->0(53)
[2023-07-22T21:02:55.991+0700][gc,heap      ] GC(0) Survivor regions: 0->8(8)
[2023-07-22T21:02:55.991+0700][gc,heap      ] GC(0) Old regions: 2->13
[2023-07-22T21:02:55.991+0700][gc,heap      ] GC(0) Humongous regions: 4->4
[2023-07-22T21:02:55.991+0700][gc,metaspace ] GC(0) Metaspace: 6808K(7296K)->6808K(7296K) NonClass: 6036K(6400K)->6036K(6400K) Class: 771K(896K)->771K(896K)
[2023-07-22T21:02:55.991+0700][gc           ] GC(0) Pause Young (Normal) (G1 Evacuation Pause) 65M->23M(124M) 10.891ms
[2023-07-22T21:02:55.991+0700][gc,cpu       ] GC(0) User=0.02s Sys=0.01s Real=0.01s
[2023-07-22T21:02:56.262+0700][gc,start     ] GC(1) Pause Young (Normal) (G1 Evacuation Pause)
[2023-07-22T21:02:56.262+0700][gc,task      ] GC(1) Using 2 workers of 8 for evacuation
[2023-07-22T21:02:56.269+0700][gc,phases    ] GC(1)   Pre Evacuate Collection Set: 0.0ms
[2023-07-22T21:02:56.269+0700][gc,phases    ] GC(1)   Evacuate Collection Set: 6.9ms
[2023-07-22T21:02:56.269+0700][gc,phases    ] GC(1)   Post Evacuate Collection Set: 0.5ms
[2023-07-22T21:02:56.269+0700][gc,phases    ] GC(1)   Other: 0.1ms
[2023-07-22T21:02:56.269+0700][gc,heap      ] GC(1) Eden regions: 53->0(59)
[2023-07-22T21:02:56.269+0700][gc,heap      ] GC(1) Survivor regions: 8->2(8)
[2023-07-22T21:02:56.269+0700][gc,heap      ] GC(1) Old regions: 13->21
[2023-07-22T21:02:56.269+0700][gc,heap      ] GC(1) Humongous regions: 4->4
[2023-07-22T21:02:56.269+0700][gc,metaspace ] GC(1) Metaspace: 10588K(11264K)->10588K(11264K) NonClass: 9298K(9728K)->9298K(9728K) Class: 1289K(1536K)->1289K(1536K)
[2023-07-22T21:02:56.269+0700][gc           ] GC(1) Pause Young (Normal) (G1 Evacuation Pause) 76M->24M(124M) 7.565ms
[2023-07-22T21:02:56.269+0700][gc,cpu       ] GC(1) User=0.01s Sys=0.02s Real=0.01s
[2023-07-22T21:02:56.463+0700][gc,start     ] GC(2) Pause Young (Normal) (G1 Evacuation Pause)
[2023-07-22T21:02:56.463+0700][gc,task      ] GC(2) Using 2 workers of 8 for evacuation
[2023-07-22T21:02:56.471+0700][gc,phases    ] GC(2)   Pre Evacuate Collection Set: 0.0ms
[2023-07-22T21:02:56.471+0700][gc,phases    ] GC(2)   Evacuate Collection Set: 7.3ms
[2023-07-22T21:02:56.471+0700][gc,phases    ] GC(2)   Post Evacuate Collection Set: 0.5ms
[2023-07-22T21:02:56.471+0700][gc,phases    ] GC(2)   Other: 0.1ms
[2023-07-22T21:02:56.471+0700][gc,heap      ] GC(2) Eden regions: 59->0(53)
[2023-07-22T21:02:56.471+0700][gc,heap      ] GC(2) Survivor regions: 2->8(8)
[2023-07-22T21:02:56.471+0700][gc,heap      ] GC(2) Old regions: 21->21
[2023-07-22T21:02:56.471+0700][gc,heap      ] GC(2) Humongous regions: 4->4
[2023-07-22T21:02:56.471+0700][gc,metaspace ] GC(2) Metaspace: 12267K(13056K)->12267K(13056K) NonClass: 10780K(11264K)->10780K(11264K) Class: 1487K(1792K)->1487K(1792K)
[2023-07-22T21:02:56.471+0700][gc           ] GC(2) Pause Young (Normal) (G1 Evacuation Pause) 83M->31M(124M) 7.958ms
[2023-07-22T21:02:56.471+0700][gc,cpu       ] GC(2) User=0.03s Sys=0.00s Real=0.01s
[2023-07-22T21:02:56.527+0700][gc,start     ] GC(3) Pause Young (Normal) (G1 Evacuation Pause)
[2023-07-22T21:02:56.527+0700][gc,task      ] GC(3) Using 2 workers of 8 for evacuation
[2023-07-22T21:02:56.546+0700][gc,phases    ] GC(3)   Pre Evacuate Collection Set: 0.0ms
[2023-07-22T21:02:56.546+0700][gc,phases    ] GC(3)   Evacuate Collection Set: 18.3ms
[2023-07-22T21:02:56.546+0700][gc,phases    ] GC(3)   Post Evacuate Collection Set: 0.3ms
[2023-07-22T21:02:56.546+0700][gc,phases    ] GC(3)   Other: 0.1ms
[2023-07-22T21:02:56.546+0700][gc,heap      ] GC(3) Eden regions: 53->0(53)
[2023-07-22T21:02:56.546+0700][gc,heap      ] GC(3) Survivor regions: 8->8(8)
[2023-07-22T21:02:56.546+0700][gc,heap      ] GC(3) Old regions: 21->34
[2023-07-22T21:02:56.546+0700][gc,heap      ] GC(3) Humongous regions: 7->6
[2023-07-22T21:02:56.546+0700][gc,metaspace ] GC(3) Metaspace: 12313K(13056K)->12313K(13056K) NonClass: 10826K(11264K)->10826K(11264K) Class: 1487K(1792K)->1487K(1792K)
[2023-07-22T21:02:56.546+0700][gc           ] GC(3) Pause Young (Normal) (G1 Evacuation Pause) 87M->46M(124M) 18.817ms
[2023-07-22T21:02:56.546+0700][gc,cpu       ] GC(3) User=0.05s Sys=0.00s Real=0.02s
[2023-07-22T21:02:56.660+0700][gc,start     ] GC(4) Pause Young (Normal) (G1 Evacuation Pause)
[2023-07-22T21:02:56.660+0700][gc,task      ] GC(4) Using 2 workers of 8 for evacuation
[2023-07-22T21:02:56.680+0700][gc,phases    ] GC(4)   Pre Evacuate Collection Set: 0.0ms
[2023-07-22T21:02:56.680+0700][gc,phases    ] GC(4)   Evacuate Collection Set: 19.2ms
[2023-07-22T21:02:56.680+0700][gc,phases    ] GC(4)   Post Evacuate Collection Set: 0.9ms
[2023-07-22T21:02:56.680+0700][gc,phases    ] GC(4)   Other: 0.1ms
[2023-07-22T21:02:56.680+0700][gc,heap      ] GC(4) Eden regions: 53->0(75)
[2023-07-22T21:02:56.680+0700][gc,heap      ] GC(4) Survivor regions: 8->8(8)
[2023-07-22T21:02:56.680+0700][gc,heap      ] GC(4) Old regions: 34->52
[2023-07-22T21:02:56.680+0700][gc,heap      ] GC(4) Humongous regions: 8->4
[2023-07-22T21:02:56.680+0700][gc,metaspace ] GC(4) Metaspace: 12440K(13312K)->12440K(13312K) NonClass: 10950K(11520K)->10950K(11520K) Class: 1489K(1792K)->1489K(1792K)
[2023-07-22T21:02:56.680+0700][gc           ] GC(4) Pause Young (Normal) (G1 Evacuation Pause) 101M->62M(166M) 20.308ms
[2023-07-22T21:02:56.680+0700][gc,cpu       ] GC(4) User=0.07s Sys=0.00s Real=0.02s
[2023-07-22T21:02:56.806+0700][gc,start     ] GC(5) Pause Young (Normal) (GCLocker Initiated GC)
[2023-07-22T21:02:56.806+0700][gc,task      ] GC(5) Using 3 workers of 8 for evacuation
[2023-07-22T21:02:56.836+0700][gc,phases    ] GC(5)   Pre Evacuate Collection Set: 0.0ms
[2023-07-22T21:02:56.836+0700][gc,phases    ] GC(5)   Evacuate Collection Set: 29.6ms
[2023-07-22T21:02:56.836+0700][gc,phases    ] GC(5)   Post Evacuate Collection Set: 0.2ms
[2023-07-22T21:02:56.836+0700][gc,phases    ] GC(5)   Other: 0.3ms
[2023-07-22T21:02:56.836+0700][gc,heap      ] GC(5) Eden regions: 76->0(78)
[2023-07-22T21:02:56.836+0700][gc,heap      ] GC(5) Survivor regions: 8->11(11)
[2023-07-22T21:02:56.836+0700][gc,heap      ] GC(5) Old regions: 52->77
[2023-07-22T21:02:56.836+0700][gc,heap      ] GC(5) Humongous regions: 6->6
[2023-07-22T21:02:56.836+0700][gc,metaspace ] GC(5) Metaspace: 12759K(13568K)->12759K(13568K) NonClass: 11242K(11776K)->11242K(11776K) Class: 1517K(1792K)->1517K(1792K)
[2023-07-22T21:02:56.836+0700][gc           ] GC(5) Pause Young (Normal) (GCLocker Initiated GC) 139M->92M(178M) 30.221ms
[2023-07-22T21:02:56.836+0700][gc,cpu       ] GC(5) User=0.08s Sys=0.02s Real=0.03s
[2023-07-22T21:02:56.881+0700][gc,start     ] GC(6) Pause Young (Concurrent Start) (G1 Evacuation Pause)
[2023-07-22T21:02:56.881+0700][gc,task      ] GC(6) Using 4 workers of 8 for evacuation
[2023-07-22T21:02:56.890+0700][gc,phases    ] GC(6)   Pre Evacuate Collection Set: 0.0ms
[2023-07-22T21:02:56.890+0700][gc,phases    ] GC(6)   Evacuate Collection Set: 8.6ms
[2023-07-22T21:02:56.890+0700][gc,phases    ] GC(6)   Post Evacuate Collection Set: 0.3ms
[2023-07-22T21:02:56.890+0700][gc,phases    ] GC(6)   Other: 0.3ms
[2023-07-22T21:02:56.890+0700][gc,heap      ] GC(6) Eden regions: 78->0(88)
[2023-07-22T21:02:56.890+0700][gc,heap      ] GC(6) Survivor regions: 11->6(12)
[2023-07-22T21:02:56.890+0700][gc,heap      ] GC(6) Old regions: 77->88
[2023-07-22T21:02:56.890+0700][gc,heap      ] GC(6) Humongous regions: 6->6
[2023-07-22T21:02:56.890+0700][gc,metaspace ] GC(6) Metaspace: 12800K(13568K)->12800K(13568K) NonClass: 11281K(11776K)->11281K(11776K) Class: 1518K(1792K)->1518K(1792K)
[2023-07-22T21:02:56.890+0700][gc           ] GC(6) Pause Young (Concurrent Start) (G1 Evacuation Pause) 170M->98M(189M) 9.297ms
[2023-07-22T21:02:56.890+0700][gc,cpu       ] GC(6) User=0.04s Sys=0.01s Real=0.01s
[2023-07-22T21:02:56.891+0700][gc           ] GC(7) Concurrent Cycle
[2023-07-22T21:02:56.891+0700][gc,marking   ] GC(7) Concurrent Clear Claimed Marks
[2023-07-22T21:02:56.891+0700][gc,marking   ] GC(7) Concurrent Clear Claimed Marks 0.053ms
[2023-07-22T21:02:56.891+0700][gc,marking   ] GC(7) Concurrent Scan Root Regions
[2023-07-22T21:02:56.892+0700][gc,marking   ] GC(7) Concurrent Scan Root Regions 0.918ms
[2023-07-22T21:02:56.892+0700][gc,marking   ] GC(7) Concurrent Mark (1.819s)
[2023-07-22T21:02:56.892+0700][gc,marking   ] GC(7) Concurrent Mark From Roots
[2023-07-22T21:02:56.892+0700][gc,task      ] GC(7) Using 2 workers of 2 for marking
[2023-07-22T21:02:56.932+0700][gc,start     ] GC(8) Pause Young (Normal) (GCLocker Initiated GC)
[2023-07-22T21:02:56.932+0700][gc,task      ] GC(8) Using 4 workers of 8 for evacuation
[2023-07-22T21:02:56.936+0700][gc,phases    ] GC(8)   Pre Evacuate Collection Set: 0.0ms
[2023-07-22T21:02:56.936+0700][gc,phases    ] GC(8)   Evacuate Collection Set: 4.0ms
[2023-07-22T21:02:56.936+0700][gc,phases    ] GC(8)   Post Evacuate Collection Set: 0.2ms
[2023-07-22T21:02:56.936+0700][gc,phases    ] GC(8)   Other: 0.1ms
[2023-07-22T21:02:56.936+0700][gc,heap      ] GC(8) Eden regions: 89->0(90)
[2023-07-22T21:02:56.936+0700][gc,heap      ] GC(8) Survivor regions: 6->8(12)
[2023-07-22T21:02:56.936+0700][gc,heap      ] GC(8) Old regions: 88->88
[2023-07-22T21:02:56.936+0700][gc,heap      ] GC(8) Humongous regions: 6->6
[2023-07-22T21:02:56.936+0700][gc,metaspace ] GC(8) Metaspace: 12820K(13568K)->12820K(13568K) NonClass: 11301K(11776K)->11301K(11776K) Class: 1518K(1792K)->1518K(1792K)
[2023-07-22T21:02:56.936+0700][gc           ] GC(8) Pause Young (Normal) (GCLocker Initiated GC) 186M->100M(197M) 4.378ms
[2023-07-22T21:02:56.936+0700][gc,cpu       ] GC(8) User=0.02s Sys=0.01s Real=0.01s
[2023-07-22T21:02:56.961+0700][gc,marking   ] GC(7) Concurrent Mark From Roots 69.558ms
[2023-07-22T21:02:56.961+0700][gc,marking   ] GC(7) Concurrent Preclean
[2023-07-22T21:02:56.961+0700][gc,marking   ] GC(7) Concurrent Preclean 0.161ms
[2023-07-22T21:02:56.961+0700][gc,marking   ] GC(7) Concurrent Mark (1.819s, 1.889s) 69.783ms
[2023-07-22T21:02:56.962+0700][gc,start     ] GC(7) Pause Remark
[2023-07-22T21:02:56.964+0700][gc,stringtable] GC(7) Cleaned string and symbol table, strings: 6971 processed, 34 removed, symbols: 36161 processed, 33 removed
[2023-07-22T21:02:56.965+0700][gc            ] GC(7) Pause Remark 150M->149M(197M) 2.798ms
[2023-07-22T21:02:56.965+0700][gc,cpu        ] GC(7) User=0.02s Sys=0.00s Real=0.01s
[2023-07-22T21:02:56.965+0700][gc,marking    ] GC(7) Concurrent Rebuild Remembered Sets
[2023-07-22T21:02:56.981+0700][gc,start      ] GC(9) Pause Young (Normal) (G1 Evacuation Pause)
[2023-07-22T21:02:56.981+0700][gc,task       ] GC(9) Using 4 workers of 8 for evacuation
[2023-07-22T21:02:56.987+0700][gc,phases     ] GC(9)   Pre Evacuate Collection Set: 0.0ms
[2023-07-22T21:02:56.987+0700][gc,phases     ] GC(9)   Evacuate Collection Set: 4.5ms
[2023-07-22T21:02:56.987+0700][gc,phases     ] GC(9)   Post Evacuate Collection Set: 1.0ms
[2023-07-22T21:02:56.987+0700][gc,phases     ] GC(9)   Other: 0.1ms
[2023-07-22T21:02:56.987+0700][gc,heap       ] GC(9) Eden regions: 90->0(164)
[2023-07-22T21:02:56.987+0700][gc,heap       ] GC(9) Survivor regions: 8->9(13)
[2023-07-22T21:02:56.987+0700][gc,heap       ] GC(9) Old regions: 88->92
[2023-07-22T21:02:56.987+0700][gc,heap       ] GC(9) Humongous regions: 5->5
[2023-07-22T21:02:56.987+0700][gc,metaspace  ] GC(9) Metaspace: 12817K(13568K)->12817K(13568K) NonClass: 11298K(11776K)->11298K(11776K) Class: 1518K(1792K)->1518K(1792K)
[2023-07-22T21:02:56.987+0700][gc            ] GC(9) Pause Young (Normal) (G1 Evacuation Pause) 189M->104M(346M) 5.676ms
[2023-07-22T21:02:56.987+0700][gc,cpu        ] GC(9) User=0.02s Sys=0.00s Real=0.01s
[2023-07-22T21:02:57.036+0700][gc,marking    ] GC(7) Concurrent Rebuild Remembered Sets 71.445ms
[2023-07-22T21:02:57.038+0700][gc,start      ] GC(7) Pause Cleanup
[2023-07-22T21:02:57.039+0700][gc            ] GC(7) Pause Cleanup 188M->188M(346M) 0.231ms
[2023-07-22T21:02:57.039+0700][gc,cpu        ] GC(7) User=0.00s Sys=0.00s Real=0.00s
[2023-07-22T21:02:57.039+0700][gc,marking    ] GC(7) Concurrent Cleanup for Next Mark
[2023-07-22T21:02:57.046+0700][gc,marking    ] GC(7) Concurrent Cleanup for Next Mark 7.044ms
[2023-07-22T21:02:57.046+0700][gc            ] GC(7) Concurrent Cycle 155.304ms
[2023-07-22T21:02:57.070+0700][gc,start      ] GC(10) Pause Young (Normal) (GCLocker Initiated GC)
[2023-07-22T21:02:57.070+0700][gc,task       ] GC(10) Using 8 workers of 8 for evacuation
[2023-07-22T21:02:57.075+0700][gc,phases     ] GC(10)   Pre Evacuate Collection Set: 0.0ms
[2023-07-22T21:02:57.075+0700][gc,phases     ] GC(10)   Evacuate Collection Set: 4.1ms
[2023-07-22T21:02:57.075+0700][gc,phases     ] GC(10)   Post Evacuate Collection Set: 0.3ms
[2023-07-22T21:02:57.075+0700][gc,phases     ] GC(10)   Other: 0.6ms
[2023-07-22T21:02:57.075+0700][gc,heap       ] GC(10) Eden regions: 165->0(157)
[2023-07-22T21:02:57.075+0700][gc,heap       ] GC(10) Survivor regions: 9->16(22)
[2023-07-22T21:02:57.075+0700][gc,heap       ] GC(10) Old regions: 92->92
[2023-07-22T21:02:57.075+0700][gc,heap       ] GC(10) Humongous regions: 5->5
[2023-07-22T21:02:57.075+0700][gc,metaspace  ] GC(10) Metaspace: 12823K(13568K)->12823K(13568K) NonClass: 11304K(11776K)->11304K(11776K) Class: 1518K(1792K)->1518K(1792K)
[2023-07-22T21:02:57.075+0700][gc            ] GC(10) Pause Young (Normal) (GCLocker Initiated GC) 269M->111M(346M) 5.084ms
[2023-07-22T21:02:57.075+0700][gc,cpu        ] GC(10) User=0.03s Sys=0.00s Real=0.01s
[2023-07-22T21:02:57.118+0700][gc,start      ] GC(11) Pause Young (Normal) (GCLocker Initiated GC)
[2023-07-22T21:02:57.118+0700][gc,task       ] GC(11) Using 8 workers of 8 for evacuation
[2023-07-22T21:02:57.123+0700][gc,phases     ] GC(11)   Pre Evacuate Collection Set: 0.0ms
[2023-07-22T21:02:57.123+0700][gc,phases     ] GC(11)   Evacuate Collection Set: 5.1ms
[2023-07-22T21:02:57.123+0700][gc,phases     ] GC(11)   Post Evacuate Collection Set: 0.3ms
[2023-07-22T21:02:57.123+0700][gc,phases     ] GC(11)   Other: 0.1ms
[2023-07-22T21:02:57.123+0700][gc,heap       ] GC(11) Eden regions: 157->0(159)
[2023-07-22T21:02:57.123+0700][gc,heap       ] GC(11) Survivor regions: 16->14(22)
[2023-07-22T21:02:57.123+0700][gc,heap       ] GC(11) Old regions: 92->101
[2023-07-22T21:02:57.123+0700][gc,heap       ] GC(11) Humongous regions: 5->5
[2023-07-22T21:02:57.123+0700][gc,metaspace  ] GC(11) Metaspace: 12826K(13568K)->12826K(13568K) NonClass: 11308K(11776K)->11308K(11776K) Class: 1518K(1792K)->1518K(1792K)
[2023-07-22T21:02:57.123+0700][gc            ] GC(11) Pause Young (Normal) (GCLocker Initiated GC) 268M->117M(346M) 5.579ms
[2023-07-22T21:02:57.123+0700][gc,cpu        ] GC(11) User=0.04s Sys=0.00s Real=0.00s
[2023-07-22T21:02:57.173+0700][gc,start      ] GC(12) Pause Young (Normal) (GCLocker Initiated GC)
[2023-07-22T21:02:57.173+0700][gc,task       ] GC(12) Using 8 workers of 8 for evacuation
[2023-07-22T21:02:57.178+0700][gc,phases     ] GC(12)   Pre Evacuate Collection Set: 0.0ms
[2023-07-22T21:02:57.178+0700][gc,phases     ] GC(12)   Evacuate Collection Set: 5.0ms
[2023-07-22T21:02:57.178+0700][gc,phases     ] GC(12)   Post Evacuate Collection Set: 0.3ms
[2023-07-22T21:02:57.178+0700][gc,phases     ] GC(12)   Other: 0.1ms
[2023-07-22T21:02:57.178+0700][gc,heap       ] GC(12) Eden regions: 160->0(160)
[2023-07-22T21:02:57.178+0700][gc,heap       ] GC(12) Survivor regions: 14->13(22)
[2023-07-22T21:02:57.178+0700][gc,heap       ] GC(12) Old regions: 101->108
[2023-07-22T21:02:57.178+0700][gc,heap       ] GC(12) Humongous regions: 5->5
[2023-07-22T21:02:57.178+0700][gc,metaspace  ] GC(12) Metaspace: 12831K(13568K)->12831K(13568K) NonClass: 11312K(11776K)->11312K(11776K) Class: 1518K(1792K)->1518K(1792K)
[2023-07-22T21:02:57.178+0700][gc            ] GC(12) Pause Young (Normal) (GCLocker Initiated GC) 276M->123M(346M) 5.554ms
[2023-07-22T21:02:57.178+0700][gc,cpu        ] GC(12) User=0.04s Sys=0.00s Real=0.01s
[2023-07-22T21:02:57.230+0700][gc,start      ] GC(13) Pause Young (Normal) (GCLocker Initiated GC)
[2023-07-22T21:02:57.231+0700][gc,task       ] GC(13) Using 8 workers of 8 for evacuation
[2023-07-22T21:02:57.236+0700][gc,phases     ] GC(13)   Pre Evacuate Collection Set: 0.0ms
[2023-07-22T21:02:57.236+0700][gc,phases     ] GC(13)   Evacuate Collection Set: 5.0ms
[2023-07-22T21:02:57.236+0700][gc,phases     ] GC(13)   Post Evacuate Collection Set: 0.8ms
[2023-07-22T21:02:57.236+0700][gc,phases     ] GC(13)   Other: 0.1ms
[2023-07-22T21:02:57.236+0700][gc,heap       ] GC(13) Eden regions: 161->0(210)
[2023-07-22T21:02:57.236+0700][gc,heap       ] GC(13) Survivor regions: 13->13(22)
[2023-07-22T21:02:57.236+0700][gc,heap       ] GC(13) Old regions: 108->113
[2023-07-22T21:02:57.236+0700][gc,heap       ] GC(13) Humongous regions: 5->5
[2023-07-22T21:02:57.236+0700][gc,metaspace  ] GC(13) Metaspace: 12831K(13568K)->12831K(13568K) NonClass: 11312K(11776K)->11312K(11776K) Class: 1518K(1792K)->1518K(1792K)
[2023-07-22T21:02:57.236+0700][gc            ] GC(13) Pause Young (Normal) (GCLocker Initiated GC) 284M->129M(447M) 5.985ms
[2023-07-22T21:02:57.236+0700][gc,cpu        ] GC(13) User=0.05s Sys=0.00s Real=0.01s
[2023-07-22T21:02:57.319+0700][gc,start      ] GC(14) Pause Young (Normal) (GCLocker Initiated GC)
[2023-07-22T21:02:57.319+0700][gc,task       ] GC(14) Using 8 workers of 8 for evacuation
[2023-07-22T21:02:57.326+0700][gc,phases     ] GC(14)   Pre Evacuate Collection Set: 0.0ms
[2023-07-22T21:02:57.326+0700][gc,phases     ] GC(14)   Evacuate Collection Set: 7.0ms
[2023-07-22T21:02:57.326+0700][gc,phases     ] GC(14)   Post Evacuate Collection Set: 0.3ms
[2023-07-22T21:02:57.326+0700][gc,phases     ] GC(14)   Other: 0.1ms
[2023-07-22T21:02:57.326+0700][gc,heap       ] GC(14) Eden regions: 210->0(201)
[2023-07-22T21:02:57.326+0700][gc,heap       ] GC(14) Survivor regions: 13->22(28)
[2023-07-22T21:02:57.326+0700][gc,heap       ] GC(14) Old regions: 113->113
[2023-07-22T21:02:57.326+0700][gc,heap       ] GC(14) Humongous regions: 5->5
[2023-07-22T21:02:57.326+0700][gc,metaspace  ] GC(14) Metaspace: 12831K(13568K)->12831K(13568K) NonClass: 11312K(11776K)->11312K(11776K) Class: 1518K(1792K)->1518K(1792K)
[2023-07-22T21:02:57.326+0700][gc            ] GC(14) Pause Young (Normal) (GCLocker Initiated GC) 339M->138M(447M) 7.536ms
[2023-07-22T21:02:57.326+0700][gc,cpu        ] GC(14) User=0.06s Sys=0.00s Real=0.01s
[2023-07-22T21:02:57.383+0700][gc,start      ] GC(15) Pause Young (Normal) (GCLocker Initiated GC)
[2023-07-22T21:02:57.383+0700][gc,task       ] GC(15) Using 8 workers of 8 for evacuation
[2023-07-22T21:02:57.393+0700][gc,phases     ] GC(15)   Pre Evacuate Collection Set: 0.0ms
[2023-07-22T21:02:57.393+0700][gc,phases     ] GC(15)   Evacuate Collection Set: 9.4ms
[2023-07-22T21:02:57.393+0700][gc,phases     ] GC(15)   Post Evacuate Collection Set: 0.3ms
[2023-07-22T21:02:57.393+0700][gc,phases     ] GC(15)   Other: 0.1ms
[2023-07-22T21:02:57.393+0700][gc,heap       ] GC(15) Eden regions: 202->0(203)
[2023-07-22T21:02:57.393+0700][gc,heap       ] GC(15) Survivor regions: 22->20(28)
[2023-07-22T21:02:57.393+0700][gc,heap       ] GC(15) Old regions: 113->125
[2023-07-22T21:02:57.393+0700][gc,heap       ] GC(15) Humongous regions: 6->6
[2023-07-22T21:02:57.393+0700][gc,metaspace  ] GC(15) Metaspace: 12832K(13568K)->12832K(13568K) NonClass: 11314K(11776K)->11314K(11776K) Class: 1518K(1792K)->1518K(1792K)
[2023-07-22T21:02:57.393+0700][gc            ] GC(15) Pause Young (Normal) (GCLocker Initiated GC) 341M->149M(447M) 9.987ms
[2023-07-22T21:02:57.393+0700][gc,cpu        ] GC(15) User=0.06s Sys=0.00s Real=0.01s
[2023-07-22T21:02:57.449+0700][gc,start      ] GC(16) Pause Young (Normal) (GCLocker Initiated GC)
[2023-07-22T21:02:57.449+0700][gc,task       ] GC(16) Using 8 workers of 8 for evacuation
[2023-07-22T21:02:57.458+0700][gc,phases     ] GC(16)   Pre Evacuate Collection Set: 0.0ms
[2023-07-22T21:02:57.458+0700][gc,phases     ] GC(16)   Evacuate Collection Set: 8.7ms
[2023-07-22T21:02:57.458+0700][gc,phases     ] GC(16)   Post Evacuate Collection Set: 0.4ms
[2023-07-22T21:02:57.458+0700][gc,phases     ] GC(16)   Other: 0.1ms
[2023-07-22T21:02:57.458+0700][gc,heap       ] GC(16) Eden regions: 203->0(203)
[2023-07-22T21:02:57.458+0700][gc,heap       ] GC(16) Survivor regions: 20->20(28)
[2023-07-22T21:02:57.458+0700][gc,heap       ] GC(16) Old regions: 125->134
[2023-07-22T21:02:57.458+0700][gc,heap       ] GC(16) Humongous regions: 6->6
[2023-07-22T21:02:57.458+0700][gc,metaspace  ] GC(16) Metaspace: 12832K(13568K)->12832K(13568K) NonClass: 11314K(11776K)->11314K(11776K) Class: 1518K(1792K)->1518K(1792K)
[2023-07-22T21:02:57.458+0700][gc            ] GC(16) Pause Young (Normal) (GCLocker Initiated GC) 352M->158M(447M) 9.296ms
[2023-07-22T21:02:57.458+0700][gc,cpu        ] GC(16) User=0.06s Sys=0.00s Real=0.01s
[2023-07-22T21:02:57.515+0700][gc,start      ] GC(17) Pause Young (Normal) (GCLocker Initiated GC)
[2023-07-22T21:02:57.515+0700][gc,task       ] GC(17) Using 8 workers of 8 for evacuation
[2023-07-22T21:02:57.527+0700][gc,phases     ] GC(17)   Pre Evacuate Collection Set: 0.0ms
[2023-07-22T21:02:57.527+0700][gc,phases     ] GC(17)   Evacuate Collection Set: 9.3ms
[2023-07-22T21:02:57.527+0700][gc,phases     ] GC(17)   Post Evacuate Collection Set: 2.9ms
[2023-07-22T21:02:57.527+0700][gc,phases     ] GC(17)   Other: 0.1ms
[2023-07-22T21:02:57.527+0700][gc,heap       ] GC(17) Eden regions: 204->0(422)
[2023-07-22T21:02:57.527+0700][gc,heap       ] GC(17) Survivor regions: 20->25(28)
[2023-07-22T21:02:57.527+0700][gc,heap       ] GC(17) Old regions: 134->144
[2023-07-22T21:02:57.527+0700][gc,heap       ] GC(17) Humongous regions: 13->6
[2023-07-22T21:02:57.527+0700][gc,metaspace  ] GC(17) Metaspace: 12832K(13568K)->12832K(13568K) NonClass: 11314K(11776K)->11314K(11776K) Class: 1518K(1792K)->1518K(1792K)
[2023-07-22T21:02:57.527+0700][gc            ] GC(17) Pause Young (Normal) (GCLocker Initiated GC) 368M->173M(894M) 12.403ms
[2023-07-22T21:02:57.527+0700][gc,cpu        ] GC(17) User=0.07s Sys=0.00s Real=0.01s
[2023-07-22T21:02:57.684+0700][gc,start      ] GC(18) Pause Young (Normal) (GCLocker Initiated GC)
[2023-07-22T21:02:57.684+0700][gc,task       ] GC(18) Using 8 workers of 8 for evacuation
[2023-07-22T21:02:57.699+0700][gc,phases     ] GC(18)   Pre Evacuate Collection Set: 0.0ms
[2023-07-22T21:02:57.699+0700][gc,phases     ] GC(18)   Evacuate Collection Set: 13.4ms
[2023-07-22T21:02:57.699+0700][gc,phases     ] GC(18)   Post Evacuate Collection Set: 0.5ms
[2023-07-22T21:02:57.699+0700][gc,phases     ] GC(18)   Other: 0.3ms
[2023-07-22T21:02:57.699+0700][gc,heap       ] GC(18) Eden regions: 423->0(407)
[2023-07-22T21:02:57.699+0700][gc,heap       ] GC(18) Survivor regions: 25->40(56)
[2023-07-22T21:02:57.699+0700][gc,heap       ] GC(18) Old regions: 144->144
[2023-07-22T21:02:57.699+0700][gc,heap       ] GC(18) Humongous regions: 7->6
[2023-07-22T21:02:57.699+0700][gc,metaspace  ] GC(18) Metaspace: 12832K(13568K)->12832K(13568K) NonClass: 11314K(11776K)->11314K(11776K) Class: 1518K(1792K)->1518K(1792K)
[2023-07-22T21:02:57.699+0700][gc            ] GC(18) Pause Young (Normal) (GCLocker Initiated GC) 597M->188M(894M) 14.238ms
[2023-07-22T21:02:57.699+0700][gc,cpu        ] GC(18) User=0.07s Sys=0.03s Real=0.01s
[2023-07-22T21:02:57.791+0700][gc,start      ] GC(19) Pause Young (Normal) (GCLocker Initiated GC)
[2023-07-22T21:02:57.791+0700][gc,task       ] GC(19) Using 8 workers of 8 for evacuation
[2023-07-22T21:02:57.817+0700][gc,phases     ] GC(19)   Pre Evacuate Collection Set: 0.0ms
[2023-07-22T21:02:57.817+0700][gc,phases     ] GC(19)   Evacuate Collection Set: 25.0ms
[2023-07-22T21:02:57.817+0700][gc,phases     ] GC(19)   Post Evacuate Collection Set: 0.5ms
[2023-07-22T21:02:57.817+0700][gc,phases     ] GC(19)   Other: 0.1ms
[2023-07-22T21:02:57.817+0700][gc,heap       ] GC(19) Eden regions: 408->0(413)
[2023-07-22T21:02:57.817+0700][gc,heap       ] GC(19) Survivor regions: 40->34(56)
[2023-07-22T21:02:57.817+0700][gc,heap       ] GC(19) Old regions: 144->167
[2023-07-22T21:02:57.817+0700][gc,heap       ] GC(19) Humongous regions: 8->8
[2023-07-22T21:02:57.817+0700][gc,metaspace  ] GC(19) Metaspace: 12851K(13568K)->12851K(13568K) NonClass: 11329K(11776K)->11329K(11776K) Class: 1521K(1792K)->1521K(1792K)
[2023-07-22T21:02:57.817+0700][gc            ] GC(19) Pause Young (Normal) (GCLocker Initiated GC) 597M->206M(894M) 25.782ms
[2023-07-22T21:02:57.817+0700][gc,cpu        ] GC(19) User=0.20s Sys=0.00s Real=0.03s
[2023-07-22T21:02:57.894+0700][gc,start      ] GC(20) Pause Young (Normal) (GCLocker Initiated GC)
[2023-07-22T21:02:57.894+0700][gc,task       ] GC(20) Using 8 workers of 8 for evacuation
[2023-07-22T21:02:57.908+0700][gc,phases     ] GC(20)   Pre Evacuate Collection Set: 0.0ms
[2023-07-22T21:02:57.908+0700][gc,phases     ] GC(20)   Evacuate Collection Set: 13.5ms
[2023-07-22T21:02:57.908+0700][gc,phases     ] GC(20)   Post Evacuate Collection Set: 0.5ms
[2023-07-22T21:02:57.908+0700][gc,phases     ] GC(20)   Other: 0.1ms
[2023-07-22T21:02:57.908+0700][gc,heap       ] GC(20) Eden regions: 413->0(415)
[2023-07-22T21:02:57.908+0700][gc,heap       ] GC(20) Survivor regions: 34->32(56)
[2023-07-22T21:02:57.908+0700][gc,heap       ] GC(20) Old regions: 167->182
[2023-07-22T21:02:57.908+0700][gc,heap       ] GC(20) Humongous regions: 9->8
[2023-07-22T21:02:57.908+0700][gc,metaspace  ] GC(20) Metaspace: 12851K(13568K)->12851K(13568K) NonClass: 11329K(11776K)->11329K(11776K) Class: 1521K(1792K)->1521K(1792K)
[2023-07-22T21:02:57.908+0700][gc            ] GC(20) Pause Young (Normal) (GCLocker Initiated GC) 620M->219M(894M) 14.200ms
[2023-07-22T21:02:57.908+0700][gc,cpu        ] GC(20) User=0.11s Sys=0.01s Real=0.01s
[2023-07-22T21:02:57.984+0700][gc,start      ] GC(21) Pause Young (Normal) (GCLocker Initiated GC)
[2023-07-22T21:02:57.984+0700][gc,task       ] GC(21) Using 8 workers of 8 for evacuation
[2023-07-22T21:02:57.998+0700][gc,phases     ] GC(21)   Pre Evacuate Collection Set: 0.0ms
[2023-07-22T21:02:57.998+0700][gc,phases     ] GC(21)   Evacuate Collection Set: 10.8ms
[2023-07-22T21:02:57.998+0700][gc,phases     ] GC(21)   Post Evacuate Collection Set: 3.4ms
[2023-07-22T21:02:57.998+0700][gc,phases     ] GC(21)   Other: 0.1ms
[2023-07-22T21:02:57.998+0700][gc,heap       ] GC(21) Eden regions: 416->0(715)
[2023-07-22T21:02:57.998+0700][gc,heap       ] GC(21) Survivor regions: 32->26(56)
[2023-07-22T21:02:57.998+0700][gc,heap       ] GC(21) Old regions: 182->200
[2023-07-22T21:02:57.998+0700][gc,heap       ] GC(21) Humongous regions: 8->8
[2023-07-22T21:02:57.998+0700][gc,metaspace  ] GC(21) Metaspace: 12851K(13568K)->12851K(13568K) NonClass: 11330K(11776K)->11330K(11776K) Class: 1521K(1792K)->1521K(1792K)
[2023-07-22T21:02:57.998+0700][gc            ] GC(21) Pause Young (Normal) (GCLocker Initiated GC) 635M->232M(1482M) 14.433ms
[2023-07-22T21:02:57.998+0700][gc,cpu        ] GC(21) User=0.09s Sys=0.00s Real=0.02s
[2023-07-22T21:02:58.381+0700][gc,start      ] GC(22) Pause Young (Normal) (GCLocker Initiated GC)
[2023-07-22T21:02:58.381+0700][gc,task       ] GC(22) Using 8 workers of 8 for evacuation
[2023-07-22T21:02:58.402+0700][gc,phases     ] GC(22)   Pre Evacuate Collection Set: 0.0ms
[2023-07-22T21:02:58.402+0700][gc,phases     ] GC(22)   Evacuate Collection Set: 19.5ms
[2023-07-22T21:02:58.402+0700][gc,phases     ] GC(22)   Post Evacuate Collection Set: 0.7ms
[2023-07-22T21:02:58.402+0700][gc,phases     ] GC(22)   Other: 0.5ms
[2023-07-22T21:02:58.402+0700][gc,heap       ] GC(22) Eden regions: 717->0(687)
[2023-07-22T21:02:58.402+0700][gc,heap       ] GC(22) Survivor regions: 26->54(93)
[2023-07-22T21:02:58.402+0700][gc,heap       ] GC(22) Old regions: 200->200
[2023-07-22T21:02:58.402+0700][gc,heap       ] GC(22) Humongous regions: 8->8
[2023-07-22T21:02:58.402+0700][gc,metaspace  ] GC(22) Metaspace: 12857K(13568K)->12857K(13568K) NonClass: 11335K(11776K)->11335K(11776K) Class: 1521K(1792K)->1521K(1792K)
[2023-07-22T21:02:58.402+0700][gc            ] GC(22) Pause Young (Normal) (GCLocker Initiated GC) 948M->260M(1482M) 20.804ms
[2023-07-22T21:02:58.402+0700][gc,cpu        ] GC(22) User=0.15s Sys=0.00s Real=0.02s
[2023-07-22T21:02:59.249+0700][gc,start      ] GC(23) Pause Young (Concurrent Start) (Metadata GC Threshold)
[2023-07-22T21:02:59.249+0700][gc,task       ] GC(23) Using 8 workers of 8 for evacuation
[2023-07-22T21:02:59.277+0700][gc,phases     ] GC(23)   Pre Evacuate Collection Set: 0.1ms
[2023-07-22T21:02:59.277+0700][gc,phases     ] GC(23)   Evacuate Collection Set: 25.5ms
[2023-07-22T21:02:59.277+0700][gc,phases     ] GC(23)   Post Evacuate Collection Set: 2.0ms
[2023-07-22T21:02:59.277+0700][gc,phases     ] GC(23)   Other: 0.2ms
[2023-07-22T21:02:59.277+0700][gc,heap       ] GC(23) Eden regions: 161->0(686)
[2023-07-22T21:02:59.277+0700][gc,heap       ] GC(23) Survivor regions: 54->55(93)
[2023-07-22T21:02:59.277+0700][gc,heap       ] GC(23) Old regions: 200->204
[2023-07-22T21:02:59.277+0700][gc,heap       ] GC(23) Humongous regions: 9->9
[2023-07-22T21:02:59.277+0700][gc,metaspace  ] GC(23) Metaspace: 21857K(22616K)->21857K(22616K) NonClass: 19240K(19712K)->19240K(19712K) Class: 2616K(2904K)->2616K(2904K)
[2023-07-22T21:02:59.277+0700][gc            ] GC(23) Pause Young (Concurrent Start) (Metadata GC Threshold) 422M->266M(1482M) 27.865ms
[2023-07-22T21:02:59.277+0700][gc,cpu        ] GC(23) User=0.21s Sys=0.00s Real=0.03s
[2023-07-22T21:02:59.277+0700][gc            ] GC(24) Concurrent Cycle
[2023-07-22T21:02:59.277+0700][gc,marking    ] GC(24) Concurrent Clear Claimed Marks
[2023-07-22T21:02:59.277+0700][gc,marking    ] GC(24) Concurrent Clear Claimed Marks 0.081ms
[2023-07-22T21:02:59.277+0700][gc,marking    ] GC(24) Concurrent Scan Root Regions
[2023-07-22T21:02:59.296+0700][gc,marking    ] GC(24) Concurrent Scan Root Regions 18.914ms
[2023-07-22T21:02:59.296+0700][gc,marking    ] GC(24) Concurrent Mark (4.224s)
[2023-07-22T21:02:59.296+0700][gc,marking    ] GC(24) Concurrent Mark From Roots
[2023-07-22T21:02:59.296+0700][gc,task       ] GC(24) Using 2 workers of 2 for marking
[2023-07-22T21:02:59.322+0700][gc,marking    ] GC(24) Concurrent Mark From Roots 25.732ms
[2023-07-22T21:02:59.322+0700][gc,marking    ] GC(24) Concurrent Preclean
[2023-07-22T21:02:59.322+0700][gc,marking    ] GC(24) Concurrent Preclean 0.080ms
[2023-07-22T21:02:59.322+0700][gc,marking    ] GC(24) Concurrent Mark (4.224s, 4.250s) 25.854ms
[2023-07-22T21:02:59.323+0700][gc,start      ] GC(24) Pause Remark
[2023-07-22T21:02:59.327+0700][gc,stringtable] GC(24) Cleaned string and symbol table, strings: 9505 processed, 0 removed, symbols: 63187 processed, 29 removed
[2023-07-22T21:02:59.327+0700][gc            ] GC(24) Pause Remark 273M->263M(1482M) 4.506ms
[2023-07-22T21:02:59.327+0700][gc,cpu        ] GC(24) User=0.03s Sys=0.00s Real=0.01s
[2023-07-22T21:02:59.327+0700][gc,marking    ] GC(24) Concurrent Rebuild Remembered Sets
[2023-07-22T21:02:59.349+0700][gc,marking    ] GC(24) Concurrent Rebuild Remembered Sets 22.218ms
[2023-07-22T21:02:59.350+0700][gc,start      ] GC(24) Pause Cleanup
[2023-07-22T21:02:59.350+0700][gc            ] GC(24) Pause Cleanup 266M->266M(1482M) 0.332ms
[2023-07-22T21:02:59.350+0700][gc,cpu        ] GC(24) User=0.00s Sys=0.00s Real=0.00s
[2023-07-22T21:02:59.350+0700][gc,marking    ] GC(24) Concurrent Cleanup for Next Mark
[2023-07-22T21:02:59.385+0700][gc,marking    ] GC(24) Concurrent Cleanup for Next Mark 34.362ms
[2023-07-22T21:02:59.385+0700][gc            ] GC(24) Concurrent Cycle 107.242ms
[2023-07-22T21:03:00.108+0700][gc,start      ] GC(25) Pause Young (Prepare Mixed) (Metadata GC Threshold)
[2023-07-22T21:03:00.108+0700][gc,task       ] GC(25) Using 8 workers of 8 for evacuation
[2023-07-22T21:03:00.133+0700][gc,phases     ] GC(25)   Pre Evacuate Collection Set: 0.0ms
[2023-07-22T21:03:00.133+0700][gc,phases     ] GC(25)   Evacuate Collection Set: 23.1ms
[2023-07-22T21:03:00.133+0700][gc,phases     ] GC(25)   Post Evacuate Collection Set: 1.8ms
[2023-07-22T21:03:00.133+0700][gc,phases     ] GC(25)   Other: 0.2ms
[2023-07-22T21:03:00.133+0700][gc,heap       ] GC(25) Eden regions: 119->0(691)
[2023-07-22T21:03:00.133+0700][gc,heap       ] GC(25) Survivor regions: 55->50(93)
[2023-07-22T21:03:00.133+0700][gc,heap       ] GC(25) Old regions: 198->204
[2023-07-22T21:03:00.133+0700][gc,heap       ] GC(25) Humongous regions: 5->5
[2023-07-22T21:03:00.133+0700][gc,metaspace  ] GC(25) Metaspace: 37629K(38800K)->37629K(38800K) NonClass: 33291K(33952K)->33291K(33952K) Class: 4337K(4848K)->4337K(4848K)
[2023-07-22T21:03:00.133+0700][gc            ] GC(25) Pause Young (Prepare Mixed) (Metadata GC Threshold) 374M->257M(1482M) 25.248ms
[2023-07-22T21:03:00.133+0700][gc,cpu        ] GC(25) User=0.18s Sys=0.00s Real=0.02s
[2023-07-22T21:03:00.162+0700][gc,start      ] GC(26) Pause Young (Mixed) (Metadata GC Threshold)
[2023-07-22T21:03:00.162+0700][gc,task       ] GC(26) Using 8 workers of 8 for evacuation
[2023-07-22T21:03:00.188+0700][gc,phases     ] GC(26)   Pre Evacuate Collection Set: 0.0ms
[2023-07-22T21:03:00.188+0700][gc,phases     ] GC(26)   Evacuate Collection Set: 18.9ms
[2023-07-22T21:03:00.188+0700][gc,phases     ] GC(26)   Post Evacuate Collection Set: 6.9ms
[2023-07-22T21:03:00.188+0700][gc,phases     ] GC(26)   Other: 0.2ms
[2023-07-22T21:03:00.188+0700][gc,heap       ] GC(26) Eden regions: 5->0(868)
[2023-07-22T21:03:00.188+0700][gc,heap       ] GC(26) Survivor regions: 50->8(93)
[2023-07-22T21:03:00.188+0700][gc,heap       ] GC(26) Old regions: 204->227
[2023-07-22T21:03:00.188+0700][gc,heap       ] GC(26) Humongous regions: 5->5
[2023-07-22T21:03:00.188+0700][gc,metaspace  ] GC(26) Metaspace: 37889K(39056K)->37889K(39056K) NonClass: 33521K(34208K)->33521K(34208K) Class: 4368K(4848K)->4368K(4848K)
[2023-07-22T21:03:00.188+0700][gc            ] GC(26) Pause Young (Mixed) (Metadata GC Threshold) 261M->238M(1752M) 26.076ms
[2023-07-22T21:03:00.188+0700][gc,cpu        ] GC(26) User=0.16s Sys=0.00s Real=0.03s
[2023-07-22T21:03:00.228+0700][gc,start      ] GC(27) Pause Young (Mixed) (Metadata GC Threshold)
[2023-07-22T21:03:00.228+0700][gc,task       ] GC(27) Using 8 workers of 8 for evacuation
[2023-07-22T21:03:00.236+0700][gc,phases     ] GC(27)   Pre Evacuate Collection Set: 0.1ms
[2023-07-22T21:03:00.236+0700][gc,phases     ] GC(27)   Evacuate Collection Set: 7.1ms
[2023-07-22T21:03:00.236+0700][gc,phases     ] GC(27)   Post Evacuate Collection Set: 0.5ms
[2023-07-22T21:03:00.236+0700][gc,phases     ] GC(27)   Other: 0.3ms
[2023-07-22T21:03:00.236+0700][gc,heap       ] GC(27) Eden regions: 9->0(870)
[2023-07-22T21:03:00.236+0700][gc,heap       ] GC(27) Survivor regions: 8->6(110)
[2023-07-22T21:03:00.236+0700][gc,heap       ] GC(27) Old regions: 227->213
[2023-07-22T21:03:00.236+0700][gc,heap       ] GC(27) Humongous regions: 5->5
[2023-07-22T21:03:00.236+0700][gc,metaspace  ] GC(27) Metaspace: 38295K(39464K)->38295K(39464K) NonClass: 33874K(34616K)->33874K(34616K) Class: 4420K(4848K)->4420K(4848K)
[2023-07-22T21:03:00.236+0700][gc            ] GC(27) Pause Young (Mixed) (Metadata GC Threshold) 246M->222M(1752M) 8.074ms
[2023-07-22T21:03:00.236+0700][gc,cpu        ] GC(27) User=0.01s Sys=0.04s Real=0.01s
[2023-07-22T21:03:00.265+0700][gc,start      ] GC(28) Pause Young (Concurrent Start) (Metadata GC Threshold)
[2023-07-22T21:03:00.265+0700][gc,task       ] GC(28) Using 8 workers of 8 for evacuation
[2023-07-22T21:03:00.274+0700][gc,phases     ] GC(28)   Pre Evacuate Collection Set: 0.1ms
[2023-07-22T21:03:00.274+0700][gc,phases     ] GC(28)   Evacuate Collection Set: 8.1ms
[2023-07-22T21:03:00.274+0700][gc,phases     ] GC(28)   Post Evacuate Collection Set: 0.6ms
[2023-07-22T21:03:00.275+0700][gc,phases     ] GC(28)   Other: 0.2ms
[2023-07-22T21:03:00.275+0700][gc,heap       ] GC(28) Eden regions: 6->0(870)
[2023-07-22T21:03:00.275+0700][gc,heap       ] GC(28) Survivor regions: 6->6(110)
[2023-07-22T21:03:00.275+0700][gc,heap       ] GC(28) Old regions: 213->213
[2023-07-22T21:03:00.275+0700][gc,heap       ] GC(28) Humongous regions: 5->5
[2023-07-22T21:03:00.275+0700][gc,metaspace  ] GC(28) Metaspace: 38549K(39792K)->38549K(39792K) NonClass: 34100K(34816K)->34100K(34816K) Class: 4449K(4976K)->4449K(4976K)
[2023-07-22T21:03:00.275+0700][gc            ] GC(28) Pause Young (Concurrent Start) (Metadata GC Threshold) 228M->221M(1752M) 9.109ms
[2023-07-22T21:03:00.275+0700][gc,cpu        ] GC(28) User=0.05s Sys=0.00s Real=0.01s
[2023-07-22T21:03:00.275+0700][gc            ] GC(29) Concurrent Cycle
[2023-07-22T21:03:00.275+0700][gc,marking    ] GC(29) Concurrent Clear Claimed Marks
[2023-07-22T21:03:00.275+0700][gc,marking    ] GC(29) Concurrent Clear Claimed Marks 0.104ms
[2023-07-22T21:03:00.275+0700][gc,marking    ] GC(29) Concurrent Scan Root Regions
[2023-07-22T21:03:00.277+0700][gc,marking    ] GC(29) Concurrent Scan Root Regions 2.233ms
[2023-07-22T21:03:00.277+0700][gc,marking    ] GC(29) Concurrent Mark (5.205s)
[2023-07-22T21:03:00.277+0700][gc,marking    ] GC(29) Concurrent Mark From Roots
[2023-07-22T21:03:00.277+0700][gc,task       ] GC(29) Using 2 workers of 2 for marking
[2023-07-22T21:03:00.283+0700][gc,marking    ] GC(29) Concurrent Mark From Roots 5.646ms
[2023-07-22T21:03:00.283+0700][gc,marking    ] GC(29) Concurrent Preclean
[2023-07-22T21:03:00.283+0700][gc,marking    ] GC(29) Concurrent Preclean 0.060ms
[2023-07-22T21:03:00.283+0700][gc,marking    ] GC(29) Concurrent Mark (5.205s, 5.210s) 5.759ms
[2023-07-22T21:03:00.283+0700][gc,start      ] GC(29) Pause Remark
[2023-07-22T21:03:00.288+0700][gc,stringtable] GC(29) Cleaned string and symbol table, strings: 16402 processed, 12 removed, symbols: 103288 processed, 30 removed
[2023-07-22T21:03:00.288+0700][gc            ] GC(29) Pause Remark 222M->99M(1752M) 5.105ms
[2023-07-22T21:03:00.288+0700][gc,cpu        ] GC(29) User=0.04s Sys=0.00s Real=0.01s
[2023-07-22T21:03:00.288+0700][gc,marking    ] GC(29) Concurrent Rebuild Remembered Sets
[2023-07-22T21:03:00.293+0700][gc,marking    ] GC(29) Concurrent Rebuild Remembered Sets 5.037ms
[2023-07-22T21:03:00.293+0700][gc,start      ] GC(29) Pause Cleanup
[2023-07-22T21:03:00.294+0700][gc            ] GC(29) Pause Cleanup 99M->99M(1752M) 0.484ms
[2023-07-22T21:03:00.294+0700][gc,cpu        ] GC(29) User=0.00s Sys=0.00s Real=0.00s
[2023-07-22T21:03:00.294+0700][gc,marking    ] GC(29) Concurrent Cleanup for Next Mark
[2023-07-22T21:03:00.315+0700][gc,marking    ] GC(29) Concurrent Cleanup for Next Mark 21.165ms
[2023-07-22T21:03:00.315+0700][gc            ] GC(29) Concurrent Cycle 40.666ms
[2023-07-22T21:12:25.080+0700][gc,start      ] GC(30) Pause Young (Concurrent Start) (Metadata GC Threshold)
[2023-07-22T21:12:25.081+0700][gc,task       ] GC(30) Using 8 workers of 8 for evacuation
[2023-07-22T21:12:25.093+0700][gc,phases     ] GC(30)   Pre Evacuate Collection Set: 0.4ms
[2023-07-22T21:12:25.093+0700][gc,phases     ] GC(30)   Evacuate Collection Set: 9.0ms
[2023-07-22T21:12:25.093+0700][gc,phases     ] GC(30)   Post Evacuate Collection Set: 2.2ms
[2023-07-22T21:12:25.093+0700][gc,phases     ] GC(30)   Other: 1.1ms
[2023-07-22T21:12:25.093+0700][gc,heap       ] GC(30) Eden regions: 361->0(861)
[2023-07-22T21:12:25.093+0700][gc,heap       ] GC(30) Survivor regions: 6->15(110)
[2023-07-22T21:12:25.093+0700][gc,heap       ] GC(30) Old regions: 91->91
[2023-07-22T21:12:25.093+0700][gc,heap       ] GC(30) Humongous regions: 4->4
[2023-07-22T21:12:25.093+0700][gc,metaspace  ] GC(30) Metaspace: 64077K(66748K)->64077K(66748K) NonClass: 56465K(58060K)->56465K(58060K) Class: 7611K(8688K)->7611K(8688K)
[2023-07-22T21:12:25.093+0700][gc            ] GC(30) Pause Young (Concurrent Start) (Metadata GC Threshold) 459M->108M(1752M) 12.723ms
[2023-07-22T21:12:25.093+0700][gc,cpu        ] GC(30) User=0.08s Sys=0.01s Real=0.02s
[2023-07-22T21:12:25.093+0700][gc            ] GC(31) Concurrent Cycle
[2023-07-22T21:12:25.093+0700][gc,marking    ] GC(31) Concurrent Clear Claimed Marks
[2023-07-22T21:12:25.093+0700][gc,marking    ] GC(31) Concurrent Clear Claimed Marks 0.306ms
[2023-07-22T21:12:25.093+0700][gc,marking    ] GC(31) Concurrent Scan Root Regions
[2023-07-22T21:12:25.098+0700][gc,marking    ] GC(31) Concurrent Scan Root Regions 4.446ms
[2023-07-22T21:12:25.098+0700][gc,marking    ] GC(31) Concurrent Mark (570.029s)
[2023-07-22T21:12:25.098+0700][gc,marking    ] GC(31) Concurrent Mark From Roots
[2023-07-22T21:12:25.098+0700][gc,task       ] GC(31) Using 2 workers of 2 for marking
[2023-07-22T21:12:25.105+0700][gc,marking    ] GC(31) Concurrent Mark From Roots 7.264ms
[2023-07-22T21:12:25.105+0700][gc,marking    ] GC(31) Concurrent Preclean
[2023-07-22T21:12:25.105+0700][gc,marking    ] GC(31) Concurrent Preclean 0.075ms
[2023-07-22T21:12:25.105+0700][gc,marking    ] GC(31) Concurrent Mark (570.029s, 570.036s) 7.380ms
[2023-07-22T21:12:25.105+0700][gc,start      ] GC(31) Pause Remark
[2023-07-22T21:12:25.110+0700][gc,stringtable] GC(31) Cleaned string and symbol table, strings: 24459 processed, 7 removed, symbols: 161120 processed, 37 removed
[2023-07-22T21:12:25.110+0700][gc            ] GC(31) Pause Remark 111M->111M(1752M) 4.799ms
[2023-07-22T21:12:25.110+0700][gc,cpu        ] GC(31) User=0.03s Sys=0.00s Real=0.00s
[2023-07-22T21:12:25.110+0700][gc,marking    ] GC(31) Concurrent Rebuild Remembered Sets
[2023-07-22T21:12:25.114+0700][gc,marking    ] GC(31) Concurrent Rebuild Remembered Sets 3.767ms
[2023-07-22T21:12:25.114+0700][gc,start      ] GC(31) Pause Cleanup
[2023-07-22T21:12:25.115+0700][gc            ] GC(31) Pause Cleanup 112M->112M(1752M) 0.322ms
[2023-07-22T21:12:25.115+0700][gc,cpu        ] GC(31) User=0.00s Sys=0.00s Real=0.00s
[2023-07-22T21:12:25.115+0700][gc,marking    ] GC(31) Concurrent Cleanup for Next Mark
[2023-07-22T21:12:25.118+0700][gc,marking    ] GC(31) Concurrent Cleanup for Next Mark 3.306ms
[2023-07-22T21:12:25.118+0700][gc            ] GC(31) Concurrent Cycle 25.242ms
[2023-07-22T21:31:43.849+0700][gc,start      ] GC(32) Pause Young (Normal) (G1 Evacuation Pause)
[2023-07-22T21:31:43.850+0700][gc,task       ] GC(32) Using 8 workers of 8 for evacuation
[2023-07-22T21:31:43.866+0700][gc,phases     ] GC(32)   Pre Evacuate Collection Set: 1.8ms
[2023-07-22T21:31:43.866+0700][gc,phases     ] GC(32)   Evacuate Collection Set: 10.4ms
[2023-07-22T21:31:43.866+0700][gc,phases     ] GC(32)   Post Evacuate Collection Set: 3.6ms
[2023-07-22T21:31:43.866+0700][gc,phases     ] GC(32)   Other: 1.1ms
[2023-07-22T21:31:43.866+0700][gc,heap       ] GC(32) Eden regions: 861->0(856)
[2023-07-22T21:31:43.866+0700][gc,heap       ] GC(32) Survivor regions: 15->20(110)
[2023-07-22T21:31:43.866+0700][gc,heap       ] GC(32) Old regions: 91->91
[2023-07-22T21:31:43.866+0700][gc,heap       ] GC(32) Humongous regions: 4->4
[2023-07-22T21:31:43.866+0700][gc,metaspace  ] GC(32) Metaspace: 70987K(75196K)->70987K(75196K) NonClass: 62559K(65228K)->62559K(65228K) Class: 8427K(9968K)->8427K(9968K)
[2023-07-22T21:31:43.866+0700][gc            ] GC(32) Pause Young (Normal) (G1 Evacuation Pause) 969M->112M(1752M) 16.901ms
[2023-07-22T21:31:43.866+0700][gc,cpu        ] GC(32) User=0.09s Sys=0.00s Real=0.02s
[2023-07-22T21:50:56.188+0700][gc,start      ] GC(33) Pause Young (Normal) (G1 Evacuation Pause)
[2023-07-22T21:50:56.188+0700][gc,task       ] GC(33) Using 8 workers of 8 for evacuation
[2023-07-22T21:50:56.209+0700][gc,phases     ] GC(33)   Pre Evacuate Collection Set: 0.3ms
[2023-07-22T21:50:56.209+0700][gc,phases     ] GC(33)   Evacuate Collection Set: 17.0ms
[2023-07-22T21:50:56.209+0700][gc,phases     ] GC(33)   Post Evacuate Collection Set: 3.1ms
[2023-07-22T21:50:56.209+0700][gc,phases     ] GC(33)   Other: 1.1ms
[2023-07-22T21:50:56.209+0700][gc,heap       ] GC(33) Eden regions: 856->0(854)
[2023-07-22T21:50:56.209+0700][gc,heap       ] GC(33) Survivor regions: 20->22(110)
[2023-07-22T21:50:56.209+0700][gc,heap       ] GC(33) Old regions: 91->91
[2023-07-22T21:50:56.209+0700][gc,heap       ] GC(33) Humongous regions: 4->4
[2023-07-22T21:50:56.209+0700][gc,metaspace  ] GC(33) Metaspace: 73096K(78140K)->73096K(78140K) NonClass: 64522K(67788K)->64522K(67788K) Class: 8573K(10352K)->8573K(10352K)
[2023-07-22T21:50:56.209+0700][gc            ] GC(33) Pause Young (Normal) (G1 Evacuation Pause) 968M->115M(1752M) 21.412ms
[2023-07-22T21:50:56.209+0700][gc,cpu        ] GC(33) User=0.13s Sys=0.01s Real=0.02s
[2023-07-22T21:56:42.159+0700][gc,start      ] GC(34) Pause Young (Normal) (G1 Evacuation Pause)
[2023-07-22T21:56:42.159+0700][gc,task       ] GC(34) Using 8 workers of 8 for evacuation
[2023-07-22T21:56:42.314+0700][gc,phases     ] GC(34)   Pre Evacuate Collection Set: 5.3ms
[2023-07-22T21:56:42.314+0700][gc,phases     ] GC(34)   Evacuate Collection Set: 141.7ms
[2023-07-22T21:56:42.314+0700][gc,phases     ] GC(34)   Post Evacuate Collection Set: 6.8ms
[2023-07-22T21:56:42.314+0700][gc,phases     ] GC(34)   Other: 0.6ms
[2023-07-22T21:56:42.314+0700][gc,heap       ] GC(34) Eden regions: 854->0(849)
[2023-07-22T21:56:42.314+0700][gc,heap       ] GC(34) Survivor regions: 22->27(110)
[2023-07-22T21:56:42.314+0700][gc,heap       ] GC(34) Old regions: 91->91
[2023-07-22T21:56:42.314+0700][gc,heap       ] GC(34) Humongous regions: 4->4
[2023-07-22T21:56:42.314+0700][gc,metaspace  ] GC(34) Metaspace: 74624K(81212K)->74624K(81212K) NonClass: 65823K(70092K)->65823K(70092K) Class: 8801K(11120K)->8801K(11120K)
[2023-07-22T21:56:42.314+0700][gc            ] GC(34) Pause Young (Normal) (G1 Evacuation Pause) 969M->120M(1752M) 154.498ms
[2023-07-22T21:56:42.314+0700][gc,cpu        ] GC(34) User=0.33s Sys=0.02s Real=0.16s
[2023-07-22T22:05:15.027+0700][gc,start      ] GC(35) Pause Young (Normal) (G1 Evacuation Pause)
[2023-07-22T22:05:15.027+0700][gc,task       ] GC(35) Using 8 workers of 8 for evacuation
[2023-07-22T22:05:15.062+0700][gc,phases     ] GC(35)   Pre Evacuate Collection Set: 0.6ms
[2023-07-22T22:05:15.062+0700][gc,phases     ] GC(35)   Evacuate Collection Set: 30.1ms
[2023-07-22T22:05:15.062+0700][gc,phases     ] GC(35)   Post Evacuate Collection Set: 3.5ms
[2023-07-22T22:05:15.062+0700][gc,phases     ] GC(35)   Other: 1.2ms
[2023-07-22T22:05:15.062+0700][gc,heap       ] GC(35) Eden regions: 849->0(848)
[2023-07-22T22:05:15.062+0700][gc,heap       ] GC(35) Survivor regions: 27->28(110)
[2023-07-22T22:05:15.062+0700][gc,heap       ] GC(35) Old regions: 91->91
[2023-07-22T22:05:15.062+0700][gc,heap       ] GC(35) Humongous regions: 4->4
[2023-07-22T22:05:15.062+0700][gc,metaspace  ] GC(35) Metaspace: 75745K(83772K)->75745K(83772K) NonClass: 66743K(71884K)->66743K(71884K) Class: 9001K(11888K)->9001K(11888K)
[2023-07-22T22:05:15.063+0700][gc            ] GC(35) Pause Young (Normal) (G1 Evacuation Pause) 969M->121M(1752M) 35.952ms
[2023-07-22T22:05:15.063+0700][gc,cpu        ] GC(35) User=0.23s Sys=0.00s Real=0.04s
