[2023-07-21T15:59:51.663+0700][gc,heap] Heap region size: 1M
[2023-07-21T15:59:51.665+0700][gc     ] Using G1
[2023-07-21T15:59:51.665+0700][gc,heap,coops] Heap address: 0x0000000740000000, size: 3072 MB, Compressed Oops mode: Zero based, Oop shift amount: 3
[2023-07-21T15:59:51.665+0700][gc,cds       ] Mark closed archive regions in map: [0x00000007fff00000, 0x00000007fff6aff8]
[2023-07-21T15:59:51.665+0700][gc,cds       ] Mark open archive regions in map: [0x00000007ffe00000, 0x00000007ffe46ff8]
[2023-07-21T15:59:52.363+0700][gc,start     ] GC(0) Pause Young (Normal) (G1 Evacuation Pause)
[2023-07-21T15:59:52.363+0700][gc,task      ] GC(0) Using 2 workers of 8 for evacuation
[2023-07-21T15:59:52.377+0700][gc,phases    ] GC(0)   Pre Evacuate Collection Set: 0.0ms
[2023-07-21T15:59:52.377+0700][gc,phases    ] GC(0)   Evacuate Collection Set: 12.9ms
[2023-07-21T15:59:52.377+0700][gc,phases    ] GC(0)   Post Evacuate Collection Set: 0.7ms
[2023-07-21T15:59:52.377+0700][gc,phases    ] GC(0)   Other: 0.5ms
[2023-07-21T15:59:52.377+0700][gc,heap      ] GC(0) Eden regions: 61->0(53)
[2023-07-21T15:59:52.377+0700][gc,heap      ] GC(0) Survivor regions: 0->8(8)
[2023-07-21T15:59:52.377+0700][gc,heap      ] GC(0) Old regions: 2->13
[2023-07-21T15:59:52.377+0700][gc,heap      ] GC(0) Humongous regions: 4->4
[2023-07-21T15:59:52.377+0700][gc,metaspace ] GC(0) Metaspace: 6821K(7296K)->6821K(7296K) NonClass: 6051K(6400K)->6051K(6400K) Class: 770K(896K)->770K(896K)
[2023-07-21T15:59:52.377+0700][gc           ] GC(0) Pause Young (Normal) (G1 Evacuation Pause) 65M->23M(124M) 14.118ms
[2023-07-21T15:59:52.377+0700][gc,cpu       ] GC(0) User=0.08s Sys=0.00s Real=0.02s
[2023-07-21T15:59:52.621+0700][gc,start     ] GC(1) Pause Young (Normal) (G1 Evacuation Pause)
[2023-07-21T15:59:52.621+0700][gc,task      ] GC(1) Using 2 workers of 8 for evacuation
[2023-07-21T15:59:52.630+0700][gc,phases    ] GC(1)   Pre Evacuate Collection Set: 0.0ms
[2023-07-21T15:59:52.630+0700][gc,phases    ] GC(1)   Evacuate Collection Set: 8.7ms
[2023-07-21T15:59:52.630+0700][gc,phases    ] GC(1)   Post Evacuate Collection Set: 0.4ms
[2023-07-21T15:59:52.630+0700][gc,phases    ] GC(1)   Other: 0.1ms
[2023-07-21T15:59:52.630+0700][gc,heap      ] GC(1) Eden regions: 53->0(59)
[2023-07-21T15:59:52.630+0700][gc,heap      ] GC(1) Survivor regions: 8->2(8)
[2023-07-21T15:59:52.630+0700][gc,heap      ] GC(1) Old regions: 13->21
[2023-07-21T15:59:52.630+0700][gc,heap      ] GC(1) Humongous regions: 4->4
[2023-07-21T15:59:52.630+0700][gc,metaspace ] GC(1) Metaspace: 10583K(11264K)->10583K(11264K) NonClass: 9297K(9728K)->9297K(9728K) Class: 1285K(1536K)->1285K(1536K)
[2023-07-21T15:59:52.630+0700][gc           ] GC(1) Pause Young (Normal) (G1 Evacuation Pause) 76M->24M(124M) 9.276ms
[2023-07-21T15:59:52.630+0700][gc,cpu       ] GC(1) User=0.02s Sys=0.00s Real=0.01s
[2023-07-21T15:59:52.884+0700][gc,start     ] GC(2) Pause Young (Normal) (G1 Evacuation Pause)
[2023-07-21T15:59:52.884+0700][gc,task      ] GC(2) Using 2 workers of 8 for evacuation
[2023-07-21T15:59:52.898+0700][gc,phases    ] GC(2)   Pre Evacuate Collection Set: 0.0ms
[2023-07-21T15:59:52.898+0700][gc,phases    ] GC(2)   Evacuate Collection Set: 12.8ms
[2023-07-21T15:59:52.898+0700][gc,phases    ] GC(2)   Post Evacuate Collection Set: 0.5ms
[2023-07-21T15:59:52.898+0700][gc,phases    ] GC(2)   Other: 0.2ms
[2023-07-21T15:59:52.898+0700][gc,heap      ] GC(2) Eden regions: 59->0(53)
[2023-07-21T15:59:52.898+0700][gc,heap      ] GC(2) Survivor regions: 2->8(8)
[2023-07-21T15:59:52.898+0700][gc,heap      ] GC(2) Old regions: 21->23
[2023-07-21T15:59:52.898+0700][gc,heap      ] GC(2) Humongous regions: 4->4
[2023-07-21T15:59:52.898+0700][gc,metaspace ] GC(2) Metaspace: 12266K(13056K)->12266K(13056K) NonClass: 10777K(11264K)->10777K(11264K) Class: 1489K(1792K)->1489K(1792K)
[2023-07-21T15:59:52.898+0700][gc           ] GC(2) Pause Young (Normal) (G1 Evacuation Pause) 83M->33M(124M) 13.714ms
[2023-07-21T15:59:52.898+0700][gc,cpu       ] GC(2) User=0.04s Sys=0.01s Real=0.02s
[2023-07-21T15:59:53.020+0700][gc,start     ] GC(3) Pause Young (Normal) (G1 Evacuation Pause)
[2023-07-21T15:59:53.020+0700][gc,task      ] GC(3) Using 2 workers of 8 for evacuation
[2023-07-21T15:59:53.034+0700][gc,phases    ] GC(3)   Pre Evacuate Collection Set: 0.0ms
[2023-07-21T15:59:53.034+0700][gc,phases    ] GC(3)   Evacuate Collection Set: 13.7ms
[2023-07-21T15:59:53.034+0700][gc,phases    ] GC(3)   Post Evacuate Collection Set: 0.3ms
[2023-07-21T15:59:53.034+0700][gc,phases    ] GC(3)   Other: 0.2ms
[2023-07-21T15:59:53.034+0700][gc,heap      ] GC(3) Eden regions: 53->0(53)
[2023-07-21T15:59:53.034+0700][gc,heap      ] GC(3) Survivor regions: 8->8(8)
[2023-07-21T15:59:53.034+0700][gc,heap      ] GC(3) Old regions: 23->35
[2023-07-21T15:59:53.034+0700][gc,heap      ] GC(3) Humongous regions: 7->6
[2023-07-21T15:59:53.034+0700][gc,metaspace ] GC(3) Metaspace: 12329K(13056K)->12329K(13056K) NonClass: 10840K(11264K)->10840K(11264K) Class: 1489K(1792K)->1489K(1792K)
[2023-07-21T15:59:53.034+0700][gc           ] GC(3) Pause Young (Normal) (G1 Evacuation Pause) 89M->47M(124M) 14.263ms
[2023-07-21T15:59:53.034+0700][gc,cpu       ] GC(3) User=0.03s Sys=0.00s Real=0.01s
[2023-07-21T15:59:53.226+0700][gc,start     ] GC(4) Pause Young (Normal) (G1 Evacuation Pause)
[2023-07-21T15:59:53.226+0700][gc,task      ] GC(4) Using 2 workers of 8 for evacuation
[2023-07-21T15:59:53.252+0700][gc,phases    ] GC(4)   Pre Evacuate Collection Set: 0.0ms
[2023-07-21T15:59:53.252+0700][gc,phases    ] GC(4)   Evacuate Collection Set: 25.4ms
[2023-07-21T15:59:53.252+0700][gc,phases    ] GC(4)   Post Evacuate Collection Set: 0.6ms
[2023-07-21T15:59:53.252+0700][gc,phases    ] GC(4)   Other: 0.1ms
[2023-07-21T15:59:53.252+0700][gc,heap      ] GC(4) Eden regions: 53->0(83)
[2023-07-21T15:59:53.252+0700][gc,heap      ] GC(4) Survivor regions: 8->8(8)
[2023-07-21T15:59:53.252+0700][gc,heap      ] GC(4) Old regions: 35->53
[2023-07-21T15:59:53.252+0700][gc,heap      ] GC(4) Humongous regions: 8->4
[2023-07-21T15:59:53.252+0700][gc,metaspace ] GC(4) Metaspace: 12452K(13312K)->12452K(13312K) NonClass: 10960K(11520K)->10960K(11520K) Class: 1491K(1792K)->1491K(1792K)
[2023-07-21T15:59:53.252+0700][gc           ] GC(4) Pause Young (Normal) (G1 Evacuation Pause) 102M->63M(182M) 26.273ms
[2023-07-21T15:59:53.252+0700][gc,cpu       ] GC(4) User=0.08s Sys=0.02s Real=0.02s
[2023-07-21T15:59:53.466+0700][gc,start     ] GC(5) Pause Young (Normal) (GCLocker Initiated GC)
[2023-07-21T15:59:53.466+0700][gc,task      ] GC(5) Using 4 workers of 8 for evacuation
[2023-07-21T15:59:53.495+0700][gc,phases    ] GC(5)   Pre Evacuate Collection Set: 0.0ms
[2023-07-21T15:59:53.495+0700][gc,phases    ] GC(5)   Evacuate Collection Set: 28.0ms
[2023-07-21T15:59:53.495+0700][gc,phases    ] GC(5)   Post Evacuate Collection Set: 0.5ms
[2023-07-21T15:59:53.495+0700][gc,phases    ] GC(5)   Other: 0.6ms
[2023-07-21T15:59:53.495+0700][gc,heap      ] GC(5) Eden regions: 84->0(81)
[2023-07-21T15:59:53.495+0700][gc,heap      ] GC(5) Survivor regions: 8->12(12)
[2023-07-21T15:59:53.495+0700][gc,heap      ] GC(5) Old regions: 53->77
[2023-07-21T15:59:53.495+0700][gc,heap      ] GC(5) Humongous regions: 6->6
[2023-07-21T15:59:53.495+0700][gc,metaspace ] GC(5) Metaspace: 12782K(13568K)->12782K(13568K) NonClass: 11263K(11776K)->11263K(11776K) Class: 1519K(1792K)->1519K(1792K)
[2023-07-21T15:59:53.495+0700][gc           ] GC(5) Pause Young (Normal) (GCLocker Initiated GC) 148M->93M(187M) 29.136ms
[2023-07-21T15:59:53.495+0700][gc,cpu       ] GC(5) User=0.11s Sys=0.00s Real=0.02s
[2023-07-21T15:59:53.538+0700][gc,start     ] GC(6) Pause Young (Normal) (GCLocker Initiated GC)
[2023-07-21T15:59:53.538+0700][gc,task      ] GC(6) Using 4 workers of 8 for evacuation
[2023-07-21T15:59:53.549+0700][gc,phases    ] GC(6)   Pre Evacuate Collection Set: 0.0ms
[2023-07-21T15:59:53.549+0700][gc,phases    ] GC(6)   Evacuate Collection Set: 10.4ms
[2023-07-21T15:59:53.549+0700][gc,phases    ] GC(6)   Post Evacuate Collection Set: 0.3ms
[2023-07-21T15:59:53.549+0700][gc,phases    ] GC(6)   Other: 0.1ms
[2023-07-21T15:59:53.549+0700][gc,heap      ] GC(6) Eden regions: 82->0(91)
[2023-07-21T15:59:53.549+0700][gc,heap      ] GC(6) Survivor regions: 12->6(12)
[2023-07-21T15:59:53.549+0700][gc,heap      ] GC(6) Old regions: 77->89
[2023-07-21T15:59:53.549+0700][gc,heap      ] GC(6) Humongous regions: 6->6
[2023-07-21T15:59:53.549+0700][gc,metaspace ] GC(6) Metaspace: 12806K(13568K)->12806K(13568K) NonClass: 11286K(11776K)->11286K(11776K) Class: 1520K(1792K)->1520K(1792K)
[2023-07-21T15:59:53.549+0700][gc           ] GC(6) Pause Young (Normal) (GCLocker Initiated GC) 174M->99M(195M) 10.946ms
[2023-07-21T15:59:53.549+0700][gc,cpu       ] GC(6) User=0.04s Sys=0.02s Real=0.01s
[2023-07-21T15:59:53.590+0700][gc,start     ] GC(7) Pause Young (Concurrent Start) (GCLocker Initiated GC)
[2023-07-21T15:59:53.590+0700][gc,task      ] GC(7) Using 4 workers of 8 for evacuation
[2023-07-21T15:59:53.594+0700][gc,phases    ] GC(7)   Pre Evacuate Collection Set: 0.1ms
[2023-07-21T15:59:53.594+0700][gc,phases    ] GC(7)   Evacuate Collection Set: 3.7ms
[2023-07-21T15:59:53.594+0700][gc,phases    ] GC(7)   Post Evacuate Collection Set: 0.2ms
[2023-07-21T15:59:53.594+0700][gc,phases    ] GC(7)   Other: 0.2ms
[2023-07-21T15:59:53.594+0700][gc,heap      ] GC(7) Eden regions: 92->0(92)
[2023-07-21T15:59:53.594+0700][gc,heap      ] GC(7) Survivor regions: 6->8(13)
[2023-07-21T15:59:53.594+0700][gc,heap      ] GC(7) Old regions: 89->89
[2023-07-21T15:59:53.594+0700][gc,heap      ] GC(7) Humongous regions: 6->6
[2023-07-21T15:59:53.594+0700][gc,metaspace ] GC(7) Metaspace: 12821K(13568K)->12821K(13568K) NonClass: 11300K(11776K)->11300K(11776K) Class: 1520K(1792K)->1520K(1792K)
[2023-07-21T15:59:53.595+0700][gc           ] GC(7) Pause Young (Concurrent Start) (GCLocker Initiated GC) 190M->101M(201M) 4.230ms
[2023-07-21T15:59:53.595+0700][gc,cpu       ] GC(7) User=0.02s Sys=0.00s Real=0.00s
[2023-07-21T15:59:53.595+0700][gc           ] GC(8) Concurrent Cycle
[2023-07-21T15:59:53.595+0700][gc,marking   ] GC(8) Concurrent Clear Claimed Marks
[2023-07-21T15:59:53.595+0700][gc,marking   ] GC(8) Concurrent Clear Claimed Marks 0.042ms
[2023-07-21T15:59:53.595+0700][gc,marking   ] GC(8) Concurrent Scan Root Regions
[2023-07-21T15:59:53.597+0700][gc,marking   ] GC(8) Concurrent Scan Root Regions 2.031ms
[2023-07-21T15:59:53.597+0700][gc,marking   ] GC(8) Concurrent Mark (1.937s)
[2023-07-21T15:59:53.597+0700][gc,marking   ] GC(8) Concurrent Mark From Roots
[2023-07-21T15:59:53.597+0700][gc,task      ] GC(8) Using 2 workers of 2 for marking
[2023-07-21T15:59:53.642+0700][gc,start     ] GC(9) Pause Young (Normal) (GCLocker Initiated GC)
[2023-07-21T15:59:53.642+0700][gc,task      ] GC(9) Using 4 workers of 8 for evacuation
[2023-07-21T15:59:53.649+0700][gc,phases    ] GC(9)   Pre Evacuate Collection Set: 0.0ms
[2023-07-21T15:59:53.649+0700][gc,phases    ] GC(9)   Evacuate Collection Set: 5.9ms
[2023-07-21T15:59:53.649+0700][gc,phases    ] GC(9)   Post Evacuate Collection Set: 1.6ms
[2023-07-21T15:59:53.649+0700][gc,phases    ] GC(9)   Other: 0.1ms
[2023-07-21T15:59:53.649+0700][gc,heap      ] GC(9) Eden regions: 93->0(175)
[2023-07-21T15:59:53.649+0700][gc,heap      ] GC(9) Survivor regions: 8->10(13)
[2023-07-21T15:59:53.649+0700][gc,heap      ] GC(9) Old regions: 89->94
[2023-07-21T15:59:53.649+0700][gc,heap      ] GC(9) Humongous regions: 6->6
[2023-07-21T15:59:53.649+0700][gc,metaspace ] GC(9) Metaspace: 12837K(13568K)->12837K(13568K) NonClass: 11316K(11776K)->11316K(11776K) Class: 1521K(1792K)->1521K(1792K)
[2023-07-21T15:59:53.649+0700][gc           ] GC(9) Pause Young (Normal) (GCLocker Initiated GC) 193M->107M(370M) 7.728ms
[2023-07-21T15:59:53.649+0700][gc,cpu       ] GC(9) User=0.01s Sys=0.01s Real=0.01s
[2023-07-21T15:59:53.668+0700][gc,marking   ] GC(8) Concurrent Mark From Roots 71.097ms
[2023-07-21T15:59:53.668+0700][gc,marking   ] GC(8) Concurrent Preclean
[2023-07-21T15:59:53.668+0700][gc,marking   ] GC(8) Concurrent Preclean 0.224ms
[2023-07-21T15:59:53.668+0700][gc,marking   ] GC(8) Concurrent Mark (1.937s, 2.008s) 71.372ms
[2023-07-21T15:59:53.668+0700][gc,start     ] GC(8) Pause Remark
[2023-07-21T15:59:53.682+0700][gc,stringtable] GC(8) Cleaned string and symbol table, strings: 6974 processed, 34 removed, symbols: 36178 processed, 33 removed
[2023-07-21T15:59:53.682+0700][gc            ] GC(8) Pause Remark 141M->140M(370M) 13.972ms
[2023-07-21T15:59:53.682+0700][gc,cpu        ] GC(8) User=0.07s Sys=0.00s Real=0.01s
[2023-07-21T15:59:53.682+0700][gc,marking    ] GC(8) Concurrent Rebuild Remembered Sets
[2023-07-21T15:59:53.766+0700][gc,start      ] GC(10) Pause Young (Normal) (G1 Evacuation Pause)
[2023-07-21T15:59:53.766+0700][gc,task       ] GC(10) Using 8 workers of 8 for evacuation
[2023-07-21T15:59:53.775+0700][gc,phases     ] GC(10)   Pre Evacuate Collection Set: 0.0ms
[2023-07-21T15:59:53.775+0700][gc,phases     ] GC(10)   Evacuate Collection Set: 8.5ms
[2023-07-21T15:59:53.775+0700][gc,phases     ] GC(10)   Post Evacuate Collection Set: 0.4ms
[2023-07-21T15:59:53.775+0700][gc,phases     ] GC(10)   Other: 0.6ms
[2023-07-21T15:59:53.775+0700][gc,heap       ] GC(10) Eden regions: 175->0(169)
[2023-07-21T15:59:53.775+0700][gc,heap       ] GC(10) Survivor regions: 10->16(24)
[2023-07-21T15:59:53.775+0700][gc,heap       ] GC(10) Old regions: 94->94
[2023-07-21T15:59:53.775+0700][gc,heap       ] GC(10) Humongous regions: 5->5
[2023-07-21T15:59:53.775+0700][gc,metaspace  ] GC(10) Metaspace: 12840K(13568K)->12840K(13568K) NonClass: 11319K(11776K)->11319K(11776K) Class: 1520K(1792K)->1520K(1792K)
[2023-07-21T15:59:53.775+0700][gc            ] GC(10) Pause Young (Normal) (G1 Evacuation Pause) 281M->112M(370M) 9.471ms
[2023-07-21T15:59:53.775+0700][gc,cpu        ] GC(10) User=0.06s Sys=0.00s Real=0.00s
[2023-07-21T15:59:53.781+0700][gc,marking    ] GC(8) Concurrent Rebuild Remembered Sets 98.596ms
[2023-07-21T15:59:53.783+0700][gc,start      ] GC(8) Pause Cleanup
[2023-07-21T15:59:53.783+0700][gc            ] GC(8) Pause Cleanup 118M->118M(370M) 0.204ms
[2023-07-21T15:59:53.783+0700][gc,cpu        ] GC(8) User=0.00s Sys=0.00s Real=0.00s
[2023-07-21T15:59:53.784+0700][gc,marking    ] GC(8) Concurrent Cleanup for Next Mark
[2023-07-21T15:59:53.786+0700][gc,marking    ] GC(8) Concurrent Cleanup for Next Mark 2.783ms
[2023-07-21T15:59:53.786+0700][gc            ] GC(8) Concurrent Cycle 191.812ms
[2023-07-21T15:59:53.848+0700][gc,start      ] GC(11) Pause Young (Normal) (GCLocker Initiated GC)
[2023-07-21T15:59:53.848+0700][gc,task       ] GC(11) Using 8 workers of 8 for evacuation
[2023-07-21T15:59:53.855+0700][gc,phases     ] GC(11)   Pre Evacuate Collection Set: 0.0ms
[2023-07-21T15:59:53.855+0700][gc,phases     ] GC(11)   Evacuate Collection Set: 6.4ms
[2023-07-21T15:59:53.855+0700][gc,phases     ] GC(11)   Post Evacuate Collection Set: 0.3ms
[2023-07-21T15:59:53.855+0700][gc,phases     ] GC(11)   Other: 0.1ms
[2023-07-21T15:59:53.855+0700][gc,heap       ] GC(11) Eden regions: 170->0(165)
[2023-07-21T15:59:53.855+0700][gc,heap       ] GC(11) Survivor regions: 16->20(24)
[2023-07-21T15:59:53.855+0700][gc,heap       ] GC(11) Old regions: 94->97
[2023-07-21T15:59:53.855+0700][gc,heap       ] GC(11) Humongous regions: 5->5
[2023-07-21T15:59:53.855+0700][gc,metaspace  ] GC(11) Metaspace: 12840K(13568K)->12840K(13568K) NonClass: 11319K(11776K)->11319K(11776K) Class: 1520K(1792K)->1520K(1792K)
[2023-07-21T15:59:53.855+0700][gc            ] GC(11) Pause Young (Normal) (GCLocker Initiated GC) 281M->119M(370M) 6.903ms
[2023-07-21T15:59:53.855+0700][gc,cpu        ] GC(11) User=0.04s Sys=0.00s Real=0.00s
[2023-07-21T15:59:53.916+0700][gc,start      ] GC(12) Pause Young (Normal) (GCLocker Initiated GC)
[2023-07-21T15:59:53.916+0700][gc,task       ] GC(12) Using 8 workers of 8 for evacuation
[2023-07-21T15:59:53.925+0700][gc,phases     ] GC(12)   Pre Evacuate Collection Set: 0.0ms
[2023-07-21T15:59:53.925+0700][gc,phases     ] GC(12)   Evacuate Collection Set: 8.4ms
[2023-07-21T15:59:53.925+0700][gc,phases     ] GC(12)   Post Evacuate Collection Set: 0.3ms
[2023-07-21T15:59:53.925+0700][gc,phases     ] GC(12)   Other: 0.1ms
[2023-07-21T15:59:53.925+0700][gc,heap       ] GC(12) Eden regions: 166->0(170)
[2023-07-21T15:59:53.925+0700][gc,heap       ] GC(12) Survivor regions: 20->15(24)
[2023-07-21T15:59:53.925+0700][gc,heap       ] GC(12) Old regions: 97->108
[2023-07-21T15:59:53.925+0700][gc,heap       ] GC(12) Humongous regions: 5->5
[2023-07-21T15:59:53.925+0700][gc,metaspace  ] GC(12) Metaspace: 12844K(13568K)->12844K(13568K) NonClass: 11323K(11776K)->11323K(11776K) Class: 1520K(1792K)->1520K(1792K)
[2023-07-21T15:59:53.925+0700][gc            ] GC(12) Pause Young (Normal) (GCLocker Initiated GC) 285M->125M(370M) 8.988ms
[2023-07-21T15:59:53.925+0700][gc,cpu        ] GC(12) User=0.05s Sys=0.01s Real=0.00s
[2023-07-21T15:59:53.985+0700][gc,start      ] GC(13) Pause Young (Normal) (GCLocker Initiated GC)
[2023-07-21T15:59:53.985+0700][gc,task       ] GC(13) Using 8 workers of 8 for evacuation
[2023-07-21T15:59:53.994+0700][gc,phases     ] GC(13)   Pre Evacuate Collection Set: 0.0ms
[2023-07-21T15:59:53.994+0700][gc,phases     ] GC(13)   Evacuate Collection Set: 6.6ms
[2023-07-21T15:59:53.994+0700][gc,phases     ] GC(13)   Post Evacuate Collection Set: 1.6ms
[2023-07-21T15:59:53.994+0700][gc,phases     ] GC(13)   Other: 0.2ms
[2023-07-21T15:59:53.994+0700][gc,heap       ] GC(13) Eden regions: 171->0(244)
[2023-07-21T15:59:53.994+0700][gc,heap       ] GC(13) Survivor regions: 15->13(24)
[2023-07-21T15:59:53.994+0700][gc,heap       ] GC(13) Old regions: 108->115
[2023-07-21T15:59:53.994+0700][gc,heap       ] GC(13) Humongous regions: 5->5
[2023-07-21T15:59:53.994+0700][gc,metaspace  ] GC(13) Metaspace: 12844K(13568K)->12844K(13568K) NonClass: 11323K(11776K)->11323K(11776K) Class: 1520K(1792K)->1520K(1792K)
[2023-07-21T15:59:53.994+0700][gc            ] GC(13) Pause Young (Normal) (GCLocker Initiated GC) 296M->131M(515M) 8.526ms
[2023-07-21T15:59:53.994+0700][gc,cpu        ] GC(13) User=0.07s Sys=0.00s Real=0.01s
[2023-07-21T15:59:54.097+0700][gc,start      ] GC(14) Pause Young (Normal) (GCLocker Initiated GC)
[2023-07-21T15:59:54.097+0700][gc,task       ] GC(14) Using 8 workers of 8 for evacuation
[2023-07-21T15:59:54.105+0700][gc,phases     ] GC(14)   Pre Evacuate Collection Set: 0.0ms
[2023-07-21T15:59:54.105+0700][gc,phases     ] GC(14)   Evacuate Collection Set: 7.0ms
[2023-07-21T15:59:54.105+0700][gc,phases     ] GC(14)   Post Evacuate Collection Set: 0.4ms
[2023-07-21T15:59:54.105+0700][gc,phases     ] GC(14)   Other: 0.2ms
[2023-07-21T15:59:54.105+0700][gc,heap       ] GC(14) Eden regions: 244->0(232)
[2023-07-21T15:59:54.105+0700][gc,heap       ] GC(14) Survivor regions: 13->25(33)
[2023-07-21T15:59:54.105+0700][gc,heap       ] GC(14) Old regions: 115->115
[2023-07-21T15:59:54.105+0700][gc,heap       ] GC(14) Humongous regions: 5->5
[2023-07-21T15:59:54.105+0700][gc,metaspace  ] GC(14) Metaspace: 12844K(13568K)->12844K(13568K) NonClass: 11323K(11776K)->11323K(11776K) Class: 1520K(1792K)->1520K(1792K)
[2023-07-21T15:59:54.105+0700][gc            ] GC(14) Pause Young (Normal) (GCLocker Initiated GC) 375M->143M(515M) 7.694ms
[2023-07-21T15:59:54.105+0700][gc,cpu        ] GC(14) User=0.05s Sys=0.00s Real=0.00s
[2023-07-21T15:59:54.178+0700][gc,start      ] GC(15) Pause Young (Normal) (GCLocker Initiated GC)
[2023-07-21T15:59:54.178+0700][gc,task       ] GC(15) Using 8 workers of 8 for evacuation
[2023-07-21T15:59:54.189+0700][gc,phases     ] GC(15)   Pre Evacuate Collection Set: 0.0ms
[2023-07-21T15:59:54.189+0700][gc,phases     ] GC(15)   Evacuate Collection Set: 9.7ms
[2023-07-21T15:59:54.189+0700][gc,phases     ] GC(15)   Post Evacuate Collection Set: 0.4ms
[2023-07-21T15:59:54.189+0700][gc,phases     ] GC(15)   Other: 0.1ms
[2023-07-21T15:59:54.189+0700][gc,heap       ] GC(15) Eden regions: 232->0(233)
[2023-07-21T15:59:54.189+0700][gc,heap       ] GC(15) Survivor regions: 25->24(33)
[2023-07-21T15:59:54.189+0700][gc,heap       ] GC(15) Old regions: 115->127
[2023-07-21T15:59:54.189+0700][gc,heap       ] GC(15) Humongous regions: 6->6
[2023-07-21T15:59:54.189+0700][gc,metaspace  ] GC(15) Metaspace: 12844K(13568K)->12844K(13568K) NonClass: 11323K(11776K)->11323K(11776K) Class: 1520K(1792K)->1520K(1792K)
[2023-07-21T15:59:54.189+0700][gc            ] GC(15) Pause Young (Normal) (GCLocker Initiated GC) 376M->154M(515M) 10.292ms
[2023-07-21T15:59:54.189+0700][gc,cpu        ] GC(15) User=0.07s Sys=0.00s Real=0.01s
[2023-07-21T15:59:54.289+0700][gc,start      ] GC(16) Pause Young (Normal) (GCLocker Initiated GC)
[2023-07-21T15:59:54.289+0700][gc,task       ] GC(16) Using 8 workers of 8 for evacuation
[2023-07-21T15:59:54.311+0700][gc,phases     ] GC(16)   Pre Evacuate Collection Set: 0.0ms
[2023-07-21T15:59:54.311+0700][gc,phases     ] GC(16)   Evacuate Collection Set: 21.9ms
[2023-07-21T15:59:54.311+0700][gc,phases     ] GC(16)   Post Evacuate Collection Set: 0.5ms
[2023-07-21T15:59:54.311+0700][gc,phases     ] GC(16)   Other: 0.2ms
[2023-07-21T15:59:54.311+0700][gc,heap       ] GC(16) Eden regions: 234->0(229)
[2023-07-21T15:59:54.311+0700][gc,heap       ] GC(16) Survivor regions: 24->28(33)
[2023-07-21T15:59:54.311+0700][gc,heap       ] GC(16) Old regions: 127->140
[2023-07-21T15:59:54.311+0700][gc,heap       ] GC(16) Humongous regions: 7->6
[2023-07-21T15:59:54.311+0700][gc,metaspace  ] GC(16) Metaspace: 12844K(13568K)->12844K(13568K) NonClass: 11323K(11776K)->11323K(11776K) Class: 1520K(1792K)->1520K(1792K)
[2023-07-21T15:59:54.311+0700][gc            ] GC(16) Pause Young (Normal) (GCLocker Initiated GC) 389M->171M(515M) 22.674ms
[2023-07-21T15:59:54.311+0700][gc,cpu        ] GC(16) User=0.16s Sys=0.01s Real=0.02s
[2023-07-21T15:59:54.425+0700][gc,start      ] GC(17) Pause Young (Normal) (GCLocker Initiated GC)
[2023-07-21T15:59:54.425+0700][gc,task       ] GC(17) Using 8 workers of 8 for evacuation
[2023-07-21T15:59:54.448+0700][gc,phases     ] GC(17)   Pre Evacuate Collection Set: 0.0ms
[2023-07-21T15:59:54.448+0700][gc,phases     ] GC(17)   Evacuate Collection Set: 16.3ms
[2023-07-21T15:59:54.448+0700][gc,phases     ] GC(17)   Post Evacuate Collection Set: 6.3ms
[2023-07-21T15:59:54.448+0700][gc,phases     ] GC(17)   Other: 0.2ms
[2023-07-21T15:59:54.448+0700][gc,heap       ] GC(17) Eden regions: 229->0(486)
[2023-07-21T15:59:54.448+0700][gc,heap       ] GC(17) Survivor regions: 28->27(33)
[2023-07-21T15:59:54.448+0700][gc,heap       ] GC(17) Old regions: 140->150
[2023-07-21T15:59:54.448+0700][gc,heap       ] GC(17) Humongous regions: 12->6
[2023-07-21T15:59:54.448+0700][gc,metaspace  ] GC(17) Metaspace: 12846K(13568K)->12846K(13568K) NonClass: 11325K(11776K)->11325K(11776K) Class: 1520K(1792K)->1520K(1792K)
[2023-07-21T15:59:54.448+0700][gc            ] GC(17) Pause Young (Normal) (GCLocker Initiated GC) 406M->181M(1027M) 22.990ms
[2023-07-21T15:59:54.448+0700][gc,cpu        ] GC(17) User=0.12s Sys=0.01s Real=0.03s
[2023-07-21T15:59:54.647+0700][gc,start      ] GC(18) Pause Young (Normal) (GCLocker Initiated GC)
[2023-07-21T15:59:54.647+0700][gc,task       ] GC(18) Using 8 workers of 8 for evacuation
[2023-07-21T15:59:54.673+0700][gc,phases     ] GC(18)   Pre Evacuate Collection Set: 0.0ms
[2023-07-21T15:59:54.673+0700][gc,phases     ] GC(18)   Evacuate Collection Set: 25.4ms
[2023-07-21T15:59:54.673+0700][gc,phases     ] GC(18)   Post Evacuate Collection Set: 0.6ms
[2023-07-21T15:59:54.673+0700][gc,phases     ] GC(18)   Other: 0.3ms
[2023-07-21T15:59:54.673+0700][gc,heap       ] GC(18) Eden regions: 488->0(470)
[2023-07-21T15:59:54.673+0700][gc,heap       ] GC(18) Survivor regions: 27->43(65)
[2023-07-21T15:59:54.673+0700][gc,heap       ] GC(18) Old regions: 150->150
[2023-07-21T15:59:54.673+0700][gc,heap       ] GC(18) Humongous regions: 7->6
[2023-07-21T15:59:54.673+0700][gc,metaspace  ] GC(18) Metaspace: 12873K(13568K)->12873K(13568K) NonClass: 11349K(11776K)->11349K(11776K) Class: 1523K(1792K)->1523K(1792K)
[2023-07-21T15:59:54.673+0700][gc            ] GC(18) Pause Young (Normal) (GCLocker Initiated GC) 669M->197M(1027M) 26.345ms
[2023-07-21T15:59:54.673+0700][gc,cpu        ] GC(18) User=0.14s Sys=0.05s Real=0.02s
[2023-07-21T15:59:54.860+0700][gc,start      ] GC(19) Pause Young (Normal) (G1 Evacuation Pause)
[2023-07-21T15:59:54.860+0700][gc,task       ] GC(19) Using 8 workers of 8 for evacuation
[2023-07-21T15:59:54.895+0700][gc,phases     ] GC(19)   Pre Evacuate Collection Set: 0.0ms
[2023-07-21T15:59:54.895+0700][gc,phases     ] GC(19)   Evacuate Collection Set: 34.4ms
[2023-07-21T15:59:54.895+0700][gc,phases     ] GC(19)   Post Evacuate Collection Set: 0.7ms
[2023-07-21T15:59:54.895+0700][gc,phases     ] GC(19)   Other: 0.3ms
[2023-07-21T15:59:54.895+0700][gc,heap       ] GC(19) Eden regions: 470->0(466)
[2023-07-21T15:59:54.895+0700][gc,heap       ] GC(19) Survivor regions: 43->47(65)
[2023-07-21T15:59:54.895+0700][gc,heap       ] GC(19) Old regions: 150->165
[2023-07-21T15:59:54.895+0700][gc,heap       ] GC(19) Humongous regions: 9->8
[2023-07-21T15:59:54.895+0700][gc,metaspace  ] GC(19) Metaspace: 12873K(13568K)->12873K(13568K) NonClass: 11349K(11776K)->11349K(11776K) Class: 1523K(1792K)->1523K(1792K)
[2023-07-21T15:59:54.895+0700][gc            ] GC(19) Pause Young (Normal) (G1 Evacuation Pause) 670M->218M(1027M) 35.541ms
[2023-07-21T15:59:54.895+0700][gc,cpu        ] GC(19) User=0.25s Sys=0.01s Real=0.04s
[2023-07-21T15:59:54.987+0700][gc,start      ] GC(20) Pause Young (Normal) (GCLocker Initiated GC)
[2023-07-21T15:59:54.987+0700][gc,task       ] GC(20) Using 8 workers of 8 for evacuation
[2023-07-21T15:59:55.010+0700][gc,phases     ] GC(20)   Pre Evacuate Collection Set: 0.0ms
[2023-07-21T15:59:55.010+0700][gc,phases     ] GC(20)   Evacuate Collection Set: 21.9ms
[2023-07-21T15:59:55.010+0700][gc,phases     ] GC(20)   Post Evacuate Collection Set: 0.6ms
[2023-07-21T15:59:55.010+0700][gc,phases     ] GC(20)   Other: 0.2ms
[2023-07-21T15:59:55.010+0700][gc,heap       ] GC(20) Eden regions: 467->0(480)
[2023-07-21T15:59:55.010+0700][gc,heap       ] GC(20) Survivor regions: 47->33(65)
[2023-07-21T15:59:55.010+0700][gc,heap       ] GC(20) Old regions: 165->192
[2023-07-21T15:59:55.010+0700][gc,heap       ] GC(20) Humongous regions: 8->8
[2023-07-21T15:59:55.010+0700][gc,metaspace  ] GC(20) Metaspace: 12873K(13568K)->12873K(13568K) NonClass: 11350K(11776K)->11350K(11776K) Class: 1523K(1792K)->1523K(1792K)
[2023-07-21T15:59:55.010+0700][gc            ] GC(20) Pause Young (Normal) (GCLocker Initiated GC) 684M->230M(1027M) 22.807ms
[2023-07-21T15:59:55.010+0700][gc,cpu        ] GC(20) User=0.18s Sys=0.00s Real=0.02s
[2023-07-21T15:59:55.098+0700][gc,start      ] GC(21) Pause Young (Normal) (GCLocker Initiated GC)
[2023-07-21T15:59:55.098+0700][gc,task       ] GC(21) Using 8 workers of 8 for evacuation
[2023-07-21T15:59:55.123+0700][gc,phases     ] GC(21)   Pre Evacuate Collection Set: 0.0ms
[2023-07-21T15:59:55.124+0700][gc,phases     ] GC(21)   Evacuate Collection Set: 19.3ms
[2023-07-21T15:59:55.124+0700][gc,phases     ] GC(21)   Post Evacuate Collection Set: 5.8ms
[2023-07-21T15:59:55.124+0700][gc,phases     ] GC(21)   Other: 0.2ms
[2023-07-21T15:59:55.124+0700][gc,heap       ] GC(21) Eden regions: 481->0(765)
[2023-07-21T15:59:55.124+0700][gc,heap       ] GC(21) Survivor regions: 33->51(65)
[2023-07-21T15:59:55.124+0700][gc,heap       ] GC(21) Old regions: 192->192
[2023-07-21T15:59:55.124+0700][gc,heap       ] GC(21) Humongous regions: 8->8
[2023-07-21T15:59:55.124+0700][gc,metaspace  ] GC(21) Metaspace: 12874K(13568K)->12874K(13568K) NonClass: 11350K(11776K)->11350K(11776K) Class: 1523K(1792K)->1523K(1792K)
[2023-07-21T15:59:55.124+0700][gc            ] GC(21) Pause Young (Normal) (GCLocker Initiated GC) 711M->248M(1632M) 25.406ms
[2023-07-21T15:59:55.124+0700][gc,cpu        ] GC(21) User=0.15s Sys=0.00s Real=0.02s
[2023-07-21T15:59:56.066+0700][gc,start      ] GC(22) Pause Young (Concurrent Start) (Metadata GC Threshold)
[2023-07-21T15:59:56.066+0700][gc,task       ] GC(22) Using 8 workers of 8 for evacuation
[2023-07-21T15:59:56.102+0700][gc,phases     ] GC(22)   Pre Evacuate Collection Set: 0.1ms
[2023-07-21T15:59:56.102+0700][gc,phases     ] GC(22)   Evacuate Collection Set: 34.7ms
[2023-07-21T15:59:56.102+0700][gc,phases     ] GC(22)   Post Evacuate Collection Set: 1.7ms
[2023-07-21T15:59:56.102+0700][gc,phases     ] GC(22)   Other: 0.4ms
[2023-07-21T15:59:56.103+0700][gc,heap       ] GC(22) Eden regions: 454->0(752)
[2023-07-21T15:59:56.103+0700][gc,heap       ] GC(22) Survivor regions: 51->64(102)
[2023-07-21T15:59:56.103+0700][gc,heap       ] GC(22) Old regions: 192->192
[2023-07-21T15:59:56.103+0700][gc,heap       ] GC(22) Humongous regions: 9->9
[2023-07-21T15:59:56.103+0700][gc,metaspace  ] GC(22) Metaspace: 21849K(22616K)->21849K(22616K) NonClass: 19231K(19712K)->19231K(19712K) Class: 2618K(2904K)->2618K(2904K)
[2023-07-21T15:59:56.103+0700][gc            ] GC(22) Pause Young (Concurrent Start) (Metadata GC Threshold) 703M->262M(1632M) 36.982ms
[2023-07-21T15:59:56.103+0700][gc,cpu        ] GC(22) User=0.24s Sys=0.02s Real=0.03s
[2023-07-21T15:59:56.103+0700][gc            ] GC(23) Concurrent Cycle
[2023-07-21T15:59:56.103+0700][gc,marking    ] GC(23) Concurrent Clear Claimed Marks
[2023-07-21T15:59:56.103+0700][gc,marking    ] GC(23) Concurrent Clear Claimed Marks 0.083ms
[2023-07-21T15:59:56.103+0700][gc,marking    ] GC(23) Concurrent Scan Root Regions
[2023-07-21T15:59:56.125+0700][gc,marking    ] GC(23) Concurrent Scan Root Regions 22.168ms
[2023-07-21T15:59:56.125+0700][gc,marking    ] GC(23) Concurrent Mark (4.465s)
[2023-07-21T15:59:56.125+0700][gc,marking    ] GC(23) Concurrent Mark From Roots
[2023-07-21T15:59:56.125+0700][gc,task       ] GC(23) Using 2 workers of 2 for marking
[2023-07-21T15:59:56.162+0700][gc,marking    ] GC(23) Concurrent Mark From Roots 36.900ms
[2023-07-21T15:59:56.162+0700][gc,marking    ] GC(23) Concurrent Preclean
[2023-07-21T15:59:56.162+0700][gc,marking    ] GC(23) Concurrent Preclean 0.098ms
[2023-07-21T15:59:56.162+0700][gc,marking    ] GC(23) Concurrent Mark (4.465s, 4.502s) 37.046ms
[2023-07-21T15:59:56.162+0700][gc,start      ] GC(23) Pause Remark
[2023-07-21T15:59:56.175+0700][gc,stringtable] GC(23) Cleaned string and symbol table, strings: 9570 processed, 0 removed, symbols: 63645 processed, 26 removed
[2023-07-21T15:59:56.176+0700][gc            ] GC(23) Pause Remark 271M->261M(1632M) 13.304ms
[2023-07-21T15:59:56.176+0700][gc,cpu        ] GC(23) User=0.11s Sys=0.01s Real=0.02s
[2023-07-21T15:59:56.176+0700][gc,marking    ] GC(23) Concurrent Rebuild Remembered Sets
[2023-07-21T15:59:56.206+0700][gc,marking    ] GC(23) Concurrent Rebuild Remembered Sets 30.647ms
[2023-07-21T15:59:56.207+0700][gc,start      ] GC(23) Pause Cleanup
[2023-07-21T15:59:56.207+0700][gc            ] GC(23) Pause Cleanup 265M->265M(1632M) 0.376ms
[2023-07-21T15:59:56.207+0700][gc,cpu        ] GC(23) User=0.00s Sys=0.00s Real=0.00s
[2023-07-21T15:59:56.207+0700][gc,marking    ] GC(23) Concurrent Cleanup for Next Mark
[2023-07-21T15:59:56.211+0700][gc,marking    ] GC(23) Concurrent Cleanup for Next Mark 4.355ms
[2023-07-21T15:59:56.211+0700][gc            ] GC(23) Concurrent Cycle 108.763ms
[2023-07-21T15:59:56.892+0700][gc,start      ] GC(24) Pause Young (Prepare Mixed) (Metadata GC Threshold)
[2023-07-21T15:59:56.892+0700][gc,task       ] GC(24) Using 8 workers of 8 for evacuation
[2023-07-21T15:59:56.916+0700][gc,phases     ] GC(24)   Pre Evacuate Collection Set: 0.0ms
[2023-07-21T15:59:56.916+0700][gc,phases     ] GC(24)   Evacuate Collection Set: 22.1ms
[2023-07-21T15:59:56.916+0700][gc,phases     ] GC(24)   Post Evacuate Collection Set: 1.8ms
[2023-07-21T15:59:56.916+0700][gc,phases     ] GC(24)   Other: 0.2ms
[2023-07-21T15:59:56.916+0700][gc,heap       ] GC(24) Eden regions: 123->0(762)
[2023-07-21T15:59:56.916+0700][gc,heap       ] GC(24) Survivor regions: 64->54(102)
[2023-07-21T15:59:56.916+0700][gc,heap       ] GC(24) Old regions: 184->198
[2023-07-21T15:59:56.916+0700][gc,heap       ] GC(24) Humongous regions: 7->7
[2023-07-21T15:59:56.916+0700][gc,metaspace  ] GC(24) Metaspace: 37892K(39076K)->37892K(39076K) NonClass: 33521K(34252K)->33521K(34252K) Class: 4371K(4824K)->4371K(4824K)
[2023-07-21T15:59:56.916+0700][gc            ] GC(24) Pause Young (Prepare Mixed) (Metadata GC Threshold) 375M->257M(1632M) 24.273ms
[2023-07-21T15:59:56.916+0700][gc,cpu        ] GC(24) User=0.18s Sys=0.00s Real=0.03s
[2023-07-21T15:59:56.933+0700][gc,start      ] GC(25) Pause Young (Mixed) (Metadata GC Threshold)
[2023-07-21T15:59:56.933+0700][gc,task       ] GC(25) Using 8 workers of 8 for evacuation
[2023-07-21T15:59:56.950+0700][gc,phases     ] GC(25)   Pre Evacuate Collection Set: 0.0ms
[2023-07-21T15:59:56.950+0700][gc,phases     ] GC(25)   Evacuate Collection Set: 16.4ms
[2023-07-21T15:59:56.950+0700][gc,phases     ] GC(25)   Post Evacuate Collection Set: 0.8ms
[2023-07-21T15:59:56.950+0700][gc,phases     ] GC(25)   Other: 0.2ms
[2023-07-21T15:59:56.950+0700][gc,heap       ] GC(25) Eden regions: 5->0(809)
[2023-07-21T15:59:56.950+0700][gc,heap       ] GC(25) Survivor regions: 54->7(102)
[2023-07-21T15:59:56.950+0700][gc,heap       ] GC(25) Old regions: 198->228
[2023-07-21T15:59:56.950+0700][gc,heap       ] GC(25) Humongous regions: 7->7
[2023-07-21T15:59:56.950+0700][gc,metaspace  ] GC(25) Metaspace: 38128K(39432K)->38128K(39432K) NonClass: 33725K(34508K)->33725K(34508K) Class: 4402K(4924K)->4402K(4924K)
[2023-07-21T15:59:56.950+0700][gc            ] GC(25) Pause Young (Mixed) (Metadata GC Threshold) 262M->239M(1632M) 17.506ms
[2023-07-21T15:59:56.950+0700][gc,cpu        ] GC(25) User=0.13s Sys=0.00s Real=0.02s
[2023-07-21T15:59:56.984+0700][gc,start      ] GC(26) Pause Young (Mixed) (Metadata GC Threshold)
[2023-07-21T15:59:56.984+0700][gc,task       ] GC(26) Using 8 workers of 8 for evacuation
[2023-07-21T15:59:56.990+0700][gc,phases     ] GC(26)   Pre Evacuate Collection Set: 0.1ms
[2023-07-21T15:59:56.990+0700][gc,phases     ] GC(26)   Evacuate Collection Set: 5.2ms
[2023-07-21T15:59:56.990+0700][gc,phases     ] GC(26)   Post Evacuate Collection Set: 0.5ms
[2023-07-21T15:59:56.990+0700][gc,phases     ] GC(26)   Other: 0.2ms
[2023-07-21T15:59:56.990+0700][gc,heap       ] GC(26) Eden regions: 9->0(809)
[2023-07-21T15:59:56.990+0700][gc,heap       ] GC(26) Survivor regions: 7->7(102)
[2023-07-21T15:59:56.990+0700][gc,heap       ] GC(26) Old regions: 228->221
[2023-07-21T15:59:56.990+0700][gc,heap       ] GC(26) Humongous regions: 7->7
[2023-07-21T15:59:56.990+0700][gc,metaspace  ] GC(26) Metaspace: 38482K(39688K)->38482K(39688K) NonClass: 34034K(34764K)->34034K(34764K) Class: 4448K(4924K)->4448K(4924K)
[2023-07-21T15:59:56.990+0700][gc            ] GC(26) Pause Young (Mixed) (Metadata GC Threshold) 248M->232M(1632M) 6.063ms
[2023-07-21T15:59:56.990+0700][gc,cpu        ] GC(26) User=0.04s Sys=0.00s Real=0.01s
[2023-07-21T15:59:57.000+0700][gc,start      ] GC(27) Pause Young (Concurrent Start) (Metadata GC Threshold)
[2023-07-21T15:59:57.000+0700][gc,task       ] GC(27) Using 8 workers of 8 for evacuation
[2023-07-21T15:59:57.003+0700][gc,phases     ] GC(27)   Pre Evacuate Collection Set: 0.2ms
[2023-07-21T15:59:57.003+0700][gc,phases     ] GC(27)   Evacuate Collection Set: 2.3ms
[2023-07-21T15:59:57.003+0700][gc,phases     ] GC(27)   Post Evacuate Collection Set: 0.4ms
[2023-07-21T15:59:57.003+0700][gc,phases     ] GC(27)   Other: 0.2ms
[2023-07-21T15:59:57.003+0700][gc,heap       ] GC(27) Eden regions: 1->0(810)
[2023-07-21T15:59:57.003+0700][gc,heap       ] GC(27) Survivor regions: 7->6(102)
[2023-07-21T15:59:57.003+0700][gc,heap       ] GC(27) Old regions: 221->221
[2023-07-21T15:59:57.003+0700][gc,heap       ] GC(27) Humongous regions: 7->7
[2023-07-21T15:59:57.003+0700][gc,metaspace  ] GC(27) Metaspace: 38696K(40072K)->38696K(40072K) NonClass: 34230K(35020K)->34230K(35020K) Class: 4466K(5052K)->4466K(5052K)
[2023-07-21T15:59:57.003+0700][gc            ] GC(27) Pause Young (Concurrent Start) (Metadata GC Threshold) 233M->231M(1632M) 3.039ms
[2023-07-21T15:59:57.003+0700][gc,cpu        ] GC(27) User=0.01s Sys=0.00s Real=0.00s
[2023-07-21T15:59:57.003+0700][gc            ] GC(28) Concurrent Cycle
[2023-07-21T15:59:57.003+0700][gc,marking    ] GC(28) Concurrent Clear Claimed Marks
[2023-07-21T15:59:57.003+0700][gc,marking    ] GC(28) Concurrent Clear Claimed Marks 0.033ms
[2023-07-21T15:59:57.003+0700][gc,marking    ] GC(28) Concurrent Scan Root Regions
[2023-07-21T15:59:57.005+0700][gc,marking    ] GC(28) Concurrent Scan Root Regions 1.454ms
[2023-07-21T15:59:57.005+0700][gc,marking    ] GC(28) Concurrent Mark (5.345s)
[2023-07-21T15:59:57.005+0700][gc,marking    ] GC(28) Concurrent Mark From Roots
[2023-07-21T15:59:57.005+0700][gc,task       ] GC(28) Using 2 workers of 2 for marking
[2023-07-21T15:59:57.011+0700][gc,marking    ] GC(28) Concurrent Mark From Roots 6.738ms
[2023-07-21T15:59:57.011+0700][gc,marking    ] GC(28) Concurrent Preclean
[2023-07-21T15:59:57.012+0700][gc,marking    ] GC(28) Concurrent Preclean 0.062ms
[2023-07-21T15:59:57.012+0700][gc,marking    ] GC(28) Concurrent Mark (5.345s, 5.352s) 6.837ms
[2023-07-21T15:59:57.012+0700][gc,start      ] GC(28) Pause Remark
[2023-07-21T15:59:57.019+0700][gc,stringtable] GC(28) Cleaned string and symbol table, strings: 16490 processed, 20 removed, symbols: 103939 processed, 30 removed
[2023-07-21T15:59:57.020+0700][gc            ] GC(28) Pause Remark 232M->96M(1632M) 7.561ms
[2023-07-21T15:59:57.020+0700][gc,cpu        ] GC(28) User=0.03s Sys=0.01s Real=0.01s
[2023-07-21T15:59:57.020+0700][gc,marking    ] GC(28) Concurrent Rebuild Remembered Sets
[2023-07-21T15:59:57.024+0700][gc,marking    ] GC(28) Concurrent Rebuild Remembered Sets 4.441ms
[2023-07-21T15:59:57.024+0700][gc,start      ] GC(28) Pause Cleanup
[2023-07-21T15:59:57.025+0700][gc            ] GC(28) Pause Cleanup 96M->96M(1632M) 0.222ms
[2023-07-21T15:59:57.025+0700][gc,cpu        ] GC(28) User=0.00s Sys=0.00s Real=0.00s
[2023-07-21T15:59:57.025+0700][gc,marking    ] GC(28) Concurrent Cleanup for Next Mark
[2023-07-21T15:59:57.027+0700][gc,marking    ] GC(28) Concurrent Cleanup for Next Mark 2.229ms
[2023-07-21T15:59:57.027+0700][gc            ] GC(28) Concurrent Cycle 23.657ms
[2023-07-21T16:00:12.877+0700][gc,start      ] GC(29) Pause Young (Normal) (G1 Evacuation Pause)
[2023-07-21T16:00:12.877+0700][gc,task       ] GC(29) Using 8 workers of 8 for evacuation
[2023-07-21T16:00:12.887+0700][gc,phases     ] GC(29)   Pre Evacuate Collection Set: 0.1ms
[2023-07-21T16:00:12.887+0700][gc,phases     ] GC(29)   Evacuate Collection Set: 7.5ms
[2023-07-21T16:00:12.887+0700][gc,phases     ] GC(29)   Post Evacuate Collection Set: 1.9ms
[2023-07-21T16:00:12.887+0700][gc,phases     ] GC(29)   Other: 0.2ms
[2023-07-21T16:00:12.887+0700][gc,heap       ] GC(29) Eden regions: 810->0(800)
[2023-07-21T16:00:12.887+0700][gc,heap       ] GC(29) Survivor regions: 6->16(102)
[2023-07-21T16:00:12.887+0700][gc,heap       ] GC(29) Old regions: 87->87
[2023-07-21T16:00:12.887+0700][gc,heap       ] GC(29) Humongous regions: 4->4
[2023-07-21T16:00:12.887+0700][gc,metaspace  ] GC(29) Metaspace: 63734K(66440K)->63734K(66440K) NonClass: 56120K(57804K)->56120K(57804K) Class: 7614K(8636K)->7614K(8636K)
[2023-07-21T16:00:12.887+0700][gc            ] GC(29) Pause Young (Normal) (G1 Evacuation Pause) 905M->105M(1632M) 9.784ms
[2023-07-21T16:00:12.887+0700][gc,cpu        ] GC(29) User=0.06s Sys=0.01s Real=0.01s
[2023-07-21T16:00:14.170+0700][gc,start      ] GC(30) Pause Young (Normal) (G1 Evacuation Pause)
[2023-07-21T16:00:14.170+0700][gc,task       ] GC(30) Using 8 workers of 8 for evacuation
[2023-07-21T16:00:14.178+0700][gc,phases     ] GC(30)   Pre Evacuate Collection Set: 0.0ms
[2023-07-21T16:00:14.178+0700][gc,phases     ] GC(30)   Evacuate Collection Set: 6.3ms
[2023-07-21T16:00:14.178+0700][gc,phases     ] GC(30)   Post Evacuate Collection Set: 0.9ms
[2023-07-21T16:00:14.178+0700][gc,phases     ] GC(30)   Other: 0.2ms
[2023-07-21T16:00:14.178+0700][gc,heap       ] GC(30) Eden regions: 800->0(799)
[2023-07-21T16:00:14.178+0700][gc,heap       ] GC(30) Survivor regions: 16->17(102)
[2023-07-21T16:00:14.178+0700][gc,heap       ] GC(30) Old regions: 87->87
[2023-07-21T16:00:14.178+0700][gc,heap       ] GC(30) Humongous regions: 4->4
[2023-07-21T16:00:14.178+0700][gc,metaspace  ] GC(30) Metaspace: 63735K(66440K)->63735K(66440K) NonClass: 56121K(57804K)->56121K(57804K) Class: 7614K(8636K)->7614K(8636K)
[2023-07-21T16:00:14.178+0700][gc            ] GC(30) Pause Young (Normal) (G1 Evacuation Pause) 905M->106M(1632M) 7.501ms
[2023-07-21T16:00:14.178+0700][gc,cpu        ] GC(30) User=0.05s Sys=0.00s Real=0.01s
[2023-07-21T16:00:15.466+0700][gc,start      ] GC(31) Pause Young (Normal) (G1 Evacuation Pause)
[2023-07-21T16:00:15.466+0700][gc,task       ] GC(31) Using 8 workers of 8 for evacuation
[2023-07-21T16:00:15.474+0700][gc,phases     ] GC(31)   Pre Evacuate Collection Set: 0.0ms
[2023-07-21T16:00:15.474+0700][gc,phases     ] GC(31)   Evacuate Collection Set: 6.3ms
[2023-07-21T16:00:15.474+0700][gc,phases     ] GC(31)   Post Evacuate Collection Set: 1.1ms
[2023-07-21T16:00:15.474+0700][gc,phases     ] GC(31)   Other: 0.2ms
[2023-07-21T16:00:15.474+0700][gc,heap       ] GC(31) Eden regions: 799->0(799)
[2023-07-21T16:00:15.474+0700][gc,heap       ] GC(31) Survivor regions: 17->17(102)
[2023-07-21T16:00:15.474+0700][gc,heap       ] GC(31) Old regions: 87->87
[2023-07-21T16:00:15.474+0700][gc,heap       ] GC(31) Humongous regions: 4->4
[2023-07-21T16:00:15.474+0700][gc,metaspace  ] GC(31) Metaspace: 63737K(66440K)->63737K(66440K) NonClass: 56123K(57804K)->56123K(57804K) Class: 7614K(8636K)->7614K(8636K)
[2023-07-21T16:00:15.474+0700][gc            ] GC(31) Pause Young (Normal) (G1 Evacuation Pause) 905M->106M(1632M) 7.661ms
[2023-07-21T16:00:15.474+0700][gc,cpu        ] GC(31) User=0.04s Sys=0.01s Real=0.01s
[2023-07-21T16:00:16.795+0700][gc,start      ] GC(32) Pause Young (Normal) (G1 Evacuation Pause)
[2023-07-21T16:00:16.795+0700][gc,task       ] GC(32) Using 8 workers of 8 for evacuation
[2023-07-21T16:00:16.804+0700][gc,phases     ] GC(32)   Pre Evacuate Collection Set: 0.1ms
[2023-07-21T16:00:16.804+0700][gc,phases     ] GC(32)   Evacuate Collection Set: 7.9ms
[2023-07-21T16:00:16.804+0700][gc,phases     ] GC(32)   Post Evacuate Collection Set: 0.9ms
[2023-07-21T16:00:16.804+0700][gc,phases     ] GC(32)   Other: 0.2ms
[2023-07-21T16:00:16.804+0700][gc,heap       ] GC(32) Eden regions: 799->0(799)
[2023-07-21T16:00:16.804+0700][gc,heap       ] GC(32) Survivor regions: 17->17(102)
[2023-07-21T16:00:16.804+0700][gc,heap       ] GC(32) Old regions: 87->87
[2023-07-21T16:00:16.804+0700][gc,heap       ] GC(32) Humongous regions: 4->4
[2023-07-21T16:00:16.804+0700][gc,metaspace  ] GC(32) Metaspace: 63737K(66440K)->63737K(66440K) NonClass: 56123K(57804K)->56123K(57804K) Class: 7614K(8636K)->7614K(8636K)
[2023-07-21T16:00:16.804+0700][gc            ] GC(32) Pause Young (Normal) (G1 Evacuation Pause) 905M->106M(1632M) 9.157ms
[2023-07-21T16:00:16.805+0700][gc,cpu        ] GC(32) User=0.06s Sys=0.00s Real=0.01s
[2023-07-21T16:00:17.979+0700][gc,start      ] GC(33) Pause Young (Normal) (G1 Evacuation Pause)
[2023-07-21T16:00:17.979+0700][gc,task       ] GC(33) Using 8 workers of 8 for evacuation
[2023-07-21T16:00:17.987+0700][gc,phases     ] GC(33)   Pre Evacuate Collection Set: 0.0ms
[2023-07-21T16:00:17.987+0700][gc,phases     ] GC(33)   Evacuate Collection Set: 6.9ms
[2023-07-21T16:00:17.987+0700][gc,phases     ] GC(33)   Post Evacuate Collection Set: 0.9ms
[2023-07-21T16:00:17.987+0700][gc,phases     ] GC(33)   Other: 0.2ms
[2023-07-21T16:00:17.987+0700][gc,heap       ] GC(33) Eden regions: 799->0(799)
[2023-07-21T16:00:17.987+0700][gc,heap       ] GC(33) Survivor regions: 17->17(102)
[2023-07-21T16:00:17.987+0700][gc,heap       ] GC(33) Old regions: 87->87
[2023-07-21T16:00:17.987+0700][gc,heap       ] GC(33) Humongous regions: 4->4
[2023-07-21T16:00:17.987+0700][gc,metaspace  ] GC(33) Metaspace: 63983K(66824K)->63983K(66824K) NonClass: 56325K(58060K)->56325K(58060K) Class: 7658K(8764K)->7658K(8764K)
[2023-07-21T16:00:17.987+0700][gc            ] GC(33) Pause Young (Normal) (G1 Evacuation Pause) 905M->106M(1632M) 8.074ms
[2023-07-21T16:00:17.987+0700][gc,cpu        ] GC(33) User=0.05s Sys=0.00s Real=0.01s
[2023-07-21T16:00:19.291+0700][gc,start      ] GC(34) Pause Young (Normal) (G1 Evacuation Pause)
[2023-07-21T16:00:19.291+0700][gc,task       ] GC(34) Using 8 workers of 8 for evacuation
[2023-07-21T16:00:19.299+0700][gc,phases     ] GC(34)   Pre Evacuate Collection Set: 0.0ms
[2023-07-21T16:00:19.299+0700][gc,phases     ] GC(34)   Evacuate Collection Set: 6.7ms
[2023-07-21T16:00:19.299+0700][gc,phases     ] GC(34)   Post Evacuate Collection Set: 1.0ms
[2023-07-21T16:00:19.299+0700][gc,phases     ] GC(34)   Other: 0.2ms
[2023-07-21T16:00:19.299+0700][gc,heap       ] GC(34) Eden regions: 799->0(799)
[2023-07-21T16:00:19.299+0700][gc,heap       ] GC(34) Survivor regions: 17->17(102)
[2023-07-21T16:00:19.299+0700][gc,heap       ] GC(34) Old regions: 87->87
[2023-07-21T16:00:19.299+0700][gc,heap       ] GC(34) Humongous regions: 4->4
[2023-07-21T16:00:19.299+0700][gc,metaspace  ] GC(34) Metaspace: 63984K(66824K)->63984K(66824K) NonClass: 56325K(58060K)->56325K(58060K) Class: 7658K(8764K)->7658K(8764K)
[2023-07-21T16:00:19.299+0700][gc            ] GC(34) Pause Young (Normal) (G1 Evacuation Pause) 905M->106M(1632M) 8.043ms
[2023-07-21T16:00:19.299+0700][gc,cpu        ] GC(34) User=0.05s Sys=0.00s Real=0.01s
[2023-07-21T16:00:20.601+0700][gc,start      ] GC(35) Pause Young (Normal) (G1 Evacuation Pause)
[2023-07-21T16:00:20.601+0700][gc,task       ] GC(35) Using 8 workers of 8 for evacuation
[2023-07-21T16:00:20.610+0700][gc,phases     ] GC(35)   Pre Evacuate Collection Set: 0.1ms
[2023-07-21T16:00:20.610+0700][gc,phases     ] GC(35)   Evacuate Collection Set: 8.3ms
[2023-07-21T16:00:20.610+0700][gc,phases     ] GC(35)   Post Evacuate Collection Set: 1.0ms
[2023-07-21T16:00:20.610+0700][gc,phases     ] GC(35)   Other: 0.2ms
[2023-07-21T16:00:20.610+0700][gc,heap       ] GC(35) Eden regions: 799->0(799)
[2023-07-21T16:00:20.610+0700][gc,heap       ] GC(35) Survivor regions: 17->17(102)
[2023-07-21T16:00:20.610+0700][gc,heap       ] GC(35) Old regions: 87->87
[2023-07-21T16:00:20.610+0700][gc,heap       ] GC(35) Humongous regions: 4->4
[2023-07-21T16:00:20.610+0700][gc,metaspace  ] GC(35) Metaspace: 63984K(66824K)->63984K(66824K) NonClass: 56325K(58060K)->56325K(58060K) Class: 7658K(8764K)->7658K(8764K)
[2023-07-21T16:00:20.610+0700][gc            ] GC(35) Pause Young (Normal) (G1 Evacuation Pause) 905M->106M(1632M) 9.537ms
[2023-07-21T16:00:20.610+0700][gc,cpu        ] GC(35) User=0.06s Sys=0.00s Real=0.01s
[2023-07-21T16:00:21.973+0700][gc,start      ] GC(36) Pause Young (Normal) (G1 Evacuation Pause)
[2023-07-21T16:00:21.973+0700][gc,task       ] GC(36) Using 8 workers of 8 for evacuation
[2023-07-21T16:00:21.981+0700][gc,phases     ] GC(36)   Pre Evacuate Collection Set: 0.0ms
[2023-07-21T16:00:21.981+0700][gc,phases     ] GC(36)   Evacuate Collection Set: 6.7ms
[2023-07-21T16:00:21.981+0700][gc,phases     ] GC(36)   Post Evacuate Collection Set: 0.9ms
[2023-07-21T16:00:21.981+0700][gc,phases     ] GC(36)   Other: 0.2ms
[2023-07-21T16:00:21.981+0700][gc,heap       ] GC(36) Eden regions: 799->0(799)
[2023-07-21T16:00:21.981+0700][gc,heap       ] GC(36) Survivor regions: 17->17(102)
[2023-07-21T16:00:21.981+0700][gc,heap       ] GC(36) Old regions: 87->87
[2023-07-21T16:00:21.981+0700][gc,heap       ] GC(36) Humongous regions: 4->4
[2023-07-21T16:00:21.981+0700][gc,metaspace  ] GC(36) Metaspace: 63986K(66824K)->63986K(66824K) NonClass: 56328K(58060K)->56328K(58060K) Class: 7658K(8764K)->7658K(8764K)
[2023-07-21T16:00:21.981+0700][gc            ] GC(36) Pause Young (Normal) (G1 Evacuation Pause) 905M->106M(1632M) 7.855ms
[2023-07-21T16:00:21.981+0700][gc,cpu        ] GC(36) User=0.04s Sys=0.02s Real=0.00s
[2023-07-21T16:00:23.383+0700][gc,start      ] GC(37) Pause Young (Normal) (G1 Evacuation Pause)
[2023-07-21T16:00:23.383+0700][gc,task       ] GC(37) Using 8 workers of 8 for evacuation
[2023-07-21T16:00:23.397+0700][gc,phases     ] GC(37)   Pre Evacuate Collection Set: 0.1ms
[2023-07-21T16:00:23.397+0700][gc,phases     ] GC(37)   Evacuate Collection Set: 12.5ms
[2023-07-21T16:00:23.397+0700][gc,phases     ] GC(37)   Post Evacuate Collection Set: 1.0ms
[2023-07-21T16:00:23.397+0700][gc,phases     ] GC(37)   Other: 0.2ms
[2023-07-21T16:00:23.397+0700][gc,heap       ] GC(37) Eden regions: 799->0(799)
[2023-07-21T16:00:23.397+0700][gc,heap       ] GC(37) Survivor regions: 17->17(102)
[2023-07-21T16:00:23.397+0700][gc,heap       ] GC(37) Old regions: 87->87
[2023-07-21T16:00:23.397+0700][gc,heap       ] GC(37) Humongous regions: 4->4
[2023-07-21T16:00:23.397+0700][gc,metaspace  ] GC(37) Metaspace: 63988K(66824K)->63988K(66824K) NonClass: 56329K(58060K)->56329K(58060K) Class: 7658K(8764K)->7658K(8764K)
[2023-07-21T16:00:23.397+0700][gc            ] GC(37) Pause Young (Normal) (G1 Evacuation Pause) 905M->106M(1632M) 13.734ms
[2023-07-21T16:00:23.397+0700][gc,cpu        ] GC(37) User=0.05s Sys=0.00s Real=0.02s
[2023-07-21T16:00:24.663+0700][gc,start      ] GC(38) Pause Young (Normal) (G1 Evacuation Pause)
[2023-07-21T16:00:24.663+0700][gc,task       ] GC(38) Using 8 workers of 8 for evacuation
[2023-07-21T16:00:24.671+0700][gc,phases     ] GC(38)   Pre Evacuate Collection Set: 0.1ms
[2023-07-21T16:00:24.671+0700][gc,phases     ] GC(38)   Evacuate Collection Set: 6.7ms
[2023-07-21T16:00:24.671+0700][gc,phases     ] GC(38)   Post Evacuate Collection Set: 1.0ms
[2023-07-21T16:00:24.671+0700][gc,phases     ] GC(38)   Other: 0.2ms
[2023-07-21T16:00:24.671+0700][gc,heap       ] GC(38) Eden regions: 799->0(800)
[2023-07-21T16:00:24.671+0700][gc,heap       ] GC(38) Survivor regions: 17->16(102)
[2023-07-21T16:00:24.671+0700][gc,heap       ] GC(38) Old regions: 87->87
[2023-07-21T16:00:24.671+0700][gc,heap       ] GC(38) Humongous regions: 4->4
[2023-07-21T16:00:24.671+0700][gc,metaspace  ] GC(38) Metaspace: 64010K(66824K)->64010K(66824K) NonClass: 56350K(58060K)->56350K(58060K) Class: 7659K(8764K)->7659K(8764K)
[2023-07-21T16:00:24.671+0700][gc            ] GC(38) Pause Young (Normal) (G1 Evacuation Pause) 905M->105M(1632M) 7.909ms
[2023-07-21T16:00:24.671+0700][gc,cpu        ] GC(38) User=0.04s Sys=0.02s Real=0.01s
[2023-07-21T16:00:26.095+0700][gc,start      ] GC(39) Pause Young (Normal) (G1 Evacuation Pause)
[2023-07-21T16:00:26.095+0700][gc,task       ] GC(39) Using 8 workers of 8 for evacuation
[2023-07-21T16:00:26.103+0700][gc,phases     ] GC(39)   Pre Evacuate Collection Set: 0.0ms
[2023-07-21T16:00:26.103+0700][gc,phases     ] GC(39)   Evacuate Collection Set: 6.9ms
[2023-07-21T16:00:26.103+0700][gc,phases     ] GC(39)   Post Evacuate Collection Set: 0.9ms
[2023-07-21T16:00:26.103+0700][gc,phases     ] GC(39)   Other: 0.2ms
[2023-07-21T16:00:26.103+0700][gc,heap       ] GC(39) Eden regions: 800->0(800)
[2023-07-21T16:00:26.103+0700][gc,heap       ] GC(39) Survivor regions: 16->16(102)
[2023-07-21T16:00:26.103+0700][gc,heap       ] GC(39) Old regions: 87->87
[2023-07-21T16:00:26.103+0700][gc,heap       ] GC(39) Humongous regions: 4->4
[2023-07-21T16:00:26.103+0700][gc,metaspace  ] GC(39) Metaspace: 64011K(66824K)->64011K(66824K) NonClass: 56352K(58060K)->56352K(58060K) Class: 7659K(8764K)->7659K(8764K)
[2023-07-21T16:00:26.103+0700][gc            ] GC(39) Pause Young (Normal) (G1 Evacuation Pause) 905M->105M(1632M) 8.051ms
[2023-07-21T16:00:26.103+0700][gc,cpu        ] GC(39) User=0.03s Sys=0.01s Real=0.00s
[2023-07-21T16:00:27.522+0700][gc,start      ] GC(40) Pause Young (Normal) (G1 Evacuation Pause)
[2023-07-21T16:00:27.522+0700][gc,task       ] GC(40) Using 8 workers of 8 for evacuation
[2023-07-21T16:00:27.534+0700][gc,phases     ] GC(40)   Pre Evacuate Collection Set: 0.1ms
[2023-07-21T16:00:27.535+0700][gc,phases     ] GC(40)   Evacuate Collection Set: 11.0ms
[2023-07-21T16:00:27.535+0700][gc,phases     ] GC(40)   Post Evacuate Collection Set: 1.0ms
[2023-07-21T16:00:27.535+0700][gc,phases     ] GC(40)   Other: 0.2ms
[2023-07-21T16:00:27.535+0700][gc,heap       ] GC(40) Eden regions: 800->0(803)
[2023-07-21T16:00:27.535+0700][gc,heap       ] GC(40) Survivor regions: 16->13(102)
[2023-07-21T16:00:27.535+0700][gc,heap       ] GC(40) Old regions: 87->92
[2023-07-21T16:00:27.535+0700][gc,heap       ] GC(40) Humongous regions: 4->4
[2023-07-21T16:00:27.535+0700][gc,metaspace  ] GC(40) Metaspace: 64011K(66824K)->64011K(66824K) NonClass: 56352K(58060K)->56352K(58060K) Class: 7659K(8764K)->7659K(8764K)
[2023-07-21T16:00:27.535+0700][gc            ] GC(40) Pause Young (Normal) (G1 Evacuation Pause) 905M->106M(1632M) 12.386ms
[2023-07-21T16:00:27.535+0700][gc,cpu        ] GC(40) User=0.08s Sys=0.00s Real=0.02s
[2023-07-21T16:00:29.076+0700][gc,start      ] GC(41) Pause Young (Normal) (G1 Evacuation Pause)
[2023-07-21T16:00:29.076+0700][gc,task       ] GC(41) Using 8 workers of 8 for evacuation
[2023-07-21T16:00:29.084+0700][gc,phases     ] GC(41)   Pre Evacuate Collection Set: 0.1ms
[2023-07-21T16:00:29.084+0700][gc,phases     ] GC(41)   Evacuate Collection Set: 6.7ms
[2023-07-21T16:00:29.084+0700][gc,phases     ] GC(41)   Post Evacuate Collection Set: 1.0ms
[2023-07-21T16:00:29.084+0700][gc,phases     ] GC(41)   Other: 0.2ms
[2023-07-21T16:00:29.084+0700][gc,heap       ] GC(41) Eden regions: 803->0(804)
[2023-07-21T16:00:29.084+0700][gc,heap       ] GC(41) Survivor regions: 13->12(102)
[2023-07-21T16:00:29.084+0700][gc,heap       ] GC(41) Old regions: 92->92
[2023-07-21T16:00:29.084+0700][gc,heap       ] GC(41) Humongous regions: 4->4
[2023-07-21T16:00:29.084+0700][gc,metaspace  ] GC(41) Metaspace: 64015K(66824K)->64015K(66824K) NonClass: 56356K(58060K)->56356K(58060K) Class: 7659K(8764K)->7659K(8764K)
[2023-07-21T16:00:29.084+0700][gc            ] GC(41) Pause Young (Normal) (G1 Evacuation Pause) 909M->106M(1632M) 7.981ms
[2023-07-21T16:00:29.084+0700][gc,cpu        ] GC(41) User=0.03s Sys=0.03s Real=0.01s
[2023-07-21T16:00:30.577+0700][gc,start      ] GC(42) Pause Young (Normal) (G1 Evacuation Pause)
[2023-07-21T16:00:30.577+0700][gc,task       ] GC(42) Using 8 workers of 8 for evacuation
[2023-07-21T16:00:30.588+0700][gc,phases     ] GC(42)   Pre Evacuate Collection Set: 0.1ms
[2023-07-21T16:00:30.588+0700][gc,phases     ] GC(42)   Evacuate Collection Set: 9.5ms
[2023-07-21T16:00:30.588+0700][gc,phases     ] GC(42)   Post Evacuate Collection Set: 1.1ms
[2023-07-21T16:00:30.588+0700][gc,phases     ] GC(42)   Other: 0.2ms
[2023-07-21T16:00:30.588+0700][gc,heap       ] GC(42) Eden regions: 804->0(804)
[2023-07-21T16:00:30.588+0700][gc,heap       ] GC(42) Survivor regions: 12->12(102)
[2023-07-21T16:00:30.588+0700][gc,heap       ] GC(42) Old regions: 92->93
[2023-07-21T16:00:30.588+0700][gc,heap       ] GC(42) Humongous regions: 4->4
[2023-07-21T16:00:30.588+0700][gc,metaspace  ] GC(42) Metaspace: 64035K(66824K)->64035K(66824K) NonClass: 56374K(58060K)->56374K(58060K) Class: 7661K(8764K)->7661K(8764K)
[2023-07-21T16:00:30.588+0700][gc            ] GC(42) Pause Young (Normal) (G1 Evacuation Pause) 910M->106M(1632M) 10.932ms
[2023-07-21T16:00:30.588+0700][gc,cpu        ] GC(42) User=0.08s Sys=0.00s Real=0.01s
[2023-07-21T16:00:32.136+0700][gc,start      ] GC(43) Pause Young (Normal) (G1 Evacuation Pause)
[2023-07-21T16:00:32.136+0700][gc,task       ] GC(43) Using 8 workers of 8 for evacuation
[2023-07-21T16:00:32.143+0700][gc,phases     ] GC(43)   Pre Evacuate Collection Set: 0.0ms
[2023-07-21T16:00:32.143+0700][gc,phases     ] GC(43)   Evacuate Collection Set: 6.0ms
[2023-07-21T16:00:32.143+0700][gc,phases     ] GC(43)   Post Evacuate Collection Set: 1.0ms
[2023-07-21T16:00:32.143+0700][gc,phases     ] GC(43)   Other: 0.2ms
[2023-07-21T16:00:32.143+0700][gc,heap       ] GC(43) Eden regions: 804->0(804)
[2023-07-21T16:00:32.143+0700][gc,heap       ] GC(43) Survivor regions: 12->12(102)
[2023-07-21T16:00:32.143+0700][gc,heap       ] GC(43) Old regions: 93->93
[2023-07-21T16:00:32.143+0700][gc,heap       ] GC(43) Humongous regions: 4->4
[2023-07-21T16:00:32.143+0700][gc,metaspace  ] GC(43) Metaspace: 64036K(66824K)->64036K(66824K) NonClass: 56375K(58060K)->56375K(58060K) Class: 7661K(8764K)->7661K(8764K)
[2023-07-21T16:00:32.143+0700][gc            ] GC(43) Pause Young (Normal) (G1 Evacuation Pause) 910M->106M(1632M) 7.325ms
[2023-07-21T16:00:32.143+0700][gc,cpu        ] GC(43) User=0.03s Sys=0.02s Real=0.01s
[2023-07-21T16:00:33.600+0700][gc,start      ] GC(44) Pause Young (Normal) (G1 Evacuation Pause)
[2023-07-21T16:00:33.600+0700][gc,task       ] GC(44) Using 8 workers of 8 for evacuation
[2023-07-21T16:00:33.607+0700][gc,phases     ] GC(44)   Pre Evacuate Collection Set: 0.0ms
[2023-07-21T16:00:33.607+0700][gc,phases     ] GC(44)   Evacuate Collection Set: 6.1ms
[2023-07-21T16:00:33.607+0700][gc,phases     ] GC(44)   Post Evacuate Collection Set: 0.9ms
[2023-07-21T16:00:33.607+0700][gc,phases     ] GC(44)   Other: 0.2ms
[2023-07-21T16:00:33.607+0700][gc,heap       ] GC(44) Eden regions: 804->0(814)
[2023-07-21T16:00:33.607+0700][gc,heap       ] GC(44) Survivor regions: 12->2(102)
[2023-07-21T16:00:33.607+0700][gc,heap       ] GC(44) Old regions: 93->103
[2023-07-21T16:00:33.607+0700][gc,heap       ] GC(44) Humongous regions: 4->4
[2023-07-21T16:00:33.607+0700][gc,metaspace  ] GC(44) Metaspace: 64036K(66824K)->64036K(66824K) NonClass: 56375K(58060K)->56375K(58060K) Class: 7661K(8764K)->7661K(8764K)
[2023-07-21T16:00:33.607+0700][gc            ] GC(44) Pause Young (Normal) (G1 Evacuation Pause) 910M->107M(1632M) 7.224ms
[2023-07-21T16:00:33.607+0700][gc,cpu        ] GC(44) User=0.05s Sys=0.00s Real=0.01s
[2023-07-21T16:00:33.721+0700][gc,start      ] GC(45) Pause Young (Concurrent Start) (Metadata GC Threshold)
[2023-07-21T16:00:33.722+0700][gc,task       ] GC(45) Using 8 workers of 8 for evacuation
[2023-07-21T16:00:33.727+0700][gc,phases     ] GC(45)   Pre Evacuate Collection Set: 0.4ms
[2023-07-21T16:00:33.727+0700][gc,phases     ] GC(45)   Evacuate Collection Set: 3.9ms
[2023-07-21T16:00:33.727+0700][gc,phases     ] GC(45)   Post Evacuate Collection Set: 0.7ms
[2023-07-21T16:00:33.727+0700][gc,phases     ] GC(45)   Other: 0.4ms
[2023-07-21T16:00:33.727+0700][gc,heap       ] GC(45) Eden regions: 50->0(815)
[2023-07-21T16:00:33.727+0700][gc,heap       ] GC(45) Survivor regions: 2->1(102)
[2023-07-21T16:00:33.727+0700][gc,heap       ] GC(45) Old regions: 103->103
[2023-07-21T16:00:33.727+0700][gc,heap       ] GC(45) Humongous regions: 4->4
[2023-07-21T16:00:33.727+0700][gc,metaspace  ] GC(45) Metaspace: 64558K(67208K)->64558K(67208K) NonClass: 56817K(58316K)->56817K(58316K) Class: 7740K(8892K)->7740K(8892K)
[2023-07-21T16:00:33.727+0700][gc            ] GC(45) Pause Young (Concurrent Start) (Metadata GC Threshold) 156M->106M(1632M) 5.436ms
[2023-07-21T16:00:33.727+0700][gc,cpu        ] GC(45) User=0.03s Sys=0.00s Real=0.01s
[2023-07-21T16:00:33.727+0700][gc            ] GC(46) Concurrent Cycle
[2023-07-21T16:00:33.727+0700][gc,marking    ] GC(46) Concurrent Clear Claimed Marks
[2023-07-21T16:00:33.727+0700][gc,marking    ] GC(46) Concurrent Clear Claimed Marks 0.166ms
[2023-07-21T16:00:33.727+0700][gc,marking    ] GC(46) Concurrent Scan Root Regions
[2023-07-21T16:00:33.729+0700][gc,marking    ] GC(46) Concurrent Scan Root Regions 1.437ms
[2023-07-21T16:00:33.729+0700][gc,marking    ] GC(46) Concurrent Mark (42.071s)
[2023-07-21T16:00:33.729+0700][gc,marking    ] GC(46) Concurrent Mark From Roots
[2023-07-21T16:00:33.729+0700][gc,task       ] GC(46) Using 2 workers of 2 for marking
[2023-07-21T16:00:33.773+0700][gc,marking    ] GC(46) Concurrent Mark From Roots 44.548ms
[2023-07-21T16:00:33.773+0700][gc,marking    ] GC(46) Concurrent Preclean
[2023-07-21T16:00:33.773+0700][gc,marking    ] GC(46) Concurrent Preclean 0.117ms
[2023-07-21T16:00:33.773+0700][gc,marking    ] GC(46) Concurrent Mark (42.071s, 42.116s) 44.742ms
[2023-07-21T16:00:33.774+0700][gc,start      ] GC(46) Pause Remark
[2023-07-21T16:00:33.788+0700][gc,stringtable] GC(46) Cleaned string and symbol table, strings: 25397 processed, 261 removed, symbols: 164054 processed, 35 removed
[2023-07-21T16:00:33.789+0700][gc            ] GC(46) Pause Remark 114M->110M(1632M) 15.029ms
[2023-07-21T16:00:33.789+0700][gc,cpu        ] GC(46) User=0.09s Sys=0.00s Real=0.01s
[2023-07-21T16:00:33.789+0700][gc,marking    ] GC(46) Concurrent Rebuild Remembered Sets
[2023-07-21T16:00:33.811+0700][gc,marking    ] GC(46) Concurrent Rebuild Remembered Sets 21.726ms
[2023-07-21T16:00:33.811+0700][gc,start      ] GC(46) Pause Cleanup
[2023-07-21T16:00:33.812+0700][gc            ] GC(46) Pause Cleanup 113M->113M(1632M) 0.314ms
[2023-07-21T16:00:33.812+0700][gc,cpu        ] GC(46) User=0.00s Sys=0.00s Real=0.00s
[2023-07-21T16:00:33.812+0700][gc,marking    ] GC(46) Concurrent Cleanup for Next Mark
[2023-07-21T16:00:33.813+0700][gc,marking    ] GC(46) Concurrent Cleanup for Next Mark 1.440ms
[2023-07-21T16:00:33.813+0700][gc            ] GC(46) Concurrent Cycle 86.116ms
[2023-07-21T16:18:50.965+0700][gc,start      ] GC(47) Pause Young (Normal) (G1 Evacuation Pause)
[2023-07-21T16:18:50.965+0700][gc,task       ] GC(47) Using 8 workers of 8 for evacuation
[2023-07-21T16:18:50.984+0700][gc,phases     ] GC(47)   Pre Evacuate Collection Set: 0.8ms
[2023-07-21T16:18:50.984+0700][gc,phases     ] GC(47)   Evacuate Collection Set: 14.9ms
[2023-07-21T16:18:50.984+0700][gc,phases     ] GC(47)   Post Evacuate Collection Set: 2.5ms
[2023-07-21T16:18:50.984+0700][gc,phases     ] GC(47)   Other: 0.5ms
[2023-07-21T16:18:50.984+0700][gc,heap       ] GC(47) Eden regions: 815->0(809)
[2023-07-21T16:18:50.984+0700][gc,heap       ] GC(47) Survivor regions: 1->7(102)
[2023-07-21T16:18:50.984+0700][gc,heap       ] GC(47) Old regions: 99->99
[2023-07-21T16:18:50.984+0700][gc,heap       ] GC(47) Humongous regions: 4->4
[2023-07-21T16:18:50.984+0700][gc,metaspace  ] GC(47) Metaspace: 68842K(72072K)->68842K(72072K) NonClass: 60691K(62668K)->60691K(62668K) Class: 8150K(9404K)->8150K(9404K)
[2023-07-21T16:18:50.984+0700][gc            ] GC(47) Pause Young (Normal) (G1 Evacuation Pause) 917M->108M(1632M) 18.671ms
[2023-07-21T16:18:50.984+0700][gc,cpu        ] GC(47) User=0.11s Sys=0.00s Real=0.02s
[2023-07-21T16:53:11.424+0700][gc,start      ] GC(48) Pause Young (Normal) (G1 Evacuation Pause)
[2023-07-21T16:53:11.424+0700][gc,task       ] GC(48) Using 8 workers of 8 for evacuation
[2023-07-21T16:53:11.444+0700][gc,phases     ] GC(48)   Pre Evacuate Collection Set: 1.1ms
[2023-07-21T16:53:11.444+0700][gc,phases     ] GC(48)   Evacuate Collection Set: 16.4ms
[2023-07-21T16:53:11.444+0700][gc,phases     ] GC(48)   Post Evacuate Collection Set: 2.5ms
[2023-07-21T16:53:11.444+0700][gc,phases     ] GC(48)   Other: 2.4ms
[2023-07-21T16:53:11.444+0700][gc,heap       ] GC(48) Eden regions: 809->0(805)
[2023-07-21T16:53:11.444+0700][gc,heap       ] GC(48) Survivor regions: 7->11(102)
[2023-07-21T16:53:11.444+0700][gc,heap       ] GC(48) Old regions: 99->100
[2023-07-21T16:53:11.444+0700][gc,heap       ] GC(48) Humongous regions: 4->4
[2023-07-21T16:53:11.444+0700][gc,metaspace  ] GC(48) Metaspace: 70444K(74120K)->70444K(74120K) NonClass: 62185K(64460K)->62185K(64460K) Class: 8259K(9660K)->8259K(9660K)
[2023-07-21T16:53:11.444+0700][gc            ] GC(48) Pause Young (Normal) (G1 Evacuation Pause) 917M->112M(1632M) 20.469ms
[2023-07-21T16:53:11.444+0700][gc,cpu        ] GC(48) User=0.14s Sys=0.00s Real=0.02s
[2023-07-21T17:15:32.050+0700][gc,start      ] GC(49) Pause Young (Normal) (G1 Evacuation Pause)
[2023-07-21T17:15:32.050+0700][gc,task       ] GC(49) Using 8 workers of 8 for evacuation
[2023-07-21T17:15:32.061+0700][gc,phases     ] GC(49)   Pre Evacuate Collection Set: 0.6ms
[2023-07-21T17:15:32.062+0700][gc,phases     ] GC(49)   Evacuate Collection Set: 8.1ms
[2023-07-21T17:15:32.062+0700][gc,phases     ] GC(49)   Post Evacuate Collection Set: 2.5ms
[2023-07-21T17:15:32.062+0700][gc,phases     ] GC(49)   Other: 0.5ms
[2023-07-21T17:15:32.062+0700][gc,heap       ] GC(49) Eden regions: 805->0(803)
[2023-07-21T17:15:32.062+0700][gc,heap       ] GC(49) Survivor regions: 11->13(102)
[2023-07-21T17:15:32.062+0700][gc,heap       ] GC(49) Old regions: 100->100
[2023-07-21T17:15:32.062+0700][gc,heap       ] GC(49) Humongous regions: 4->4
[2023-07-21T17:15:32.062+0700][gc,metaspace  ] GC(49) Metaspace: 72521K(76424K)->72521K(76424K) NonClass: 64040K(66508K)->64040K(66508K) Class: 8480K(9916K)->8480K(9916K)
[2023-07-21T17:15:32.062+0700][gc            ] GC(49) Pause Young (Normal) (G1 Evacuation Pause) 917M->114M(1632M) 12.534ms
[2023-07-21T17:15:32.062+0700][gc,cpu        ] GC(49) User=0.07s Sys=0.00s Real=0.02s
[2023-07-21T17:39:34.794+0700][gc,start      ] GC(50) Pause Young (Normal) (G1 Evacuation Pause)
[2023-07-21T17:39:34.794+0700][gc,task       ] GC(50) Using 8 workers of 8 for evacuation
[2023-07-21T17:39:34.804+0700][gc,phases     ] GC(50)   Pre Evacuate Collection Set: 0.3ms
[2023-07-21T17:39:34.804+0700][gc,phases     ] GC(50)   Evacuate Collection Set: 7.5ms
[2023-07-21T17:39:34.804+0700][gc,phases     ] GC(50)   Post Evacuate Collection Set: 2.0ms
[2023-07-21T17:39:34.804+0700][gc,phases     ] GC(50)   Other: 0.6ms
[2023-07-21T17:39:34.804+0700][gc,heap       ] GC(50) Eden regions: 803->0(803)
[2023-07-21T17:39:34.804+0700][gc,heap       ] GC(50) Survivor regions: 13->13(102)
[2023-07-21T17:39:34.804+0700][gc,heap       ] GC(50) Old regions: 100->100
[2023-07-21T17:39:34.804+0700][gc,heap       ] GC(50) Humongous regions: 4->4
[2023-07-21T17:39:34.804+0700][gc,metaspace  ] GC(50) Metaspace: 72586K(76424K)->72586K(76424K) NonClass: 64102K(66508K)->64102K(66508K) Class: 8484K(9916K)->8484K(9916K)
[2023-07-21T17:39:34.804+0700][gc            ] GC(50) Pause Young (Normal) (G1 Evacuation Pause) 917M->114M(1632M) 10.278ms
[2023-07-21T17:39:34.804+0700][gc,cpu        ] GC(50) User=0.07s Sys=0.00s Real=0.01s
[2023-07-21T18:03:04.292+0700][gc,start      ] GC(51) Pause Young (Normal) (G1 Evacuation Pause)
[2023-07-21T18:03:04.292+0700][gc,task       ] GC(51) Using 8 workers of 8 for evacuation
[2023-07-21T18:03:04.299+0700][gc,phases     ] GC(51)   Pre Evacuate Collection Set: 0.3ms
[2023-07-21T18:03:04.299+0700][gc,phases     ] GC(51)   Evacuate Collection Set: 4.3ms
[2023-07-21T18:03:04.299+0700][gc,phases     ] GC(51)   Post Evacuate Collection Set: 1.9ms
[2023-07-21T18:03:04.299+0700][gc,phases     ] GC(51)   Other: 0.3ms
[2023-07-21T18:03:04.299+0700][gc,heap       ] GC(51) Eden regions: 803->0(803)
[2023-07-21T18:03:04.299+0700][gc,heap       ] GC(51) Survivor regions: 13->13(102)
[2023-07-21T18:03:04.299+0700][gc,heap       ] GC(51) Old regions: 100->100
[2023-07-21T18:03:04.299+0700][gc,heap       ] GC(51) Humongous regions: 4->4
[2023-07-21T18:03:04.299+0700][gc,metaspace  ] GC(51) Metaspace: 72615K(76424K)->72615K(76424K) NonClass: 64131K(66508K)->64131K(66508K) Class: 8484K(9916K)->8484K(9916K)
[2023-07-21T18:03:04.299+0700][gc            ] GC(51) Pause Young (Normal) (G1 Evacuation Pause) 917M->114M(1632M) 6.898ms
[2023-07-21T18:03:04.299+0700][gc,cpu        ] GC(51) User=0.03s Sys=0.01s Real=0.01s
[2023-07-21T18:24:46.506+0700][gc,start      ] GC(52) Pause Young (Normal) (G1 Evacuation Pause)
[2023-07-21T18:24:46.506+0700][gc,task       ] GC(52) Using 8 workers of 8 for evacuation
[2023-07-21T18:24:46.513+0700][gc,phases     ] GC(52)   Pre Evacuate Collection Set: 0.5ms
[2023-07-21T18:24:46.513+0700][gc,phases     ] GC(52)   Evacuate Collection Set: 4.6ms
[2023-07-21T18:24:46.513+0700][gc,phases     ] GC(52)   Post Evacuate Collection Set: 2.1ms
[2023-07-21T18:24:46.513+0700][gc,phases     ] GC(52)   Other: 0.3ms
[2023-07-21T18:24:46.513+0700][gc,heap       ] GC(52) Eden regions: 803->0(803)
[2023-07-21T18:24:46.513+0700][gc,heap       ] GC(52) Survivor regions: 13->13(102)
[2023-07-21T18:24:46.513+0700][gc,heap       ] GC(52) Old regions: 100->100
[2023-07-21T18:24:46.513+0700][gc,heap       ] GC(52) Humongous regions: 4->4
[2023-07-21T18:24:46.513+0700][gc,metaspace  ] GC(52) Metaspace: 72787K(76808K)->72787K(76808K) NonClass: 64295K(66764K)->64295K(66764K) Class: 8491K(10044K)->8491K(10044K)
[2023-07-21T18:24:46.513+0700][gc            ] GC(52) Pause Young (Normal) (G1 Evacuation Pause) 917M->114M(1632M) 7.478ms
[2023-07-21T18:24:46.513+0700][gc,cpu        ] GC(52) User=0.03s Sys=0.02s Real=0.00s
[2023-07-21T18:49:28.478+0700][gc,start      ] GC(53) Pause Young (Normal) (G1 Evacuation Pause)
[2023-07-21T18:49:28.478+0700][gc,task       ] GC(53) Using 8 workers of 8 for evacuation
[2023-07-21T18:49:28.487+0700][gc,phases     ] GC(53)   Pre Evacuate Collection Set: 0.6ms
[2023-07-21T18:49:28.487+0700][gc,phases     ] GC(53)   Evacuate Collection Set: 6.3ms
[2023-07-21T18:49:28.487+0700][gc,phases     ] GC(53)   Post Evacuate Collection Set: 1.6ms
[2023-07-21T18:49:28.487+0700][gc,phases     ] GC(53)   Other: 0.4ms
[2023-07-21T18:49:28.487+0700][gc,heap       ] GC(53) Eden regions: 803->0(803)
[2023-07-21T18:49:28.487+0700][gc,heap       ] GC(53) Survivor regions: 13->13(102)
[2023-07-21T18:49:28.487+0700][gc,heap       ] GC(53) Old regions: 100->100
[2023-07-21T18:49:28.487+0700][gc,heap       ] GC(53) Humongous regions: 4->4
[2023-07-21T18:49:28.487+0700][gc,metaspace  ] GC(53) Metaspace: 72800K(76808K)->72800K(76808K) NonClass: 64308K(66764K)->64308K(66764K) Class: 8491K(10044K)->8491K(10044K)
[2023-07-21T18:49:28.487+0700][gc            ] GC(53) Pause Young (Normal) (G1 Evacuation Pause) 917M->114M(1632M) 8.777ms
[2023-07-21T18:49:28.487+0700][gc,cpu        ] GC(53) User=0.03s Sys=0.02s Real=0.00s
[2023-07-21T19:12:49.913+0700][gc,start      ] GC(54) Pause Young (Normal) (G1 Evacuation Pause)
[2023-07-21T19:12:49.913+0700][gc,task       ] GC(54) Using 8 workers of 8 for evacuation
[2023-07-21T19:12:49.919+0700][gc,phases     ] GC(54)   Pre Evacuate Collection Set: 0.2ms
[2023-07-21T19:12:49.919+0700][gc,phases     ] GC(54)   Evacuate Collection Set: 4.0ms
[2023-07-21T19:12:49.919+0700][gc,phases     ] GC(54)   Post Evacuate Collection Set: 1.9ms
[2023-07-21T19:12:49.919+0700][gc,phases     ] GC(54)   Other: 0.2ms
[2023-07-21T19:12:49.919+0700][gc,heap       ] GC(54) Eden regions: 803->0(803)
[2023-07-21T19:12:49.919+0700][gc,heap       ] GC(54) Survivor regions: 13->13(102)
[2023-07-21T19:12:49.919+0700][gc,heap       ] GC(54) Old regions: 100->100
[2023-07-21T19:12:49.919+0700][gc,heap       ] GC(54) Humongous regions: 4->4
[2023-07-21T19:12:49.919+0700][gc,metaspace  ] GC(54) Metaspace: 72809K(76808K)->72809K(76808K) NonClass: 64317K(66764K)->64317K(66764K) Class: 8491K(10044K)->8491K(10044K)
[2023-07-21T19:12:49.919+0700][gc            ] GC(54) Pause Young (Normal) (G1 Evacuation Pause) 917M->114M(1632M) 6.342ms
[2023-07-21T19:12:49.919+0700][gc,cpu        ] GC(54) User=0.02s Sys=0.01s Real=0.00s
[2023-07-21T19:36:05.115+0700][gc,start      ] GC(55) Pause Young (Normal) (G1 Evacuation Pause)
[2023-07-21T19:36:05.115+0700][gc,task       ] GC(55) Using 8 workers of 8 for evacuation
[2023-07-21T19:36:05.122+0700][gc,phases     ] GC(55)   Pre Evacuate Collection Set: 0.2ms
[2023-07-21T19:36:05.122+0700][gc,phases     ] GC(55)   Evacuate Collection Set: 5.3ms
[2023-07-21T19:36:05.122+0700][gc,phases     ] GC(55)   Post Evacuate Collection Set: 1.2ms
[2023-07-21T19:36:05.122+0700][gc,phases     ] GC(55)   Other: 0.4ms
[2023-07-21T19:36:05.122+0700][gc,heap       ] GC(55) Eden regions: 803->0(803)
[2023-07-21T19:36:05.122+0700][gc,heap       ] GC(55) Survivor regions: 13->13(102)
[2023-07-21T19:36:05.122+0700][gc,heap       ] GC(55) Old regions: 100->100
[2023-07-21T19:36:05.122+0700][gc,heap       ] GC(55) Humongous regions: 4->4
[2023-07-21T19:36:05.122+0700][gc,metaspace  ] GC(55) Metaspace: 72814K(76808K)->72814K(76808K) NonClass: 64322K(66764K)->64322K(66764K) Class: 8491K(10044K)->8491K(10044K)
[2023-07-21T19:36:05.122+0700][gc            ] GC(55) Pause Young (Normal) (G1 Evacuation Pause) 917M->114M(1632M) 7.095ms
[2023-07-21T19:36:05.122+0700][gc,cpu        ] GC(55) User=0.02s Sys=0.01s Real=0.00s
[2023-07-21T20:33:56.119+0700][gc,start      ] GC(56) Pause Young (Normal) (G1 Evacuation Pause)
[2023-07-21T20:33:56.119+0700][gc,task       ] GC(56) Using 8 workers of 8 for evacuation
[2023-07-21T20:33:56.169+0700][gc,phases     ] GC(56)   Pre Evacuate Collection Set: 8.4ms
[2023-07-21T20:33:56.169+0700][gc,phases     ] GC(56)   Evacuate Collection Set: 27.4ms
[2023-07-21T20:33:56.169+0700][gc,phases     ] GC(56)   Post Evacuate Collection Set: 13.8ms
[2023-07-21T20:33:56.169+0700][gc,phases     ] GC(56)   Other: 1.6ms
[2023-07-21T20:33:56.169+0700][gc,heap       ] GC(56) Eden regions: 803->0(800)
[2023-07-21T20:33:56.169+0700][gc,heap       ] GC(56) Survivor regions: 13->16(102)
[2023-07-21T20:33:56.169+0700][gc,heap       ] GC(56) Old regions: 100->100
[2023-07-21T20:33:56.169+0700][gc,heap       ] GC(56) Humongous regions: 4->4
[2023-07-21T20:33:56.169+0700][gc,metaspace  ] GC(56) Metaspace: 73442K(77704K)->73442K(77704K) NonClass: 64882K(67532K)->64882K(67532K) Class: 8559K(10172K)->8559K(10172K)
[2023-07-21T20:33:56.169+0700][gc            ] GC(56) Pause Young (Normal) (G1 Evacuation Pause) 917M->117M(1632M) 50.141ms
[2023-07-21T20:33:56.169+0700][gc,cpu        ] GC(56) User=0.27s Sys=0.00s Real=0.05s
[2023-07-21T20:47:06.059+0700][gc,start      ] GC(57) Pause Young (Normal) (G1 Evacuation Pause)
[2023-07-21T20:47:06.059+0700][gc,task       ] GC(57) Using 8 workers of 8 for evacuation
[2023-07-21T20:47:06.067+0700][gc,phases     ] GC(57)   Pre Evacuate Collection Set: 0.2ms
[2023-07-21T20:47:06.067+0700][gc,phases     ] GC(57)   Evacuate Collection Set: 6.3ms
[2023-07-21T20:47:06.067+0700][gc,phases     ] GC(57)   Post Evacuate Collection Set: 1.3ms
[2023-07-21T20:47:06.067+0700][gc,phases     ] GC(57)   Other: 0.3ms
[2023-07-21T20:47:06.067+0700][gc,heap       ] GC(57) Eden regions: 800->0(800)
[2023-07-21T20:47:06.067+0700][gc,heap       ] GC(57) Survivor regions: 16->16(102)
[2023-07-21T20:47:06.067+0700][gc,heap       ] GC(57) Old regions: 100->100
[2023-07-21T20:47:06.067+0700][gc,heap       ] GC(57) Humongous regions: 4->4
[2023-07-21T20:47:06.067+0700][gc,metaspace  ] GC(57) Metaspace: 73443K(77704K)->73443K(77704K) NonClass: 64883K(67532K)->64883K(67532K) Class: 8559K(10172K)->8559K(10172K)
[2023-07-21T20:47:06.067+0700][gc            ] GC(57) Pause Young (Normal) (G1 Evacuation Pause) 917M->117M(1632M) 8.094ms
[2023-07-21T20:47:06.067+0700][gc,cpu        ] GC(57) User=0.05s Sys=0.00s Real=0.01s
[2023-07-21T21:04:19.506+0700][gc,start      ] GC(58) Pause Young (Normal) (G1 Evacuation Pause)
[2023-07-21T21:04:19.506+0700][gc,task       ] GC(58) Using 8 workers of 8 for evacuation
[2023-07-21T21:04:19.514+0700][gc,phases     ] GC(58)   Pre Evacuate Collection Set: 1.1ms
[2023-07-21T21:04:19.514+0700][gc,phases     ] GC(58)   Evacuate Collection Set: 5.2ms
[2023-07-21T21:04:19.514+0700][gc,phases     ] GC(58)   Post Evacuate Collection Set: 2.2ms
[2023-07-21T21:04:19.514+0700][gc,phases     ] GC(58)   Other: 0.3ms
[2023-07-21T21:04:19.514+0700][gc,heap       ] GC(58) Eden regions: 800->0(802)
[2023-07-21T21:04:19.514+0700][gc,heap       ] GC(58) Survivor regions: 16->14(102)
[2023-07-21T21:04:19.514+0700][gc,heap       ] GC(58) Old regions: 100->100
[2023-07-21T21:04:19.514+0700][gc,heap       ] GC(58) Humongous regions: 4->4
[2023-07-21T21:04:19.514+0700][gc,metaspace  ] GC(58) Metaspace: 73541K(77704K)->73541K(77704K) NonClass: 64975K(67532K)->64975K(67532K) Class: 8565K(10172K)->8565K(10172K)
[2023-07-21T21:04:19.514+0700][gc            ] GC(58) Pause Young (Normal) (G1 Evacuation Pause) 917M->115M(1632M) 8.817ms
[2023-07-21T21:04:19.514+0700][gc,cpu        ] GC(58) User=0.05s Sys=0.00s Real=0.01s
[2023-07-21T21:27:00.675+0700][gc,start      ] GC(59) Pause Young (Normal) (G1 Evacuation Pause)
[2023-07-21T21:27:00.676+0700][gc,task       ] GC(59) Using 8 workers of 8 for evacuation
[2023-07-21T21:27:00.683+0700][gc,phases     ] GC(59)   Pre Evacuate Collection Set: 0.3ms
[2023-07-21T21:27:00.683+0700][gc,phases     ] GC(59)   Evacuate Collection Set: 5.1ms
[2023-07-21T21:27:00.683+0700][gc,phases     ] GC(59)   Post Evacuate Collection Set: 1.8ms
[2023-07-21T21:27:00.683+0700][gc,phases     ] GC(59)   Other: 0.3ms
[2023-07-21T21:27:00.683+0700][gc,heap       ] GC(59) Eden regions: 802->0(802)
[2023-07-21T21:27:00.683+0700][gc,heap       ] GC(59) Survivor regions: 14->14(102)
[2023-07-21T21:27:00.683+0700][gc,heap       ] GC(59) Old regions: 100->100
[2023-07-21T21:27:00.683+0700][gc,heap       ] GC(59) Humongous regions: 4->4
[2023-07-21T21:27:00.683+0700][gc,metaspace  ] GC(59) Metaspace: 73553K(77704K)->73553K(77704K) NonClass: 64988K(67532K)->64988K(67532K) Class: 8565K(10172K)->8565K(10172K)
[2023-07-21T21:27:00.683+0700][gc            ] GC(59) Pause Young (Normal) (G1 Evacuation Pause) 917M->115M(1632M) 7.515ms
[2023-07-21T21:27:00.683+0700][gc,cpu        ] GC(59) User=0.03s Sys=0.01s Real=0.00s
[2023-07-21T21:50:42.709+0700][gc,start      ] GC(60) Pause Young (Normal) (G1 Evacuation Pause)
[2023-07-21T21:50:42.709+0700][gc,task       ] GC(60) Using 8 workers of 8 for evacuation
[2023-07-21T21:50:42.723+0700][gc,phases     ] GC(60)   Pre Evacuate Collection Set: 1.8ms
[2023-07-21T21:50:42.723+0700][gc,phases     ] GC(60)   Evacuate Collection Set: 8.8ms
[2023-07-21T21:50:42.723+0700][gc,phases     ] GC(60)   Post Evacuate Collection Set: 3.0ms
[2023-07-21T21:50:42.723+0700][gc,phases     ] GC(60)   Other: 0.5ms
[2023-07-21T21:50:42.723+0700][gc,heap       ] GC(60) Eden regions: 802->0(802)
[2023-07-21T21:50:42.723+0700][gc,heap       ] GC(60) Survivor regions: 14->14(102)
[2023-07-21T21:50:42.723+0700][gc,heap       ] GC(60) Old regions: 100->100
[2023-07-21T21:50:42.723+0700][gc,heap       ] GC(60) Humongous regions: 4->4
[2023-07-21T21:50:42.723+0700][gc,metaspace  ] GC(60) Metaspace: 73558K(77704K)->73558K(77704K) NonClass: 64993K(67532K)->64993K(67532K) Class: 8565K(10172K)->8565K(10172K)
[2023-07-21T21:50:42.723+0700][gc            ] GC(60) Pause Young (Normal) (G1 Evacuation Pause) 917M->115M(1632M) 13.975ms
[2023-07-21T21:50:42.723+0700][gc,cpu        ] GC(60) User=0.07s Sys=0.00s Real=0.01s
[2023-07-21T22:15:33.866+0700][gc,start      ] GC(61) Pause Young (Normal) (G1 Evacuation Pause)
[2023-07-21T22:15:33.866+0700][gc,task       ] GC(61) Using 8 workers of 8 for evacuation
[2023-07-21T22:15:33.874+0700][gc,phases     ] GC(61)   Pre Evacuate Collection Set: 0.5ms
[2023-07-21T22:15:33.874+0700][gc,phases     ] GC(61)   Evacuate Collection Set: 5.2ms
[2023-07-21T22:15:33.874+0700][gc,phases     ] GC(61)   Post Evacuate Collection Set: 2.4ms
[2023-07-21T22:15:33.874+0700][gc,phases     ] GC(61)   Other: 0.3ms
[2023-07-21T22:15:33.874+0700][gc,heap       ] GC(61) Eden regions: 802->0(802)
[2023-07-21T22:15:33.874+0700][gc,heap       ] GC(61) Survivor regions: 14->14(102)
[2023-07-21T22:15:33.874+0700][gc,heap       ] GC(61) Old regions: 100->100
[2023-07-21T22:15:33.874+0700][gc,heap       ] GC(61) Humongous regions: 4->4
[2023-07-21T22:15:33.874+0700][gc,metaspace  ] GC(61) Metaspace: 73559K(77704K)->73559K(77704K) NonClass: 64993K(67532K)->64993K(67532K) Class: 8565K(10172K)->8565K(10172K)
[2023-07-21T22:15:33.874+0700][gc            ] GC(61) Pause Young (Normal) (G1 Evacuation Pause) 917M->116M(1632M) 8.396ms
[2023-07-21T22:15:33.874+0700][gc,cpu        ] GC(61) User=0.05s Sys=0.00s Real=0.01s
[2023-07-21T22:51:04.324+0700][gc,heap,exit  ] Heap
[2023-07-21T22:51:04.324+0700][gc,heap,exit  ]  garbage-first heap   total 1671168K, used 547854K [0x0000000740000000, 0x0000000800000000)
[2023-07-21T22:51:04.324+0700][gc,heap,exit  ]   region size 1024K, 435 young (445440K), 14 survivors (14336K)
[2023-07-21T22:51:04.324+0700][gc,heap,exit  ]  Metaspace       used 75186K, capacity 79454K, committed 79752K, reserved 1118208K
[2023-07-21T22:51:04.324+0700][gc,heap,exit  ]   class space    used 8744K, capacity 10370K, committed 10428K, reserved 1048576K
