[2023-07-21T15:30:32.445+0700][gc,heap] Heap region size: 1M
[2023-07-21T15:30:32.447+0700][gc     ] Using G1
[2023-07-21T15:30:32.447+0700][gc,heap,coops] Heap address: 0x0000000740000000, size: 3072 MB, Compressed Oops mode: Zero based, Oop shift amount: 3
[2023-07-21T15:30:32.447+0700][gc,cds       ] Mark closed archive regions in map: [0x00000007fff00000, 0x00000007fff6aff8]
[2023-07-21T15:30:32.447+0700][gc,cds       ] Mark open archive regions in map: [0x00000007ffe00000, 0x00000007ffe46ff8]
[2023-07-21T15:30:33.007+0700][gc,start     ] GC(0) Pause Young (Normal) (G1 Evacuation Pause)
[2023-07-21T15:30:33.007+0700][gc,task      ] GC(0) Using 2 workers of 8 for evacuation
[2023-07-21T15:30:33.018+0700][gc,phases    ] GC(0)   Pre Evacuate Collection Set: 0.0ms
[2023-07-21T15:30:33.018+0700][gc,phases    ] GC(0)   Evacuate Collection Set: 9.8ms
[2023-07-21T15:30:33.018+0700][gc,phases    ] GC(0)   Post Evacuate Collection Set: 0.9ms
[2023-07-21T15:30:33.018+0700][gc,phases    ] GC(0)   Other: 0.4ms
[2023-07-21T15:30:33.018+0700][gc,heap      ] GC(0) Eden regions: 61->0(53)
[2023-07-21T15:30:33.018+0700][gc,heap      ] GC(0) Survivor regions: 0->8(8)
[2023-07-21T15:30:33.018+0700][gc,heap      ] GC(0) Old regions: 2->13
[2023-07-21T15:30:33.018+0700][gc,heap      ] GC(0) Humongous regions: 4->4
[2023-07-21T15:30:33.018+0700][gc,metaspace ] GC(0) Metaspace: 6801K(7296K)->6801K(7296K) NonClass: 6030K(6400K)->6030K(6400K) Class: 771K(896K)->771K(896K)
[2023-07-21T15:30:33.018+0700][gc           ] GC(0) Pause Young (Normal) (G1 Evacuation Pause) 65M->23M(124M) 11.062ms
[2023-07-21T15:30:33.018+0700][gc,cpu       ] GC(0) User=0.06s Sys=0.00s Real=0.02s
[2023-07-21T15:30:33.246+0700][gc,start     ] GC(1) Pause Young (Normal) (G1 Evacuation Pause)
[2023-07-21T15:30:33.246+0700][gc,task      ] GC(1) Using 2 workers of 8 for evacuation
[2023-07-21T15:30:33.255+0700][gc,phases    ] GC(1)   Pre Evacuate Collection Set: 0.0ms
[2023-07-21T15:30:33.255+0700][gc,phases    ] GC(1)   Evacuate Collection Set: 8.6ms
[2023-07-21T15:30:33.255+0700][gc,phases    ] GC(1)   Post Evacuate Collection Set: 0.4ms
[2023-07-21T15:30:33.255+0700][gc,phases    ] GC(1)   Other: 0.2ms
[2023-07-21T15:30:33.255+0700][gc,heap      ] GC(1) Eden regions: 53->0(59)
[2023-07-21T15:30:33.255+0700][gc,heap      ] GC(1) Survivor regions: 8->2(8)
[2023-07-21T15:30:33.255+0700][gc,heap      ] GC(1) Old regions: 13->20
[2023-07-21T15:30:33.255+0700][gc,heap      ] GC(1) Humongous regions: 4->4
[2023-07-21T15:30:33.255+0700][gc,metaspace ] GC(1) Metaspace: 10567K(11264K)->10567K(11264K) NonClass: 9281K(9728K)->9281K(9728K) Class: 1285K(1536K)->1285K(1536K)
[2023-07-21T15:30:33.255+0700][gc           ] GC(1) Pause Young (Normal) (G1 Evacuation Pause) 76M->23M(124M) 9.261ms
[2023-07-21T15:30:33.255+0700][gc,cpu       ] GC(1) User=0.02s Sys=0.01s Real=0.01s
[2023-07-21T15:30:33.525+0700][gc,start     ] GC(2) Pause Young (Normal) (G1 Evacuation Pause)
[2023-07-21T15:30:33.525+0700][gc,task      ] GC(2) Using 2 workers of 8 for evacuation
[2023-07-21T15:30:33.536+0700][gc,phases    ] GC(2)   Pre Evacuate Collection Set: 0.0ms
[2023-07-21T15:30:33.536+0700][gc,phases    ] GC(2)   Evacuate Collection Set: 10.4ms
[2023-07-21T15:30:33.536+0700][gc,phases    ] GC(2)   Post Evacuate Collection Set: 0.4ms
[2023-07-21T15:30:33.536+0700][gc,phases    ] GC(2)   Other: 0.1ms
[2023-07-21T15:30:33.536+0700][gc,heap      ] GC(2) Eden regions: 59->0(53)
[2023-07-21T15:30:33.536+0700][gc,heap      ] GC(2) Survivor regions: 2->8(8)
[2023-07-21T15:30:33.536+0700][gc,heap      ] GC(2) Old regions: 20->22
[2023-07-21T15:30:33.536+0700][gc,heap      ] GC(2) Humongous regions: 4->4
[2023-07-21T15:30:33.536+0700][gc,metaspace ] GC(2) Metaspace: 12272K(12928K)->12272K(12928K) NonClass: 10786K(11264K)->10786K(11264K) Class: 1485K(1664K)->1485K(1664K)
[2023-07-21T15:30:33.536+0700][gc           ] GC(2) Pause Young (Normal) (G1 Evacuation Pause) 82M->32M(124M) 11.039ms
[2023-07-21T15:30:33.536+0700][gc,cpu       ] GC(2) User=0.03s Sys=0.00s Real=0.01s
[2023-07-21T15:30:33.636+0700][gc,start     ] GC(3) Pause Young (Normal) (G1 Evacuation Pause)
[2023-07-21T15:30:33.636+0700][gc,task      ] GC(3) Using 2 workers of 8 for evacuation
[2023-07-21T15:30:33.651+0700][gc,phases    ] GC(3)   Pre Evacuate Collection Set: 0.0ms
[2023-07-21T15:30:33.651+0700][gc,phases    ] GC(3)   Evacuate Collection Set: 14.8ms
[2023-07-21T15:30:33.651+0700][gc,phases    ] GC(3)   Post Evacuate Collection Set: 0.3ms
[2023-07-21T15:30:33.651+0700][gc,phases    ] GC(3)   Other: 0.1ms
[2023-07-21T15:30:33.651+0700][gc,heap      ] GC(3) Eden regions: 53->0(53)
[2023-07-21T15:30:33.651+0700][gc,heap      ] GC(3) Survivor regions: 8->8(8)
[2023-07-21T15:30:33.651+0700][gc,heap      ] GC(3) Old regions: 22->35
[2023-07-21T15:30:33.651+0700][gc,heap      ] GC(3) Humongous regions: 7->6
[2023-07-21T15:30:33.651+0700][gc,metaspace ] GC(3) Metaspace: 12315K(12928K)->12315K(12928K) NonClass: 10829K(11264K)->10829K(11264K) Class: 1485K(1664K)->1485K(1664K)
[2023-07-21T15:30:33.651+0700][gc           ] GC(3) Pause Young (Normal) (G1 Evacuation Pause) 88M->47M(124M) 15.301ms
[2023-07-21T15:30:33.651+0700][gc,cpu       ] GC(3) User=0.01s Sys=0.02s Real=0.02s
[2023-07-21T15:30:33.834+0700][gc,start     ] GC(4) Pause Young (Normal) (G1 Evacuation Pause)
[2023-07-21T15:30:33.834+0700][gc,task      ] GC(4) Using 2 workers of 8 for evacuation
[2023-07-21T15:30:33.860+0700][gc,phases    ] GC(4)   Pre Evacuate Collection Set: 0.0ms
[2023-07-21T15:30:33.860+0700][gc,phases    ] GC(4)   Evacuate Collection Set: 24.8ms
[2023-07-21T15:30:33.860+0700][gc,phases    ] GC(4)   Post Evacuate Collection Set: 0.6ms
[2023-07-21T15:30:33.860+0700][gc,phases    ] GC(4)   Other: 0.1ms
[2023-07-21T15:30:33.860+0700][gc,heap      ] GC(4) Eden regions: 53->0(85)
[2023-07-21T15:30:33.860+0700][gc,heap      ] GC(4) Survivor regions: 8->8(8)
[2023-07-21T15:30:33.860+0700][gc,heap      ] GC(4) Old regions: 35->52
[2023-07-21T15:30:33.860+0700][gc,heap      ] GC(4) Humongous regions: 8->4
[2023-07-21T15:30:33.860+0700][gc,metaspace ] GC(4) Metaspace: 12443K(13184K)->12443K(13184K) NonClass: 10954K(11520K)->10954K(11520K) Class: 1488K(1664K)->1488K(1664K)
[2023-07-21T15:30:33.860+0700][gc           ] GC(4) Pause Young (Normal) (G1 Evacuation Pause) 102M->62M(186M) 25.568ms
[2023-07-21T15:30:33.860+0700][gc,cpu       ] GC(4) User=0.07s Sys=0.02s Real=0.03s
[2023-07-21T15:30:34.061+0700][gc,start     ] GC(5) Pause Young (Normal) (G1 Evacuation Pause)
[2023-07-21T15:30:34.062+0700][gc,task      ] GC(5) Using 4 workers of 8 for evacuation
[2023-07-21T15:30:34.109+0700][gc,phases    ] GC(5)   Pre Evacuate Collection Set: 0.0ms
[2023-07-21T15:30:34.109+0700][gc,phases    ] GC(5)   Evacuate Collection Set: 45.9ms
[2023-07-21T15:30:34.109+0700][gc,phases    ] GC(5)   Post Evacuate Collection Set: 0.6ms
[2023-07-21T15:30:34.109+0700][gc,phases    ] GC(5)   Other: 1.7ms
[2023-07-21T15:30:34.109+0700][gc,heap      ] GC(5) Eden regions: 85->0(81)
[2023-07-21T15:30:34.109+0700][gc,heap      ] GC(5) Survivor regions: 8->12(12)
[2023-07-21T15:30:34.109+0700][gc,heap      ] GC(5) Old regions: 52->76
[2023-07-21T15:30:34.109+0700][gc,heap      ] GC(5) Humongous regions: 6->6
[2023-07-21T15:30:34.109+0700][gc,metaspace ] GC(5) Metaspace: 12774K(13568K)->12774K(13568K) NonClass: 11258K(11776K)->11258K(11776K) Class: 1515K(1792K)->1515K(1792K)
[2023-07-21T15:30:34.109+0700][gc           ] GC(5) Pause Young (Normal) (G1 Evacuation Pause) 149M->92M(187M) 48.311ms
[2023-07-21T15:30:34.109+0700][gc,cpu       ] GC(5) User=0.25s Sys=0.00s Real=0.05s
[2023-07-21T15:30:34.174+0700][gc,start     ] GC(6) Pause Young (Normal) (GCLocker Initiated GC)
[2023-07-21T15:30:34.174+0700][gc,task      ] GC(6) Using 4 workers of 8 for evacuation
[2023-07-21T15:30:34.184+0700][gc,phases    ] GC(6)   Pre Evacuate Collection Set: 0.0ms
[2023-07-21T15:30:34.184+0700][gc,phases    ] GC(6)   Evacuate Collection Set: 9.2ms
[2023-07-21T15:30:34.184+0700][gc,phases    ] GC(6)   Post Evacuate Collection Set: 0.3ms
[2023-07-21T15:30:34.184+0700][gc,phases    ] GC(6)   Other: 0.1ms
[2023-07-21T15:30:34.184+0700][gc,heap      ] GC(6) Eden regions: 82->0(92)
[2023-07-21T15:30:34.184+0700][gc,heap      ] GC(6) Survivor regions: 12->5(12)
[2023-07-21T15:30:34.184+0700][gc,heap      ] GC(6) Old regions: 76->89
[2023-07-21T15:30:34.184+0700][gc,heap      ] GC(6) Humongous regions: 6->6
[2023-07-21T15:30:34.184+0700][gc,metaspace ] GC(6) Metaspace: 12801K(13568K)->12801K(13568K) NonClass: 11284K(11776K)->11284K(11776K) Class: 1517K(1792K)->1517K(1792K)
[2023-07-21T15:30:34.184+0700][gc           ] GC(6) Pause Young (Normal) (GCLocker Initiated GC) 174M->98M(194M) 9.666ms
[2023-07-21T15:30:34.184+0700][gc,cpu       ] GC(6) User=0.04s Sys=0.00s Real=0.01s
[2023-07-21T15:30:34.224+0700][gc,start     ] GC(7) Pause Young (Concurrent Start) (G1 Evacuation Pause)
[2023-07-21T15:30:34.224+0700][gc,task      ] GC(7) Using 4 workers of 8 for evacuation
[2023-07-21T15:30:34.229+0700][gc,phases    ] GC(7)   Pre Evacuate Collection Set: 0.1ms
[2023-07-21T15:30:34.229+0700][gc,phases    ] GC(7)   Evacuate Collection Set: 4.8ms
[2023-07-21T15:30:34.229+0700][gc,phases    ] GC(7)   Post Evacuate Collection Set: 0.3ms
[2023-07-21T15:30:34.230+0700][gc,phases    ] GC(7)   Other: 0.2ms
[2023-07-21T15:30:34.230+0700][gc,heap      ] GC(7) Eden regions: 92->0(92)
[2023-07-21T15:30:34.230+0700][gc,heap      ] GC(7) Survivor regions: 5->7(13)
[2023-07-21T15:30:34.230+0700][gc,heap      ] GC(7) Old regions: 89->89
[2023-07-21T15:30:34.230+0700][gc,heap      ] GC(7) Humongous regions: 6->6
[2023-07-21T15:30:34.230+0700][gc,metaspace ] GC(7) Metaspace: 12820K(13568K)->12820K(13568K) NonClass: 11302K(11776K)->11302K(11776K) Class: 1517K(1792K)->1517K(1792K)
[2023-07-21T15:30:34.230+0700][gc           ] GC(7) Pause Young (Concurrent Start) (G1 Evacuation Pause) 190M->100M(199M) 5.414ms
[2023-07-21T15:30:34.230+0700][gc,cpu       ] GC(7) User=0.02s Sys=0.02s Real=0.01s
[2023-07-21T15:30:34.230+0700][gc           ] GC(8) Concurrent Cycle
[2023-07-21T15:30:34.230+0700][gc,marking   ] GC(8) Concurrent Clear Claimed Marks
[2023-07-21T15:30:34.230+0700][gc,marking   ] GC(8) Concurrent Clear Claimed Marks 0.059ms
[2023-07-21T15:30:34.230+0700][gc,marking   ] GC(8) Concurrent Scan Root Regions
[2023-07-21T15:30:34.237+0700][gc,marking   ] GC(8) Concurrent Scan Root Regions 6.847ms
[2023-07-21T15:30:34.237+0700][gc,marking   ] GC(8) Concurrent Mark (1.793s)
[2023-07-21T15:30:34.237+0700][gc,marking   ] GC(8) Concurrent Mark From Roots
[2023-07-21T15:30:34.237+0700][gc,task      ] GC(8) Using 2 workers of 2 for marking
[2023-07-21T15:30:34.289+0700][gc,start     ] GC(9) Pause Young (Normal) (G1 Evacuation Pause)
[2023-07-21T15:30:34.289+0700][gc,task      ] GC(9) Using 4 workers of 8 for evacuation
[2023-07-21T15:30:34.298+0700][gc,phases    ] GC(9)   Pre Evacuate Collection Set: 0.0ms
[2023-07-21T15:30:34.298+0700][gc,phases    ] GC(9)   Evacuate Collection Set: 6.6ms
[2023-07-21T15:30:34.298+0700][gc,phases    ] GC(9)   Post Evacuate Collection Set: 2.2ms
[2023-07-21T15:30:34.298+0700][gc,phases    ] GC(9)   Other: 0.2ms
[2023-07-21T15:30:34.298+0700][gc,heap      ] GC(9) Eden regions: 92->0(199)
[2023-07-21T15:30:34.298+0700][gc,heap      ] GC(9) Survivor regions: 7->10(13)
[2023-07-21T15:30:34.298+0700][gc,heap      ] GC(9) Old regions: 89->94
[2023-07-21T15:30:34.298+0700][gc,heap      ] GC(9) Humongous regions: 6->6
[2023-07-21T15:30:34.298+0700][gc,metaspace ] GC(9) Metaspace: 12837K(13568K)->12837K(13568K) NonClass: 11318K(11776K)->11318K(11776K) Class: 1518K(1792K)->1518K(1792K)
[2023-07-21T15:30:34.298+0700][gc           ] GC(9) Pause Young (Normal) (G1 Evacuation Pause) 192M->107M(418M) 9.031ms
[2023-07-21T15:30:34.298+0700][gc,cpu       ] GC(9) User=0.02s Sys=0.01s Real=0.01s
[2023-07-21T15:30:34.382+0700][gc,marking   ] GC(8) Concurrent Mark From Roots 145.777ms
[2023-07-21T15:30:34.382+0700][gc,marking   ] GC(8) Concurrent Preclean
[2023-07-21T15:30:34.383+0700][gc,marking   ] GC(8) Concurrent Preclean 0.206ms
[2023-07-21T15:30:34.383+0700][gc,marking   ] GC(8) Concurrent Mark (1.793s, 1.939s) 146.099ms
[2023-07-21T15:30:34.383+0700][gc,start     ] GC(8) Pause Remark
[2023-07-21T15:30:34.389+0700][gc,stringtable] GC(8) Cleaned string and symbol table, strings: 6975 processed, 34 removed, symbols: 36174 processed, 33 removed
[2023-07-21T15:30:34.390+0700][gc            ] GC(8) Pause Remark 251M->250M(418M) 6.225ms
[2023-07-21T15:30:34.390+0700][gc,cpu        ] GC(8) User=0.03s Sys=0.00s Real=0.01s
[2023-07-21T15:30:34.390+0700][gc,marking    ] GC(8) Concurrent Rebuild Remembered Sets
[2023-07-21T15:30:34.418+0700][gc,start      ] GC(10) Pause Young (Normal) (G1 Evacuation Pause)
[2023-07-21T15:30:34.418+0700][gc,task       ] GC(10) Using 8 workers of 8 for evacuation
[2023-07-21T15:30:34.428+0700][gc,phases     ] GC(10)   Pre Evacuate Collection Set: 0.0ms
[2023-07-21T15:30:34.428+0700][gc,phases     ] GC(10)   Evacuate Collection Set: 8.7ms
[2023-07-21T15:30:34.428+0700][gc,phases     ] GC(10)   Post Evacuate Collection Set: 0.4ms
[2023-07-21T15:30:34.428+0700][gc,phases     ] GC(10)   Other: 0.6ms
[2023-07-21T15:30:34.428+0700][gc,heap       ] GC(10) Eden regions: 199->0(192)
[2023-07-21T15:30:34.428+0700][gc,heap       ] GC(10) Survivor regions: 10->17(27)
[2023-07-21T15:30:34.428+0700][gc,heap       ] GC(10) Old regions: 94->94
[2023-07-21T15:30:34.428+0700][gc,heap       ] GC(10) Humongous regions: 5->5
[2023-07-21T15:30:34.428+0700][gc,metaspace  ] GC(10) Metaspace: 12853K(13568K)->12853K(13568K) NonClass: 11334K(11776K)->11334K(11776K) Class: 1518K(1792K)->1518K(1792K)
[2023-07-21T15:30:34.428+0700][gc            ] GC(10) Pause Young (Normal) (G1 Evacuation Pause) 305M->113M(418M) 9.678ms
[2023-07-21T15:30:34.428+0700][gc,cpu        ] GC(10) User=0.05s Sys=0.01s Real=0.01s
[2023-07-21T15:30:34.457+0700][gc,marking    ] GC(8) Concurrent Rebuild Remembered Sets 67.260ms
[2023-07-21T15:30:34.457+0700][gc,start      ] GC(8) Pause Cleanup
[2023-07-21T15:30:34.457+0700][gc            ] GC(8) Pause Cleanup 227M->227M(418M) 0.198ms
[2023-07-21T15:30:34.457+0700][gc,cpu        ] GC(8) User=0.00s Sys=0.00s Real=0.00s
[2023-07-21T15:30:34.457+0700][gc,marking    ] GC(8) Concurrent Cleanup for Next Mark
[2023-07-21T15:30:34.459+0700][gc,marking    ] GC(8) Concurrent Cleanup for Next Mark 1.523ms
[2023-07-21T15:30:34.459+0700][gc            ] GC(8) Concurrent Cycle 229.303ms
[2023-07-21T15:30:34.478+0700][gc,start      ] GC(11) Pause Young (Normal) (GCLocker Initiated GC)
[2023-07-21T15:30:34.478+0700][gc,task       ] GC(11) Using 8 workers of 8 for evacuation
[2023-07-21T15:30:34.485+0700][gc,phases     ] GC(11)   Pre Evacuate Collection Set: 0.0ms
[2023-07-21T15:30:34.486+0700][gc,phases     ] GC(11)   Evacuate Collection Set: 7.3ms
[2023-07-21T15:30:34.486+0700][gc,phases     ] GC(11)   Post Evacuate Collection Set: 0.4ms
[2023-07-21T15:30:34.486+0700][gc,phases     ] GC(11)   Other: 0.2ms
[2023-07-21T15:30:34.486+0700][gc,heap       ] GC(11) Eden regions: 193->0(188)
[2023-07-21T15:30:34.486+0700][gc,heap       ] GC(11) Survivor regions: 17->21(27)
[2023-07-21T15:30:34.486+0700][gc,heap       ] GC(11) Old regions: 94->97
[2023-07-21T15:30:34.486+0700][gc,heap       ] GC(11) Humongous regions: 5->5
[2023-07-21T15:30:34.486+0700][gc,metaspace  ] GC(11) Metaspace: 12853K(13568K)->12853K(13568K) NonClass: 11334K(11776K)->11334K(11776K) Class: 1518K(1792K)->1518K(1792K)
[2023-07-21T15:30:34.486+0700][gc            ] GC(11) Pause Young (Normal) (GCLocker Initiated GC) 305M->120M(418M) 8.006ms
[2023-07-21T15:30:34.486+0700][gc,cpu        ] GC(11) User=0.05s Sys=0.01s Real=0.00s
[2023-07-21T15:30:34.544+0700][gc,start      ] GC(12) Pause Young (Normal) (GCLocker Initiated GC)
[2023-07-21T15:30:34.544+0700][gc,task       ] GC(12) Using 8 workers of 8 for evacuation
[2023-07-21T15:30:34.553+0700][gc,phases     ] GC(12)   Pre Evacuate Collection Set: 0.0ms
[2023-07-21T15:30:34.553+0700][gc,phases     ] GC(12)   Evacuate Collection Set: 8.6ms
[2023-07-21T15:30:34.553+0700][gc,phases     ] GC(12)   Post Evacuate Collection Set: 0.4ms
[2023-07-21T15:30:34.553+0700][gc,phases     ] GC(12)   Other: 0.1ms
[2023-07-21T15:30:34.553+0700][gc,heap       ] GC(12) Eden regions: 188->0(194)
[2023-07-21T15:30:34.553+0700][gc,heap       ] GC(12) Survivor regions: 21->15(27)
[2023-07-21T15:30:34.553+0700][gc,heap       ] GC(12) Old regions: 97->109
[2023-07-21T15:30:34.553+0700][gc,heap       ] GC(12) Humongous regions: 5->5
[2023-07-21T15:30:34.553+0700][gc,metaspace  ] GC(12) Metaspace: 12853K(13568K)->12853K(13568K) NonClass: 11334K(11776K)->11334K(11776K) Class: 1518K(1792K)->1518K(1792K)
[2023-07-21T15:30:34.553+0700][gc            ] GC(12) Pause Young (Normal) (GCLocker Initiated GC) 308M->127M(418M) 9.161ms
[2023-07-21T15:30:34.553+0700][gc,cpu        ] GC(12) User=0.07s Sys=0.00s Real=0.01s
[2023-07-21T15:30:34.608+0700][gc,start      ] GC(13) Pause Young (Normal) (G1 Evacuation Pause)
[2023-07-21T15:30:34.608+0700][gc,task       ] GC(13) Using 8 workers of 8 for evacuation
[2023-07-21T15:30:34.619+0700][gc,phases     ] GC(13)   Pre Evacuate Collection Set: 0.0ms
[2023-07-21T15:30:34.619+0700][gc,phases     ] GC(13)   Evacuate Collection Set: 9.5ms
[2023-07-21T15:30:34.619+0700][gc,phases     ] GC(13)   Post Evacuate Collection Set: 1.4ms
[2023-07-21T15:30:34.619+0700][gc,phases     ] GC(13)   Other: 0.2ms
[2023-07-21T15:30:34.619+0700][gc,heap       ] GC(13) Eden regions: 194->0(283)
[2023-07-21T15:30:34.619+0700][gc,heap       ] GC(13) Survivor regions: 15->16(27)
[2023-07-21T15:30:34.619+0700][gc,heap       ] GC(13) Old regions: 109->117
[2023-07-21T15:30:34.619+0700][gc,heap       ] GC(13) Humongous regions: 5->5
[2023-07-21T15:30:34.619+0700][gc,metaspace  ] GC(13) Metaspace: 12853K(13568K)->12853K(13568K) NonClass: 11334K(11776K)->11334K(11776K) Class: 1518K(1792K)->1518K(1792K)
[2023-07-21T15:30:34.619+0700][gc            ] GC(13) Pause Young (Normal) (G1 Evacuation Pause) 321M->135M(599M) 11.068ms
[2023-07-21T15:30:34.619+0700][gc,cpu        ] GC(13) User=0.07s Sys=0.00s Real=0.01s
[2023-07-21T15:30:34.720+0700][gc,start      ] GC(14) Pause Young (Normal) (GCLocker Initiated GC)
[2023-07-21T15:30:34.720+0700][gc,task       ] GC(14) Using 8 workers of 8 for evacuation
[2023-07-21T15:30:34.732+0700][gc,phases     ] GC(14)   Pre Evacuate Collection Set: 0.0ms
[2023-07-21T15:30:34.732+0700][gc,phases     ] GC(14)   Evacuate Collection Set: 11.8ms
[2023-07-21T15:30:34.732+0700][gc,phases     ] GC(14)   Post Evacuate Collection Set: 0.4ms
[2023-07-21T15:30:34.732+0700][gc,phases     ] GC(14)   Other: 0.2ms
[2023-07-21T15:30:34.732+0700][gc,heap       ] GC(14) Eden regions: 284->0(270)
[2023-07-21T15:30:34.732+0700][gc,heap       ] GC(14) Survivor regions: 16->29(38)
[2023-07-21T15:30:34.732+0700][gc,heap       ] GC(14) Old regions: 117->117
[2023-07-21T15:30:34.732+0700][gc,heap       ] GC(14) Humongous regions: 6->6
[2023-07-21T15:30:34.732+0700][gc,metaspace  ] GC(14) Metaspace: 12853K(13568K)->12853K(13568K) NonClass: 11334K(11776K)->11334K(11776K) Class: 1518K(1792K)->1518K(1792K)
[2023-07-21T15:30:34.732+0700][gc            ] GC(14) Pause Young (Normal) (GCLocker Initiated GC) 420M->149M(599M) 12.464ms
[2023-07-21T15:30:34.733+0700][gc,cpu        ] GC(14) User=0.08s Sys=0.01s Real=0.01s
[2023-07-21T15:30:34.798+0700][gc,start      ] GC(15) Pause Young (Normal) (G1 Evacuation Pause)
[2023-07-21T15:30:34.798+0700][gc,task       ] GC(15) Using 8 workers of 8 for evacuation
[2023-07-21T15:30:34.814+0700][gc,phases     ] GC(15)   Pre Evacuate Collection Set: 0.0ms
[2023-07-21T15:30:34.814+0700][gc,phases     ] GC(15)   Evacuate Collection Set: 15.2ms
[2023-07-21T15:30:34.814+0700][gc,phases     ] GC(15)   Post Evacuate Collection Set: 0.5ms
[2023-07-21T15:30:34.814+0700][gc,phases     ] GC(15)   Other: 0.2ms
[2023-07-21T15:30:34.814+0700][gc,heap       ] GC(15) Eden regions: 270->0(269)
[2023-07-21T15:30:34.814+0700][gc,heap       ] GC(15) Survivor regions: 29->30(38)
[2023-07-21T15:30:34.814+0700][gc,heap       ] GC(15) Old regions: 117->131
[2023-07-21T15:30:34.814+0700][gc,heap       ] GC(15) Humongous regions: 6->6
[2023-07-21T15:30:34.814+0700][gc,metaspace  ] GC(15) Metaspace: 12853K(13568K)->12853K(13568K) NonClass: 11334K(11776K)->11334K(11776K) Class: 1518K(1792K)->1518K(1792K)
[2023-07-21T15:30:34.814+0700][gc            ] GC(15) Pause Young (Normal) (G1 Evacuation Pause) 419M->164M(599M) 15.955ms
[2023-07-21T15:30:34.814+0700][gc,cpu        ] GC(15) User=0.10s Sys=0.01s Real=0.01s
[2023-07-21T15:30:34.880+0700][gc,start      ] GC(16) Pause Young (Normal) (GCLocker Initiated GC)
[2023-07-21T15:30:34.880+0700][gc,task       ] GC(16) Using 8 workers of 8 for evacuation
[2023-07-21T15:30:34.892+0700][gc,phases     ] GC(16)   Pre Evacuate Collection Set: 0.0ms
[2023-07-21T15:30:34.893+0700][gc,phases     ] GC(16)   Evacuate Collection Set: 11.4ms
[2023-07-21T15:30:34.893+0700][gc,phases     ] GC(16)   Post Evacuate Collection Set: 0.6ms
[2023-07-21T15:30:34.893+0700][gc,phases     ] GC(16)   Other: 0.2ms
[2023-07-21T15:30:34.893+0700][gc,heap       ] GC(16) Eden regions: 271->0(270)
[2023-07-21T15:30:34.893+0700][gc,heap       ] GC(16) Survivor regions: 30->29(38)
[2023-07-21T15:30:34.893+0700][gc,heap       ] GC(16) Old regions: 131->145
[2023-07-21T15:30:34.893+0700][gc,heap       ] GC(16) Humongous regions: 13->6
[2023-07-21T15:30:34.893+0700][gc,metaspace  ] GC(16) Metaspace: 12853K(13568K)->12853K(13568K) NonClass: 11334K(11776K)->11334K(11776K) Class: 1518K(1792K)->1518K(1792K)
[2023-07-21T15:30:34.893+0700][gc            ] GC(16) Pause Young (Normal) (GCLocker Initiated GC) 442M->178M(599M) 12.239ms
[2023-07-21T15:30:34.893+0700][gc,cpu        ] GC(16) User=0.08s Sys=0.00s Real=0.01s
[2023-07-21T15:30:34.943+0700][gc,start      ] GC(17) Pause Young (Normal) (GCLocker Initiated GC)
[2023-07-21T15:30:34.943+0700][gc,task       ] GC(17) Using 8 workers of 8 for evacuation
[2023-07-21T15:30:34.956+0700][gc,phases     ] GC(17)   Pre Evacuate Collection Set: 0.0ms
[2023-07-21T15:30:34.956+0700][gc,phases     ] GC(17)   Evacuate Collection Set: 9.0ms
[2023-07-21T15:30:34.956+0700][gc,phases     ] GC(17)   Post Evacuate Collection Set: 3.2ms
[2023-07-21T15:30:34.956+0700][gc,phases     ] GC(17)   Other: 0.2ms
[2023-07-21T15:30:34.956+0700][gc,heap       ] GC(17) Eden regions: 271->0(523)
[2023-07-21T15:30:34.956+0700][gc,heap       ] GC(17) Survivor regions: 29->24(38)
[2023-07-21T15:30:34.956+0700][gc,heap       ] GC(17) Old regions: 145->160
[2023-07-21T15:30:34.956+0700][gc,heap       ] GC(17) Humongous regions: 7->6
[2023-07-21T15:30:34.956+0700][gc,metaspace  ] GC(17) Metaspace: 12853K(13568K)->12853K(13568K) NonClass: 11334K(11776K)->11334K(11776K) Class: 1518K(1792K)->1518K(1792K)
[2023-07-21T15:30:34.956+0700][gc            ] GC(17) Pause Young (Normal) (GCLocker Initiated GC) 449M->188M(1094M) 12.434ms
[2023-07-21T15:30:34.956+0700][gc,cpu        ] GC(17) User=0.07s Sys=0.00s Real=0.01s
[2023-07-21T15:30:35.148+0700][gc,start      ] GC(18) Pause Young (Normal) (GCLocker Initiated GC)
[2023-07-21T15:30:35.148+0700][gc,task       ] GC(18) Using 8 workers of 8 for evacuation
[2023-07-21T15:30:35.164+0700][gc,phases     ] GC(18)   Pre Evacuate Collection Set: 0.1ms
[2023-07-21T15:30:35.164+0700][gc,phases     ] GC(18)   Evacuate Collection Set: 14.8ms
[2023-07-21T15:30:35.164+0700][gc,phases     ] GC(18)   Post Evacuate Collection Set: 0.7ms
[2023-07-21T15:30:35.164+0700][gc,phases     ] GC(18)   Other: 0.4ms
[2023-07-21T15:30:35.164+0700][gc,heap       ] GC(18) Eden regions: 524->0(501)
[2023-07-21T15:30:35.164+0700][gc,heap       ] GC(18) Survivor regions: 24->46(69)
[2023-07-21T15:30:35.164+0700][gc,heap       ] GC(18) Old regions: 160->160
[2023-07-21T15:30:35.164+0700][gc,heap       ] GC(18) Humongous regions: 9->8
[2023-07-21T15:30:35.164+0700][gc,metaspace  ] GC(18) Metaspace: 12872K(13568K)->12872K(13568K) NonClass: 11350K(11776K)->11350K(11776K) Class: 1521K(1792K)->1521K(1792K)
[2023-07-21T15:30:35.164+0700][gc            ] GC(18) Pause Young (Normal) (GCLocker Initiated GC) 714M->212M(1094M) 15.994ms
[2023-07-21T15:30:35.164+0700][gc,cpu        ] GC(18) User=0.11s Sys=0.01s Real=0.01s
[2023-07-21T15:30:35.290+0700][gc,start      ] GC(19) Pause Young (Normal) (G1 Evacuation Pause)
[2023-07-21T15:30:35.290+0700][gc,task       ] GC(19) Using 8 workers of 8 for evacuation
[2023-07-21T15:30:35.313+0700][gc,phases     ] GC(19)   Pre Evacuate Collection Set: 0.1ms
[2023-07-21T15:30:35.313+0700][gc,phases     ] GC(19)   Evacuate Collection Set: 22.3ms
[2023-07-21T15:30:35.313+0700][gc,phases     ] GC(19)   Post Evacuate Collection Set: 0.6ms
[2023-07-21T15:30:35.313+0700][gc,phases     ] GC(19)   Other: 0.2ms
[2023-07-21T15:30:35.313+0700][gc,heap       ] GC(19) Eden regions: 501->0(502)
[2023-07-21T15:30:35.313+0700][gc,heap       ] GC(19) Survivor regions: 46->45(69)
[2023-07-21T15:30:35.313+0700][gc,heap       ] GC(19) Old regions: 160->174
[2023-07-21T15:30:35.313+0700][gc,heap       ] GC(19) Humongous regions: 8->8
[2023-07-21T15:30:35.313+0700][gc,metaspace  ] GC(19) Metaspace: 12872K(13568K)->12872K(13568K) NonClass: 11350K(11776K)->11350K(11776K) Class: 1521K(1792K)->1521K(1792K)
[2023-07-21T15:30:35.313+0700][gc            ] GC(19) Pause Young (Normal) (G1 Evacuation Pause) 713M->225M(1094M) 23.264ms
[2023-07-21T15:30:35.314+0700][gc,cpu        ] GC(19) User=0.16s Sys=0.01s Real=0.02s
[2023-07-21T15:30:35.404+0700][gc,start      ] GC(20) Pause Young (Normal) (GCLocker Initiated GC)
[2023-07-21T15:30:35.405+0700][gc,task       ] GC(20) Using 8 workers of 8 for evacuation
[2023-07-21T15:30:35.429+0700][gc,phases     ] GC(20)   Pre Evacuate Collection Set: 0.1ms
[2023-07-21T15:30:35.429+0700][gc,phases     ] GC(20)   Evacuate Collection Set: 23.7ms
[2023-07-21T15:30:35.429+0700][gc,phases     ] GC(20)   Post Evacuate Collection Set: 0.6ms
[2023-07-21T15:30:35.429+0700][gc,phases     ] GC(20)   Other: 0.2ms
[2023-07-21T15:30:35.429+0700][gc,heap       ] GC(20) Eden regions: 503->0(494)
[2023-07-21T15:30:35.429+0700][gc,heap       ] GC(20) Survivor regions: 45->53(69)
[2023-07-21T15:30:35.429+0700][gc,heap       ] GC(20) Old regions: 174->184
[2023-07-21T15:30:35.429+0700][gc,heap       ] GC(20) Humongous regions: 8->8
[2023-07-21T15:30:35.429+0700][gc,metaspace  ] GC(20) Metaspace: 12872K(13568K)->12872K(13568K) NonClass: 11350K(11776K)->11350K(11776K) Class: 1521K(1792K)->1521K(1792K)
[2023-07-21T15:30:35.429+0700][gc            ] GC(20) Pause Young (Normal) (GCLocker Initiated GC) 727M->242M(1094M) 24.671ms
[2023-07-21T15:30:35.429+0700][gc,cpu        ] GC(20) User=0.15s Sys=0.01s Real=0.03s
[2023-07-21T15:30:35.712+0700][gc,start      ] GC(21) Pause Young (Normal) (G1 Evacuation Pause)
[2023-07-21T15:30:35.712+0700][gc,task       ] GC(21) Using 8 workers of 8 for evacuation
[2023-07-21T15:30:35.746+0700][gc,phases     ] GC(21)   Pre Evacuate Collection Set: 0.0ms
[2023-07-21T15:30:35.746+0700][gc,phases     ] GC(21)   Evacuate Collection Set: 30.2ms
[2023-07-21T15:30:35.746+0700][gc,phases     ] GC(21)   Post Evacuate Collection Set: 3.7ms
[2023-07-21T15:30:35.746+0700][gc,phases     ] GC(21)   Other: 0.2ms
[2023-07-21T15:30:35.746+0700][gc,heap       ] GC(21) Eden regions: 494->0(727)
[2023-07-21T15:30:35.746+0700][gc,heap       ] GC(21) Survivor regions: 53->57(69)
[2023-07-21T15:30:35.746+0700][gc,heap       ] GC(21) Old regions: 184->192
[2023-07-21T15:30:35.746+0700][gc,heap       ] GC(21) Humongous regions: 9->9
[2023-07-21T15:30:35.746+0700][gc,metaspace  ] GC(21) Metaspace: 13119K(13824K)->13119K(13824K) NonClass: 11576K(12032K)->11576K(12032K) Class: 1542K(1792K)->1542K(1792K)
[2023-07-21T15:30:35.746+0700][gc            ] GC(21) Pause Young (Normal) (G1 Evacuation Pause) 737M->256M(1568M) 34.170ms
[2023-07-21T15:30:35.746+0700][gc,cpu        ] GC(21) User=0.24s Sys=0.00s Real=0.03s
[2023-07-21T15:30:36.438+0700][gc,start      ] GC(22) Pause Young (Concurrent Start) (Metadata GC Threshold)
[2023-07-21T15:30:36.438+0700][gc,task       ] GC(22) Using 8 workers of 8 for evacuation
[2023-07-21T15:30:36.494+0700][gc,phases     ] GC(22)   Pre Evacuate Collection Set: 0.1ms
[2023-07-21T15:30:36.494+0700][gc,phases     ] GC(22)   Evacuate Collection Set: 53.4ms
[2023-07-21T15:30:36.494+0700][gc,phases     ] GC(22)   Post Evacuate Collection Set: 1.7ms
[2023-07-21T15:30:36.494+0700][gc,phases     ] GC(22)   Other: 0.4ms
[2023-07-21T15:30:36.494+0700][gc,heap       ] GC(22) Eden regions: 86->0(733)
[2023-07-21T15:30:36.494+0700][gc,heap       ] GC(22) Survivor regions: 57->51(98)
[2023-07-21T15:30:36.494+0700][gc,heap       ] GC(22) Old regions: 192->200
[2023-07-21T15:30:36.494+0700][gc,heap       ] GC(22) Humongous regions: 9->9
[2023-07-21T15:30:36.494+0700][gc,metaspace  ] GC(22) Metaspace: 21876K(22616K)->21876K(22616K) NonClass: 19260K(19712K)->19260K(19712K) Class: 2616K(2904K)->2616K(2904K)
[2023-07-21T15:30:36.494+0700][gc            ] GC(22) Pause Young (Concurrent Start) (Metadata GC Threshold) 342M->258M(1568M) 55.590ms
[2023-07-21T15:30:36.494+0700][gc,cpu        ] GC(22) User=0.36s Sys=0.04s Real=0.05s
[2023-07-21T15:30:36.494+0700][gc            ] GC(23) Concurrent Cycle
[2023-07-21T15:30:36.494+0700][gc,marking    ] GC(23) Concurrent Clear Claimed Marks
[2023-07-21T15:30:36.494+0700][gc,marking    ] GC(23) Concurrent Clear Claimed Marks 0.086ms
[2023-07-21T15:30:36.494+0700][gc,marking    ] GC(23) Concurrent Scan Root Regions
[2023-07-21T15:30:36.517+0700][gc,marking    ] GC(23) Concurrent Scan Root Regions 23.612ms
[2023-07-21T15:30:36.517+0700][gc,marking    ] GC(23) Concurrent Mark (4.074s)
[2023-07-21T15:30:36.517+0700][gc,marking    ] GC(23) Concurrent Mark From Roots
[2023-07-21T15:30:36.517+0700][gc,task       ] GC(23) Using 2 workers of 2 for marking
[2023-07-21T15:30:36.559+0700][gc,marking    ] GC(23) Concurrent Mark From Roots 41.877ms
[2023-07-21T15:30:36.559+0700][gc,marking    ] GC(23) Concurrent Preclean
[2023-07-21T15:30:36.560+0700][gc,marking    ] GC(23) Concurrent Preclean 0.139ms
[2023-07-21T15:30:36.560+0700][gc,marking    ] GC(23) Concurrent Mark (4.074s, 4.116s) 42.070ms
[2023-07-21T15:30:36.560+0700][gc,start      ] GC(23) Pause Remark
[2023-07-21T15:30:36.567+0700][gc,stringtable] GC(23) Cleaned string and symbol table, strings: 9585 processed, 0 removed, symbols: 63728 processed, 21 removed
[2023-07-21T15:30:36.567+0700][gc            ] GC(23) Pause Remark 268M->260M(1568M) 7.508ms
[2023-07-21T15:30:36.567+0700][gc,cpu        ] GC(23) User=0.03s Sys=0.01s Real=0.00s
[2023-07-21T15:30:36.567+0700][gc,marking    ] GC(23) Concurrent Rebuild Remembered Sets
[2023-07-21T15:30:36.598+0700][gc,marking    ] GC(23) Concurrent Rebuild Remembered Sets 30.612ms
[2023-07-21T15:30:36.598+0700][gc,start      ] GC(23) Pause Cleanup
[2023-07-21T15:30:36.599+0700][gc            ] GC(23) Pause Cleanup 264M->264M(1568M) 0.319ms
[2023-07-21T15:30:36.599+0700][gc,cpu        ] GC(23) User=0.00s Sys=0.00s Real=0.00s
[2023-07-21T15:30:36.599+0700][gc,marking    ] GC(23) Concurrent Cleanup for Next Mark
[2023-07-21T15:30:36.606+0700][gc,marking    ] GC(23) Concurrent Cleanup for Next Mark 7.451ms
[2023-07-21T15:30:36.606+0700][gc            ] GC(23) Concurrent Cycle 112.416ms
[2023-07-21T15:30:37.273+0700][gc,start      ] GC(24) Pause Young (Prepare Mixed) (Metadata GC Threshold)
[2023-07-21T15:30:37.273+0700][gc,task       ] GC(24) Using 8 workers of 8 for evacuation
[2023-07-21T15:30:37.298+0700][gc,phases     ] GC(24)   Pre Evacuate Collection Set: 0.1ms
[2023-07-21T15:30:37.298+0700][gc,phases     ] GC(24)   Evacuate Collection Set: 22.7ms
[2023-07-21T15:30:37.298+0700][gc,phases     ] GC(24)   Post Evacuate Collection Set: 1.5ms
[2023-07-21T15:30:37.298+0700][gc,phases     ] GC(24)   Other: 0.2ms
[2023-07-21T15:30:37.298+0700][gc,heap       ] GC(24) Eden regions: 123->0(731)
[2023-07-21T15:30:37.298+0700][gc,heap       ] GC(24) Survivor regions: 51->53(98)
[2023-07-21T15:30:37.298+0700][gc,heap       ] GC(24) Old regions: 196->196
[2023-07-21T15:30:37.298+0700][gc,heap       ] GC(24) Humongous regions: 5->5
[2023-07-21T15:30:37.298+0700][gc,metaspace  ] GC(24) Metaspace: 37954K(39152K)->37954K(39152K) NonClass: 33576K(34304K)->33576K(34304K) Class: 4378K(4848K)->4378K(4848K)
[2023-07-21T15:30:37.298+0700][gc            ] GC(24) Pause Young (Prepare Mixed) (Metadata GC Threshold) 373M->252M(1568M) 24.484ms
[2023-07-21T15:30:37.298+0700][gc,cpu        ] GC(24) User=0.17s Sys=0.01s Real=0.03s
[2023-07-21T15:30:37.321+0700][gc,start      ] GC(25) Pause Young (Mixed) (Metadata GC Threshold)
[2023-07-21T15:30:37.322+0700][gc,task       ] GC(25) Using 8 workers of 8 for evacuation
[2023-07-21T15:30:37.338+0700][gc,phases     ] GC(25)   Pre Evacuate Collection Set: 0.1ms
[2023-07-21T15:30:37.338+0700][gc,phases     ] GC(25)   Evacuate Collection Set: 15.4ms
[2023-07-21T15:30:37.338+0700][gc,phases     ] GC(25)   Post Evacuate Collection Set: 0.9ms
[2023-07-21T15:30:37.338+0700][gc,phases     ] GC(25)   Other: 0.1ms
[2023-07-21T15:30:37.338+0700][gc,heap       ] GC(25) Eden regions: 9->0(774)
[2023-07-21T15:30:37.338+0700][gc,heap       ] GC(25) Survivor regions: 53->10(98)
[2023-07-21T15:30:37.338+0700][gc,heap       ] GC(25) Old regions: 196->221
[2023-07-21T15:30:37.338+0700][gc,heap       ] GC(25) Humongous regions: 5->5
[2023-07-21T15:30:37.338+0700][gc,metaspace  ] GC(25) Metaspace: 38359K(39560K)->38359K(39560K) NonClass: 33930K(34712K)->33930K(34712K) Class: 4428K(4848K)->4428K(4848K)
[2023-07-21T15:30:37.338+0700][gc            ] GC(25) Pause Young (Mixed) (Metadata GC Threshold) 260M->233M(1568M) 16.559ms
[2023-07-21T15:30:37.338+0700][gc,cpu        ] GC(25) User=0.11s Sys=0.01s Real=0.02s
[2023-07-21T15:30:37.365+0700][gc,start      ] GC(26) Pause Young (Mixed) (Metadata GC Threshold)
[2023-07-21T15:30:37.365+0700][gc,task       ] GC(26) Using 8 workers of 8 for evacuation
[2023-07-21T15:30:37.370+0700][gc,phases     ] GC(26)   Pre Evacuate Collection Set: 0.1ms
[2023-07-21T15:30:37.370+0700][gc,phases     ] GC(26)   Evacuate Collection Set: 4.0ms
[2023-07-21T15:30:37.370+0700][gc,phases     ] GC(26)   Post Evacuate Collection Set: 0.6ms
[2023-07-21T15:30:37.370+0700][gc,phases     ] GC(26)   Other: 0.2ms
[2023-07-21T15:30:37.370+0700][gc,heap       ] GC(26) Eden regions: 7->0(774)
[2023-07-21T15:30:37.370+0700][gc,heap       ] GC(26) Survivor regions: 10->10(98)
[2023-07-21T15:30:37.370+0700][gc,heap       ] GC(26) Old regions: 221->204
[2023-07-21T15:30:37.370+0700][gc,heap       ] GC(26) Humongous regions: 5->5
[2023-07-21T15:30:37.370+0700][gc,metaspace  ] GC(26) Metaspace: 38614K(39892K)->38614K(39892K) NonClass: 34155K(34968K)->34155K(34968K) Class: 4459K(4924K)->4459K(4924K)
[2023-07-21T15:30:37.370+0700][gc            ] GC(26) Pause Young (Mixed) (Metadata GC Threshold) 240M->217M(1568M) 4.936ms
[2023-07-21T15:30:37.370+0700][gc,cpu        ] GC(26) User=0.03s Sys=0.00s Real=0.01s
[2023-07-21T15:30:37.388+0700][gc,start      ] GC(27) Pause Young (Mixed) (Metadata GC Threshold)
[2023-07-21T15:30:37.388+0700][gc,task       ] GC(27) Using 8 workers of 8 for evacuation
[2023-07-21T15:30:37.393+0700][gc,phases     ] GC(27)   Pre Evacuate Collection Set: 0.1ms
[2023-07-21T15:30:37.393+0700][gc,phases     ] GC(27)   Evacuate Collection Set: 4.4ms
[2023-07-21T15:30:37.393+0700][gc,phases     ] GC(27)   Post Evacuate Collection Set: 0.7ms
[2023-07-21T15:30:37.393+0700][gc,phases     ] GC(27)   Other: 0.2ms
[2023-07-21T15:30:37.393+0700][gc,heap       ] GC(27) Eden regions: 2->0(775)
[2023-07-21T15:30:37.393+0700][gc,heap       ] GC(27) Survivor regions: 10->9(98)
[2023-07-21T15:30:37.393+0700][gc,heap       ] GC(27) Old regions: 204->201
[2023-07-21T15:30:37.393+0700][gc,heap       ] GC(27) Humongous regions: 5->5
[2023-07-21T15:30:37.393+0700][gc,metaspace  ] GC(27) Metaspace: 38896K(40224K)->38896K(40224K) NonClass: 34413K(35224K)->34413K(35224K) Class: 4483K(5000K)->4483K(5000K)
[2023-07-21T15:30:37.394+0700][gc            ] GC(27) Pause Young (Mixed) (Metadata GC Threshold) 219M->212M(1568M) 5.400ms
[2023-07-21T15:30:37.394+0700][gc,cpu        ] GC(27) User=0.03s Sys=0.00s Real=0.00s
[2023-07-21T15:30:37.405+0700][gc,start      ] GC(28) Pause Young (Concurrent Start) (Metadata GC Threshold)
[2023-07-21T15:30:37.405+0700][gc,task       ] GC(28) Using 8 workers of 8 for evacuation
[2023-07-21T15:30:37.409+0700][gc,phases     ] GC(28)   Pre Evacuate Collection Set: 0.1ms
[2023-07-21T15:30:37.409+0700][gc,phases     ] GC(28)   Evacuate Collection Set: 3.2ms
[2023-07-21T15:30:37.409+0700][gc,phases     ] GC(28)   Post Evacuate Collection Set: 0.5ms
[2023-07-21T15:30:37.409+0700][gc,phases     ] GC(28)   Other: 0.2ms
[2023-07-21T15:30:37.409+0700][gc,heap       ] GC(28) Eden regions: 2->0(775)
[2023-07-21T15:30:37.409+0700][gc,heap       ] GC(28) Survivor regions: 9->9(98)
[2023-07-21T15:30:37.409+0700][gc,heap       ] GC(28) Old regions: 201->201
[2023-07-21T15:30:37.409+0700][gc,heap       ] GC(28) Humongous regions: 5->5
[2023-07-21T15:30:37.409+0700][gc,metaspace  ] GC(28) Metaspace: 39141K(40480K)->39141K(40480K) NonClass: 34617K(35480K)->34617K(35480K) Class: 4523K(5000K)->4523K(5000K)
[2023-07-21T15:30:37.409+0700][gc            ] GC(28) Pause Young (Concurrent Start) (Metadata GC Threshold) 214M->212M(1568M) 4.171ms
[2023-07-21T15:30:37.409+0700][gc,cpu        ] GC(28) User=0.03s Sys=0.00s Real=0.01s
[2023-07-21T15:30:37.410+0700][gc            ] GC(29) Concurrent Cycle
[2023-07-21T15:30:37.410+0700][gc,marking    ] GC(29) Concurrent Clear Claimed Marks
[2023-07-21T15:30:37.410+0700][gc,marking    ] GC(29) Concurrent Clear Claimed Marks 0.063ms
[2023-07-21T15:30:37.410+0700][gc,marking    ] GC(29) Concurrent Scan Root Regions
[2023-07-21T15:30:37.413+0700][gc,marking    ] GC(29) Concurrent Scan Root Regions 2.892ms
[2023-07-21T15:30:37.413+0700][gc,marking    ] GC(29) Concurrent Mark (4.969s)
[2023-07-21T15:30:37.413+0700][gc,marking    ] GC(29) Concurrent Mark From Roots
[2023-07-21T15:30:37.413+0700][gc,task       ] GC(29) Using 2 workers of 2 for marking
[2023-07-21T15:30:37.487+0700][gc,marking    ] GC(29) Concurrent Mark From Roots 74.053ms
[2023-07-21T15:30:37.487+0700][gc,marking    ] GC(29) Concurrent Preclean
[2023-07-21T15:30:37.487+0700][gc,marking    ] GC(29) Concurrent Preclean 0.099ms
[2023-07-21T15:30:37.487+0700][gc,marking    ] GC(29) Concurrent Mark (4.969s, 5.043s) 74.199ms
[2023-07-21T15:30:37.487+0700][gc,start      ] GC(29) Pause Remark
[2023-07-21T15:30:37.493+0700][gc,stringtable] GC(29) Cleaned string and symbol table, strings: 16966 processed, 0 removed, symbols: 105993 processed, 31 removed
[2023-07-21T15:30:37.493+0700][gc            ] GC(29) Pause Remark 223M->222M(1568M) 6.443ms
[2023-07-21T15:30:37.493+0700][gc,cpu        ] GC(29) User=0.05s Sys=0.00s Real=0.01s
[2023-07-21T15:30:37.493+0700][gc,marking    ] GC(29) Concurrent Rebuild Remembered Sets
[2023-07-21T15:30:37.560+0700][gc,marking    ] GC(29) Concurrent Rebuild Remembered Sets 66.892ms
[2023-07-21T15:30:37.561+0700][gc,start      ] GC(29) Pause Cleanup
[2023-07-21T15:30:37.561+0700][gc            ] GC(29) Pause Cleanup 233M->233M(1568M) 0.372ms
[2023-07-21T15:30:37.561+0700][gc,cpu        ] GC(29) User=0.00s Sys=0.00s Real=0.00s
[2023-07-21T15:30:37.561+0700][gc,marking    ] GC(29) Concurrent Cleanup for Next Mark
[2023-07-21T15:30:37.565+0700][gc,marking    ] GC(29) Concurrent Cleanup for Next Mark 3.424ms
[2023-07-21T15:30:37.565+0700][gc            ] GC(29) Concurrent Cycle 155.040ms
[2023-07-21T15:30:44.720+0700][gc,start      ] GC(30) Pause Young (Prepare Mixed) (Metadata GC Threshold)
[2023-07-21T15:30:44.720+0700][gc,task       ] GC(30) Using 8 workers of 8 for evacuation
[2023-07-21T15:30:44.771+0700][gc,phases     ] GC(30)   Pre Evacuate Collection Set: 2.8ms
[2023-07-21T15:30:44.771+0700][gc,phases     ] GC(30)   Evacuate Collection Set: 37.2ms
[2023-07-21T15:30:44.771+0700][gc,phases     ] GC(30)   Post Evacuate Collection Set: 9.3ms
[2023-07-21T15:30:44.771+0700][gc,phases     ] GC(30)   Other: 1.2ms
[2023-07-21T15:30:44.771+0700][gc,heap       ] GC(30) Eden regions: 374->0(764)
[2023-07-21T15:30:44.771+0700][gc,heap       ] GC(30) Survivor regions: 9->20(98)
[2023-07-21T15:30:44.771+0700][gc,heap       ] GC(30) Old regions: 201->201
[2023-07-21T15:30:44.771+0700][gc,heap       ] GC(30) Humongous regions: 4->4
[2023-07-21T15:30:44.771+0700][gc,metaspace  ] GC(30) Metaspace: 66126K(68896K)->66126K(68896K) NonClass: 58134K(59800K)->58134K(59800K) Class: 7992K(9096K)->7992K(9096K)
[2023-07-21T15:30:44.771+0700][gc            ] GC(30) Pause Young (Prepare Mixed) (Metadata GC Threshold) 585M->222M(1568M) 50.501ms
[2023-07-21T15:30:44.771+0700][gc,cpu        ] GC(30) User=0.25s Sys=0.00s Real=0.05s
[2023-07-21T15:30:44.795+0700][gc,start      ] GC(31) Pause Young (Mixed) (Metadata GC Threshold)
[2023-07-21T15:30:44.795+0700][gc,task       ] GC(31) Using 8 workers of 8 for evacuation
[2023-07-21T15:30:44.809+0700][gc,phases     ] GC(31)   Pre Evacuate Collection Set: 0.2ms
[2023-07-21T15:30:44.809+0700][gc,phases     ] GC(31)   Evacuate Collection Set: 11.4ms
[2023-07-21T15:30:44.809+0700][gc,phases     ] GC(31)   Post Evacuate Collection Set: 1.2ms
[2023-07-21T15:30:44.809+0700][gc,phases     ] GC(31)   Other: 0.5ms
[2023-07-21T15:30:44.809+0700][gc,heap       ] GC(31) Eden regions: 3->0(764)
[2023-07-21T15:30:44.809+0700][gc,heap       ] GC(31) Survivor regions: 20->20(98)
[2023-07-21T15:30:44.809+0700][gc,heap       ] GC(31) Old regions: 201->197
[2023-07-21T15:30:44.809+0700][gc,heap       ] GC(31) Humongous regions: 4->4
[2023-07-21T15:30:44.809+0700][gc,metaspace  ] GC(31) Metaspace: 66342K(69280K)->66342K(69280K) NonClass: 58329K(60056K)->58329K(60056K) Class: 8012K(9224K)->8012K(9224K)
[2023-07-21T15:30:44.809+0700][gc            ] GC(31) Pause Young (Mixed) (Metadata GC Threshold) 225M->219M(1568M) 13.395ms
[2023-07-21T15:30:44.809+0700][gc,cpu        ] GC(31) User=0.09s Sys=0.01s Real=0.02s
[2023-07-21T15:30:46.945+0700][gc,start      ] GC(32) Pause Young (Concurrent Start) (Metadata GC Threshold)
[2023-07-21T15:30:46.945+0700][gc,task       ] GC(32) Using 8 workers of 8 for evacuation
[2023-07-21T15:30:46.958+0700][gc,phases     ] GC(32)   Pre Evacuate Collection Set: 0.7ms
[2023-07-21T15:30:46.958+0700][gc,phases     ] GC(32)   Evacuate Collection Set: 9.5ms
[2023-07-21T15:30:46.958+0700][gc,phases     ] GC(32)   Post Evacuate Collection Set: 1.3ms
[2023-07-21T15:30:46.958+0700][gc,phases     ] GC(32)   Other: 0.7ms
[2023-07-21T15:30:46.958+0700][gc,heap       ] GC(32) Eden regions: 9->0(764)
[2023-07-21T15:30:46.958+0700][gc,heap       ] GC(32) Survivor regions: 20->20(98)
[2023-07-21T15:30:46.958+0700][gc,heap       ] GC(32) Old regions: 197->197
[2023-07-21T15:30:46.958+0700][gc,heap       ] GC(32) Humongous regions: 4->4
[2023-07-21T15:30:46.958+0700][gc,metaspace  ] GC(32) Metaspace: 66624K(69536K)->66624K(69536K) NonClass: 58582K(60312K)->58582K(60312K) Class: 8041K(9224K)->8041K(9224K)
[2023-07-21T15:30:46.958+0700][gc            ] GC(32) Pause Young (Concurrent Start) (Metadata GC Threshold) 227M->219M(1568M) 12.336ms
[2023-07-21T15:30:46.958+0700][gc,cpu        ] GC(32) User=0.07s Sys=0.00s Real=0.02s
[2023-07-21T15:30:46.958+0700][gc            ] GC(33) Concurrent Cycle
[2023-07-21T15:30:46.958+0700][gc,marking    ] GC(33) Concurrent Clear Claimed Marks
[2023-07-21T15:30:46.958+0700][gc,marking    ] GC(33) Concurrent Clear Claimed Marks 0.333ms
[2023-07-21T15:30:46.958+0700][gc,marking    ] GC(33) Concurrent Scan Root Regions
[2023-07-21T15:30:46.964+0700][gc,marking    ] GC(33) Concurrent Scan Root Regions 5.744ms
[2023-07-21T15:30:46.964+0700][gc,marking    ] GC(33) Concurrent Mark (14.521s)
[2023-07-21T15:30:46.964+0700][gc,marking    ] GC(33) Concurrent Mark From Roots
[2023-07-21T15:30:46.964+0700][gc,task       ] GC(33) Using 2 workers of 2 for marking
[2023-07-21T15:30:47.041+0700][gc,marking    ] GC(33) Concurrent Mark From Roots 77.126ms
[2023-07-21T15:30:47.041+0700][gc,marking    ] GC(33) Concurrent Preclean
[2023-07-21T15:30:47.041+0700][gc,marking    ] GC(33) Concurrent Preclean 0.106ms
[2023-07-21T15:30:47.041+0700][gc,marking    ] GC(33) Concurrent Mark (14.521s, 14.598s) 77.278ms
[2023-07-21T15:30:47.042+0700][gc,start      ] GC(33) Pause Remark
[2023-07-21T15:30:47.049+0700][gc,stringtable] GC(33) Cleaned string and symbol table, strings: 25806 processed, 1 removed, symbols: 169272 processed, 35 removed
[2023-07-21T15:30:47.050+0700][gc            ] GC(33) Pause Remark 221M->221M(1568M) 8.242ms
[2023-07-21T15:30:47.050+0700][gc,cpu        ] GC(33) User=0.05s Sys=0.00s Real=0.01s
[2023-07-21T15:30:47.050+0700][gc,marking    ] GC(33) Concurrent Rebuild Remembered Sets
[2023-07-21T15:30:47.093+0700][gc,marking    ] GC(33) Concurrent Rebuild Remembered Sets 42.512ms
[2023-07-21T15:30:47.093+0700][gc,start      ] GC(33) Pause Cleanup
[2023-07-21T15:30:47.093+0700][gc            ] GC(33) Pause Cleanup 222M->222M(1568M) 0.362ms
[2023-07-21T15:30:47.093+0700][gc,cpu        ] GC(33) User=0.00s Sys=0.00s Real=0.00s
[2023-07-21T15:30:47.093+0700][gc,marking    ] GC(33) Concurrent Cleanup for Next Mark
[2023-07-21T15:30:47.100+0700][gc,marking    ] GC(33) Concurrent Cleanup for Next Mark 6.898ms
[2023-07-21T15:30:47.100+0700][gc            ] GC(33) Concurrent Cycle 142.430ms
[2023-07-21T15:37:37.837+0700][gc,heap,exit  ] Heap
[2023-07-21T15:37:37.837+0700][gc,heap,exit  ]  garbage-first heap   total 1605632K, used 665029K [0x0000000740000000, 0x0000000800000000)
[2023-07-21T15:37:37.837+0700][gc,heap,exit  ]   region size 1024K, 451 young (461824K), 20 survivors (20480K)
[2023-07-21T15:37:37.837+0700][gc,heap,exit  ]  Metaspace       used 69374K, capacity 72794K, committed 73120K, reserved 1112064K
[2023-07-21T15:37:37.837+0700][gc,heap,exit  ]   class space    used 8289K, capacity 9640K, committed 9736K, reserved 1048576K
