[2023-07-21T14:34:40.126+0700][gc,heap] Heap region size: 1M
[2023-07-21T14:34:40.128+0700][gc     ] Using G1
[2023-07-21T14:34:40.128+0700][gc,heap,coops] Heap address: 0x0000000740000000, size: 3072 MB, Compressed Oops mode: Zero based, Oop shift amount: 3
[2023-07-21T14:34:40.128+0700][gc,cds       ] Mark closed archive regions in map: [0x00000007fff00000, 0x00000007fff6aff8]
[2023-07-21T14:34:40.128+0700][gc,cds       ] Mark open archive regions in map: [0x00000007ffe00000, 0x00000007ffe46ff8]
[2023-07-21T14:34:40.686+0700][gc,start     ] GC(0) Pause Young (Normal) (G1 Evacuation Pause)
[2023-07-21T14:34:40.686+0700][gc,task      ] GC(0) Using 2 workers of 8 for evacuation
[2023-07-21T14:34:40.696+0700][gc,phases    ] GC(0)   Pre Evacuate Collection Set: 0.0ms
[2023-07-21T14:34:40.696+0700][gc,phases    ] GC(0)   Evacuate Collection Set: 9.6ms
[2023-07-21T14:34:40.696+0700][gc,phases    ] GC(0)   Post Evacuate Collection Set: 0.7ms
[2023-07-21T14:34:40.696+0700][gc,phases    ] GC(0)   Other: 0.4ms
[2023-07-21T14:34:40.696+0700][gc,heap      ] GC(0) Eden regions: 61->0(53)
[2023-07-21T14:34:40.696+0700][gc,heap      ] GC(0) Survivor regions: 0->8(8)
[2023-07-21T14:34:40.696+0700][gc,heap      ] GC(0) Old regions: 2->13
[2023-07-21T14:34:40.696+0700][gc,heap      ] GC(0) Humongous regions: 4->4
[2023-07-21T14:34:40.696+0700][gc,metaspace ] GC(0) Metaspace: 6796K(7296K)->6796K(7296K) NonClass: 6028K(6400K)->6028K(6400K) Class: 768K(896K)->768K(896K)
[2023-07-21T14:34:40.696+0700][gc           ] GC(0) Pause Young (Normal) (G1 Evacuation Pause) 65M->22M(124M) 10.737ms
[2023-07-21T14:34:40.696+0700][gc,cpu       ] GC(0) User=0.03s Sys=0.00s Real=0.01s
[2023-07-21T14:34:40.908+0700][gc,start     ] GC(1) Pause Young (Normal) (G1 Evacuation Pause)
[2023-07-21T14:34:40.908+0700][gc,task      ] GC(1) Using 2 workers of 8 for evacuation
[2023-07-21T14:34:40.917+0700][gc,phases    ] GC(1)   Pre Evacuate Collection Set: 0.0ms
[2023-07-21T14:34:40.917+0700][gc,phases    ] GC(1)   Evacuate Collection Set: 7.9ms
[2023-07-21T14:34:40.917+0700][gc,phases    ] GC(1)   Post Evacuate Collection Set: 0.4ms
[2023-07-21T14:34:40.917+0700][gc,phases    ] GC(1)   Other: 0.2ms
[2023-07-21T14:34:40.917+0700][gc,heap      ] GC(1) Eden regions: 53->0(59)
[2023-07-21T14:34:40.917+0700][gc,heap      ] GC(1) Survivor regions: 8->2(8)
[2023-07-21T14:34:40.917+0700][gc,heap      ] GC(1) Old regions: 13->20
[2023-07-21T14:34:40.917+0700][gc,heap      ] GC(1) Humongous regions: 4->4
[2023-07-21T14:34:40.917+0700][gc,metaspace ] GC(1) Metaspace: 10551K(11264K)->10551K(11264K) NonClass: 9273K(9728K)->9273K(9728K) Class: 1277K(1536K)->1277K(1536K)
[2023-07-21T14:34:40.917+0700][gc           ] GC(1) Pause Young (Normal) (G1 Evacuation Pause) 75M->23M(124M) 8.489ms
[2023-07-21T14:34:40.917+0700][gc,cpu       ] GC(1) User=0.03s Sys=0.00s Real=0.01s
[2023-07-21T14:34:41.156+0700][gc,start     ] GC(2) Pause Young (Normal) (G1 Evacuation Pause)
[2023-07-21T14:34:41.156+0700][gc,task      ] GC(2) Using 2 workers of 8 for evacuation
[2023-07-21T14:34:41.166+0700][gc,phases    ] GC(2)   Pre Evacuate Collection Set: 0.0ms
[2023-07-21T14:34:41.166+0700][gc,phases    ] GC(2)   Evacuate Collection Set: 9.1ms
[2023-07-21T14:34:41.166+0700][gc,phases    ] GC(2)   Post Evacuate Collection Set: 0.3ms
[2023-07-21T14:34:41.166+0700][gc,phases    ] GC(2)   Other: 0.1ms
[2023-07-21T14:34:41.166+0700][gc,heap      ] GC(2) Eden regions: 59->0(53)
[2023-07-21T14:34:41.166+0700][gc,heap      ] GC(2) Survivor regions: 2->8(8)
[2023-07-21T14:34:41.166+0700][gc,heap      ] GC(2) Old regions: 20->21
[2023-07-21T14:34:41.166+0700][gc,heap      ] GC(2) Humongous regions: 4->4
[2023-07-21T14:34:41.166+0700][gc,metaspace ] GC(2) Metaspace: 12251K(13056K)->12251K(13056K) NonClass: 10764K(11264K)->10764K(11264K) Class: 1486K(1792K)->1486K(1792K)
[2023-07-21T14:34:41.166+0700][gc           ] GC(2) Pause Young (Normal) (G1 Evacuation Pause) 82M->31M(124M) 9.580ms
[2023-07-21T14:34:41.166+0700][gc,cpu       ] GC(2) User=0.03s Sys=0.00s Real=0.01s
[2023-07-21T14:34:41.230+0700][gc,start     ] GC(3) Pause Young (Normal) (G1 Evacuation Pause)
[2023-07-21T14:34:41.230+0700][gc,task      ] GC(3) Using 2 workers of 8 for evacuation
[2023-07-21T14:34:41.249+0700][gc,phases    ] GC(3)   Pre Evacuate Collection Set: 0.0ms
[2023-07-21T14:34:41.249+0700][gc,phases    ] GC(3)   Evacuate Collection Set: 18.6ms
[2023-07-21T14:34:41.249+0700][gc,phases    ] GC(3)   Post Evacuate Collection Set: 0.3ms
[2023-07-21T14:34:41.249+0700][gc,phases    ] GC(3)   Other: 0.1ms
[2023-07-21T14:34:41.249+0700][gc,heap      ] GC(3) Eden regions: 53->0(53)
[2023-07-21T14:34:41.249+0700][gc,heap      ] GC(3) Survivor regions: 8->8(8)
[2023-07-21T14:34:41.249+0700][gc,heap      ] GC(3) Old regions: 21->35
[2023-07-21T14:34:41.249+0700][gc,heap      ] GC(3) Humongous regions: 7->6
[2023-07-21T14:34:41.249+0700][gc,metaspace ] GC(3) Metaspace: 12308K(13056K)->12308K(13056K) NonClass: 10822K(11264K)->10822K(11264K) Class: 1486K(1792K)->1486K(1792K)
[2023-07-21T14:34:41.249+0700][gc           ] GC(3) Pause Young (Normal) (G1 Evacuation Pause) 87M->46M(124M) 19.140ms
[2023-07-21T14:34:41.249+0700][gc,cpu       ] GC(3) User=0.07s Sys=0.01s Real=0.02s
[2023-07-21T14:34:41.415+0700][gc,start     ] GC(4) Pause Young (Normal) (G1 Evacuation Pause)
[2023-07-21T14:34:41.415+0700][gc,task      ] GC(4) Using 2 workers of 8 for evacuation
[2023-07-21T14:34:41.440+0700][gc,phases    ] GC(4)   Pre Evacuate Collection Set: 0.0ms
[2023-07-21T14:34:41.440+0700][gc,phases    ] GC(4)   Evacuate Collection Set: 24.0ms
[2023-07-21T14:34:41.440+0700][gc,phases    ] GC(4)   Post Evacuate Collection Set: 0.6ms
[2023-07-21T14:34:41.440+0700][gc,phases    ] GC(4)   Other: 0.2ms
[2023-07-21T14:34:41.440+0700][gc,heap      ] GC(4) Eden regions: 53->0(88)
[2023-07-21T14:34:41.440+0700][gc,heap      ] GC(4) Survivor regions: 8->8(8)
[2023-07-21T14:34:41.440+0700][gc,heap      ] GC(4) Old regions: 35->52
[2023-07-21T14:34:41.440+0700][gc,heap      ] GC(4) Humongous regions: 8->4
[2023-07-21T14:34:41.440+0700][gc,metaspace ] GC(4) Metaspace: 12433K(13312K)->12433K(13312K) NonClass: 10943K(11520K)->10943K(11520K) Class: 1489K(1792K)->1489K(1792K)
[2023-07-21T14:34:41.440+0700][gc           ] GC(4) Pause Young (Normal) (G1 Evacuation Pause) 101M->62M(192M) 24.853ms
[2023-07-21T14:34:41.440+0700][gc,cpu       ] GC(4) User=0.09s Sys=0.00s Real=0.02s
[2023-07-21T14:34:41.646+0700][gc,start     ] GC(5) Pause Young (Normal) (G1 Evacuation Pause)
[2023-07-21T14:34:41.646+0700][gc,task      ] GC(5) Using 4 workers of 8 for evacuation
[2023-07-21T14:34:41.683+0700][gc,phases    ] GC(5)   Pre Evacuate Collection Set: 0.0ms
[2023-07-21T14:34:41.683+0700][gc,phases    ] GC(5)   Evacuate Collection Set: 36.2ms
[2023-07-21T14:34:41.683+0700][gc,phases    ] GC(5)   Post Evacuate Collection Set: 0.4ms
[2023-07-21T14:34:41.683+0700][gc,phases    ] GC(5)   Other: 0.5ms
[2023-07-21T14:34:41.683+0700][gc,heap      ] GC(5) Eden regions: 88->0(84)
[2023-07-21T14:34:41.683+0700][gc,heap      ] GC(5) Survivor regions: 8->12(12)
[2023-07-21T14:34:41.683+0700][gc,heap      ] GC(5) Old regions: 52->76
[2023-07-21T14:34:41.683+0700][gc,heap      ] GC(5) Humongous regions: 6->6
[2023-07-21T14:34:41.683+0700][gc,metaspace ] GC(5) Metaspace: 12769K(13568K)->12769K(13568K) NonClass: 11252K(11776K)->11252K(11776K) Class: 1516K(1792K)->1516K(1792K)
[2023-07-21T14:34:41.683+0700][gc           ] GC(5) Pause Young (Normal) (G1 Evacuation Pause) 152M->92M(192M) 37.244ms
[2023-07-21T14:34:41.683+0700][gc,cpu       ] GC(5) User=0.16s Sys=0.00s Real=0.03s
[2023-07-21T14:34:41.730+0700][gc,start     ] GC(6) Pause Young (Normal) (GCLocker Initiated GC)
[2023-07-21T14:34:41.730+0700][gc,task      ] GC(6) Using 4 workers of 8 for evacuation
[2023-07-21T14:34:41.740+0700][gc,phases    ] GC(6)   Pre Evacuate Collection Set: 0.0ms
[2023-07-21T14:34:41.740+0700][gc,phases    ] GC(6)   Evacuate Collection Set: 9.5ms
[2023-07-21T14:34:41.740+0700][gc,phases    ] GC(6)   Post Evacuate Collection Set: 0.3ms
[2023-07-21T14:34:41.740+0700][gc,phases    ] GC(6)   Other: 0.1ms
[2023-07-21T14:34:41.740+0700][gc,heap      ] GC(6) Eden regions: 84->0(92)
[2023-07-21T14:34:41.740+0700][gc,heap      ] GC(6) Survivor regions: 12->6(12)
[2023-07-21T14:34:41.740+0700][gc,heap      ] GC(6) Old regions: 76->89
[2023-07-21T14:34:41.740+0700][gc,heap      ] GC(6) Humongous regions: 6->6
[2023-07-21T14:34:41.740+0700][gc,metaspace ] GC(6) Metaspace: 12781K(13568K)->12781K(13568K) NonClass: 11263K(11776K)->11263K(11776K) Class: 1518K(1792K)->1518K(1792K)
[2023-07-21T14:34:41.740+0700][gc           ] GC(6) Pause Young (Normal) (GCLocker Initiated GC) 176M->99M(197M) 9.994ms
[2023-07-21T14:34:41.740+0700][gc,cpu       ] GC(6) User=0.05s Sys=0.00s Real=0.01s
[2023-07-21T14:34:41.790+0700][gc,start     ] GC(7) Pause Young (Concurrent Start) (GCLocker Initiated GC)
[2023-07-21T14:34:41.790+0700][gc,task      ] GC(7) Using 4 workers of 8 for evacuation
[2023-07-21T14:34:41.796+0700][gc,phases    ] GC(7)   Pre Evacuate Collection Set: 0.1ms
[2023-07-21T14:34:41.796+0700][gc,phases    ] GC(7)   Evacuate Collection Set: 5.6ms
[2023-07-21T14:34:41.796+0700][gc,phases    ] GC(7)   Post Evacuate Collection Set: 0.3ms
[2023-07-21T14:34:41.796+0700][gc,phases    ] GC(7)   Other: 0.3ms
[2023-07-21T14:34:41.796+0700][gc,heap      ] GC(7) Eden regions: 93->0(93)
[2023-07-21T14:34:41.796+0700][gc,heap      ] GC(7) Survivor regions: 6->8(13)
[2023-07-21T14:34:41.796+0700][gc,heap      ] GC(7) Old regions: 89->89
[2023-07-21T14:34:41.796+0700][gc,heap      ] GC(7) Humongous regions: 6->6
[2023-07-21T14:34:41.796+0700][gc,metaspace ] GC(7) Metaspace: 12799K(13568K)->12799K(13568K) NonClass: 11281K(11776K)->11281K(11776K) Class: 1518K(1792K)->1518K(1792K)
[2023-07-21T14:34:41.796+0700][gc           ] GC(7) Pause Young (Concurrent Start) (GCLocker Initiated GC) 191M->101M(202M) 6.258ms
[2023-07-21T14:34:41.796+0700][gc,cpu       ] GC(7) User=0.04s Sys=0.00s Real=0.01s
[2023-07-21T14:34:41.796+0700][gc           ] GC(8) Concurrent Cycle
[2023-07-21T14:34:41.796+0700][gc,marking   ] GC(8) Concurrent Clear Claimed Marks
[2023-07-21T14:34:41.797+0700][gc,marking   ] GC(8) Concurrent Clear Claimed Marks 0.056ms
[2023-07-21T14:34:41.797+0700][gc,marking   ] GC(8) Concurrent Scan Root Regions
[2023-07-21T14:34:41.799+0700][gc,marking   ] GC(8) Concurrent Scan Root Regions 2.641ms
[2023-07-21T14:34:41.799+0700][gc,marking   ] GC(8) Concurrent Mark (1.676s)
[2023-07-21T14:34:41.799+0700][gc,marking   ] GC(8) Concurrent Mark From Roots
[2023-07-21T14:34:41.799+0700][gc,task      ] GC(8) Using 2 workers of 2 for marking
[2023-07-21T14:34:41.857+0700][gc,start     ] GC(9) Pause Young (Normal) (G1 Evacuation Pause)
[2023-07-21T14:34:41.857+0700][gc,task      ] GC(9) Using 4 workers of 8 for evacuation
[2023-07-21T14:34:41.865+0700][gc,phases    ] GC(9)   Pre Evacuate Collection Set: 0.0ms
[2023-07-21T14:34:41.865+0700][gc,phases    ] GC(9)   Evacuate Collection Set: 6.1ms
[2023-07-21T14:34:41.865+0700][gc,phases    ] GC(9)   Post Evacuate Collection Set: 1.3ms
[2023-07-21T14:34:41.865+0700][gc,phases    ] GC(9)   Other: 0.2ms
[2023-07-21T14:34:41.865+0700][gc,heap      ] GC(9) Eden regions: 93->0(201)
[2023-07-21T14:34:41.865+0700][gc,heap      ] GC(9) Survivor regions: 8->10(13)
[2023-07-21T14:34:41.865+0700][gc,heap      ] GC(9) Old regions: 89->94
[2023-07-21T14:34:41.865+0700][gc,heap      ] GC(9) Humongous regions: 6->6
[2023-07-21T14:34:41.865+0700][gc,metaspace ] GC(9) Metaspace: 12814K(13568K)->12814K(13568K) NonClass: 11295K(11776K)->11295K(11776K) Class: 1519K(1792K)->1519K(1792K)
[2023-07-21T14:34:41.865+0700][gc           ] GC(9) Pause Young (Normal) (G1 Evacuation Pause) 194M->107M(422M) 7.640ms
[2023-07-21T14:34:41.865+0700][gc,cpu       ] GC(9) User=0.04s Sys=0.01s Real=0.01s
[2023-07-21T14:34:41.951+0700][gc,marking   ] GC(8) Concurrent Mark From Roots 151.970ms
[2023-07-21T14:34:41.951+0700][gc,marking   ] GC(8) Concurrent Preclean
[2023-07-21T14:34:41.951+0700][gc,marking   ] GC(8) Concurrent Preclean 0.195ms
[2023-07-21T14:34:41.951+0700][gc,marking   ] GC(8) Concurrent Mark (1.676s, 1.828s) 152.222ms
[2023-07-21T14:34:41.955+0700][gc,start     ] GC(8) Pause Remark
[2023-07-21T14:34:41.971+0700][gc,stringtable] GC(8) Cleaned string and symbol table, strings: 6978 processed, 34 removed, symbols: 36176 processed, 33 removed
[2023-07-21T14:34:41.972+0700][gc            ] GC(8) Pause Remark 244M->242M(422M) 17.009ms
[2023-07-21T14:34:41.972+0700][gc,cpu        ] GC(8) User=0.09s Sys=0.01s Real=0.01s
[2023-07-21T14:34:41.972+0700][gc,marking    ] GC(8) Concurrent Rebuild Remembered Sets
[2023-07-21T14:34:42.020+0700][gc,start      ] GC(10) Pause Young (Normal) (G1 Evacuation Pause)
[2023-07-21T14:34:42.020+0700][gc,task       ] GC(10) Using 8 workers of 8 for evacuation
[2023-07-21T14:34:42.029+0700][gc,phases     ] GC(10)   Pre Evacuate Collection Set: 0.0ms
[2023-07-21T14:34:42.029+0700][gc,phases     ] GC(10)   Evacuate Collection Set: 8.6ms
[2023-07-21T14:34:42.029+0700][gc,phases     ] GC(10)   Post Evacuate Collection Set: 0.4ms
[2023-07-21T14:34:42.029+0700][gc,phases     ] GC(10)   Other: 0.5ms
[2023-07-21T14:34:42.029+0700][gc,heap       ] GC(10) Eden regions: 201->0(194)
[2023-07-21T14:34:42.029+0700][gc,heap       ] GC(10) Survivor regions: 10->17(27)
[2023-07-21T14:34:42.029+0700][gc,heap       ] GC(10) Old regions: 93->93
[2023-07-21T14:34:42.029+0700][gc,heap       ] GC(10) Humongous regions: 5->5
[2023-07-21T14:34:42.029+0700][gc,metaspace  ] GC(10) Metaspace: 12826K(13568K)->12826K(13568K) NonClass: 11307K(11776K)->11307K(11776K) Class: 1518K(1792K)->1518K(1792K)
[2023-07-21T14:34:42.030+0700][gc            ] GC(10) Pause Young (Normal) (G1 Evacuation Pause) 306M->112M(422M) 9.535ms
[2023-07-21T14:34:42.030+0700][gc,cpu        ] GC(10) User=0.04s Sys=0.04s Real=0.01s
[2023-07-21T14:34:42.049+0700][gc,marking    ] GC(8) Concurrent Rebuild Remembered Sets 77.182ms
[2023-07-21T14:34:42.049+0700][gc,start      ] GC(8) Pause Cleanup
[2023-07-21T14:34:42.050+0700][gc            ] GC(8) Pause Cleanup 142M->142M(422M) 0.277ms
[2023-07-21T14:34:42.050+0700][gc,cpu        ] GC(8) User=0.00s Sys=0.00s Real=0.00s
[2023-07-21T14:34:42.050+0700][gc,marking    ] GC(8) Concurrent Cleanup for Next Mark
[2023-07-21T14:34:42.052+0700][gc,marking    ] GC(8) Concurrent Cleanup for Next Mark 1.909ms
[2023-07-21T14:34:42.052+0700][gc            ] GC(8) Concurrent Cycle 255.122ms
[2023-07-21T14:34:42.101+0700][gc,start      ] GC(11) Pause Young (Normal) (GCLocker Initiated GC)
[2023-07-21T14:34:42.101+0700][gc,task       ] GC(11) Using 8 workers of 8 for evacuation
[2023-07-21T14:34:42.108+0700][gc,phases     ] GC(11)   Pre Evacuate Collection Set: 0.0ms
[2023-07-21T14:34:42.108+0700][gc,phases     ] GC(11)   Evacuate Collection Set: 6.7ms
[2023-07-21T14:34:42.108+0700][gc,phases     ] GC(11)   Post Evacuate Collection Set: 0.4ms
[2023-07-21T14:34:42.108+0700][gc,phases     ] GC(11)   Other: 0.2ms
[2023-07-21T14:34:42.108+0700][gc,heap       ] GC(11) Eden regions: 196->0(189)
[2023-07-21T14:34:42.108+0700][gc,heap       ] GC(11) Survivor regions: 17->22(27)
[2023-07-21T14:34:42.108+0700][gc,heap       ] GC(11) Old regions: 93->96
[2023-07-21T14:34:42.108+0700][gc,heap       ] GC(11) Humongous regions: 5->5
[2023-07-21T14:34:42.108+0700][gc,metaspace  ] GC(11) Metaspace: 12827K(13568K)->12827K(13568K) NonClass: 11308K(11776K)->11308K(11776K) Class: 1518K(1792K)->1518K(1792K)
[2023-07-21T14:34:42.108+0700][gc            ] GC(11) Pause Young (Normal) (GCLocker Initiated GC) 307M->120M(422M) 7.317ms
[2023-07-21T14:34:42.108+0700][gc,cpu        ] GC(11) User=0.05s Sys=0.01s Real=0.01s
[2023-07-21T14:34:42.193+0700][gc,start      ] GC(12) Pause Young (Normal) (GCLocker Initiated GC)
[2023-07-21T14:34:42.193+0700][gc,task       ] GC(12) Using 8 workers of 8 for evacuation
[2023-07-21T14:34:42.203+0700][gc,phases     ] GC(12)   Pre Evacuate Collection Set: 0.0ms
[2023-07-21T14:34:42.203+0700][gc,phases     ] GC(12)   Evacuate Collection Set: 9.0ms
[2023-07-21T14:34:42.203+0700][gc,phases     ] GC(12)   Post Evacuate Collection Set: 0.4ms
[2023-07-21T14:34:42.203+0700][gc,phases     ] GC(12)   Other: 0.2ms
[2023-07-21T14:34:42.203+0700][gc,heap       ] GC(12) Eden regions: 190->0(195)
[2023-07-21T14:34:42.203+0700][gc,heap       ] GC(12) Survivor regions: 22->16(27)
[2023-07-21T14:34:42.203+0700][gc,heap       ] GC(12) Old regions: 96->109
[2023-07-21T14:34:42.203+0700][gc,heap       ] GC(12) Humongous regions: 5->5
[2023-07-21T14:34:42.203+0700][gc,metaspace  ] GC(12) Metaspace: 12833K(13568K)->12833K(13568K) NonClass: 11315K(11776K)->11315K(11776K) Class: 1518K(1792K)->1518K(1792K)
[2023-07-21T14:34:42.203+0700][gc            ] GC(12) Pause Young (Normal) (GCLocker Initiated GC) 309M->127M(422M) 9.653ms
[2023-07-21T14:34:42.203+0700][gc,cpu        ] GC(12) User=0.07s Sys=0.00s Real=0.01s
[2023-07-21T14:34:42.278+0700][gc,start      ] GC(13) Pause Young (Normal) (G1 Evacuation Pause)
[2023-07-21T14:34:42.278+0700][gc,task       ] GC(13) Using 8 workers of 8 for evacuation
[2023-07-21T14:34:42.293+0700][gc,phases     ] GC(13)   Pre Evacuate Collection Set: 0.0ms
[2023-07-21T14:34:42.294+0700][gc,phases     ] GC(13)   Evacuate Collection Set: 13.8ms
[2023-07-21T14:34:42.294+0700][gc,phases     ] GC(13)   Post Evacuate Collection Set: 1.2ms
[2023-07-21T14:34:42.294+0700][gc,phases     ] GC(13)   Other: 0.2ms
[2023-07-21T14:34:42.294+0700][gc,heap       ] GC(13) Eden regions: 195->0(283)
[2023-07-21T14:34:42.294+0700][gc,heap       ] GC(13) Survivor regions: 16->17(27)
[2023-07-21T14:34:42.294+0700][gc,heap       ] GC(13) Old regions: 109->116
[2023-07-21T14:34:42.294+0700][gc,heap       ] GC(13) Humongous regions: 5->5
[2023-07-21T14:34:42.294+0700][gc,metaspace  ] GC(13) Metaspace: 12833K(13568K)->12833K(13568K) NonClass: 11315K(11776K)->11315K(11776K) Class: 1518K(1792K)->1518K(1792K)
[2023-07-21T14:34:42.294+0700][gc            ] GC(13) Pause Young (Normal) (G1 Evacuation Pause) 322M->135M(601M) 15.270ms
[2023-07-21T14:34:42.294+0700][gc,cpu        ] GC(13) User=0.09s Sys=0.00s Real=0.02s
[2023-07-21T14:34:42.430+0700][gc,start      ] GC(14) Pause Young (Normal) (GCLocker Initiated GC)
[2023-07-21T14:34:42.430+0700][gc,task       ] GC(14) Using 8 workers of 8 for evacuation
[2023-07-21T14:34:42.443+0700][gc,phases     ] GC(14)   Pre Evacuate Collection Set: 0.0ms
[2023-07-21T14:34:42.443+0700][gc,phases     ] GC(14)   Evacuate Collection Set: 12.9ms
[2023-07-21T14:34:42.443+0700][gc,phases     ] GC(14)   Post Evacuate Collection Set: 0.4ms
[2023-07-21T14:34:42.443+0700][gc,phases     ] GC(14)   Other: 0.2ms
[2023-07-21T14:34:42.443+0700][gc,heap       ] GC(14) Eden regions: 284->0(270)
[2023-07-21T14:34:42.443+0700][gc,heap       ] GC(14) Survivor regions: 17->30(38)
[2023-07-21T14:34:42.443+0700][gc,heap       ] GC(14) Old regions: 116->116
[2023-07-21T14:34:42.443+0700][gc,heap       ] GC(14) Humongous regions: 6->6
[2023-07-21T14:34:42.443+0700][gc,metaspace  ] GC(14) Metaspace: 12837K(13568K)->12837K(13568K) NonClass: 11318K(11776K)->11318K(11776K) Class: 1518K(1792K)->1518K(1792K)
[2023-07-21T14:34:42.443+0700][gc            ] GC(14) Pause Young (Normal) (GCLocker Initiated GC) 419M->149M(601M) 13.530ms
[2023-07-21T14:34:42.443+0700][gc,cpu        ] GC(14) User=0.09s Sys=0.00s Real=0.01s
[2023-07-21T14:34:42.539+0700][gc,start      ] GC(15) Pause Young (Normal) (GCLocker Initiated GC)
[2023-07-21T14:34:42.539+0700][gc,task       ] GC(15) Using 8 workers of 8 for evacuation
[2023-07-21T14:34:42.550+0700][gc,phases     ] GC(15)   Pre Evacuate Collection Set: 0.0ms
[2023-07-21T14:34:42.550+0700][gc,phases     ] GC(15)   Evacuate Collection Set: 10.7ms
[2023-07-21T14:34:42.550+0700][gc,phases     ] GC(15)   Post Evacuate Collection Set: 0.4ms
[2023-07-21T14:34:42.550+0700][gc,phases     ] GC(15)   Other: 0.1ms
[2023-07-21T14:34:42.550+0700][gc,heap       ] GC(15) Eden regions: 271->0(271)
[2023-07-21T14:34:42.550+0700][gc,heap       ] GC(15) Survivor regions: 30->29(38)
[2023-07-21T14:34:42.550+0700][gc,heap       ] GC(15) Old regions: 116->131
[2023-07-21T14:34:42.550+0700][gc,heap       ] GC(15) Humongous regions: 6->6
[2023-07-21T14:34:42.550+0700][gc,metaspace  ] GC(15) Metaspace: 12837K(13568K)->12837K(13568K) NonClass: 11318K(11776K)->11318K(11776K) Class: 1518K(1792K)->1518K(1792K)
[2023-07-21T14:34:42.550+0700][gc            ] GC(15) Pause Young (Normal) (GCLocker Initiated GC) 420M->164M(601M) 11.317ms
[2023-07-21T14:34:42.550+0700][gc,cpu        ] GC(15) User=0.09s Sys=0.00s Real=0.01s
[2023-07-21T14:34:42.644+0700][gc,start      ] GC(16) Pause Young (Normal) (GCLocker Initiated GC)
[2023-07-21T14:34:42.644+0700][gc,task       ] GC(16) Using 8 workers of 8 for evacuation
[2023-07-21T14:34:42.655+0700][gc,phases     ] GC(16)   Pre Evacuate Collection Set: 0.0ms
[2023-07-21T14:34:42.655+0700][gc,phases     ] GC(16)   Evacuate Collection Set: 10.8ms
[2023-07-21T14:34:42.655+0700][gc,phases     ] GC(16)   Post Evacuate Collection Set: 0.5ms
[2023-07-21T14:34:42.655+0700][gc,phases     ] GC(16)   Other: 0.2ms
[2023-07-21T14:34:42.655+0700][gc,heap       ] GC(16) Eden regions: 272->0(270)
[2023-07-21T14:34:42.655+0700][gc,heap       ] GC(16) Survivor regions: 29->30(38)
[2023-07-21T14:34:42.655+0700][gc,heap       ] GC(16) Old regions: 131->144
[2023-07-21T14:34:42.655+0700][gc,heap       ] GC(16) Humongous regions: 13->6
[2023-07-21T14:34:42.655+0700][gc,metaspace  ] GC(16) Metaspace: 12837K(13568K)->12837K(13568K) NonClass: 11318K(11776K)->11318K(11776K) Class: 1518K(1792K)->1518K(1792K)
[2023-07-21T14:34:42.655+0700][gc            ] GC(16) Pause Young (Normal) (GCLocker Initiated GC) 442M->178M(601M) 11.506ms
[2023-07-21T14:34:42.655+0700][gc,cpu        ] GC(16) User=0.08s Sys=0.00s Real=0.01s
[2023-07-21T14:34:42.729+0700][gc,start      ] GC(17) Pause Young (Normal) (GCLocker Initiated GC)
[2023-07-21T14:34:42.729+0700][gc,task       ] GC(17) Using 8 workers of 8 for evacuation
[2023-07-21T14:34:42.743+0700][gc,phases     ] GC(17)   Pre Evacuate Collection Set: 0.0ms
[2023-07-21T14:34:42.743+0700][gc,phases     ] GC(17)   Evacuate Collection Set: 10.7ms
[2023-07-21T14:34:42.743+0700][gc,phases     ] GC(17)   Post Evacuate Collection Set: 3.4ms
[2023-07-21T14:34:42.744+0700][gc,phases     ] GC(17)   Other: 0.2ms
[2023-07-21T14:34:42.744+0700][gc,heap       ] GC(17) Eden regions: 271->0(523)
[2023-07-21T14:34:42.744+0700][gc,heap       ] GC(17) Survivor regions: 30->25(38)
[2023-07-21T14:34:42.744+0700][gc,heap       ] GC(17) Old regions: 144->160
[2023-07-21T14:34:42.744+0700][gc,heap       ] GC(17) Humongous regions: 7->6
[2023-07-21T14:34:42.744+0700][gc,metaspace  ] GC(17) Metaspace: 12838K(13568K)->12838K(13568K) NonClass: 11320K(11776K)->11320K(11776K) Class: 1518K(1792K)->1518K(1792K)
[2023-07-21T14:34:42.744+0700][gc            ] GC(17) Pause Young (Normal) (GCLocker Initiated GC) 449M->188M(1096M) 14.413ms
[2023-07-21T14:34:42.744+0700][gc,cpu        ] GC(17) User=0.11s Sys=0.00s Real=0.01s
[2023-07-21T14:34:42.961+0700][gc,start      ] GC(18) Pause Young (Normal) (GCLocker Initiated GC)
[2023-07-21T14:34:42.961+0700][gc,task       ] GC(18) Using 8 workers of 8 for evacuation
[2023-07-21T14:34:42.978+0700][gc,phases     ] GC(18)   Pre Evacuate Collection Set: 0.0ms
[2023-07-21T14:34:42.978+0700][gc,phases     ] GC(18)   Evacuate Collection Set: 16.0ms
[2023-07-21T14:34:42.978+0700][gc,phases     ] GC(18)   Post Evacuate Collection Set: 0.8ms
[2023-07-21T14:34:42.978+0700][gc,phases     ] GC(18)   Other: 0.3ms
[2023-07-21T14:34:42.978+0700][gc,heap       ] GC(18) Eden regions: 524->0(502)
[2023-07-21T14:34:42.978+0700][gc,heap       ] GC(18) Survivor regions: 25->46(69)
[2023-07-21T14:34:42.978+0700][gc,heap       ] GC(18) Old regions: 160->160
[2023-07-21T14:34:42.978+0700][gc,heap       ] GC(18) Humongous regions: 9->8
[2023-07-21T14:34:42.978+0700][gc,metaspace  ] GC(18) Metaspace: 12858K(13568K)->12858K(13568K) NonClass: 11337K(11776K)->11337K(11776K) Class: 1521K(1792K)->1521K(1792K)
[2023-07-21T14:34:42.978+0700][gc            ] GC(18) Pause Young (Normal) (GCLocker Initiated GC) 715M->212M(1096M) 17.207ms
[2023-07-21T14:34:42.978+0700][gc,cpu        ] GC(18) User=0.12s Sys=0.00s Real=0.02s
[2023-07-21T14:34:43.138+0700][gc,start      ] GC(19) Pause Young (Normal) (G1 Evacuation Pause)
[2023-07-21T14:34:43.138+0700][gc,task       ] GC(19) Using 8 workers of 8 for evacuation
[2023-07-21T14:34:43.164+0700][gc,phases     ] GC(19)   Pre Evacuate Collection Set: 0.0ms
[2023-07-21T14:34:43.164+0700][gc,phases     ] GC(19)   Evacuate Collection Set: 25.4ms
[2023-07-21T14:34:43.164+0700][gc,phases     ] GC(19)   Post Evacuate Collection Set: 0.6ms
[2023-07-21T14:34:43.164+0700][gc,phases     ] GC(19)   Other: 0.2ms
[2023-07-21T14:34:43.164+0700][gc,heap       ] GC(19) Eden regions: 502->0(503)
[2023-07-21T14:34:43.164+0700][gc,heap       ] GC(19) Survivor regions: 46->45(69)
[2023-07-21T14:34:43.164+0700][gc,heap       ] GC(19) Old regions: 160->173
[2023-07-21T14:34:43.164+0700][gc,heap       ] GC(19) Humongous regions: 8->8
[2023-07-21T14:34:43.164+0700][gc,metaspace  ] GC(19) Metaspace: 12858K(13568K)->12858K(13568K) NonClass: 11337K(11776K)->11337K(11776K) Class: 1521K(1792K)->1521K(1792K)
[2023-07-21T14:34:43.164+0700][gc            ] GC(19) Pause Young (Normal) (G1 Evacuation Pause) 714M->224M(1096M) 26.312ms
[2023-07-21T14:34:43.164+0700][gc,cpu        ] GC(19) User=0.20s Sys=0.00s Real=0.03s
[2023-07-21T14:34:43.272+0700][gc,start      ] GC(20) Pause Young (Normal) (GCLocker Initiated GC)
[2023-07-21T14:34:43.272+0700][gc,task       ] GC(20) Using 8 workers of 8 for evacuation
[2023-07-21T14:34:43.294+0700][gc,phases     ] GC(20)   Pre Evacuate Collection Set: 0.0ms
[2023-07-21T14:34:43.294+0700][gc,phases     ] GC(20)   Evacuate Collection Set: 20.7ms
[2023-07-21T14:34:43.294+0700][gc,phases     ] GC(20)   Post Evacuate Collection Set: 0.5ms
[2023-07-21T14:34:43.294+0700][gc,phases     ] GC(20)   Other: 0.2ms
[2023-07-21T14:34:43.294+0700][gc,heap       ] GC(20) Eden regions: 505->0(495)
[2023-07-21T14:34:43.294+0700][gc,heap       ] GC(20) Survivor regions: 45->53(69)
[2023-07-21T14:34:43.294+0700][gc,heap       ] GC(20) Old regions: 173->183
[2023-07-21T14:34:43.294+0700][gc,heap       ] GC(20) Humongous regions: 8->8
[2023-07-21T14:34:43.294+0700][gc,metaspace  ] GC(20) Metaspace: 12859K(13568K)->12859K(13568K) NonClass: 11337K(11776K)->11337K(11776K) Class: 1521K(1792K)->1521K(1792K)
[2023-07-21T14:34:43.294+0700][gc            ] GC(20) Pause Young (Normal) (GCLocker Initiated GC) 728M->242M(1096M) 21.498ms
[2023-07-21T14:34:43.294+0700][gc,cpu        ] GC(20) User=0.16s Sys=0.00s Real=0.03s
[2023-07-21T14:34:43.738+0700][gc,start      ] GC(21) Pause Young (Normal) (G1 Evacuation Pause)
[2023-07-21T14:34:43.738+0700][gc,task       ] GC(21) Using 8 workers of 8 for evacuation
[2023-07-21T14:34:43.769+0700][gc,phases     ] GC(21)   Pre Evacuate Collection Set: 0.0ms
[2023-07-21T14:34:43.769+0700][gc,phases     ] GC(21)   Evacuate Collection Set: 27.8ms
[2023-07-21T14:34:43.769+0700][gc,phases     ] GC(21)   Post Evacuate Collection Set: 2.6ms
[2023-07-21T14:34:43.769+0700][gc,phases     ] GC(21)   Other: 0.2ms
[2023-07-21T14:34:43.769+0700][gc,heap       ] GC(21) Eden regions: 495->0(688)
[2023-07-21T14:34:43.769+0700][gc,heap       ] GC(21) Survivor regions: 53->58(69)
[2023-07-21T14:34:43.769+0700][gc,heap       ] GC(21) Old regions: 183->191
[2023-07-21T14:34:43.769+0700][gc,heap       ] GC(21) Humongous regions: 9->9
[2023-07-21T14:34:43.769+0700][gc,metaspace  ] GC(21) Metaspace: 14417K(15232K)->14417K(15232K) NonClass: 12707K(13312K)->12707K(13312K) Class: 1710K(1920K)->1710K(1920K)
[2023-07-21T14:34:43.769+0700][gc            ] GC(21) Pause Young (Normal) (G1 Evacuation Pause) 738M->256M(1492M) 30.706ms
[2023-07-21T14:34:43.769+0700][gc,cpu        ] GC(21) User=0.22s Sys=0.00s Real=0.03s
[2023-07-21T14:34:44.202+0700][gc,start      ] GC(22) Pause Young (Concurrent Start) (Metadata GC Threshold)
[2023-07-21T14:34:44.202+0700][gc,task       ] GC(22) Using 8 workers of 8 for evacuation
[2023-07-21T14:34:44.238+0700][gc,phases     ] GC(22)   Pre Evacuate Collection Set: 0.1ms
[2023-07-21T14:34:44.238+0700][gc,phases     ] GC(22)   Evacuate Collection Set: 34.1ms
[2023-07-21T14:34:44.238+0700][gc,phases     ] GC(22)   Post Evacuate Collection Set: 1.8ms
[2023-07-21T14:34:44.238+0700][gc,phases     ] GC(22)   Other: 0.2ms
[2023-07-21T14:34:44.238+0700][gc,heap       ] GC(22) Eden regions: 67->0(740)
[2023-07-21T14:34:44.238+0700][gc,heap       ] GC(22) Survivor regions: 58->6(94)
[2023-07-21T14:34:44.238+0700][gc,heap       ] GC(22) Old regions: 191->246
[2023-07-21T14:34:44.238+0700][gc,heap       ] GC(22) Humongous regions: 9->9
[2023-07-21T14:34:44.238+0700][gc,metaspace  ] GC(22) Metaspace: 21865K(22616K)->21865K(22616K) NonClass: 19249K(19712K)->19249K(19712K) Class: 2616K(2904K)->2616K(2904K)
[2023-07-21T14:34:44.238+0700][gc            ] GC(22) Pause Young (Concurrent Start) (Metadata GC Threshold) 323M->258M(1492M) 36.283ms
[2023-07-21T14:34:44.238+0700][gc,cpu        ] GC(22) User=0.28s Sys=0.00s Real=0.04s
[2023-07-21T14:34:44.238+0700][gc            ] GC(23) Concurrent Cycle
[2023-07-21T14:34:44.238+0700][gc,marking    ] GC(23) Concurrent Clear Claimed Marks
[2023-07-21T14:34:44.238+0700][gc,marking    ] GC(23) Concurrent Clear Claimed Marks 0.080ms
[2023-07-21T14:34:44.238+0700][gc,marking    ] GC(23) Concurrent Scan Root Regions
[2023-07-21T14:34:44.240+0700][gc,marking    ] GC(23) Concurrent Scan Root Regions 1.243ms
[2023-07-21T14:34:44.240+0700][gc,marking    ] GC(23) Concurrent Mark (4.116s)
[2023-07-21T14:34:44.240+0700][gc,marking    ] GC(23) Concurrent Mark From Roots
[2023-07-21T14:34:44.240+0700][gc,task       ] GC(23) Using 2 workers of 2 for marking
[2023-07-21T14:34:44.326+0700][gc,marking    ] GC(23) Concurrent Mark From Roots 86.191ms
[2023-07-21T14:34:44.326+0700][gc,marking    ] GC(23) Concurrent Preclean
[2023-07-21T14:34:44.326+0700][gc,marking    ] GC(23) Concurrent Preclean 0.132ms
[2023-07-21T14:34:44.326+0700][gc,marking    ] GC(23) Concurrent Mark (4.116s, 4.202s) 86.380ms
[2023-07-21T14:34:44.326+0700][gc,start      ] GC(23) Pause Remark
[2023-07-21T14:34:44.330+0700][gc,stringtable] GC(23) Cleaned string and symbol table, strings: 9649 processed, 0 removed, symbols: 64342 processed, 24 removed
[2023-07-21T14:34:44.331+0700][gc            ] GC(23) Pause Remark 271M->259M(1492M) 4.380ms
[2023-07-21T14:34:44.331+0700][gc,cpu        ] GC(23) User=0.01s Sys=0.00s Real=0.00s
[2023-07-21T14:34:44.331+0700][gc,marking    ] GC(23) Concurrent Rebuild Remembered Sets
[2023-07-21T14:34:44.404+0700][gc,marking    ] GC(23) Concurrent Rebuild Remembered Sets 73.364ms
[2023-07-21T14:34:44.404+0700][gc,start      ] GC(23) Pause Cleanup
[2023-07-21T14:34:44.405+0700][gc            ] GC(23) Pause Cleanup 268M->268M(1492M) 0.488ms
[2023-07-21T14:34:44.405+0700][gc,cpu        ] GC(23) User=0.00s Sys=0.00s Real=0.00s
[2023-07-21T14:34:44.405+0700][gc,marking    ] GC(23) Concurrent Cleanup for Next Mark
[2023-07-21T14:34:44.409+0700][gc,marking    ] GC(23) Concurrent Cleanup for Next Mark 4.383ms
[2023-07-21T14:34:44.409+0700][gc            ] GC(23) Concurrent Cycle 170.990ms
[2023-07-21T14:34:45.009+0700][gc,start      ] GC(24) Pause Young (Prepare Mixed) (Metadata GC Threshold)
[2023-07-21T14:34:45.009+0700][gc,task       ] GC(24) Using 8 workers of 8 for evacuation
[2023-07-21T14:34:45.015+0700][gc,phases     ] GC(24)   Pre Evacuate Collection Set: 0.1ms
[2023-07-21T14:34:45.015+0700][gc,phases     ] GC(24)   Evacuate Collection Set: 3.5ms
[2023-07-21T14:34:45.015+0700][gc,phases     ] GC(24)   Post Evacuate Collection Set: 1.7ms
[2023-07-21T14:34:45.015+0700][gc,phases     ] GC(24)   Other: 0.3ms
[2023-07-21T14:34:45.015+0700][gc,heap       ] GC(24) Eden regions: 123->0(738)
[2023-07-21T14:34:45.015+0700][gc,heap       ] GC(24) Survivor regions: 6->8(94)
[2023-07-21T14:34:45.015+0700][gc,heap       ] GC(24) Old regions: 239->239
[2023-07-21T14:34:45.015+0700][gc,heap       ] GC(24) Humongous regions: 4->4
[2023-07-21T14:34:45.015+0700][gc,metaspace  ] GC(24) Metaspace: 37942K(39152K)->37942K(39152K) NonClass: 33564K(34304K)->33564K(34304K) Class: 4377K(4848K)->4377K(4848K)
[2023-07-21T14:34:45.015+0700][gc            ] GC(24) Pause Young (Prepare Mixed) (Metadata GC Threshold) 368M->248M(1492M) 5.680ms
[2023-07-21T14:34:45.015+0700][gc,cpu        ] GC(24) User=0.04s Sys=0.00s Real=0.01s
[2023-07-21T14:34:45.039+0700][gc,start      ] GC(25) Pause Young (Mixed) (Metadata GC Threshold)
[2023-07-21T14:34:45.039+0700][gc,task       ] GC(25) Using 8 workers of 8 for evacuation
[2023-07-21T14:34:45.049+0700][gc,phases     ] GC(25)   Pre Evacuate Collection Set: 0.1ms
[2023-07-21T14:34:45.049+0700][gc,phases     ] GC(25)   Evacuate Collection Set: 9.0ms
[2023-07-21T14:34:45.049+0700][gc,phases     ] GC(25)   Post Evacuate Collection Set: 0.7ms
[2023-07-21T14:34:45.049+0700][gc,phases     ] GC(25)   Other: 0.1ms
[2023-07-21T14:34:45.049+0700][gc,heap       ] GC(25) Eden regions: 9->0(738)
[2023-07-21T14:34:45.049+0700][gc,heap       ] GC(25) Survivor regions: 8->8(94)
[2023-07-21T14:34:45.049+0700][gc,heap       ] GC(25) Old regions: 239->220
[2023-07-21T14:34:45.049+0700][gc,heap       ] GC(25) Humongous regions: 4->4
[2023-07-21T14:34:45.049+0700][gc,metaspace  ] GC(25) Metaspace: 38350K(39560K)->38350K(39560K) NonClass: 33921K(34712K)->33921K(34712K) Class: 4428K(4848K)->4428K(4848K)
[2023-07-21T14:34:45.049+0700][gc            ] GC(25) Pause Young (Mixed) (Metadata GC Threshold) 257M->229M(1492M) 10.040ms
[2023-07-21T14:34:45.049+0700][gc,cpu        ] GC(25) User=0.07s Sys=0.00s Real=0.01s
[2023-07-21T14:34:45.076+0700][gc,start      ] GC(26) Pause Young (Mixed) (Metadata GC Threshold)
[2023-07-21T14:34:45.076+0700][gc,task       ] GC(26) Using 8 workers of 8 for evacuation
[2023-07-21T14:34:45.089+0700][gc,phases     ] GC(26)   Pre Evacuate Collection Set: 0.1ms
[2023-07-21T14:34:45.089+0700][gc,phases     ] GC(26)   Evacuate Collection Set: 12.2ms
[2023-07-21T14:34:45.089+0700][gc,phases     ] GC(26)   Post Evacuate Collection Set: 0.7ms
[2023-07-21T14:34:45.089+0700][gc,phases     ] GC(26)   Other: 0.1ms
[2023-07-21T14:34:45.089+0700][gc,heap       ] GC(26) Eden regions: 6->0(738)
[2023-07-21T14:34:45.089+0700][gc,heap       ] GC(26) Survivor regions: 8->8(94)
[2023-07-21T14:34:45.089+0700][gc,heap       ] GC(26) Old regions: 220->200
[2023-07-21T14:34:45.089+0700][gc,heap       ] GC(26) Humongous regions: 4->4
[2023-07-21T14:34:45.089+0700][gc,metaspace  ] GC(26) Metaspace: 38601K(39892K)->38601K(39892K) NonClass: 34143K(34968K)->34143K(34968K) Class: 4458K(4924K)->4458K(4924K)
[2023-07-21T14:34:45.089+0700][gc            ] GC(26) Pause Young (Mixed) (Metadata GC Threshold) 235M->209M(1492M) 13.190ms
[2023-07-21T14:34:45.089+0700][gc,cpu        ] GC(26) User=0.08s Sys=0.00s Real=0.01s
[2023-07-21T14:34:45.108+0700][gc,start      ] GC(27) Pause Young (Mixed) (Metadata GC Threshold)
[2023-07-21T14:34:45.108+0700][gc,task       ] GC(27) Using 8 workers of 8 for evacuation
[2023-07-21T14:34:45.114+0700][gc,phases     ] GC(27)   Pre Evacuate Collection Set: 0.1ms
[2023-07-21T14:34:45.114+0700][gc,phases     ] GC(27)   Evacuate Collection Set: 4.8ms
[2023-07-21T14:34:45.114+0700][gc,phases     ] GC(27)   Post Evacuate Collection Set: 0.6ms
[2023-07-21T14:34:45.114+0700][gc,phases     ] GC(27)   Other: 0.2ms
[2023-07-21T14:34:45.114+0700][gc,heap       ] GC(27) Eden regions: 3->0(738)
[2023-07-21T14:34:45.114+0700][gc,heap       ] GC(27) Survivor regions: 8->8(94)
[2023-07-21T14:34:45.114+0700][gc,heap       ] GC(27) Old regions: 200->197
[2023-07-21T14:34:45.114+0700][gc,heap       ] GC(27) Humongous regions: 4->4
[2023-07-21T14:34:45.114+0700][gc,metaspace  ] GC(27) Metaspace: 38897K(40224K)->38897K(40224K) NonClass: 34413K(35224K)->34413K(35224K) Class: 4483K(5000K)->4483K(5000K)
[2023-07-21T14:34:45.114+0700][gc            ] GC(27) Pause Young (Mixed) (Metadata GC Threshold) 212M->206M(1492M) 5.682ms
[2023-07-21T14:34:45.114+0700][gc,cpu        ] GC(27) User=0.02s Sys=0.01s Real=0.01s
[2023-07-21T14:34:45.134+0700][gc,start      ] GC(28) Pause Young (Concurrent Start) (Metadata GC Threshold)
[2023-07-21T14:34:45.134+0700][gc,task       ] GC(28) Using 8 workers of 8 for evacuation
[2023-07-21T14:34:45.139+0700][gc,phases     ] GC(28)   Pre Evacuate Collection Set: 0.1ms
[2023-07-21T14:34:45.139+0700][gc,phases     ] GC(28)   Evacuate Collection Set: 4.7ms
[2023-07-21T14:34:45.139+0700][gc,phases     ] GC(28)   Post Evacuate Collection Set: 0.6ms
[2023-07-21T14:34:45.139+0700][gc,phases     ] GC(28)   Other: 0.2ms
[2023-07-21T14:34:45.139+0700][gc,heap       ] GC(28) Eden regions: 3->0(738)
[2023-07-21T14:34:45.139+0700][gc,heap       ] GC(28) Survivor regions: 8->8(94)
[2023-07-21T14:34:45.139+0700][gc,heap       ] GC(28) Old regions: 197->197
[2023-07-21T14:34:45.139+0700][gc,heap       ] GC(28) Humongous regions: 4->4
[2023-07-21T14:34:45.139+0700][gc,metaspace  ] GC(28) Metaspace: 39191K(40480K)->39191K(40480K) NonClass: 34654K(35480K)->34654K(35480K) Class: 4536K(5000K)->4536K(5000K)
[2023-07-21T14:34:45.139+0700][gc            ] GC(28) Pause Young (Concurrent Start) (Metadata GC Threshold) 209M->206M(1492M) 5.643ms
[2023-07-21T14:34:45.139+0700][gc,cpu        ] GC(28) User=0.02s Sys=0.00s Real=0.00s
[2023-07-21T14:34:45.140+0700][gc            ] GC(29) Concurrent Cycle
[2023-07-21T14:34:45.140+0700][gc,marking    ] GC(29) Concurrent Clear Claimed Marks
[2023-07-21T14:34:45.140+0700][gc,marking    ] GC(29) Concurrent Clear Claimed Marks 0.050ms
[2023-07-21T14:34:45.140+0700][gc,marking    ] GC(29) Concurrent Scan Root Regions
[2023-07-21T14:34:45.142+0700][gc,marking    ] GC(29) Concurrent Scan Root Regions 2.154ms
[2023-07-21T14:34:45.142+0700][gc,marking    ] GC(29) Concurrent Mark (5.018s)
[2023-07-21T14:34:45.142+0700][gc,marking    ] GC(29) Concurrent Mark From Roots
[2023-07-21T14:34:45.142+0700][gc,task       ] GC(29) Using 2 workers of 2 for marking
[2023-07-21T14:34:45.237+0700][gc,marking    ] GC(29) Concurrent Mark From Roots 94.853ms
[2023-07-21T14:34:45.237+0700][gc,marking    ] GC(29) Concurrent Preclean
[2023-07-21T14:34:45.237+0700][gc,marking    ] GC(29) Concurrent Preclean 0.072ms
[2023-07-21T14:34:45.237+0700][gc,marking    ] GC(29) Concurrent Mark (5.018s, 5.113s) 94.965ms
[2023-07-21T14:34:45.237+0700][gc,start      ] GC(29) Pause Remark
[2023-07-21T14:34:45.245+0700][gc,stringtable] GC(29) Cleaned string and symbol table, strings: 16941 processed, 3 removed, symbols: 105970 processed, 31 removed
[2023-07-21T14:34:45.246+0700][gc            ] GC(29) Pause Remark 216M->216M(1492M) 8.530ms
[2023-07-21T14:34:45.246+0700][gc,cpu        ] GC(29) User=0.05s Sys=0.00s Real=0.01s
[2023-07-21T14:34:45.246+0700][gc,marking    ] GC(29) Concurrent Rebuild Remembered Sets
[2023-07-21T14:34:45.314+0700][gc,marking    ] GC(29) Concurrent Rebuild Remembered Sets 68.580ms
[2023-07-21T14:34:45.315+0700][gc,start      ] GC(29) Pause Cleanup
[2023-07-21T14:34:45.315+0700][gc            ] GC(29) Pause Cleanup 227M->227M(1492M) 0.496ms
[2023-07-21T14:34:45.315+0700][gc,cpu        ] GC(29) User=0.00s Sys=0.00s Real=0.00s
[2023-07-21T14:34:45.315+0700][gc,marking    ] GC(29) Concurrent Cleanup for Next Mark
[2023-07-21T14:34:45.320+0700][gc,marking    ] GC(29) Concurrent Cleanup for Next Mark 5.067ms
[2023-07-21T14:34:45.320+0700][gc            ] GC(29) Concurrent Cycle 180.749ms
[2023-07-21T14:38:14.223+0700][gc,heap,exit  ] Heap
[2023-07-21T14:38:14.223+0700][gc,heap,exit  ]  garbage-first heap   total 1527808K, used 518109K [0x0000000740000000, 0x0000000800000000)
[2023-07-21T14:38:14.223+0700][gc,heap,exit  ]   region size 1024K, 308 young (315392K), 8 survivors (8192K)
[2023-07-21T14:38:14.223+0700][gc,heap,exit  ]  Metaspace       used 62256K, capacity 64657K, committed 64928K, reserved 1105920K
[2023-07-21T14:38:14.223+0700][gc,heap,exit  ]   class space    used 7440K, capacity 8411K, committed 8456K, reserved 1048576K
