[2023-07-21T23:21:56.806+0700][gc,heap] Heap region size: 1M
[2023-07-21T23:21:56.808+0700][gc     ] Using G1
[2023-07-21T23:21:56.808+0700][gc,heap,coops] Heap address: 0x0000000740000000, size: 3072 MB, Compressed Oops mode: Zero based, Oop shift amount: 3
[2023-07-21T23:21:56.808+0700][gc,cds       ] Mark closed archive regions in map: [0x00000007fff00000, 0x00000007fff6aff8]
[2023-07-21T23:21:56.808+0700][gc,cds       ] Mark open archive regions in map: [0x00000007ffe00000, 0x00000007ffe46ff8]
[2023-07-21T23:21:57.615+0700][gc,start     ] GC(0) Pause Young (Normal) (G1 Evacuation Pause)
[2023-07-21T23:21:57.615+0700][gc,task      ] GC(0) Using 2 workers of 8 for evacuation
[2023-07-21T23:21:57.627+0700][gc,phases    ] GC(0)   Pre Evacuate Collection Set: 0.0ms
[2023-07-21T23:21:57.627+0700][gc,phases    ] GC(0)   Evacuate Collection Set: 11.1ms
[2023-07-21T23:21:57.627+0700][gc,phases    ] GC(0)   Post Evacuate Collection Set: 0.7ms
[2023-07-21T23:21:57.627+0700][gc,phases    ] GC(0)   Other: 0.3ms
[2023-07-21T23:21:57.627+0700][gc,heap      ] GC(0) Eden regions: 61->0(53)
[2023-07-21T23:21:57.627+0700][gc,heap      ] GC(0) Survivor regions: 0->8(8)
[2023-07-21T23:21:57.627+0700][gc,heap      ] GC(0) Old regions: 2->13
[2023-07-21T23:21:57.627+0700][gc,heap      ] GC(0) Humongous regions: 4->4
[2023-07-21T23:21:57.627+0700][gc,metaspace ] GC(0) Metaspace: 6795K(7296K)->6795K(7296K) NonClass: 6026K(6400K)->6026K(6400K) Class: 768K(896K)->768K(896K)
[2023-07-21T23:21:57.627+0700][gc           ] GC(0) Pause Young (Normal) (G1 Evacuation Pause) 65M->23M(124M) 12.112ms
[2023-07-21T23:21:57.627+0700][gc,cpu       ] GC(0) User=0.04s Sys=0.01s Real=0.01s
[2023-07-21T23:21:57.919+0700][gc,start     ] GC(1) Pause Young (Normal) (G1 Evacuation Pause)
[2023-07-21T23:21:57.919+0700][gc,task      ] GC(1) Using 2 workers of 8 for evacuation
[2023-07-21T23:21:57.926+0700][gc,phases    ] GC(1)   Pre Evacuate Collection Set: 0.0ms
[2023-07-21T23:21:57.926+0700][gc,phases    ] GC(1)   Evacuate Collection Set: 6.4ms
[2023-07-21T23:21:57.926+0700][gc,phases    ] GC(1)   Post Evacuate Collection Set: 0.3ms
[2023-07-21T23:21:57.926+0700][gc,phases    ] GC(1)   Other: 0.1ms
[2023-07-21T23:21:57.926+0700][gc,heap      ] GC(1) Eden regions: 53->0(59)
[2023-07-21T23:21:57.926+0700][gc,heap      ] GC(1) Survivor regions: 8->2(8)
[2023-07-21T23:21:57.926+0700][gc,heap      ] GC(1) Old regions: 13->21
[2023-07-21T23:21:57.926+0700][gc,heap      ] GC(1) Humongous regions: 4->4
[2023-07-21T23:21:57.926+0700][gc,metaspace ] GC(1) Metaspace: 10569K(11264K)->10569K(11264K) NonClass: 9289K(9728K)->9289K(9728K) Class: 1280K(1536K)->1280K(1536K)
[2023-07-21T23:21:57.926+0700][gc           ] GC(1) Pause Young (Normal) (G1 Evacuation Pause) 76M->24M(124M) 6.930ms
[2023-07-21T23:21:57.926+0700][gc,cpu       ] GC(1) User=0.01s Sys=0.00s Real=0.01s
[2023-07-21T23:21:58.164+0700][gc,start     ] GC(2) Pause Young (Normal) (G1 Evacuation Pause)
[2023-07-21T23:21:58.164+0700][gc,task      ] GC(2) Using 2 workers of 8 for evacuation
[2023-07-21T23:21:58.171+0700][gc,phases    ] GC(2)   Pre Evacuate Collection Set: 0.0ms
[2023-07-21T23:21:58.171+0700][gc,phases    ] GC(2)   Evacuate Collection Set: 6.7ms
[2023-07-21T23:21:58.171+0700][gc,phases    ] GC(2)   Post Evacuate Collection Set: 0.2ms
[2023-07-21T23:21:58.171+0700][gc,phases    ] GC(2)   Other: 0.1ms
[2023-07-21T23:21:58.171+0700][gc,heap      ] GC(2) Eden regions: 59->0(53)
[2023-07-21T23:21:58.171+0700][gc,heap      ] GC(2) Survivor regions: 2->8(8)
[2023-07-21T23:21:58.171+0700][gc,heap      ] GC(2) Old regions: 21->22
[2023-07-21T23:21:58.171+0700][gc,heap      ] GC(2) Humongous regions: 4->4
[2023-07-21T23:21:58.171+0700][gc,metaspace ] GC(2) Metaspace: 12278K(13056K)->12278K(13056K) NonClass: 10791K(11264K)->10791K(11264K) Class: 1486K(1792K)->1486K(1792K)
[2023-07-21T23:21:58.171+0700][gc           ] GC(2) Pause Young (Normal) (G1 Evacuation Pause) 83M->32M(124M) 7.110ms
[2023-07-21T23:21:58.171+0700][gc,cpu       ] GC(2) User=0.01s Sys=0.00s Real=0.01s
[2023-07-21T23:21:58.241+0700][gc,start     ] GC(3) Pause Young (Normal) (G1 Evacuation Pause)
[2023-07-21T23:21:58.241+0700][gc,task      ] GC(3) Using 2 workers of 8 for evacuation
[2023-07-21T23:21:58.258+0700][gc,phases    ] GC(3)   Pre Evacuate Collection Set: 0.0ms
[2023-07-21T23:21:58.258+0700][gc,phases    ] GC(3)   Evacuate Collection Set: 16.4ms
[2023-07-21T23:21:58.258+0700][gc,phases    ] GC(3)   Post Evacuate Collection Set: 0.4ms
[2023-07-21T23:21:58.258+0700][gc,phases    ] GC(3)   Other: 0.1ms
[2023-07-21T23:21:58.258+0700][gc,heap      ] GC(3) Eden regions: 53->0(53)
[2023-07-21T23:21:58.258+0700][gc,heap      ] GC(3) Survivor regions: 8->8(8)
[2023-07-21T23:21:58.258+0700][gc,heap      ] GC(3) Old regions: 22->34
[2023-07-21T23:21:58.258+0700][gc,heap      ] GC(3) Humongous regions: 7->6
[2023-07-21T23:21:58.258+0700][gc,metaspace ] GC(3) Metaspace: 12334K(13056K)->12334K(13056K) NonClass: 10848K(11264K)->10848K(11264K) Class: 1486K(1792K)->1486K(1792K)
[2023-07-21T23:21:58.258+0700][gc           ] GC(3) Pause Young (Normal) (G1 Evacuation Pause) 88M->46M(124M) 17.033ms
[2023-07-21T23:21:58.258+0700][gc,cpu       ] GC(3) User=0.05s Sys=0.01s Real=0.01s
[2023-07-21T23:21:58.366+0700][gc,start     ] GC(4) Pause Young (Normal) (G1 Evacuation Pause)
[2023-07-21T23:21:58.366+0700][gc,task      ] GC(4) Using 2 workers of 8 for evacuation
[2023-07-21T23:21:58.383+0700][gc,phases    ] GC(4)   Pre Evacuate Collection Set: 0.0ms
[2023-07-21T23:21:58.383+0700][gc,phases    ] GC(4)   Evacuate Collection Set: 16.7ms
[2023-07-21T23:21:58.383+0700][gc,phases    ] GC(4)   Post Evacuate Collection Set: 0.4ms
[2023-07-21T23:21:58.383+0700][gc,phases    ] GC(4)   Other: 0.1ms
[2023-07-21T23:21:58.383+0700][gc,heap      ] GC(4) Eden regions: 53->0(75)
[2023-07-21T23:21:58.383+0700][gc,heap      ] GC(4) Survivor regions: 8->8(8)
[2023-07-21T23:21:58.383+0700][gc,heap      ] GC(4) Old regions: 34->53
[2023-07-21T23:21:58.383+0700][gc,heap      ] GC(4) Humongous regions: 8->4
[2023-07-21T23:21:58.383+0700][gc,metaspace ] GC(4) Metaspace: 12460K(13312K)->12460K(13312K) NonClass: 10971K(11520K)->10971K(11520K) Class: 1489K(1792K)->1489K(1792K)
[2023-07-21T23:21:58.383+0700][gc           ] GC(4) Pause Young (Normal) (G1 Evacuation Pause) 101M->63M(167M) 17.227ms
[2023-07-21T23:21:58.383+0700][gc,cpu       ] GC(4) User=0.02s Sys=0.01s Real=0.02s
[2023-07-21T23:21:58.511+0700][gc,start     ] GC(5) Pause Young (Normal) (GCLocker Initiated GC)
[2023-07-21T23:21:58.511+0700][gc,task      ] GC(5) Using 4 workers of 8 for evacuation
[2023-07-21T23:21:58.541+0700][gc,phases    ] GC(5)   Pre Evacuate Collection Set: 0.0ms
[2023-07-21T23:21:58.541+0700][gc,phases    ] GC(5)   Evacuate Collection Set: 28.9ms
[2023-07-21T23:21:58.541+0700][gc,phases    ] GC(5)   Post Evacuate Collection Set: 0.3ms
[2023-07-21T23:21:58.541+0700][gc,phases    ] GC(5)   Other: 0.3ms
[2023-07-21T23:21:58.541+0700][gc,heap      ] GC(5) Eden regions: 75->0(77)
[2023-07-21T23:21:58.541+0700][gc,heap      ] GC(5) Survivor regions: 8->11(11)
[2023-07-21T23:21:58.541+0700][gc,heap      ] GC(5) Old regions: 53->77
[2023-07-21T23:21:58.541+0700][gc,heap      ] GC(5) Humongous regions: 6->6
[2023-07-21T23:21:58.541+0700][gc,metaspace ] GC(5) Metaspace: 12782K(13568K)->12782K(13568K) NonClass: 11265K(11776K)->11265K(11776K) Class: 1516K(1792K)->1516K(1792K)
[2023-07-21T23:21:58.541+0700][gc           ] GC(5) Pause Young (Normal) (GCLocker Initiated GC) 140M->92M(177M) 29.573ms
[2023-07-21T23:21:58.541+0700][gc,cpu       ] GC(5) User=0.12s Sys=0.01s Real=0.03s
[2023-07-21T23:21:58.588+0700][gc,start     ] GC(6) Pause Young (Concurrent Start) (GCLocker Initiated GC)
[2023-07-21T23:21:58.588+0700][gc,task      ] GC(6) Using 4 workers of 8 for evacuation
[2023-07-21T23:21:58.596+0700][gc,phases    ] GC(6)   Pre Evacuate Collection Set: 0.1ms
[2023-07-21T23:21:58.596+0700][gc,phases    ] GC(6)   Evacuate Collection Set: 7.9ms
[2023-07-21T23:21:58.596+0700][gc,phases    ] GC(6)   Post Evacuate Collection Set: 0.2ms
[2023-07-21T23:21:58.596+0700][gc,phases    ] GC(6)   Other: 0.2ms
[2023-07-21T23:21:58.596+0700][gc,heap      ] GC(6) Eden regions: 78->0(89)
[2023-07-21T23:21:58.596+0700][gc,heap      ] GC(6) Survivor regions: 11->6(11)
[2023-07-21T23:21:58.596+0700][gc,heap      ] GC(6) Old regions: 77->89
[2023-07-21T23:21:58.596+0700][gc,heap      ] GC(6) Humongous regions: 6->6
[2023-07-21T23:21:58.596+0700][gc,metaspace ] GC(6) Metaspace: 12832K(13568K)->12832K(13568K) NonClass: 11314K(11776K)->11314K(11776K) Class: 1518K(1792K)->1518K(1792K)
[2023-07-21T23:21:58.596+0700][gc           ] GC(6) Pause Young (Concurrent Start) (GCLocker Initiated GC) 169M->98M(190M) 8.450ms
[2023-07-21T23:21:58.596+0700][gc,cpu       ] GC(6) User=0.04s Sys=0.00s Real=0.01s
[2023-07-21T23:21:58.596+0700][gc           ] GC(7) Concurrent Cycle
[2023-07-21T23:21:58.596+0700][gc,marking   ] GC(7) Concurrent Clear Claimed Marks
[2023-07-21T23:21:58.596+0700][gc,marking   ] GC(7) Concurrent Clear Claimed Marks 0.052ms
[2023-07-21T23:21:58.596+0700][gc,marking   ] GC(7) Concurrent Scan Root Regions
[2023-07-21T23:21:58.616+0700][gc,marking   ] GC(7) Concurrent Scan Root Regions 19.277ms
[2023-07-21T23:21:58.616+0700][gc,marking   ] GC(7) Concurrent Mark (1.812s)
[2023-07-21T23:21:58.616+0700][gc,marking   ] GC(7) Concurrent Mark From Roots
[2023-07-21T23:21:58.616+0700][gc,task      ] GC(7) Using 2 workers of 2 for marking
[2023-07-21T23:21:58.643+0700][gc,start     ] GC(8) Pause Young (Normal) (G1 Evacuation Pause)
[2023-07-21T23:21:58.643+0700][gc,task      ] GC(8) Using 4 workers of 8 for evacuation
[2023-07-21T23:21:58.647+0700][gc,phases    ] GC(8)   Pre Evacuate Collection Set: 0.0ms
[2023-07-21T23:21:58.647+0700][gc,phases    ] GC(8)   Evacuate Collection Set: 3.3ms
[2023-07-21T23:21:58.647+0700][gc,phases    ] GC(8)   Post Evacuate Collection Set: 0.2ms
[2023-07-21T23:21:58.647+0700][gc,phases    ] GC(8)   Other: 0.1ms
[2023-07-21T23:21:58.647+0700][gc,heap      ] GC(8) Eden regions: 89->0(91)
[2023-07-21T23:21:58.647+0700][gc,heap      ] GC(8) Survivor regions: 6->8(12)
[2023-07-21T23:21:58.647+0700][gc,heap      ] GC(8) Old regions: 89->89
[2023-07-21T23:21:58.647+0700][gc,heap      ] GC(8) Humongous regions: 6->6
[2023-07-21T23:21:58.647+0700][gc,metaspace ] GC(8) Metaspace: 12853K(13568K)->12853K(13568K) NonClass: 11335K(11776K)->11335K(11776K) Class: 1518K(1792K)->1518K(1792K)
[2023-07-21T23:21:58.647+0700][gc           ] GC(8) Pause Young (Normal) (G1 Evacuation Pause) 187M->100M(198M) 3.738ms
[2023-07-21T23:21:58.647+0700][gc,cpu       ] GC(8) User=0.02s Sys=0.00s Real=0.00s
[2023-07-21T23:21:58.669+0700][gc,marking   ] GC(7) Concurrent Mark From Roots 53.814ms
[2023-07-21T23:21:58.669+0700][gc,marking   ] GC(7) Concurrent Preclean
[2023-07-21T23:21:58.670+0700][gc,marking   ] GC(7) Concurrent Preclean 0.193ms
[2023-07-21T23:21:58.670+0700][gc,marking   ] GC(7) Concurrent Mark (1.812s, 1.867s) 54.067ms
[2023-07-21T23:21:58.670+0700][gc,start     ] GC(7) Pause Remark
[2023-07-21T23:21:58.673+0700][gc,stringtable] GC(7) Cleaned string and symbol table, strings: 6978 processed, 34 removed, symbols: 36160 processed, 33 removed
[2023-07-21T23:21:58.673+0700][gc            ] GC(7) Pause Remark 130M->129M(198M) 3.080ms
[2023-07-21T23:21:58.673+0700][gc,cpu        ] GC(7) User=0.01s Sys=0.00s Real=0.00s
[2023-07-21T23:21:58.673+0700][gc,marking    ] GC(7) Concurrent Rebuild Remembered Sets
[2023-07-21T23:21:58.708+0700][gc,start      ] GC(9) Pause Young (Normal) (G1 Evacuation Pause)
[2023-07-21T23:21:58.708+0700][gc,task       ] GC(9) Using 4 workers of 8 for evacuation
[2023-07-21T23:21:58.714+0700][gc,phases     ] GC(9)   Pre Evacuate Collection Set: 0.0ms
[2023-07-21T23:21:58.714+0700][gc,phases     ] GC(9)   Evacuate Collection Set: 5.0ms
[2023-07-21T23:21:58.714+0700][gc,phases     ] GC(9)   Post Evacuate Collection Set: 1.0ms
[2023-07-21T23:21:58.714+0700][gc,phases     ] GC(9)   Other: 0.1ms
[2023-07-21T23:21:58.714+0700][gc,heap       ] GC(9) Eden regions: 91->0(160)
[2023-07-21T23:21:58.714+0700][gc,heap       ] GC(9) Survivor regions: 8->10(13)
[2023-07-21T23:21:58.714+0700][gc,heap       ] GC(9) Old regions: 89->93
[2023-07-21T23:21:58.714+0700][gc,heap       ] GC(9) Humongous regions: 5->5
[2023-07-21T23:21:58.714+0700][gc,metaspace  ] GC(9) Metaspace: 12858K(13568K)->12858K(13568K) NonClass: 11340K(11776K)->11340K(11776K) Class: 1518K(1792K)->1518K(1792K)
[2023-07-21T23:21:58.714+0700][gc            ] GC(9) Pause Young (Normal) (G1 Evacuation Pause) 190M->105M(340M) 6.151ms
[2023-07-21T23:21:58.714+0700][gc,cpu        ] GC(9) User=0.02s Sys=0.00s Real=0.01s
[2023-07-21T23:21:58.730+0700][gc,marking    ] GC(7) Concurrent Rebuild Remembered Sets 56.876ms
[2023-07-21T23:21:58.731+0700][gc,start      ] GC(7) Pause Cleanup
[2023-07-21T23:21:58.731+0700][gc            ] GC(7) Pause Cleanup 123M->123M(340M) 0.232ms
[2023-07-21T23:21:58.731+0700][gc,cpu        ] GC(7) User=0.00s Sys=0.00s Real=0.00s
[2023-07-21T23:21:58.731+0700][gc,marking    ] GC(7) Concurrent Cleanup for Next Mark
[2023-07-21T23:21:58.774+0700][gc,marking    ] GC(7) Concurrent Cleanup for Next Mark 42.523ms
[2023-07-21T23:21:58.774+0700][gc            ] GC(7) Concurrent Cycle 177.341ms
[2023-07-21T23:21:58.839+0700][gc,start      ] GC(10) Pause Young (Normal) (GCLocker Initiated GC)
[2023-07-21T23:21:58.839+0700][gc,task       ] GC(10) Using 8 workers of 8 for evacuation
[2023-07-21T23:21:58.848+0700][gc,phases     ] GC(10)   Pre Evacuate Collection Set: 0.0ms
[2023-07-21T23:21:58.848+0700][gc,phases     ] GC(10)   Evacuate Collection Set: 8.4ms
[2023-07-21T23:21:58.848+0700][gc,phases     ] GC(10)   Post Evacuate Collection Set: 0.4ms
[2023-07-21T23:21:58.848+0700][gc,phases     ] GC(10)   Other: 0.5ms
[2023-07-21T23:21:58.848+0700][gc,heap       ] GC(10) Eden regions: 161->0(154)
[2023-07-21T23:21:58.848+0700][gc,heap       ] GC(10) Survivor regions: 10->16(22)
[2023-07-21T23:21:58.848+0700][gc,heap       ] GC(10) Old regions: 93->93
[2023-07-21T23:21:58.848+0700][gc,heap       ] GC(10) Humongous regions: 5->5
[2023-07-21T23:21:58.848+0700][gc,metaspace  ] GC(10) Metaspace: 12862K(13568K)->12862K(13568K) NonClass: 11343K(11776K)->11343K(11776K) Class: 1518K(1792K)->1518K(1792K)
[2023-07-21T23:21:58.848+0700][gc            ] GC(10) Pause Young (Normal) (GCLocker Initiated GC) 265M->112M(340M) 9.405ms
[2023-07-21T23:21:58.848+0700][gc,cpu        ] GC(10) User=0.06s Sys=0.00s Real=0.01s
[2023-07-21T23:21:58.925+0700][gc,start      ] GC(11) Pause Young (Normal) (GCLocker Initiated GC)
[2023-07-21T23:21:58.925+0700][gc,task       ] GC(11) Using 8 workers of 8 for evacuation
[2023-07-21T23:21:58.931+0700][gc,phases     ] GC(11)   Pre Evacuate Collection Set: 0.0ms
[2023-07-21T23:21:58.931+0700][gc,phases     ] GC(11)   Evacuate Collection Set: 5.6ms
[2023-07-21T23:21:58.931+0700][gc,phases     ] GC(11)   Post Evacuate Collection Set: 0.3ms
[2023-07-21T23:21:58.931+0700][gc,phases     ] GC(11)   Other: 0.1ms
[2023-07-21T23:21:58.931+0700][gc,heap       ] GC(11) Eden regions: 154->0(156)
[2023-07-21T23:21:58.931+0700][gc,heap       ] GC(11) Survivor regions: 16->14(22)
[2023-07-21T23:21:58.931+0700][gc,heap       ] GC(11) Old regions: 93->101
[2023-07-21T23:21:58.931+0700][gc,heap       ] GC(11) Humongous regions: 5->5
[2023-07-21T23:21:58.931+0700][gc,metaspace  ] GC(11) Metaspace: 12866K(13568K)->12866K(13568K) NonClass: 11348K(11776K)->11348K(11776K) Class: 1518K(1792K)->1518K(1792K)
[2023-07-21T23:21:58.931+0700][gc            ] GC(11) Pause Young (Normal) (GCLocker Initiated GC) 266M->117M(340M) 6.099ms
[2023-07-21T23:21:58.931+0700][gc,cpu        ] GC(11) User=0.04s Sys=0.00s Real=0.01s
[2023-07-21T23:21:59.018+0700][gc,start      ] GC(12) Pause Young (Normal) (GCLocker Initiated GC)
[2023-07-21T23:21:59.018+0700][gc,task       ] GC(12) Using 8 workers of 8 for evacuation
[2023-07-21T23:21:59.024+0700][gc,phases     ] GC(12)   Pre Evacuate Collection Set: 0.0ms
[2023-07-21T23:21:59.024+0700][gc,phases     ] GC(12)   Evacuate Collection Set: 5.6ms
[2023-07-21T23:21:59.024+0700][gc,phases     ] GC(12)   Post Evacuate Collection Set: 0.3ms
[2023-07-21T23:21:59.024+0700][gc,phases     ] GC(12)   Other: 0.1ms
[2023-07-21T23:21:59.024+0700][gc,heap       ] GC(12) Eden regions: 156->0(157)
[2023-07-21T23:21:59.024+0700][gc,heap       ] GC(12) Survivor regions: 14->13(22)
[2023-07-21T23:21:59.024+0700][gc,heap       ] GC(12) Old regions: 101->108
[2023-07-21T23:21:59.024+0700][gc,heap       ] GC(12) Humongous regions: 5->5
[2023-07-21T23:21:59.024+0700][gc,metaspace  ] GC(12) Metaspace: 12866K(13568K)->12866K(13568K) NonClass: 11348K(11776K)->11348K(11776K) Class: 1518K(1792K)->1518K(1792K)
[2023-07-21T23:21:59.024+0700][gc            ] GC(12) Pause Young (Normal) (GCLocker Initiated GC) 273M->123M(340M) 6.160ms
[2023-07-21T23:21:59.024+0700][gc,cpu        ] GC(12) User=0.04s Sys=0.00s Real=0.01s
[2023-07-21T23:21:59.103+0700][gc,start      ] GC(13) Pause Young (Normal) (GCLocker Initiated GC)
[2023-07-21T23:21:59.103+0700][gc,task       ] GC(13) Using 8 workers of 8 for evacuation
[2023-07-21T23:21:59.111+0700][gc,phases     ] GC(13)   Pre Evacuate Collection Set: 0.0ms
[2023-07-21T23:21:59.111+0700][gc,phases     ] GC(13)   Evacuate Collection Set: 6.9ms
[2023-07-21T23:21:59.111+0700][gc,phases     ] GC(13)   Post Evacuate Collection Set: 1.4ms
[2023-07-21T23:21:59.111+0700][gc,phases     ] GC(13)   Other: 0.1ms
[2023-07-21T23:21:59.111+0700][gc,heap       ] GC(13) Eden regions: 157->0(216)
[2023-07-21T23:21:59.111+0700][gc,heap       ] GC(13) Survivor regions: 13->13(22)
[2023-07-21T23:21:59.111+0700][gc,heap       ] GC(13) Old regions: 108->114
[2023-07-21T23:21:59.111+0700][gc,heap       ] GC(13) Humongous regions: 5->5
[2023-07-21T23:21:59.111+0700][gc,metaspace  ] GC(13) Metaspace: 12866K(13568K)->12866K(13568K) NonClass: 11348K(11776K)->11348K(11776K) Class: 1518K(1792K)->1518K(1792K)
[2023-07-21T23:21:59.111+0700][gc            ] GC(13) Pause Young (Normal) (GCLocker Initiated GC) 280M->129M(459M) 8.504ms
[2023-07-21T23:21:59.111+0700][gc,cpu        ] GC(13) User=0.05s Sys=0.00s Real=0.01s
[2023-07-21T23:21:59.237+0700][gc,start      ] GC(14) Pause Young (Normal) (GCLocker Initiated GC)
[2023-07-21T23:21:59.237+0700][gc,task       ] GC(14) Using 8 workers of 8 for evacuation
[2023-07-21T23:21:59.245+0700][gc,phases     ] GC(14)   Pre Evacuate Collection Set: 0.0ms
[2023-07-21T23:21:59.245+0700][gc,phases     ] GC(14)   Evacuate Collection Set: 7.4ms
[2023-07-21T23:21:59.245+0700][gc,phases     ] GC(14)   Post Evacuate Collection Set: 0.4ms
[2023-07-21T23:21:59.245+0700][gc,phases     ] GC(14)   Other: 0.2ms
[2023-07-21T23:21:59.245+0700][gc,heap       ] GC(14) Eden regions: 217->0(207)
[2023-07-21T23:21:59.245+0700][gc,heap       ] GC(14) Survivor regions: 13->22(29)
[2023-07-21T23:21:59.245+0700][gc,heap       ] GC(14) Old regions: 114->114
[2023-07-21T23:21:59.245+0700][gc,heap       ] GC(14) Humongous regions: 5->5
[2023-07-21T23:21:59.245+0700][gc,metaspace  ] GC(14) Metaspace: 12868K(13568K)->12868K(13568K) NonClass: 11349K(11776K)->11349K(11776K) Class: 1518K(1792K)->1518K(1792K)
[2023-07-21T23:21:59.245+0700][gc            ] GC(14) Pause Young (Normal) (GCLocker Initiated GC) 346M->138M(459M) 8.154ms
[2023-07-21T23:21:59.245+0700][gc,cpu        ] GC(14) User=0.07s Sys=0.00s Real=0.01s
[2023-07-21T23:21:59.360+0700][gc,start      ] GC(15) Pause Young (Normal) (G1 Evacuation Pause)
[2023-07-21T23:21:59.360+0700][gc,task       ] GC(15) Using 8 workers of 8 for evacuation
[2023-07-21T23:21:59.370+0700][gc,phases     ] GC(15)   Pre Evacuate Collection Set: 0.0ms
[2023-07-21T23:21:59.370+0700][gc,phases     ] GC(15)   Evacuate Collection Set: 9.1ms
[2023-07-21T23:21:59.370+0700][gc,phases     ] GC(15)   Post Evacuate Collection Set: 0.3ms
[2023-07-21T23:21:59.370+0700][gc,phases     ] GC(15)   Other: 0.2ms
[2023-07-21T23:21:59.370+0700][gc,heap       ] GC(15) Eden regions: 207->0(209)
[2023-07-21T23:21:59.370+0700][gc,heap       ] GC(15) Survivor regions: 22->20(29)
[2023-07-21T23:21:59.370+0700][gc,heap       ] GC(15) Old regions: 114->125
[2023-07-21T23:21:59.370+0700][gc,heap       ] GC(15) Humongous regions: 6->6
[2023-07-21T23:21:59.370+0700][gc,metaspace  ] GC(15) Metaspace: 12868K(13568K)->12868K(13568K) NonClass: 11349K(11776K)->11349K(11776K) Class: 1518K(1792K)->1518K(1792K)
[2023-07-21T23:21:59.370+0700][gc            ] GC(15) Pause Young (Normal) (G1 Evacuation Pause) 346M->149M(459M) 9.641ms
[2023-07-21T23:21:59.370+0700][gc,cpu        ] GC(15) User=0.05s Sys=0.00s Real=0.01s
[2023-07-21T23:21:59.469+0700][gc,start      ] GC(16) Pause Young (Normal) (GCLocker Initiated GC)
[2023-07-21T23:21:59.469+0700][gc,task       ] GC(16) Using 8 workers of 8 for evacuation
[2023-07-21T23:21:59.477+0700][gc,phases     ] GC(16)   Pre Evacuate Collection Set: 0.0ms
[2023-07-21T23:21:59.477+0700][gc,phases     ] GC(16)   Evacuate Collection Set: 7.5ms
[2023-07-21T23:21:59.477+0700][gc,phases     ] GC(16)   Post Evacuate Collection Set: 0.4ms
[2023-07-21T23:21:59.477+0700][gc,phases     ] GC(16)   Other: 0.1ms
[2023-07-21T23:21:59.477+0700][gc,heap       ] GC(16) Eden regions: 209->0(208)
[2023-07-21T23:21:59.477+0700][gc,heap       ] GC(16) Survivor regions: 20->21(29)
[2023-07-21T23:21:59.477+0700][gc,heap       ] GC(16) Old regions: 125->135
[2023-07-21T23:21:59.477+0700][gc,heap       ] GC(16) Humongous regions: 6->6
[2023-07-21T23:21:59.477+0700][gc,metaspace  ] GC(16) Metaspace: 12868K(13568K)->12868K(13568K) NonClass: 11349K(11776K)->11349K(11776K) Class: 1518K(1792K)->1518K(1792K)
[2023-07-21T23:21:59.477+0700][gc            ] GC(16) Pause Young (Normal) (GCLocker Initiated GC) 358M->159M(459M) 8.068ms
[2023-07-21T23:21:59.477+0700][gc,cpu        ] GC(16) User=0.07s Sys=0.00s Real=0.01s
[2023-07-21T23:21:59.572+0700][gc,start      ] GC(17) Pause Young (Normal) (GCLocker Initiated GC)
[2023-07-21T23:21:59.572+0700][gc,task       ] GC(17) Using 8 workers of 8 for evacuation
[2023-07-21T23:21:59.584+0700][gc,phases     ] GC(17)   Pre Evacuate Collection Set: 0.0ms
[2023-07-21T23:21:59.584+0700][gc,phases     ] GC(17)   Evacuate Collection Set: 9.0ms
[2023-07-21T23:21:59.584+0700][gc,phases     ] GC(17)   Post Evacuate Collection Set: 2.9ms
[2023-07-21T23:21:59.584+0700][gc,phases     ] GC(17)   Other: 0.2ms
[2023-07-21T23:21:59.584+0700][gc,heap       ] GC(17) Eden regions: 209->0(397)
[2023-07-21T23:21:59.584+0700][gc,heap       ] GC(17) Survivor regions: 21->26(29)
[2023-07-21T23:21:59.584+0700][gc,heap       ] GC(17) Old regions: 135->145
[2023-07-21T23:21:59.584+0700][gc,heap       ] GC(17) Humongous regions: 13->6
[2023-07-21T23:21:59.584+0700][gc,metaspace  ] GC(17) Metaspace: 12882K(13568K)->12882K(13568K) NonClass: 11362K(11776K)->11362K(11776K) Class: 1520K(1792K)->1520K(1792K)
[2023-07-21T23:21:59.584+0700][gc            ] GC(17) Pause Young (Normal) (GCLocker Initiated GC) 374M->174M(846M) 12.090ms
[2023-07-21T23:21:59.584+0700][gc,cpu        ] GC(17) User=0.06s Sys=0.00s Real=0.01s
[2023-07-21T23:21:59.813+0700][gc,start      ] GC(18) Pause Young (Normal) (GCLocker Initiated GC)
[2023-07-21T23:21:59.813+0700][gc,task       ] GC(18) Using 8 workers of 8 for evacuation
[2023-07-21T23:21:59.826+0700][gc,phases     ] GC(18)   Pre Evacuate Collection Set: 0.0ms
[2023-07-21T23:21:59.826+0700][gc,phases     ] GC(18)   Evacuate Collection Set: 12.3ms
[2023-07-21T23:21:59.826+0700][gc,phases     ] GC(18)   Post Evacuate Collection Set: 0.6ms
[2023-07-21T23:21:59.826+0700][gc,phases     ] GC(18)   Other: 0.2ms
[2023-07-21T23:21:59.826+0700][gc,heap       ] GC(18) Eden regions: 398->0(384)
[2023-07-21T23:21:59.826+0700][gc,heap       ] GC(18) Survivor regions: 26->39(53)
[2023-07-21T23:21:59.826+0700][gc,heap       ] GC(18) Old regions: 145->145
[2023-07-21T23:21:59.826+0700][gc,heap       ] GC(18) Humongous regions: 6->6
[2023-07-21T23:21:59.826+0700][gc,metaspace  ] GC(18) Metaspace: 12882K(13568K)->12882K(13568K) NonClass: 11362K(11776K)->11362K(11776K) Class: 1520K(1792K)->1520K(1792K)
[2023-07-21T23:21:59.826+0700][gc            ] GC(18) Pause Young (Normal) (GCLocker Initiated GC) 572M->187M(846M) 13.192ms
[2023-07-21T23:21:59.826+0700][gc,cpu        ] GC(18) User=0.10s Sys=0.00s Real=0.01s
[2023-07-21T23:21:59.955+0700][gc,start      ] GC(19) Pause Young (Normal) (GCLocker Initiated GC)
[2023-07-21T23:21:59.955+0700][gc,task       ] GC(19) Using 8 workers of 8 for evacuation
[2023-07-21T23:21:59.967+0700][gc,phases     ] GC(19)   Pre Evacuate Collection Set: 0.0ms
[2023-07-21T23:21:59.968+0700][gc,phases     ] GC(19)   Evacuate Collection Set: 12.3ms
[2023-07-21T23:21:59.968+0700][gc,phases     ] GC(19)   Post Evacuate Collection Set: 0.5ms
[2023-07-21T23:21:59.968+0700][gc,phases     ] GC(19)   Other: 0.1ms
[2023-07-21T23:21:59.968+0700][gc,heap       ] GC(19) Eden regions: 386->0(393)
[2023-07-21T23:21:59.968+0700][gc,heap       ] GC(19) Survivor regions: 39->30(53)
[2023-07-21T23:21:59.968+0700][gc,heap       ] GC(19) Old regions: 145->169
[2023-07-21T23:21:59.968+0700][gc,heap       ] GC(19) Humongous regions: 7->6
[2023-07-21T23:21:59.968+0700][gc,metaspace  ] GC(19) Metaspace: 12888K(13568K)->12888K(13568K) NonClass: 11366K(11776K)->11366K(11776K) Class: 1521K(1792K)->1521K(1792K)
[2023-07-21T23:21:59.968+0700][gc            ] GC(19) Pause Young (Normal) (GCLocker Initiated GC) 574M->202M(846M) 12.979ms
[2023-07-21T23:21:59.968+0700][gc,cpu        ] GC(19) User=0.10s Sys=0.01s Real=0.01s
[2023-07-21T23:22:00.170+0700][gc,start      ] GC(20) Pause Young (Normal) (GCLocker Initiated GC)
[2023-07-21T23:22:00.170+0700][gc,task       ] GC(20) Using 8 workers of 8 for evacuation
[2023-07-21T23:22:00.191+0700][gc,phases     ] GC(20)   Pre Evacuate Collection Set: 0.0ms
[2023-07-21T23:22:00.191+0700][gc,phases     ] GC(20)   Evacuate Collection Set: 19.6ms
[2023-07-21T23:22:00.191+0700][gc,phases     ] GC(20)   Post Evacuate Collection Set: 0.6ms
[2023-07-21T23:22:00.191+0700][gc,phases     ] GC(20)   Other: 0.2ms
[2023-07-21T23:22:00.191+0700][gc,heap       ] GC(20) Eden regions: 394->0(391)
[2023-07-21T23:22:00.191+0700][gc,heap       ] GC(20) Survivor regions: 30->32(53)
[2023-07-21T23:22:00.191+0700][gc,heap       ] GC(20) Old regions: 169->182
[2023-07-21T23:22:00.191+0700][gc,heap       ] GC(20) Humongous regions: 9->8
[2023-07-21T23:22:00.191+0700][gc,metaspace  ] GC(20) Metaspace: 12888K(13568K)->12888K(13568K) NonClass: 11366K(11776K)->11366K(11776K) Class: 1521K(1792K)->1521K(1792K)
[2023-07-21T23:22:00.191+0700][gc            ] GC(20) Pause Young (Normal) (GCLocker Initiated GC) 599M->220M(846M) 20.596ms
[2023-07-21T23:22:00.191+0700][gc,cpu        ] GC(20) User=0.12s Sys=0.00s Real=0.02s
[2023-07-21T23:22:00.367+0700][gc,start      ] GC(21) Pause Young (Normal) (GCLocker Initiated GC)
[2023-07-21T23:22:00.367+0700][gc,task       ] GC(21) Using 8 workers of 8 for evacuation
[2023-07-21T23:22:00.380+0700][gc,phases     ] GC(21)   Pre Evacuate Collection Set: 0.0ms
[2023-07-21T23:22:00.380+0700][gc,phases     ] GC(21)   Evacuate Collection Set: 9.4ms
[2023-07-21T23:22:00.380+0700][gc,phases     ] GC(21)   Post Evacuate Collection Set: 3.3ms
[2023-07-21T23:22:00.380+0700][gc,phases     ] GC(21)   Other: 0.1ms
[2023-07-21T23:22:00.380+0700][gc,heap       ] GC(21) Eden regions: 392->0(620)
[2023-07-21T23:22:00.380+0700][gc,heap       ] GC(21) Survivor regions: 32->26(53)
[2023-07-21T23:22:00.380+0700][gc,heap       ] GC(21) Old regions: 182->199
[2023-07-21T23:22:00.380+0700][gc,heap       ] GC(21) Humongous regions: 8->8
[2023-07-21T23:22:00.380+0700][gc,metaspace  ] GC(21) Metaspace: 12888K(13568K)->12888K(13568K) NonClass: 11366K(11776K)->11366K(11776K) Class: 1521K(1792K)->1521K(1792K)
[2023-07-21T23:22:00.380+0700][gc            ] GC(21) Pause Young (Normal) (GCLocker Initiated GC) 611M->230M(1292M) 12.966ms
[2023-07-21T23:22:00.380+0700][gc,cpu        ] GC(21) User=0.07s Sys=0.00s Real=0.02s
[2023-07-21T23:22:00.841+0700][gc,start      ] GC(22) Pause Young (Normal) (GCLocker Initiated GC)
[2023-07-21T23:22:00.841+0700][gc,task       ] GC(22) Using 8 workers of 8 for evacuation
[2023-07-21T23:22:00.858+0700][gc,phases     ] GC(22)   Pre Evacuate Collection Set: 0.0ms
[2023-07-21T23:22:00.858+0700][gc,phases     ] GC(22)   Evacuate Collection Set: 16.6ms
[2023-07-21T23:22:00.858+0700][gc,phases     ] GC(22)   Post Evacuate Collection Set: 0.6ms
[2023-07-21T23:22:00.858+0700][gc,phases     ] GC(22)   Other: 0.3ms
[2023-07-21T23:22:00.858+0700][gc,heap       ] GC(22) Eden regions: 622->0(595)
[2023-07-21T23:22:00.858+0700][gc,heap       ] GC(22) Survivor regions: 26->51(81)
[2023-07-21T23:22:00.858+0700][gc,heap       ] GC(22) Old regions: 199->199
[2023-07-21T23:22:00.858+0700][gc,heap       ] GC(22) Humongous regions: 8->8
[2023-07-21T23:22:00.858+0700][gc,metaspace  ] GC(22) Metaspace: 12889K(13568K)->12889K(13568K) NonClass: 11367K(11776K)->11367K(11776K) Class: 1521K(1792K)->1521K(1792K)
[2023-07-21T23:22:00.858+0700][gc            ] GC(22) Pause Young (Normal) (GCLocker Initiated GC) 851M->255M(1292M) 17.595ms
[2023-07-21T23:22:00.858+0700][gc,cpu        ] GC(22) User=0.13s Sys=0.00s Real=0.01s
[2023-07-21T23:22:01.839+0700][gc,start      ] GC(23) Pause Young (Concurrent Start) (Metadata GC Threshold)
[2023-07-21T23:22:01.839+0700][gc,task       ] GC(23) Using 8 workers of 8 for evacuation
[2023-07-21T23:22:01.877+0700][gc,phases     ] GC(23)   Pre Evacuate Collection Set: 0.1ms
[2023-07-21T23:22:01.877+0700][gc,phases     ] GC(23)   Evacuate Collection Set: 36.5ms
[2023-07-21T23:22:01.877+0700][gc,phases     ] GC(23)   Post Evacuate Collection Set: 1.8ms
[2023-07-21T23:22:01.877+0700][gc,phases     ] GC(23)   Other: 0.2ms
[2023-07-21T23:22:01.877+0700][gc,heap       ] GC(23) Eden regions: 336->0(590)
[2023-07-21T23:22:01.877+0700][gc,heap       ] GC(23) Survivor regions: 51->56(81)
[2023-07-21T23:22:01.877+0700][gc,heap       ] GC(23) Old regions: 199->203
[2023-07-21T23:22:01.877+0700][gc,heap       ] GC(23) Humongous regions: 9->9
[2023-07-21T23:22:01.877+0700][gc,metaspace  ] GC(23) Metaspace: 21890K(22616K)->21890K(22616K) NonClass: 19274K(19712K)->19274K(19712K) Class: 2615K(2904K)->2615K(2904K)
[2023-07-21T23:22:01.877+0700][gc            ] GC(23) Pause Young (Concurrent Start) (Metadata GC Threshold) 592M->266M(1292M) 38.732ms
[2023-07-21T23:22:01.877+0700][gc,cpu        ] GC(23) User=0.29s Sys=0.01s Real=0.04s
[2023-07-21T23:22:01.878+0700][gc            ] GC(24) Concurrent Cycle
[2023-07-21T23:22:01.878+0700][gc,marking    ] GC(24) Concurrent Clear Claimed Marks
[2023-07-21T23:22:01.878+0700][gc,marking    ] GC(24) Concurrent Clear Claimed Marks 0.082ms
[2023-07-21T23:22:01.878+0700][gc,marking    ] GC(24) Concurrent Scan Root Regions
[2023-07-21T23:22:01.900+0700][gc,marking    ] GC(24) Concurrent Scan Root Regions 21.924ms
[2023-07-21T23:22:01.900+0700][gc,marking    ] GC(24) Concurrent Mark (5.096s)
[2023-07-21T23:22:01.900+0700][gc,marking    ] GC(24) Concurrent Mark From Roots
[2023-07-21T23:22:01.900+0700][gc,task       ] GC(24) Using 2 workers of 2 for marking
[2023-07-21T23:22:01.933+0700][gc,marking    ] GC(24) Concurrent Mark From Roots 33.101ms
[2023-07-21T23:22:01.933+0700][gc,marking    ] GC(24) Concurrent Preclean
[2023-07-21T23:22:01.933+0700][gc,marking    ] GC(24) Concurrent Preclean 0.072ms
[2023-07-21T23:22:01.933+0700][gc,marking    ] GC(24) Concurrent Mark (5.096s, 5.130s) 33.212ms
[2023-07-21T23:22:01.933+0700][gc,start      ] GC(24) Pause Remark
[2023-07-21T23:22:01.940+0700][gc,stringtable] GC(24) Cleaned string and symbol table, strings: 9568 processed, 0 removed, symbols: 63568 processed, 24 removed
[2023-07-21T23:22:01.941+0700][gc            ] GC(24) Pause Remark 274M->261M(1292M) 7.698ms
[2023-07-21T23:22:01.941+0700][gc,cpu        ] GC(24) User=0.05s Sys=0.00s Real=0.01s
[2023-07-21T23:22:01.941+0700][gc,marking    ] GC(24) Concurrent Rebuild Remembered Sets
[2023-07-21T23:22:01.970+0700][gc,marking    ] GC(24) Concurrent Rebuild Remembered Sets 29.513ms
[2023-07-21T23:22:01.973+0700][gc,start      ] GC(24) Pause Cleanup
[2023-07-21T23:22:01.973+0700][gc            ] GC(24) Pause Cleanup 266M->266M(1292M) 0.395ms
[2023-07-21T23:22:01.973+0700][gc,cpu        ] GC(24) User=0.01s Sys=0.00s Real=0.00s
[2023-07-21T23:22:01.973+0700][gc,marking    ] GC(24) Concurrent Cleanup for Next Mark
[2023-07-21T23:22:01.988+0700][gc,marking    ] GC(24) Concurrent Cleanup for Next Mark 14.823ms
[2023-07-21T23:22:01.988+0700][gc            ] GC(24) Concurrent Cycle 110.673ms
[2023-07-21T23:22:03.482+0700][gc,start      ] GC(25) Pause Young (Prepare Mixed) (Metadata GC Threshold)
[2023-07-21T23:22:03.482+0700][gc,task       ] GC(25) Using 8 workers of 8 for evacuation
[2023-07-21T23:22:03.505+0700][gc,phases     ] GC(25)   Pre Evacuate Collection Set: 0.0ms
[2023-07-21T23:22:03.505+0700][gc,phases     ] GC(25)   Evacuate Collection Set: 21.2ms
[2023-07-21T23:22:03.505+0700][gc,phases     ] GC(25)   Post Evacuate Collection Set: 1.7ms
[2023-07-21T23:22:03.506+0700][gc,phases     ] GC(25)   Other: 0.2ms
[2023-07-21T23:22:03.506+0700][gc,heap       ] GC(25) Eden regions: 122->0(639)
[2023-07-21T23:22:03.506+0700][gc,heap       ] GC(25) Survivor regions: 56->7(81)
[2023-07-21T23:22:03.506+0700][gc,heap       ] GC(25) Old regions: 194->244
[2023-07-21T23:22:03.506+0700][gc,heap       ] GC(25) Humongous regions: 5->5
[2023-07-21T23:22:03.506+0700][gc,metaspace  ] GC(25) Metaspace: 37925K(39152K)->37925K(39152K) NonClass: 33553K(34304K)->33553K(34304K) Class: 4372K(4848K)->4372K(4848K)
[2023-07-21T23:22:03.506+0700][gc            ] GC(25) Pause Young (Prepare Mixed) (Metadata GC Threshold) 375M->254M(1292M) 23.178ms
[2023-07-21T23:22:03.506+0700][gc,cpu        ] GC(25) User=0.17s Sys=0.00s Real=0.02s
[2023-07-21T23:22:03.538+0700][gc,start      ] GC(26) Pause Young (Mixed) (Metadata GC Threshold)
[2023-07-21T23:22:03.538+0700][gc,task       ] GC(26) Using 8 workers of 8 for evacuation
[2023-07-21T23:22:03.550+0700][gc,phases     ] GC(26)   Pre Evacuate Collection Set: 0.1ms
[2023-07-21T23:22:03.550+0700][gc,phases     ] GC(26)   Evacuate Collection Set: 10.7ms
[2023-07-21T23:22:03.550+0700][gc,phases     ] GC(26)   Post Evacuate Collection Set: 0.6ms
[2023-07-21T23:22:03.550+0700][gc,phases     ] GC(26)   Other: 0.1ms
[2023-07-21T23:22:03.550+0700][gc,heap       ] GC(26) Eden regions: 9->0(640)
[2023-07-21T23:22:03.550+0700][gc,heap       ] GC(26) Survivor regions: 7->6(81)
[2023-07-21T23:22:03.550+0700][gc,heap       ] GC(26) Old regions: 244->228
[2023-07-21T23:22:03.550+0700][gc,heap       ] GC(26) Humongous regions: 5->5
[2023-07-21T23:22:03.550+0700][gc,metaspace  ] GC(26) Metaspace: 38336K(39560K)->38336K(39560K) NonClass: 33911K(34712K)->33911K(34712K) Class: 4425K(4848K)->4425K(4848K)
[2023-07-21T23:22:03.550+0700][gc            ] GC(26) Pause Young (Mixed) (Metadata GC Threshold) 262M->237M(1292M) 11.510ms
[2023-07-21T23:22:03.550+0700][gc,cpu        ] GC(26) User=0.08s Sys=0.00s Real=0.02s
[2023-07-21T23:22:03.591+0700][gc,start      ] GC(27) Pause Young (Mixed) (Metadata GC Threshold)
[2023-07-21T23:22:03.591+0700][gc,task       ] GC(27) Using 8 workers of 8 for evacuation
[2023-07-21T23:22:03.601+0700][gc,phases     ] GC(27)   Pre Evacuate Collection Set: 0.1ms
[2023-07-21T23:22:03.601+0700][gc,phases     ] GC(27)   Evacuate Collection Set: 7.3ms
[2023-07-21T23:22:03.601+0700][gc,phases     ] GC(27)   Post Evacuate Collection Set: 1.7ms
[2023-07-21T23:22:03.601+0700][gc,phases     ] GC(27)   Other: 0.2ms
[2023-07-21T23:22:03.601+0700][gc,heap       ] GC(27) Eden regions: 7->0(640)
[2023-07-21T23:22:03.601+0700][gc,heap       ] GC(27) Survivor regions: 6->6(81)
[2023-07-21T23:22:03.601+0700][gc,heap       ] GC(27) Old regions: 228->210
[2023-07-21T23:22:03.601+0700][gc,heap       ] GC(27) Humongous regions: 5->5
[2023-07-21T23:22:03.601+0700][gc,metaspace  ] GC(27) Metaspace: 38678K(39892K)->38678K(39892K) NonClass: 34212K(34968K)->34212K(34968K) Class: 4465K(4924K)->4465K(4924K)
[2023-07-21T23:22:03.601+0700][gc            ] GC(27) Pause Young (Mixed) (Metadata GC Threshold) 244M->218M(1292M) 9.473ms
[2023-07-21T23:22:03.601+0700][gc,cpu        ] GC(27) User=0.03s Sys=0.02s Real=0.01s
[2023-07-21T23:22:03.627+0700][gc,start      ] GC(28) Pause Young (Mixed) (Metadata GC Threshold)
[2023-07-21T23:22:03.627+0700][gc,task       ] GC(28) Using 8 workers of 8 for evacuation
[2023-07-21T23:22:03.633+0700][gc,phases     ] GC(28)   Pre Evacuate Collection Set: 0.1ms
[2023-07-21T23:22:03.633+0700][gc,phases     ] GC(28)   Evacuate Collection Set: 4.3ms
[2023-07-21T23:22:03.633+0700][gc,phases     ] GC(28)   Post Evacuate Collection Set: 0.7ms
[2023-07-21T23:22:03.633+0700][gc,phases     ] GC(28)   Other: 0.2ms
[2023-07-21T23:22:03.633+0700][gc,heap       ] GC(28) Eden regions: 4->0(640)
[2023-07-21T23:22:03.633+0700][gc,heap       ] GC(28) Survivor regions: 6->6(81)
[2023-07-21T23:22:03.633+0700][gc,heap       ] GC(28) Old regions: 210->191
[2023-07-21T23:22:03.633+0700][gc,heap       ] GC(28) Humongous regions: 5->5
[2023-07-21T23:22:03.633+0700][gc,metaspace  ] GC(28) Metaspace: 38904K(40224K)->38904K(40224K) NonClass: 34422K(35224K)->34422K(35224K) Class: 4482K(5000K)->4482K(5000K)
[2023-07-21T23:22:03.633+0700][gc            ] GC(28) Pause Young (Mixed) (Metadata GC Threshold) 222M->199M(1292M) 5.986ms
[2023-07-21T23:22:03.633+0700][gc,cpu        ] GC(28) User=0.03s Sys=0.00s Real=0.01s
[2023-07-21T23:22:03.664+0700][gc,start      ] GC(29) Pause Young (Concurrent Start) (Metadata GC Threshold)
[2023-07-21T23:22:03.664+0700][gc,task       ] GC(29) Using 8 workers of 8 for evacuation
[2023-07-21T23:22:03.669+0700][gc,phases     ] GC(29)   Pre Evacuate Collection Set: 0.2ms
[2023-07-21T23:22:03.669+0700][gc,phases     ] GC(29)   Evacuate Collection Set: 4.5ms
[2023-07-21T23:22:03.669+0700][gc,phases     ] GC(29)   Post Evacuate Collection Set: 0.5ms
[2023-07-21T23:22:03.669+0700][gc,phases     ] GC(29)   Other: 0.2ms
[2023-07-21T23:22:03.669+0700][gc,heap       ] GC(29) Eden regions: 3->0(640)
[2023-07-21T23:22:03.669+0700][gc,heap       ] GC(29) Survivor regions: 6->6(81)
[2023-07-21T23:22:03.669+0700][gc,heap       ] GC(29) Old regions: 191->191
[2023-07-21T23:22:03.669+0700][gc,heap       ] GC(29) Humongous regions: 5->5
[2023-07-21T23:22:03.669+0700][gc,metaspace  ] GC(29) Metaspace: 39292K(40556K)->39292K(40556K) NonClass: 34748K(35480K)->34748K(35480K) Class: 4543K(5076K)->4543K(5076K)
[2023-07-21T23:22:03.670+0700][gc            ] GC(29) Pause Young (Concurrent Start) (Metadata GC Threshold) 202M->199M(1292M) 5.621ms
[2023-07-21T23:22:03.670+0700][gc,cpu        ] GC(29) User=0.03s Sys=0.00s Real=0.01s
[2023-07-21T23:22:03.670+0700][gc            ] GC(30) Concurrent Cycle
[2023-07-21T23:22:03.670+0700][gc,marking    ] GC(30) Concurrent Clear Claimed Marks
[2023-07-21T23:22:03.670+0700][gc,marking    ] GC(30) Concurrent Clear Claimed Marks 0.066ms
[2023-07-21T23:22:03.670+0700][gc,marking    ] GC(30) Concurrent Scan Root Regions
[2023-07-21T23:22:03.672+0700][gc,marking    ] GC(30) Concurrent Scan Root Regions 2.159ms
[2023-07-21T23:22:03.672+0700][gc,marking    ] GC(30) Concurrent Mark (6.869s)
[2023-07-21T23:22:03.672+0700][gc,marking    ] GC(30) Concurrent Mark From Roots
[2023-07-21T23:22:03.672+0700][gc,task       ] GC(30) Using 2 workers of 2 for marking
[2023-07-21T23:22:03.682+0700][gc,marking    ] GC(30) Concurrent Mark From Roots 10.217ms
[2023-07-21T23:22:03.682+0700][gc,marking    ] GC(30) Concurrent Preclean
[2023-07-21T23:22:03.682+0700][gc,marking    ] GC(30) Concurrent Preclean 0.088ms
[2023-07-21T23:22:03.682+0700][gc,marking    ] GC(30) Concurrent Mark (6.869s, 6.879s) 10.356ms
[2023-07-21T23:22:03.683+0700][gc,start      ] GC(30) Pause Remark
[2023-07-21T23:22:03.689+0700][gc,stringtable] GC(30) Cleaned string and symbol table, strings: 16685 processed, 19 removed, symbols: 104982 processed, 31 removed
[2023-07-21T23:22:03.689+0700][gc            ] GC(30) Pause Remark 201M->95M(1292M) 6.656ms
[2023-07-21T23:22:03.689+0700][gc,cpu        ] GC(30) User=0.04s Sys=0.00s Real=0.00s
[2023-07-21T23:22:03.689+0700][gc,marking    ] GC(30) Concurrent Rebuild Remembered Sets
[2023-07-21T23:22:03.694+0700][gc,marking    ] GC(30) Concurrent Rebuild Remembered Sets 5.166ms
[2023-07-21T23:22:03.695+0700][gc,start      ] GC(30) Pause Cleanup
[2023-07-21T23:22:03.695+0700][gc            ] GC(30) Pause Cleanup 96M->96M(1292M) 0.290ms
[2023-07-21T23:22:03.695+0700][gc,cpu        ] GC(30) User=0.01s Sys=0.00s Real=0.00s
[2023-07-21T23:22:03.695+0700][gc,marking    ] GC(30) Concurrent Cleanup for Next Mark
[2023-07-21T23:22:03.698+0700][gc,marking    ] GC(30) Concurrent Cleanup for Next Mark 3.197ms
[2023-07-21T23:22:03.698+0700][gc            ] GC(30) Concurrent Cycle 28.707ms
[2023-07-21T23:25:52.114+0700][gc,start      ] GC(31) Pause Young (Concurrent Start) (Metadata GC Threshold)
[2023-07-21T23:25:52.114+0700][gc,task       ] GC(31) Using 8 workers of 8 for evacuation
[2023-07-21T23:25:52.127+0700][gc,phases     ] GC(31)   Pre Evacuate Collection Set: 0.3ms
[2023-07-21T23:25:52.127+0700][gc,phases     ] GC(31)   Evacuate Collection Set: 10.7ms
[2023-07-21T23:25:52.127+0700][gc,phases     ] GC(31)   Post Evacuate Collection Set: 1.6ms
[2023-07-21T23:25:52.127+0700][gc,phases     ] GC(31)   Other: 0.6ms
[2023-07-21T23:25:52.127+0700][gc,heap       ] GC(31) Eden regions: 342->0(631)
[2023-07-21T23:25:52.127+0700][gc,heap       ] GC(31) Survivor regions: 6->15(81)
[2023-07-21T23:25:52.127+0700][gc,heap       ] GC(31) Old regions: 86->86
[2023-07-21T23:25:52.127+0700][gc,heap       ] GC(31) Humongous regions: 4->4
[2023-07-21T23:25:52.127+0700][gc,metaspace  ] GC(31) Metaspace: 65222K(67948K)->65222K(67948K) NonClass: 57439K(59032K)->57439K(59032K) Class: 7782K(8916K)->7782K(8916K)
[2023-07-21T23:25:52.127+0700][gc            ] GC(31) Pause Young (Concurrent Start) (Metadata GC Threshold) 435M->103M(1292M) 13.372ms
[2023-07-21T23:25:52.127+0700][gc,cpu        ] GC(31) User=0.07s Sys=0.00s Real=0.01s
[2023-07-21T23:25:52.127+0700][gc            ] GC(32) Concurrent Cycle
[2023-07-21T23:25:52.127+0700][gc,marking    ] GC(32) Concurrent Clear Claimed Marks
[2023-07-21T23:25:52.128+0700][gc,marking    ] GC(32) Concurrent Clear Claimed Marks 0.332ms
[2023-07-21T23:25:52.128+0700][gc,marking    ] GC(32) Concurrent Scan Root Regions
[2023-07-21T23:25:52.132+0700][gc,marking    ] GC(32) Concurrent Scan Root Regions 4.682ms
[2023-07-21T23:25:52.132+0700][gc,marking    ] GC(32) Concurrent Mark (235.337s)
[2023-07-21T23:25:52.132+0700][gc,marking    ] GC(32) Concurrent Mark From Roots
[2023-07-21T23:25:52.132+0700][gc,task       ] GC(32) Using 2 workers of 2 for marking
[2023-07-21T23:25:52.143+0700][gc,marking    ] GC(32) Concurrent Mark From Roots 10.833ms
[2023-07-21T23:25:52.143+0700][gc,marking    ] GC(32) Concurrent Preclean
[2023-07-21T23:25:52.143+0700][gc,marking    ] GC(32) Concurrent Preclean 0.132ms
[2023-07-21T23:25:52.143+0700][gc,marking    ] GC(32) Concurrent Mark (235.337s, 235.348s) 11.018ms
[2023-07-21T23:25:52.144+0700][gc,start      ] GC(32) Pause Remark
[2023-07-21T23:25:52.161+0700][gc,stringtable] GC(32) Cleaned string and symbol table, strings: 24959 processed, 1 removed, symbols: 164448 processed, 37 removed
[2023-07-21T23:25:52.161+0700][gc            ] GC(32) Pause Remark 105M->105M(1292M) 17.343ms
[2023-07-21T23:25:52.161+0700][gc,cpu        ] GC(32) User=0.09s Sys=0.00s Real=0.01s
[2023-07-21T23:25:52.161+0700][gc,marking    ] GC(32) Concurrent Rebuild Remembered Sets
[2023-07-21T23:25:52.167+0700][gc,marking    ] GC(32) Concurrent Rebuild Remembered Sets 6.140ms
[2023-07-21T23:25:52.167+0700][gc,start      ] GC(32) Pause Cleanup
[2023-07-21T23:25:52.168+0700][gc            ] GC(32) Pause Cleanup 105M->105M(1292M) 0.195ms
[2023-07-21T23:25:52.168+0700][gc,cpu        ] GC(32) User=0.00s Sys=0.00s Real=0.00s
[2023-07-21T23:25:52.168+0700][gc,marking    ] GC(32) Concurrent Cleanup for Next Mark
[2023-07-21T23:25:52.171+0700][gc,marking    ] GC(32) Concurrent Cleanup for Next Mark 3.193ms
[2023-07-21T23:25:52.171+0700][gc            ] GC(32) Concurrent Cycle 43.680ms
[2023-07-21T23:40:14.287+0700][gc,start      ] GC(33) Pause Young (Normal) (G1 Evacuation Pause)
[2023-07-21T23:40:14.297+0700][gc,task       ] GC(33) Using 8 workers of 8 for evacuation
[2023-07-21T23:40:14.550+0700][gc,mmu        ] GC(33) MMU target violated: 201.0ms (200.0ms/201.0ms)
[2023-07-21T23:40:14.550+0700][gc,phases     ] GC(33)   Pre Evacuate Collection Set: 44.4ms
[2023-07-21T23:40:14.550+0700][gc,phases     ] GC(33)   Evacuate Collection Set: 169.6ms
[2023-07-21T23:40:14.550+0700][gc,phases     ] GC(33)   Post Evacuate Collection Set: 32.0ms
[2023-07-21T23:40:14.550+0700][gc,phases     ] GC(33)   Other: 17.0ms
[2023-07-21T23:40:14.550+0700][gc,heap       ] GC(33) Eden regions: 631->0(626)
[2023-07-21T23:40:14.550+0700][gc,heap       ] GC(33) Survivor regions: 15->20(81)
[2023-07-21T23:40:14.550+0700][gc,heap       ] GC(33) Old regions: 86->86
[2023-07-21T23:40:14.550+0700][gc,heap       ] GC(33) Humongous regions: 4->4
[2023-07-21T23:40:14.550+0700][gc,metaspace  ] GC(33) Metaspace: 70330K(73580K)->70330K(73580K) NonClass: 61940K(63896K)->61940K(63896K) Class: 8390K(9684K)->8390K(9684K)
[2023-07-21T23:40:14.550+0700][gc            ] GC(33) Pause Young (Normal) (G1 Evacuation Pause) 734M->108M(1292M) 263.083ms
[2023-07-21T23:40:14.550+0700][gc,cpu        ] GC(33) User=0.42s Sys=0.04s Real=0.27s
[2023-07-21T23:49:40.935+0700][gc,start      ] GC(34) Pause Young (Normal) (G1 Evacuation Pause)
[2023-07-21T23:49:40.936+0700][gc,task       ] GC(34) Using 8 workers of 8 for evacuation
[2023-07-21T23:49:40.956+0700][gc,phases     ] GC(34)   Pre Evacuate Collection Set: 0.6ms
[2023-07-21T23:49:40.956+0700][gc,phases     ] GC(34)   Evacuate Collection Set: 17.8ms
[2023-07-21T23:49:40.956+0700][gc,phases     ] GC(34)   Post Evacuate Collection Set: 1.8ms
[2023-07-21T23:49:40.957+0700][gc,phases     ] GC(34)   Other: 1.2ms
[2023-07-21T23:49:40.957+0700][gc,heap       ] GC(34) Eden regions: 626->0(624)
[2023-07-21T23:49:40.957+0700][gc,heap       ] GC(34) Survivor regions: 20->22(81)
[2023-07-21T23:49:40.957+0700][gc,heap       ] GC(34) Old regions: 86->86
[2023-07-21T23:49:40.957+0700][gc,heap       ] GC(34) Humongous regions: 4->4
[2023-07-21T23:49:40.957+0700][gc,metaspace  ] GC(34) Metaspace: 70933K(74476K)->70933K(74476K) NonClass: 62522K(64664K)->62522K(64664K) Class: 8410K(9812K)->8410K(9812K)
[2023-07-21T23:49:40.957+0700][gc            ] GC(34) Pause Young (Normal) (G1 Evacuation Pause) 734M->110M(1292M) 21.481ms
[2023-07-21T23:49:40.957+0700][gc,cpu        ] GC(34) User=0.13s Sys=0.00s Real=0.02s
[2023-07-21T23:57:06.434+0700][gc,start      ] GC(35) Pause Young (Normal) (G1 Evacuation Pause)
[2023-07-21T23:57:06.434+0700][gc,task       ] GC(35) Using 8 workers of 8 for evacuation
[2023-07-21T23:57:06.452+0700][gc,phases     ] GC(35)   Pre Evacuate Collection Set: 0.5ms
[2023-07-21T23:57:06.452+0700][gc,phases     ] GC(35)   Evacuate Collection Set: 14.8ms
[2023-07-21T23:57:06.452+0700][gc,phases     ] GC(35)   Post Evacuate Collection Set: 2.4ms
[2023-07-21T23:57:06.452+0700][gc,phases     ] GC(35)   Other: 0.2ms
[2023-07-21T23:57:06.452+0700][gc,heap       ] GC(35) Eden regions: 624->0(622)
[2023-07-21T23:57:06.452+0700][gc,heap       ] GC(35) Survivor regions: 22->24(81)
[2023-07-21T23:57:06.452+0700][gc,heap       ] GC(35) Old regions: 86->86
[2023-07-21T23:57:06.452+0700][gc,heap       ] GC(35) Humongous regions: 4->4
[2023-07-21T23:57:06.452+0700][gc,metaspace  ] GC(35) Metaspace: 72683K(76396K)->72683K(76396K) NonClass: 64100K(66456K)->64100K(66456K) Class: 8582K(9940K)->8582K(9940K)
[2023-07-21T23:57:06.452+0700][gc            ] GC(35) Pause Young (Normal) (G1 Evacuation Pause) 734M->112M(1292M) 18.443ms
[2023-07-21T23:57:06.452+0700][gc,cpu        ] GC(35) User=0.11s Sys=0.00s Real=0.02s
[2023-07-22T00:05:09.582+0700][gc,start      ] GC(36) Pause Young (Normal) (G1 Evacuation Pause)
[2023-07-22T00:05:09.582+0700][gc,task       ] GC(36) Using 8 workers of 8 for evacuation
[2023-07-22T00:05:09.593+0700][gc,phases     ] GC(36)   Pre Evacuate Collection Set: 0.6ms
[2023-07-22T00:05:09.593+0700][gc,phases     ] GC(36)   Evacuate Collection Set: 8.5ms
[2023-07-22T00:05:09.593+0700][gc,phases     ] GC(36)   Post Evacuate Collection Set: 1.5ms
[2023-07-22T00:05:09.593+0700][gc,phases     ] GC(36)   Other: 0.4ms
[2023-07-22T00:05:09.593+0700][gc,heap       ] GC(36) Eden regions: 622->0(622)
[2023-07-22T00:05:09.593+0700][gc,heap       ] GC(36) Survivor regions: 24->24(81)
[2023-07-22T00:05:09.593+0700][gc,heap       ] GC(36) Old regions: 86->86
[2023-07-22T00:05:09.593+0700][gc,heap       ] GC(36) Humongous regions: 4->4
[2023-07-22T00:05:09.593+0700][gc,metaspace  ] GC(36) Metaspace: 72728K(76396K)->72728K(76396K) NonClass: 64145K(66456K)->64145K(66456K) Class: 8582K(9940K)->8582K(9940K)
[2023-07-22T00:05:09.593+0700][gc            ] GC(36) Pause Young (Normal) (G1 Evacuation Pause) 734M->112M(1292M) 11.006ms
[2023-07-22T00:05:09.593+0700][gc,cpu        ] GC(36) User=0.07s Sys=0.00s Real=0.01s
[2023-07-22T00:14:23.857+0700][gc,start      ] GC(37) Pause Young (Normal) (G1 Evacuation Pause)
[2023-07-22T00:14:23.857+0700][gc,task       ] GC(37) Using 8 workers of 8 for evacuation
[2023-07-22T00:14:23.874+0700][gc,phases     ] GC(37)   Pre Evacuate Collection Set: 1.0ms
[2023-07-22T00:14:23.874+0700][gc,phases     ] GC(37)   Evacuate Collection Set: 14.0ms
[2023-07-22T00:14:23.874+0700][gc,phases     ] GC(37)   Post Evacuate Collection Set: 1.9ms
[2023-07-22T00:14:23.874+0700][gc,phases     ] GC(37)   Other: 0.3ms
[2023-07-22T00:14:23.874+0700][gc,heap       ] GC(37) Eden regions: 622->0(622)
[2023-07-22T00:14:23.874+0700][gc,heap       ] GC(37) Survivor regions: 24->24(81)
[2023-07-22T00:14:23.874+0700][gc,heap       ] GC(37) Old regions: 86->86
[2023-07-22T00:14:23.874+0700][gc,heap       ] GC(37) Humongous regions: 4->4
[2023-07-22T00:14:23.874+0700][gc,metaspace  ] GC(37) Metaspace: 72742K(76396K)->72742K(76396K) NonClass: 64159K(66456K)->64159K(66456K) Class: 8582K(9940K)->8582K(9940K)
[2023-07-22T00:14:23.875+0700][gc            ] GC(37) Pause Young (Normal) (G1 Evacuation Pause) 734M->111M(1292M) 17.216ms
[2023-07-22T00:14:23.875+0700][gc,cpu        ] GC(37) User=0.10s Sys=0.01s Real=0.01s
[2023-07-22T00:17:34.141+0700][gc,heap,exit  ] Heap
[2023-07-22T00:17:34.141+0700][gc,heap,exit  ]  garbage-first heap   total 1323008K, used 364483K [0x0000000740000000, 0x0000000800000000)
[2023-07-22T00:17:34.141+0700][gc,heap,exit  ]   region size 1024K, 269 young (275456K), 24 survivors (24576K)
[2023-07-22T00:17:34.141+0700][gc,heap,exit  ]  Metaspace       used 72890K, capacity 76259K, committed 76524K, reserved 1116160K
[2023-07-22T00:17:34.141+0700][gc,heap,exit  ]   class space    used 8606K, capacity 9959K, committed 10068K, reserved 1048576K
