[2023-07-21T15:23:12.571+0700][gc,heap] Heap region size: 1M
[2023-07-21T15:23:12.573+0700][gc     ] Using G1
[2023-07-21T15:23:12.573+0700][gc,heap,coops] Heap address: 0x0000000740000000, size: 3072 MB, Compressed Oops mode: Zero based, Oop shift amount: 3
[2023-07-21T15:23:12.573+0700][gc,cds       ] Mark closed archive regions in map: [0x00000007fff00000, 0x00000007fff6aff8]
[2023-07-21T15:23:12.573+0700][gc,cds       ] Mark open archive regions in map: [0x00000007ffe00000, 0x00000007ffe46ff8]
[2023-07-21T15:23:13.229+0700][gc,start     ] GC(0) Pause Young (Normal) (G1 Evacuation Pause)
[2023-07-21T15:23:13.229+0700][gc,task      ] GC(0) Using 2 workers of 8 for evacuation
[2023-07-21T15:23:13.261+0700][gc,phases    ] GC(0)   Pre Evacuate Collection Set: 0.0ms
[2023-07-21T15:23:13.261+0700][gc,phases    ] GC(0)   Evacuate Collection Set: 30.9ms
[2023-07-21T15:23:13.261+0700][gc,phases    ] GC(0)   Post Evacuate Collection Set: 0.8ms
[2023-07-21T15:23:13.261+0700][gc,phases    ] GC(0)   Other: 0.4ms
[2023-07-21T15:23:13.261+0700][gc,heap      ] GC(0) Eden regions: 61->0(53)
[2023-07-21T15:23:13.261+0700][gc,heap      ] GC(0) Survivor regions: 0->8(8)
[2023-07-21T15:23:13.261+0700][gc,heap      ] GC(0) Old regions: 2->13
[2023-07-21T15:23:13.261+0700][gc,heap      ] GC(0) Humongous regions: 4->4
[2023-07-21T15:23:13.261+0700][gc,metaspace ] GC(0) Metaspace: 6807K(7296K)->6807K(7296K) NonClass: 6037K(6400K)->6037K(6400K) Class: 770K(896K)->770K(896K)
[2023-07-21T15:23:13.261+0700][gc           ] GC(0) Pause Young (Normal) (G1 Evacuation Pause) 65M->22M(124M) 32.178ms
[2023-07-21T15:23:13.261+0700][gc,cpu       ] GC(0) User=0.06s Sys=0.03s Real=0.04s
[2023-07-21T15:23:13.486+0700][gc,start     ] GC(1) Pause Young (Normal) (G1 Evacuation Pause)
[2023-07-21T15:23:13.486+0700][gc,task      ] GC(1) Using 2 workers of 8 for evacuation
[2023-07-21T15:23:13.502+0700][gc,phases    ] GC(1)   Pre Evacuate Collection Set: 0.0ms
[2023-07-21T15:23:13.502+0700][gc,phases    ] GC(1)   Evacuate Collection Set: 15.3ms
[2023-07-21T15:23:13.502+0700][gc,phases    ] GC(1)   Post Evacuate Collection Set: 0.5ms
[2023-07-21T15:23:13.502+0700][gc,phases    ] GC(1)   Other: 0.1ms
[2023-07-21T15:23:13.502+0700][gc,heap      ] GC(1) Eden regions: 53->0(59)
[2023-07-21T15:23:13.502+0700][gc,heap      ] GC(1) Survivor regions: 8->2(8)
[2023-07-21T15:23:13.502+0700][gc,heap      ] GC(1) Old regions: 13->21
[2023-07-21T15:23:13.502+0700][gc,heap      ] GC(1) Humongous regions: 4->4
[2023-07-21T15:23:13.502+0700][gc,metaspace ] GC(1) Metaspace: 10564K(11264K)->10564K(11264K) NonClass: 9279K(9728K)->9279K(9728K) Class: 1284K(1536K)->1284K(1536K)
[2023-07-21T15:23:13.502+0700][gc           ] GC(1) Pause Young (Normal) (G1 Evacuation Pause) 75M->24M(124M) 15.957ms
[2023-07-21T15:23:13.502+0700][gc,cpu       ] GC(1) User=0.03s Sys=0.02s Real=0.02s
[2023-07-21T15:23:13.758+0700][gc,start     ] GC(2) Pause Young (Normal) (G1 Evacuation Pause)
[2023-07-21T15:23:13.758+0700][gc,task      ] GC(2) Using 2 workers of 8 for evacuation
[2023-07-21T15:23:13.772+0700][gc,phases    ] GC(2)   Pre Evacuate Collection Set: 0.0ms
[2023-07-21T15:23:13.772+0700][gc,phases    ] GC(2)   Evacuate Collection Set: 13.7ms
[2023-07-21T15:23:13.772+0700][gc,phases    ] GC(2)   Post Evacuate Collection Set: 0.3ms
[2023-07-21T15:23:13.772+0700][gc,phases    ] GC(2)   Other: 0.1ms
[2023-07-21T15:23:13.772+0700][gc,heap      ] GC(2) Eden regions: 59->0(53)
[2023-07-21T15:23:13.772+0700][gc,heap      ] GC(2) Survivor regions: 2->8(8)
[2023-07-21T15:23:13.772+0700][gc,heap      ] GC(2) Old regions: 21->23
[2023-07-21T15:23:13.772+0700][gc,heap      ] GC(2) Humongous regions: 4->4
[2023-07-21T15:23:13.772+0700][gc,metaspace ] GC(2) Metaspace: 12243K(12928K)->12243K(12928K) NonClass: 10757K(11264K)->10757K(11264K) Class: 1486K(1664K)->1486K(1664K)
[2023-07-21T15:23:13.772+0700][gc           ] GC(2) Pause Young (Normal) (G1 Evacuation Pause) 83M->33M(124M) 14.189ms
[2023-07-21T15:23:13.772+0700][gc,cpu       ] GC(2) User=0.03s Sys=0.00s Real=0.02s
[2023-07-21T15:23:13.835+0700][gc,start     ] GC(3) Pause Young (Normal) (GCLocker Initiated GC)
[2023-07-21T15:23:13.835+0700][gc,task      ] GC(3) Using 2 workers of 8 for evacuation
[2023-07-21T15:23:13.873+0700][gc,phases    ] GC(3)   Pre Evacuate Collection Set: 0.0ms
[2023-07-21T15:23:13.873+0700][gc,phases    ] GC(3)   Evacuate Collection Set: 37.3ms
[2023-07-21T15:23:13.873+0700][gc,phases    ] GC(3)   Post Evacuate Collection Set: 0.2ms
[2023-07-21T15:23:13.873+0700][gc,phases    ] GC(3)   Other: 0.2ms
[2023-07-21T15:23:13.873+0700][gc,heap      ] GC(3) Eden regions: 55->0(53)
[2023-07-21T15:23:13.873+0700][gc,heap      ] GC(3) Survivor regions: 8->8(8)
[2023-07-21T15:23:13.873+0700][gc,heap      ] GC(3) Old regions: 23->36
[2023-07-21T15:23:13.873+0700][gc,heap      ] GC(3) Humongous regions: 7->6
[2023-07-21T15:23:13.873+0700][gc,metaspace ] GC(3) Metaspace: 12298K(12928K)->12298K(12928K) NonClass: 10812K(11264K)->10812K(11264K) Class: 1486K(1664K)->1486K(1664K)
[2023-07-21T15:23:13.873+0700][gc           ] GC(3) Pause Young (Normal) (GCLocker Initiated GC) 91M->47M(124M) 37.800ms
[2023-07-21T15:23:13.873+0700][gc,cpu       ] GC(3) User=0.07s Sys=0.05s Real=0.04s
[2023-07-21T15:23:14.015+0700][gc,start     ] GC(4) Pause Young (Normal) (G1 Evacuation Pause)
[2023-07-21T15:23:14.015+0700][gc,task      ] GC(4) Using 2 workers of 8 for evacuation
[2023-07-21T15:23:14.044+0700][gc,phases    ] GC(4)   Pre Evacuate Collection Set: 0.0ms
[2023-07-21T15:23:14.044+0700][gc,phases    ] GC(4)   Evacuate Collection Set: 27.5ms
[2023-07-21T15:23:14.044+0700][gc,phases    ] GC(4)   Post Evacuate Collection Set: 1.0ms
[2023-07-21T15:23:14.044+0700][gc,phases    ] GC(4)   Other: 0.2ms
[2023-07-21T15:23:14.044+0700][gc,heap      ] GC(4) Eden regions: 53->0(119)
[2023-07-21T15:23:14.044+0700][gc,heap      ] GC(4) Survivor regions: 8->8(8)
[2023-07-21T15:23:14.044+0700][gc,heap      ] GC(4) Old regions: 36->53
[2023-07-21T15:23:14.044+0700][gc,heap      ] GC(4) Humongous regions: 8->4
[2023-07-21T15:23:14.044+0700][gc,metaspace ] GC(4) Metaspace: 12433K(13184K)->12433K(13184K) NonClass: 10944K(11520K)->10944K(11520K) Class: 1489K(1664K)->1489K(1664K)
[2023-07-21T15:23:14.044+0700][gc           ] GC(4) Pause Young (Normal) (G1 Evacuation Pause) 102M->63M(255M) 28.743ms
[2023-07-21T15:23:14.044+0700][gc,cpu       ] GC(4) User=0.12s Sys=0.01s Real=0.03s
[2023-07-21T15:23:14.326+0700][gc,start     ] GC(5) Pause Young (Normal) (GCLocker Initiated GC)
[2023-07-21T15:23:14.327+0700][gc,task      ] GC(5) Using 6 workers of 8 for evacuation
[2023-07-21T15:23:14.368+0700][gc,phases    ] GC(5)   Pre Evacuate Collection Set: 0.0ms
[2023-07-21T15:23:14.368+0700][gc,phases    ] GC(5)   Evacuate Collection Set: 41.0ms
[2023-07-21T15:23:14.368+0700][gc,phases    ] GC(5)   Post Evacuate Collection Set: 0.5ms
[2023-07-21T15:23:14.368+0700][gc,phases    ] GC(5)   Other: 0.7ms
[2023-07-21T15:23:14.368+0700][gc,heap      ] GC(5) Eden regions: 120->0(111)
[2023-07-21T15:23:14.368+0700][gc,heap      ] GC(5) Survivor regions: 8->16(16)
[2023-07-21T15:23:14.368+0700][gc,heap      ] GC(5) Old regions: 53->75
[2023-07-21T15:23:14.368+0700][gc,heap      ] GC(5) Humongous regions: 6->6
[2023-07-21T15:23:14.368+0700][gc,metaspace ] GC(5) Metaspace: 12780K(13568K)->12780K(13568K) NonClass: 11262K(11776K)->11262K(11776K) Class: 1517K(1792K)->1517K(1792K)
[2023-07-21T15:23:14.368+0700][gc           ] GC(5) Pause Young (Normal) (GCLocker Initiated GC) 185M->95M(255M) 42.248ms
[2023-07-21T15:23:14.368+0700][gc,cpu       ] GC(5) User=0.31s Sys=0.00s Real=0.04s
[2023-07-21T15:23:14.437+0700][gc,start     ] GC(6) Pause Young (Normal) (GCLocker Initiated GC)
[2023-07-21T15:23:14.437+0700][gc,task      ] GC(6) Using 6 workers of 8 for evacuation
[2023-07-21T15:23:14.453+0700][gc,phases    ] GC(6)   Pre Evacuate Collection Set: 0.0ms
[2023-07-21T15:23:14.453+0700][gc,phases    ] GC(6)   Evacuate Collection Set: 14.9ms
[2023-07-21T15:23:14.453+0700][gc,phases    ] GC(6)   Post Evacuate Collection Set: 0.3ms
[2023-07-21T15:23:14.453+0700][gc,phases    ] GC(6)   Other: 0.2ms
[2023-07-21T15:23:14.453+0700][gc,heap      ] GC(6) Eden regions: 112->0(120)
[2023-07-21T15:23:14.453+0700][gc,heap      ] GC(6) Survivor regions: 16->7(16)
[2023-07-21T15:23:14.453+0700][gc,heap      ] GC(6) Old regions: 75->92
[2023-07-21T15:23:14.453+0700][gc,heap      ] GC(6) Humongous regions: 6->6
[2023-07-21T15:23:14.453+0700][gc,metaspace ] GC(6) Metaspace: 12803K(13568K)->12803K(13568K) NonClass: 11285K(11776K)->11285K(11776K) Class: 1517K(1792K)->1517K(1792K)
[2023-07-21T15:23:14.453+0700][gc           ] GC(6) Pause Young (Normal) (GCLocker Initiated GC) 206M->103M(255M) 15.548ms
[2023-07-21T15:23:14.453+0700][gc,cpu       ] GC(6) User=0.11s Sys=0.00s Real=0.02s
[2023-07-21T15:23:14.499+0700][gc,start     ] GC(7) Pause Young (Normal) (GCLocker Initiated GC)
[2023-07-21T15:23:14.499+0700][gc,task      ] GC(7) Using 6 workers of 8 for evacuation
[2023-07-21T15:23:14.502+0700][gc,phases    ] GC(7)   Pre Evacuate Collection Set: 0.0ms
[2023-07-21T15:23:14.502+0700][gc,phases    ] GC(7)   Evacuate Collection Set: 3.1ms
[2023-07-21T15:23:14.502+0700][gc,phases    ] GC(7)   Post Evacuate Collection Set: 0.4ms
[2023-07-21T15:23:14.502+0700][gc,phases    ] GC(7)   Other: 0.2ms
[2023-07-21T15:23:14.502+0700][gc,heap      ] GC(7) Eden regions: 121->0(115)
[2023-07-21T15:23:14.502+0700][gc,heap      ] GC(7) Survivor regions: 7->12(16)
[2023-07-21T15:23:14.502+0700][gc,heap      ] GC(7) Old regions: 92->92
[2023-07-21T15:23:14.502+0700][gc,heap      ] GC(7) Humongous regions: 6->6
[2023-07-21T15:23:14.502+0700][gc,metaspace ] GC(7) Metaspace: 12829K(13568K)->12829K(13568K) NonClass: 11310K(11776K)->11310K(11776K) Class: 1519K(1792K)->1519K(1792K)
[2023-07-21T15:23:14.502+0700][gc           ] GC(7) Pause Young (Normal) (GCLocker Initiated GC) 223M->108M(255M) 3.759ms
[2023-07-21T15:23:14.502+0700][gc,cpu       ] GC(7) User=0.02s Sys=0.01s Real=0.01s
[2023-07-21T15:23:14.564+0700][gc,start     ] GC(8) Pause Young (Normal) (GCLocker Initiated GC)
[2023-07-21T15:23:14.564+0700][gc,task      ] GC(8) Using 6 workers of 8 for evacuation
[2023-07-21T15:23:14.581+0700][gc,phases    ] GC(8)   Pre Evacuate Collection Set: 0.0ms
[2023-07-21T15:23:14.581+0700][gc,phases    ] GC(8)   Evacuate Collection Set: 13.4ms
[2023-07-21T15:23:14.581+0700][gc,phases    ] GC(8)   Post Evacuate Collection Set: 3.6ms
[2023-07-21T15:23:14.581+0700][gc,phases    ] GC(8)   Other: 0.2ms
[2023-07-21T15:23:14.581+0700][gc,heap      ] GC(8) Eden regions: 116->0(243)
[2023-07-21T15:23:14.581+0700][gc,heap      ] GC(8) Survivor regions: 12->12(16)
[2023-07-21T15:23:14.581+0700][gc,heap      ] GC(8) Old regions: 92->97
[2023-07-21T15:23:14.582+0700][gc,heap      ] GC(8) Humongous regions: 6->6
[2023-07-21T15:23:14.582+0700][gc,metaspace ] GC(8) Metaspace: 12845K(13568K)->12845K(13568K) NonClass: 11325K(11776K)->11325K(11776K) Class: 1519K(1792K)->1519K(1792K)
[2023-07-21T15:23:14.582+0700][gc           ] GC(8) Pause Young (Normal) (GCLocker Initiated GC) 224M->113M(510M) 17.277ms
[2023-07-21T15:23:14.582+0700][gc,cpu       ] GC(8) User=0.07s Sys=0.04s Real=0.02s
[2023-07-21T15:23:14.731+0700][gc,start     ] GC(9) Pause Young (Normal) (G1 Evacuation Pause)
[2023-07-21T15:23:14.731+0700][gc,task      ] GC(9) Using 8 workers of 8 for evacuation
[2023-07-21T15:23:14.743+0700][gc,phases    ] GC(9)   Pre Evacuate Collection Set: 0.0ms
[2023-07-21T15:23:14.743+0700][gc,phases    ] GC(9)   Evacuate Collection Set: 11.1ms
[2023-07-21T15:23:14.743+0700][gc,phases    ] GC(9)   Post Evacuate Collection Set: 0.5ms
[2023-07-21T15:23:14.743+0700][gc,phases    ] GC(9)   Other: 0.5ms
[2023-07-21T15:23:14.743+0700][gc,heap      ] GC(9) Eden regions: 243->0(234)
[2023-07-21T15:23:14.743+0700][gc,heap      ] GC(9) Survivor regions: 12->21(32)
[2023-07-21T15:23:14.743+0700][gc,heap      ] GC(9) Old regions: 97->97
[2023-07-21T15:23:14.743+0700][gc,heap      ] GC(9) Humongous regions: 6->6
[2023-07-21T15:23:14.743+0700][gc,metaspace ] GC(9) Metaspace: 12849K(13568K)->12849K(13568K) NonClass: 11330K(11776K)->11330K(11776K) Class: 1519K(1792K)->1519K(1792K)
[2023-07-21T15:23:14.743+0700][gc           ] GC(9) Pause Young (Normal) (G1 Evacuation Pause) 356M->121M(510M) 12.242ms
[2023-07-21T15:23:14.743+0700][gc,cpu       ] GC(9) User=0.09s Sys=0.00s Real=0.01s
[2023-07-21T15:23:14.809+0700][gc,start     ] GC(10) Pause Young (Normal) (GCLocker Initiated GC)
[2023-07-21T15:23:14.809+0700][gc,task      ] GC(10) Using 8 workers of 8 for evacuation
[2023-07-21T15:23:14.818+0700][gc,phases    ] GC(10)   Pre Evacuate Collection Set: 0.0ms
[2023-07-21T15:23:14.818+0700][gc,phases    ] GC(10)   Evacuate Collection Set: 8.5ms
[2023-07-21T15:23:14.818+0700][gc,phases    ] GC(10)   Post Evacuate Collection Set: 0.5ms
[2023-07-21T15:23:14.818+0700][gc,phases    ] GC(10)   Other: 0.2ms
[2023-07-21T15:23:14.818+0700][gc,heap      ] GC(10) Eden regions: 235->0(231)
[2023-07-21T15:23:14.818+0700][gc,heap      ] GC(10) Survivor regions: 21->24(32)
[2023-07-21T15:23:14.818+0700][gc,heap      ] GC(10) Old regions: 97->104
[2023-07-21T15:23:14.818+0700][gc,heap      ] GC(10) Humongous regions: 6->6
[2023-07-21T15:23:14.818+0700][gc,metaspace ] GC(10) Metaspace: 12852K(13568K)->12852K(13568K) NonClass: 11333K(11776K)->11333K(11776K) Class: 1519K(1792K)->1519K(1792K)
[2023-07-21T15:23:14.818+0700][gc           ] GC(10) Pause Young (Normal) (GCLocker Initiated GC) 355M->131M(510M) 9.355ms
[2023-07-21T15:23:14.818+0700][gc,cpu       ] GC(10) User=0.06s Sys=0.02s Real=0.01s
[2023-07-21T15:23:14.916+0700][gc,start     ] GC(11) Pause Young (Normal) (G1 Evacuation Pause)
[2023-07-21T15:23:14.916+0700][gc,task      ] GC(11) Using 8 workers of 8 for evacuation
[2023-07-21T15:23:14.924+0700][gc,phases    ] GC(11)   Pre Evacuate Collection Set: 0.0ms
[2023-07-21T15:23:14.924+0700][gc,phases    ] GC(11)   Evacuate Collection Set: 7.9ms
[2023-07-21T15:23:14.924+0700][gc,phases    ] GC(11)   Post Evacuate Collection Set: 0.4ms
[2023-07-21T15:23:14.924+0700][gc,phases    ] GC(11)   Other: 0.1ms
[2023-07-21T15:23:14.924+0700][gc,heap      ] GC(11) Eden regions: 231->0(234)
[2023-07-21T15:23:14.924+0700][gc,heap      ] GC(11) Survivor regions: 24->21(32)
[2023-07-21T15:23:14.924+0700][gc,heap      ] GC(11) Old regions: 104->117
[2023-07-21T15:23:14.924+0700][gc,heap      ] GC(11) Humongous regions: 6->6
[2023-07-21T15:23:14.924+0700][gc,metaspace ] GC(11) Metaspace: 12852K(13568K)->12852K(13568K) NonClass: 11333K(11776K)->11333K(11776K) Class: 1519K(1792K)->1519K(1792K)
[2023-07-21T15:23:14.924+0700][gc           ] GC(11) Pause Young (Normal) (G1 Evacuation Pause) 362M->141M(510M) 8.530ms
[2023-07-21T15:23:14.924+0700][gc,cpu       ] GC(11) User=0.04s Sys=0.01s Real=0.01s
[2023-07-21T15:23:15.001+0700][gc,start     ] GC(12) Pause Young (Normal) (GCLocker Initiated GC)
[2023-07-21T15:23:15.001+0700][gc,task      ] GC(12) Using 8 workers of 8 for evacuation
[2023-07-21T15:23:15.016+0700][gc,phases    ] GC(12)   Pre Evacuate Collection Set: 0.0ms
[2023-07-21T15:23:15.016+0700][gc,phases    ] GC(12)   Evacuate Collection Set: 8.1ms
[2023-07-21T15:23:15.016+0700][gc,phases    ] GC(12)   Post Evacuate Collection Set: 7.2ms
[2023-07-21T15:23:15.016+0700][gc,phases    ] GC(12)   Other: 0.2ms
[2023-07-21T15:23:15.016+0700][gc,heap      ] GC(12) Eden regions: 235->0(361)
[2023-07-21T15:23:15.016+0700][gc,heap      ] GC(12) Survivor regions: 21->22(32)
[2023-07-21T15:23:15.016+0700][gc,heap      ] GC(12) Old regions: 117->126
[2023-07-21T15:23:15.016+0700][gc,heap      ] GC(12) Humongous regions: 7->7
[2023-07-21T15:23:15.016+0700][gc,metaspace ] GC(12) Metaspace: 12855K(13568K)->12855K(13568K) NonClass: 11336K(11776K)->11336K(11776K) Class: 1519K(1792K)->1519K(1792K)
[2023-07-21T15:23:15.016+0700][gc           ] GC(12) Pause Young (Normal) (GCLocker Initiated GC) 376M->153M(767M) 15.597ms
[2023-07-21T15:23:15.016+0700][gc,cpu       ] GC(12) User=0.07s Sys=0.00s Real=0.01s
[2023-07-21T15:23:15.183+0700][gc,start     ] GC(13) Pause Young (Normal) (GCLocker Initiated GC)
[2023-07-21T15:23:15.183+0700][gc,task      ] GC(13) Using 8 workers of 8 for evacuation
[2023-07-21T15:23:15.205+0700][gc,phases    ] GC(13)   Pre Evacuate Collection Set: 0.0ms
[2023-07-21T15:23:15.205+0700][gc,phases    ] GC(13)   Evacuate Collection Set: 15.8ms
[2023-07-21T15:23:15.205+0700][gc,phases    ] GC(13)   Post Evacuate Collection Set: 0.6ms
[2023-07-21T15:23:15.205+0700][gc,phases    ] GC(13)   Other: 6.1ms
[2023-07-21T15:23:15.205+0700][gc,heap      ] GC(13) Eden regions: 362->0(340)
[2023-07-21T15:23:15.205+0700][gc,heap      ] GC(13) Survivor regions: 22->43(48)
[2023-07-21T15:23:15.205+0700][gc,heap      ] GC(13) Old regions: 126->126
[2023-07-21T15:23:15.205+0700][gc,heap      ] GC(13) Humongous regions: 13->7
[2023-07-21T15:23:15.205+0700][gc,metaspace ] GC(13) Metaspace: 12855K(13568K)->12855K(13568K) NonClass: 11336K(11776K)->11336K(11776K) Class: 1519K(1792K)->1519K(1792K)
[2023-07-21T15:23:15.205+0700][gc           ] GC(13) Pause Young (Normal) (GCLocker Initiated GC) 521M->174M(767M) 22.569ms
[2023-07-21T15:23:15.205+0700][gc,cpu       ] GC(13) User=0.11s Sys=0.03s Real=0.02s
[2023-07-21T15:23:15.288+0700][gc,start     ] GC(14) Pause Young (Normal) (G1 Evacuation Pause)
[2023-07-21T15:23:15.288+0700][gc,task      ] GC(14) Using 8 workers of 8 for evacuation
[2023-07-21T15:23:15.303+0700][gc,phases    ] GC(14)   Pre Evacuate Collection Set: 0.0ms
[2023-07-21T15:23:15.303+0700][gc,phases    ] GC(14)   Evacuate Collection Set: 14.2ms
[2023-07-21T15:23:15.303+0700][gc,phases    ] GC(14)   Post Evacuate Collection Set: 0.6ms
[2023-07-21T15:23:15.303+0700][gc,phases    ] GC(14)   Other: 0.1ms
[2023-07-21T15:23:15.303+0700][gc,heap      ] GC(14) Eden regions: 340->0(349)
[2023-07-21T15:23:15.303+0700][gc,heap      ] GC(14) Survivor regions: 43->34(48)
[2023-07-21T15:23:15.303+0700][gc,heap      ] GC(14) Old regions: 126->147
[2023-07-21T15:23:15.303+0700][gc,heap      ] GC(14) Humongous regions: 8->7
[2023-07-21T15:23:15.303+0700][gc,metaspace ] GC(14) Metaspace: 12855K(13568K)->12855K(13568K) NonClass: 11336K(11776K)->11336K(11776K) Class: 1519K(1792K)->1519K(1792K)
[2023-07-21T15:23:15.303+0700][gc           ] GC(14) Pause Young (Normal) (G1 Evacuation Pause) 515M->185M(767M) 15.008ms
[2023-07-21T15:23:15.303+0700][gc,cpu       ] GC(14) User=0.11s Sys=0.00s Real=0.02s
[2023-07-21T15:23:15.401+0700][gc,start     ] GC(15) Pause Young (Normal) (GCLocker Initiated GC)
[2023-07-21T15:23:15.401+0700][gc,task      ] GC(15) Using 8 workers of 8 for evacuation
[2023-07-21T15:23:15.415+0700][gc,phases    ] GC(15)   Pre Evacuate Collection Set: 0.0ms
[2023-07-21T15:23:15.415+0700][gc,phases    ] GC(15)   Evacuate Collection Set: 13.6ms
[2023-07-21T15:23:15.415+0700][gc,phases    ] GC(15)   Post Evacuate Collection Set: 0.5ms
[2023-07-21T15:23:15.415+0700][gc,phases    ] GC(15)   Other: 0.1ms
[2023-07-21T15:23:15.415+0700][gc,heap      ] GC(15) Eden regions: 350->0(358)
[2023-07-21T15:23:15.415+0700][gc,heap      ] GC(15) Survivor regions: 34->25(48)
[2023-07-21T15:23:15.415+0700][gc,heap      ] GC(15) Old regions: 147->168
[2023-07-21T15:23:15.415+0700][gc,heap      ] GC(15) Humongous regions: 8->7
[2023-07-21T15:23:15.415+0700][gc,metaspace ] GC(15) Metaspace: 12913K(13568K)->12913K(13568K) NonClass: 11391K(11776K)->11391K(11776K) Class: 1522K(1792K)->1522K(1792K)
[2023-07-21T15:23:15.415+0700][gc           ] GC(15) Pause Young (Normal) (GCLocker Initiated GC) 536M->198M(767M) 14.375ms
[2023-07-21T15:23:15.415+0700][gc,cpu       ] GC(15) User=0.09s Sys=0.00s Real=0.01s
[2023-07-21T15:23:15.522+0700][gc,start     ] GC(16) Pause Young (Normal) (GCLocker Initiated GC)
[2023-07-21T15:23:15.522+0700][gc,task      ] GC(16) Using 8 workers of 8 for evacuation
[2023-07-21T15:23:15.544+0700][gc,phases    ] GC(16)   Pre Evacuate Collection Set: 0.0ms
[2023-07-21T15:23:15.544+0700][gc,phases    ] GC(16)   Evacuate Collection Set: 15.5ms
[2023-07-21T15:23:15.544+0700][gc,phases    ] GC(16)   Post Evacuate Collection Set: 5.6ms
[2023-07-21T15:23:15.544+0700][gc,phases    ] GC(16)   Other: 0.2ms
[2023-07-21T15:23:15.544+0700][gc,heap      ] GC(16) Eden regions: 359->0(572)
[2023-07-21T15:23:15.544+0700][gc,heap      ] GC(16) Survivor regions: 25->42(48)
[2023-07-21T15:23:15.544+0700][gc,heap      ] GC(16) Old regions: 168->168
[2023-07-21T15:23:15.544+0700][gc,heap      ] GC(16) Humongous regions: 10->9
[2023-07-21T15:23:15.544+0700][gc,metaspace ] GC(16) Metaspace: 12915K(13568K)->12915K(13568K) NonClass: 11393K(11776K)->11393K(11776K) Class: 1522K(1792K)->1522K(1792K)
[2023-07-21T15:23:15.544+0700][gc           ] GC(16) Pause Young (Normal) (GCLocker Initiated GC) 559M->217M(1228M) 21.383ms
[2023-07-21T15:23:15.544+0700][gc,cpu       ] GC(16) User=0.13s Sys=0.01s Real=0.02s
[2023-07-21T15:23:15.864+0700][gc,start     ] GC(17) Pause Young (Normal) (GCLocker Initiated GC)
[2023-07-21T15:23:15.864+0700][gc,task      ] GC(17) Using 8 workers of 8 for evacuation
[2023-07-21T15:23:15.887+0700][gc,phases    ] GC(17)   Pre Evacuate Collection Set: 0.1ms
[2023-07-21T15:23:15.887+0700][gc,phases    ] GC(17)   Evacuate Collection Set: 22.4ms
[2023-07-21T15:23:15.887+0700][gc,phases    ] GC(17)   Post Evacuate Collection Set: 0.7ms
[2023-07-21T15:23:15.887+0700][gc,phases    ] GC(17)   Other: 0.3ms
[2023-07-21T15:23:15.887+0700][gc,heap      ] GC(17) Eden regions: 573->0(569)
[2023-07-21T15:23:15.887+0700][gc,heap      ] GC(17) Survivor regions: 42->45(77)
[2023-07-21T15:23:15.887+0700][gc,heap      ] GC(17) Old regions: 168->180
[2023-07-21T15:23:15.887+0700][gc,heap      ] GC(17) Humongous regions: 9->9
[2023-07-21T15:23:15.887+0700][gc,metaspace ] GC(17) Metaspace: 12916K(13568K)->12916K(13568K) NonClass: 11394K(11776K)->11394K(11776K) Class: 1522K(1792K)->1522K(1792K)
[2023-07-21T15:23:15.887+0700][gc           ] GC(17) Pause Young (Normal) (GCLocker Initiated GC) 789M->231M(1228M) 23.482ms
[2023-07-21T15:23:15.887+0700][gc,cpu       ] GC(17) User=0.19s Sys=0.01s Real=0.02s
[2023-07-21T15:23:16.017+0700][gc,start     ] GC(18) Pause Young (Normal) (GCLocker Initiated GC)
[2023-07-21T15:23:16.017+0700][gc,task      ] GC(18) Using 8 workers of 8 for evacuation
[2023-07-21T15:23:16.043+0700][gc,phases    ] GC(18)   Pre Evacuate Collection Set: 0.1ms
[2023-07-21T15:23:16.043+0700][gc,phases    ] GC(18)   Evacuate Collection Set: 25.2ms
[2023-07-21T15:23:16.043+0700][gc,phases    ] GC(18)   Post Evacuate Collection Set: 0.7ms
[2023-07-21T15:23:16.043+0700][gc,phases    ] GC(18)   Other: 0.2ms
[2023-07-21T15:23:16.043+0700][gc,heap      ] GC(18) Eden regions: 570->0(558)
[2023-07-21T15:23:16.044+0700][gc,heap      ] GC(18) Survivor regions: 45->56(77)
[2023-07-21T15:23:16.044+0700][gc,heap      ] GC(18) Old regions: 180->193
[2023-07-21T15:23:16.044+0700][gc,heap      ] GC(18) Humongous regions: 9->9
[2023-07-21T15:23:16.044+0700][gc,metaspace ] GC(18) Metaspace: 12933K(13568K)->12933K(13568K) NonClass: 11411K(11776K)->11411K(11776K) Class: 1522K(1792K)->1522K(1792K)
[2023-07-21T15:23:16.044+0700][gc           ] GC(18) Pause Young (Normal) (GCLocker Initiated GC) 800M->255M(1228M) 26.254ms
[2023-07-21T15:23:16.044+0700][gc,cpu       ] GC(18) User=0.18s Sys=0.00s Real=0.03s
[2023-07-21T15:23:16.887+0700][gc,start     ] GC(19) Pause Young (Concurrent Start) (Metadata GC Threshold)
[2023-07-21T15:23:16.887+0700][gc,task      ] GC(19) Using 8 workers of 8 for evacuation
[2023-07-21T15:23:16.916+0700][gc,phases    ] GC(19)   Pre Evacuate Collection Set: 0.1ms
[2023-07-21T15:23:16.916+0700][gc,phases    ] GC(19)   Evacuate Collection Set: 26.8ms
[2023-07-21T15:23:16.916+0700][gc,phases    ] GC(19)   Post Evacuate Collection Set: 1.6ms
[2023-07-21T15:23:16.916+0700][gc,phases    ] GC(19)   Other: 0.3ms
[2023-07-21T15:23:16.916+0700][gc,heap      ] GC(19) Eden regions: 352->0(557)
[2023-07-21T15:23:16.916+0700][gc,heap      ] GC(19) Survivor regions: 56->57(77)
[2023-07-21T15:23:16.916+0700][gc,heap      ] GC(19) Old regions: 193->201
[2023-07-21T15:23:16.916+0700][gc,heap      ] GC(19) Humongous regions: 10->10
[2023-07-21T15:23:16.916+0700][gc,metaspace ] GC(19) Metaspace: 20481K(21296K)->20481K(21296K) NonClass: 18081K(18608K)->18081K(18608K) Class: 2399K(2688K)->2399K(2688K)
[2023-07-21T15:23:16.916+0700][gc           ] GC(19) Pause Young (Concurrent Start) (Metadata GC Threshold) 607M->265M(1228M) 28.871ms
[2023-07-21T15:23:16.916+0700][gc,cpu       ] GC(19) User=0.22s Sys=0.00s Real=0.03s
[2023-07-21T15:23:16.916+0700][gc           ] GC(20) Concurrent Cycle
[2023-07-21T15:23:16.916+0700][gc,marking   ] GC(20) Concurrent Clear Claimed Marks
[2023-07-21T15:23:16.916+0700][gc,marking   ] GC(20) Concurrent Clear Claimed Marks 0.086ms
[2023-07-21T15:23:16.916+0700][gc,marking   ] GC(20) Concurrent Scan Root Regions
[2023-07-21T15:23:16.937+0700][gc,marking   ] GC(20) Concurrent Scan Root Regions 20.768ms
[2023-07-21T15:23:16.937+0700][gc,marking   ] GC(20) Concurrent Mark (4.368s)
[2023-07-21T15:23:16.937+0700][gc,marking   ] GC(20) Concurrent Mark From Roots
[2023-07-21T15:23:16.937+0700][gc,task      ] GC(20) Using 2 workers of 2 for marking
[2023-07-21T15:23:16.964+0700][gc,marking   ] GC(20) Concurrent Mark From Roots 27.301ms
[2023-07-21T15:23:16.964+0700][gc,marking   ] GC(20) Concurrent Preclean
[2023-07-21T15:23:16.964+0700][gc,marking   ] GC(20) Concurrent Preclean 0.114ms
[2023-07-21T15:23:16.964+0700][gc,marking   ] GC(20) Concurrent Mark (4.368s, 4.396s) 27.464ms
[2023-07-21T15:23:16.964+0700][gc,start     ] GC(20) Pause Remark
[2023-07-21T15:23:16.968+0700][gc,stringtable] GC(20) Cleaned string and symbol table, strings: 9247 processed, 31 removed, symbols: 59934 processed, 46 removed
[2023-07-21T15:23:16.968+0700][gc            ] GC(20) Pause Remark 276M->266M(1228M) 3.735ms
[2023-07-21T15:23:16.968+0700][gc,cpu        ] GC(20) User=0.02s Sys=0.00s Real=0.00s
[2023-07-21T15:23:16.968+0700][gc,marking    ] GC(20) Concurrent Rebuild Remembered Sets
[2023-07-21T15:23:16.992+0700][gc,marking    ] GC(20) Concurrent Rebuild Remembered Sets 23.331ms
[2023-07-21T15:23:16.992+0700][gc,start      ] GC(20) Pause Cleanup
[2023-07-21T15:23:16.992+0700][gc            ] GC(20) Pause Cleanup 268M->268M(1228M) 0.306ms
[2023-07-21T15:23:16.992+0700][gc,cpu        ] GC(20) User=0.00s Sys=0.00s Real=0.00s
[2023-07-21T15:23:16.992+0700][gc,marking    ] GC(20) Concurrent Cleanup for Next Mark
[2023-07-21T15:23:17.001+0700][gc,marking    ] GC(20) Concurrent Cleanup for Next Mark 8.368ms
[2023-07-21T15:23:17.001+0700][gc            ] GC(20) Concurrent Cycle 84.972ms
[2023-07-21T15:23:17.647+0700][gc,start      ] GC(21) Pause Young (Prepare Mixed) (Metadata GC Threshold)
[2023-07-21T15:23:17.647+0700][gc,task       ] GC(21) Using 8 workers of 8 for evacuation
[2023-07-21T15:23:17.675+0700][gc,phases     ] GC(21)   Pre Evacuate Collection Set: 0.0ms
[2023-07-21T15:23:17.675+0700][gc,phases     ] GC(21)   Evacuate Collection Set: 18.6ms
[2023-07-21T15:23:17.675+0700][gc,phases     ] GC(21)   Post Evacuate Collection Set: 8.4ms
[2023-07-21T15:23:17.675+0700][gc,phases     ] GC(21)   Other: 0.2ms
[2023-07-21T15:23:17.675+0700][gc,heap       ] GC(21) Eden regions: 120->0(790)
[2023-07-21T15:23:17.675+0700][gc,heap       ] GC(21) Survivor regions: 57->8(77)
[2023-07-21T15:23:17.675+0700][gc,heap       ] GC(21) Old regions: 196->246
[2023-07-21T15:23:17.675+0700][gc,heap       ] GC(21) Humongous regions: 5->5
[2023-07-21T15:23:17.675+0700][gc,metaspace  ] GC(21) Metaspace: 35974K(36988K)->35974K(36988K) NonClass: 31942K(32508K)->31942K(32508K) Class: 4031K(4480K)->4031K(4480K)
[2023-07-21T15:23:17.675+0700][gc            ] GC(21) Pause Young (Prepare Mixed) (Metadata GC Threshold) 374M->256M(1597M) 27.245ms
[2023-07-21T15:23:17.675+0700][gc,cpu        ] GC(21) User=0.16s Sys=0.01s Real=0.03s
[2023-07-21T15:23:17.707+0700][gc,start      ] GC(22) Pause Young (Mixed) (Metadata GC Threshold)
[2023-07-21T15:23:17.707+0700][gc,task       ] GC(22) Using 8 workers of 8 for evacuation
[2023-07-21T15:23:17.725+0700][gc,phases     ] GC(22)   Pre Evacuate Collection Set: 0.2ms
[2023-07-21T15:23:17.725+0700][gc,phases     ] GC(22)   Evacuate Collection Set: 16.2ms
[2023-07-21T15:23:17.725+0700][gc,phases     ] GC(22)   Post Evacuate Collection Set: 0.8ms
[2023-07-21T15:23:17.725+0700][gc,phases     ] GC(22)   Other: 0.2ms
[2023-07-21T15:23:17.725+0700][gc,heap       ] GC(22) Eden regions: 4->0(791)
[2023-07-21T15:23:17.725+0700][gc,heap       ] GC(22) Survivor regions: 8->7(100)
[2023-07-21T15:23:17.725+0700][gc,heap       ] GC(22) Old regions: 246->229
[2023-07-21T15:23:17.725+0700][gc,heap       ] GC(22) Humongous regions: 5->5
[2023-07-21T15:23:17.725+0700][gc,metaspace  ] GC(22) Metaspace: 36323K(37320K)->36323K(37320K) NonClass: 32248K(32840K)->32248K(32840K) Class: 4075K(4480K)->4075K(4480K)
[2023-07-21T15:23:17.725+0700][gc            ] GC(22) Pause Young (Mixed) (Metadata GC Threshold) 260M->238M(1597M) 17.440ms
[2023-07-21T15:23:17.725+0700][gc,cpu        ] GC(22) User=0.08s Sys=0.01s Real=0.02s
[2023-07-21T15:23:17.737+0700][gc,start      ] GC(23) Pause Young (Mixed) (Metadata GC Threshold)
[2023-07-21T15:23:17.737+0700][gc,task       ] GC(23) Using 8 workers of 8 for evacuation
[2023-07-21T15:23:17.746+0700][gc,phases     ] GC(23)   Pre Evacuate Collection Set: 0.1ms
[2023-07-21T15:23:17.746+0700][gc,phases     ] GC(23)   Evacuate Collection Set: 8.5ms
[2023-07-21T15:23:17.746+0700][gc,phases     ] GC(23)   Post Evacuate Collection Set: 0.7ms
[2023-07-21T15:23:17.746+0700][gc,phases     ] GC(23)   Other: 0.2ms
[2023-07-21T15:23:17.746+0700][gc,heap       ] GC(23) Eden regions: 2->0(793)
[2023-07-21T15:23:17.746+0700][gc,heap       ] GC(23) Survivor regions: 7->5(100)
[2023-07-21T15:23:17.746+0700][gc,heap       ] GC(23) Old regions: 229->209
[2023-07-21T15:23:17.746+0700][gc,heap       ] GC(23) Humongous regions: 5->5
[2023-07-21T15:23:17.746+0700][gc,metaspace  ] GC(23) Metaspace: 36615K(37576K)->36615K(37576K) NonClass: 32504K(33096K)->32504K(33096K) Class: 4111K(4480K)->4111K(4480K)
[2023-07-21T15:23:17.747+0700][gc            ] GC(23) Pause Young (Mixed) (Metadata GC Threshold) 240M->217M(1597M) 9.535ms
[2023-07-21T15:23:17.747+0700][gc,cpu        ] GC(23) User=0.06s Sys=0.00s Real=0.01s
[2023-07-21T15:23:17.771+0700][gc,start      ] GC(24) Pause Young (Mixed) (Metadata GC Threshold)
[2023-07-21T15:23:17.771+0700][gc,task       ] GC(24) Using 8 workers of 8 for evacuation
[2023-07-21T15:23:17.781+0700][gc,phases     ] GC(24)   Pre Evacuate Collection Set: 0.1ms
[2023-07-21T15:23:17.781+0700][gc,phases     ] GC(24)   Evacuate Collection Set: 8.8ms
[2023-07-21T15:23:17.781+0700][gc,phases     ] GC(24)   Post Evacuate Collection Set: 0.5ms
[2023-07-21T15:23:17.781+0700][gc,phases     ] GC(24)   Other: 0.3ms
[2023-07-21T15:23:17.781+0700][gc,heap       ] GC(24) Eden regions: 3->0(792)
[2023-07-21T15:23:17.781+0700][gc,heap       ] GC(24) Survivor regions: 5->6(100)
[2023-07-21T15:23:17.781+0700][gc,heap       ] GC(24) Old regions: 209->206
[2023-07-21T15:23:17.781+0700][gc,heap       ] GC(24) Humongous regions: 5->5
[2023-07-21T15:23:17.781+0700][gc,metaspace  ] GC(24) Metaspace: 36991K(37984K)->36991K(37984K) NonClass: 32782K(33376K)->32782K(33376K) Class: 4209K(4608K)->4209K(4608K)
[2023-07-21T15:23:17.781+0700][gc            ] GC(24) Pause Young (Mixed) (Metadata GC Threshold) 220M->214M(1597M) 9.712ms
[2023-07-21T15:23:17.781+0700][gc,cpu        ] GC(24) User=0.07s Sys=0.00s Real=0.01s
[2023-07-21T15:23:17.796+0700][gc,start      ] GC(25) Pause Young (Concurrent Start) (Metadata GC Threshold)
[2023-07-21T15:23:17.796+0700][gc,task       ] GC(25) Using 8 workers of 8 for evacuation
[2023-07-21T15:23:17.800+0700][gc,phases     ] GC(25)   Pre Evacuate Collection Set: 0.1ms
[2023-07-21T15:23:17.800+0700][gc,phases     ] GC(25)   Evacuate Collection Set: 3.8ms
[2023-07-21T15:23:17.800+0700][gc,phases     ] GC(25)   Post Evacuate Collection Set: 0.5ms
[2023-07-21T15:23:17.800+0700][gc,phases     ] GC(25)   Other: 0.2ms
[2023-07-21T15:23:17.800+0700][gc,heap       ] GC(25) Eden regions: 2->0(792)
[2023-07-21T15:23:17.800+0700][gc,heap       ] GC(25) Survivor regions: 6->6(100)
[2023-07-21T15:23:17.800+0700][gc,heap       ] GC(25) Old regions: 206->206
[2023-07-21T15:23:17.800+0700][gc,heap       ] GC(25) Humongous regions: 5->5
[2023-07-21T15:23:17.800+0700][gc,metaspace  ] GC(25) Metaspace: 37197K(38316K)->37197K(38316K) NonClass: 32917K(33632K)->32917K(33632K) Class: 4279K(4684K)->4279K(4684K)
[2023-07-21T15:23:17.800+0700][gc            ] GC(25) Pause Young (Concurrent Start) (Metadata GC Threshold) 216M->214M(1597M) 4.759ms
[2023-07-21T15:23:17.800+0700][gc,cpu        ] GC(25) User=0.03s Sys=0.00s Real=0.01s
[2023-07-21T15:23:17.800+0700][gc            ] GC(26) Concurrent Cycle
[2023-07-21T15:23:17.801+0700][gc,marking    ] GC(26) Concurrent Clear Claimed Marks
[2023-07-21T15:23:17.801+0700][gc,marking    ] GC(26) Concurrent Clear Claimed Marks 0.051ms
[2023-07-21T15:23:17.801+0700][gc,marking    ] GC(26) Concurrent Scan Root Regions
[2023-07-21T15:23:17.802+0700][gc,marking    ] GC(26) Concurrent Scan Root Regions 1.327ms
[2023-07-21T15:23:17.802+0700][gc,marking    ] GC(26) Concurrent Mark (5.233s)
[2023-07-21T15:23:17.802+0700][gc,marking    ] GC(26) Concurrent Mark From Roots
[2023-07-21T15:23:17.802+0700][gc,task       ] GC(26) Using 2 workers of 2 for marking
[2023-07-21T15:23:17.807+0700][gc,marking    ] GC(26) Concurrent Mark From Roots 5.183ms
[2023-07-21T15:23:17.807+0700][gc,marking    ] GC(26) Concurrent Preclean
[2023-07-21T15:23:17.807+0700][gc,marking    ] GC(26) Concurrent Preclean 0.074ms
[2023-07-21T15:23:17.807+0700][gc,marking    ] GC(26) Concurrent Mark (5.233s, 5.239s) 5.290ms
[2023-07-21T15:23:17.807+0700][gc,start      ] GC(26) Pause Remark
[2023-07-21T15:23:17.816+0700][gc,stringtable] GC(26) Cleaned string and symbol table, strings: 15962 processed, 6 removed, symbols: 98427 processed, 21 removed
[2023-07-21T15:23:17.817+0700][gc            ] GC(26) Pause Remark 214M->93M(1597M) 9.438ms
[2023-07-21T15:23:17.817+0700][gc,cpu        ] GC(26) User=0.06s Sys=0.00s Real=0.01s
[2023-07-21T15:23:17.817+0700][gc,marking    ] GC(26) Concurrent Rebuild Remembered Sets
[2023-07-21T15:23:17.822+0700][gc,marking    ] GC(26) Concurrent Rebuild Remembered Sets 4.673ms
[2023-07-21T15:23:17.822+0700][gc,start      ] GC(26) Pause Cleanup
[2023-07-21T15:23:17.822+0700][gc            ] GC(26) Pause Cleanup 93M->93M(1597M) 0.356ms
[2023-07-21T15:23:17.822+0700][gc,cpu        ] GC(26) User=0.00s Sys=0.00s Real=0.00s
[2023-07-21T15:23:17.822+0700][gc,marking    ] GC(26) Concurrent Cleanup for Next Mark
[2023-07-21T15:23:17.841+0700][gc,marking    ] GC(26) Concurrent Cleanup for Next Mark 18.911ms
[2023-07-21T15:23:17.841+0700][gc            ] GC(26) Concurrent Cycle 40.707ms
[2023-07-21T15:23:32.270+0700][gc,start      ] GC(27) Pause Young (Concurrent Start) (Metadata GC Threshold)
[2023-07-21T15:23:32.270+0700][gc,task       ] GC(27) Using 8 workers of 8 for evacuation
[2023-07-21T15:23:32.286+0700][gc,phases     ] GC(27)   Pre Evacuate Collection Set: 0.3ms
[2023-07-21T15:23:32.286+0700][gc,phases     ] GC(27)   Evacuate Collection Set: 13.4ms
[2023-07-21T15:23:32.286+0700][gc,phases     ] GC(27)   Post Evacuate Collection Set: 2.3ms
[2023-07-21T15:23:32.286+0700][gc,phases     ] GC(27)   Other: 0.2ms
[2023-07-21T15:23:32.286+0700][gc,heap       ] GC(27) Eden regions: 314->0(784)
[2023-07-21T15:23:32.286+0700][gc,heap       ] GC(27) Survivor regions: 6->14(100)
[2023-07-21T15:23:32.286+0700][gc,heap       ] GC(27) Old regions: 85->85
[2023-07-21T15:23:32.286+0700][gc,heap       ] GC(27) Humongous regions: 4->4
[2023-07-21T15:23:32.286+0700][gc,metaspace  ] GC(27) Metaspace: 61542K(64076K)->61542K(64076K) NonClass: 54074K(55552K)->54074K(55552K) Class: 7467K(8524K)->7467K(8524K)
[2023-07-21T15:23:32.286+0700][gc            ] GC(27) Pause Young (Concurrent Start) (Metadata GC Threshold) 406M->101M(1597M) 16.344ms
[2023-07-21T15:23:32.286+0700][gc,cpu        ] GC(27) User=0.10s Sys=0.01s Real=0.01s
[2023-07-21T15:23:32.286+0700][gc            ] GC(28) Concurrent Cycle
[2023-07-21T15:23:32.286+0700][gc,marking    ] GC(28) Concurrent Clear Claimed Marks
[2023-07-21T15:23:32.286+0700][gc,marking    ] GC(28) Concurrent Clear Claimed Marks 0.335ms
[2023-07-21T15:23:32.286+0700][gc,marking    ] GC(28) Concurrent Scan Root Regions
[2023-07-21T15:23:32.292+0700][gc,marking    ] GC(28) Concurrent Scan Root Regions 5.253ms
[2023-07-21T15:23:32.292+0700][gc,marking    ] GC(28) Concurrent Mark (19.723s)
[2023-07-21T15:23:32.292+0700][gc,marking    ] GC(28) Concurrent Mark From Roots
[2023-07-21T15:23:32.292+0700][gc,task       ] GC(28) Using 2 workers of 2 for marking
[2023-07-21T15:23:32.299+0700][gc,marking    ] GC(28) Concurrent Mark From Roots 7.036ms
[2023-07-21T15:23:32.299+0700][gc,marking    ] GC(28) Concurrent Preclean
[2023-07-21T15:23:32.299+0700][gc,marking    ] GC(28) Concurrent Preclean 0.150ms
[2023-07-21T15:23:32.299+0700][gc,marking    ] GC(28) Concurrent Mark (19.723s, 19.730s) 7.239ms
[2023-07-21T15:23:32.299+0700][gc,start      ] GC(28) Pause Remark
[2023-07-21T15:23:32.303+0700][gc,stringtable] GC(28) Cleaned string and symbol table, strings: 23660 processed, 0 removed, symbols: 157144 processed, 42 removed
[2023-07-21T15:23:32.303+0700][gc            ] GC(28) Pause Remark 103M->103M(1597M) 4.174ms
[2023-07-21T15:23:32.303+0700][gc,cpu        ] GC(28) User=0.02s Sys=0.00s Real=0.00s
[2023-07-21T15:23:32.303+0700][gc,marking    ] GC(28) Concurrent Rebuild Remembered Sets
[2023-07-21T15:23:32.309+0700][gc,marking    ] GC(28) Concurrent Rebuild Remembered Sets 5.201ms
[2023-07-21T15:23:32.309+0700][gc,start      ] GC(28) Pause Cleanup
[2023-07-21T15:23:32.309+0700][gc            ] GC(28) Pause Cleanup 104M->104M(1597M) 0.243ms
[2023-07-21T15:23:32.309+0700][gc,cpu        ] GC(28) User=0.00s Sys=0.00s Real=0.00s
[2023-07-21T15:23:32.309+0700][gc,marking    ] GC(28) Concurrent Cleanup for Next Mark
[2023-07-21T15:23:32.312+0700][gc,marking    ] GC(28) Concurrent Cleanup for Next Mark 2.590ms
[2023-07-21T15:23:32.312+0700][gc            ] GC(28) Concurrent Cycle 25.790ms
[2023-07-21T15:30:30.813+0700][gc,heap,exit  ] Heap
[2023-07-21T15:30:30.813+0700][gc,heap,exit  ]  garbage-first heap   total 1635328K, used 238114K [0x0000000740000000, 0x0000000800000000)
[2023-07-21T15:30:30.813+0700][gc,heap,exit  ]   region size 1024K, 147 young (150528K), 14 survivors (14336K)
[2023-07-21T15:30:30.813+0700][gc,heap,exit  ]  Metaspace       used 67911K, capacity 70809K, committed 71116K, reserved 1112064K
[2023-07-21T15:30:30.813+0700][gc,heap,exit  ]   class space    used 8151K, capacity 9338K, committed 9420K, reserved 1048576K
