[2023-07-21T14:31:18.038+0700][gc,heap] Heap region size: 1M
[2023-07-21T14:31:18.040+0700][gc     ] Using G1
[2023-07-21T14:31:18.040+0700][gc,heap,coops] Heap address: 0x0000000740000000, size: 3072 MB, Compressed Oops mode: Zero based, Oop shift amount: 3
[2023-07-21T14:31:18.040+0700][gc,cds       ] Mark closed archive regions in map: [0x00000007fff00000, 0x00000007fff6aff8]
[2023-07-21T14:31:18.040+0700][gc,cds       ] Mark open archive regions in map: [0x00000007ffe00000, 0x00000007ffe46ff8]
[2023-07-21T14:31:18.646+0700][gc,start     ] GC(0) Pause Young (Normal) (G1 Evacuation Pause)
[2023-07-21T14:31:18.646+0700][gc,task      ] GC(0) Using 2 workers of 8 for evacuation
[2023-07-21T14:31:18.665+0700][gc,phases    ] GC(0)   Pre Evacuate Collection Set: 0.0ms
[2023-07-21T14:31:18.665+0700][gc,phases    ] GC(0)   Evacuate Collection Set: 17.7ms
[2023-07-21T14:31:18.665+0700][gc,phases    ] GC(0)   Post Evacuate Collection Set: 1.5ms
[2023-07-21T14:31:18.665+0700][gc,phases    ] GC(0)   Other: 0.3ms
[2023-07-21T14:31:18.665+0700][gc,heap      ] GC(0) Eden regions: 61->0(53)
[2023-07-21T14:31:18.665+0700][gc,heap      ] GC(0) Survivor regions: 0->8(8)
[2023-07-21T14:31:18.665+0700][gc,heap      ] GC(0) Old regions: 2->12
[2023-07-21T14:31:18.665+0700][gc,heap      ] GC(0) Humongous regions: 4->4
[2023-07-21T14:31:18.665+0700][gc,metaspace ] GC(0) Metaspace: 6849K(7296K)->6849K(7296K) NonClass: 6077K(6400K)->6077K(6400K) Class: 772K(896K)->772K(896K)
[2023-07-21T14:31:18.665+0700][gc           ] GC(0) Pause Young (Normal) (G1 Evacuation Pause) 65M->22M(124M) 19.529ms
[2023-07-21T14:31:18.665+0700][gc,cpu       ] GC(0) User=0.05s Sys=0.02s Real=0.02s
[2023-07-21T14:31:18.875+0700][gc,start     ] GC(1) Pause Young (Normal) (G1 Evacuation Pause)
[2023-07-21T14:31:18.875+0700][gc,task      ] GC(1) Using 2 workers of 8 for evacuation
[2023-07-21T14:31:18.891+0700][gc,phases    ] GC(1)   Pre Evacuate Collection Set: 0.0ms
[2023-07-21T14:31:18.891+0700][gc,phases    ] GC(1)   Evacuate Collection Set: 14.8ms
[2023-07-21T14:31:18.891+0700][gc,phases    ] GC(1)   Post Evacuate Collection Set: 0.6ms
[2023-07-21T14:31:18.891+0700][gc,phases    ] GC(1)   Other: 0.1ms
[2023-07-21T14:31:18.891+0700][gc,heap      ] GC(1) Eden regions: 53->0(59)
[2023-07-21T14:31:18.891+0700][gc,heap      ] GC(1) Survivor regions: 8->2(8)
[2023-07-21T14:31:18.891+0700][gc,heap      ] GC(1) Old regions: 12->20
[2023-07-21T14:31:18.891+0700][gc,heap      ] GC(1) Humongous regions: 4->4
[2023-07-21T14:31:18.891+0700][gc,metaspace ] GC(1) Metaspace: 10612K(11264K)->10612K(11264K) NonClass: 9322K(9728K)->9322K(9728K) Class: 1289K(1536K)->1289K(1536K)
[2023-07-21T14:31:18.891+0700][gc           ] GC(1) Pause Young (Normal) (G1 Evacuation Pause) 75M->24M(124M) 15.543ms
[2023-07-21T14:31:18.891+0700][gc,cpu       ] GC(1) User=0.02s Sys=0.01s Real=0.01s
[2023-07-21T14:31:19.097+0700][gc,start     ] GC(2) Pause Young (Normal) (G1 Evacuation Pause)
[2023-07-21T14:31:19.097+0700][gc,task      ] GC(2) Using 2 workers of 8 for evacuation
[2023-07-21T14:31:19.109+0700][gc,phases    ] GC(2)   Pre Evacuate Collection Set: 0.0ms
[2023-07-21T14:31:19.109+0700][gc,phases    ] GC(2)   Evacuate Collection Set: 11.4ms
[2023-07-21T14:31:19.109+0700][gc,phases    ] GC(2)   Post Evacuate Collection Set: 0.3ms
[2023-07-21T14:31:19.109+0700][gc,phases    ] GC(2)   Other: 0.1ms
[2023-07-21T14:31:19.109+0700][gc,heap      ] GC(2) Eden regions: 59->0(53)
[2023-07-21T14:31:19.109+0700][gc,heap      ] GC(2) Survivor regions: 2->8(8)
[2023-07-21T14:31:19.109+0700][gc,heap      ] GC(2) Old regions: 20->21
[2023-07-21T14:31:19.109+0700][gc,heap      ] GC(2) Humongous regions: 4->4
[2023-07-21T14:31:19.109+0700][gc,metaspace ] GC(2) Metaspace: 12288K(12928K)->12288K(12928K) NonClass: 10800K(11264K)->10800K(11264K) Class: 1487K(1664K)->1487K(1664K)
[2023-07-21T14:31:19.109+0700][gc           ] GC(2) Pause Young (Normal) (G1 Evacuation Pause) 83M->31M(124M) 11.896ms
[2023-07-21T14:31:19.109+0700][gc,cpu       ] GC(2) User=0.01s Sys=0.02s Real=0.01s
[2023-07-21T14:31:19.161+0700][gc,start     ] GC(3) Pause Young (Normal) (G1 Evacuation Pause)
[2023-07-21T14:31:19.161+0700][gc,task      ] GC(3) Using 2 workers of 8 for evacuation
[2023-07-21T14:31:19.187+0700][gc,phases    ] GC(3)   Pre Evacuate Collection Set: 0.0ms
[2023-07-21T14:31:19.187+0700][gc,phases    ] GC(3)   Evacuate Collection Set: 25.7ms
[2023-07-21T14:31:19.187+0700][gc,phases    ] GC(3)   Post Evacuate Collection Set: 0.3ms
[2023-07-21T14:31:19.187+0700][gc,phases    ] GC(3)   Other: 0.1ms
[2023-07-21T14:31:19.187+0700][gc,heap      ] GC(3) Eden regions: 53->0(53)
[2023-07-21T14:31:19.187+0700][gc,heap      ] GC(3) Survivor regions: 8->8(8)
[2023-07-21T14:31:19.187+0700][gc,heap      ] GC(3) Old regions: 21->35
[2023-07-21T14:31:19.187+0700][gc,heap      ] GC(3) Humongous regions: 7->6
[2023-07-21T14:31:19.187+0700][gc,metaspace ] GC(3) Metaspace: 12335K(12928K)->12335K(12928K) NonClass: 10847K(11264K)->10847K(11264K) Class: 1487K(1664K)->1487K(1664K)
[2023-07-21T14:31:19.187+0700][gc           ] GC(3) Pause Young (Normal) (G1 Evacuation Pause) 87M->46M(124M) 26.163ms
[2023-07-21T14:31:19.187+0700][gc,cpu       ] GC(3) User=0.02s Sys=0.03s Real=0.03s
[2023-07-21T14:31:19.583+0700][gc,start     ] GC(4) Pause Young (Normal) (G1 Evacuation Pause)
[2023-07-21T14:31:19.583+0700][gc,task      ] GC(4) Using 2 workers of 8 for evacuation
[2023-07-21T14:31:19.612+0700][gc,phases    ] GC(4)   Pre Evacuate Collection Set: 0.0ms
[2023-07-21T14:31:19.612+0700][gc,phases    ] GC(4)   Evacuate Collection Set: 28.0ms
[2023-07-21T14:31:19.612+0700][gc,phases    ] GC(4)   Post Evacuate Collection Set: 1.1ms
[2023-07-21T14:31:19.612+0700][gc,phases    ] GC(4)   Other: 0.1ms
[2023-07-21T14:31:19.612+0700][gc,heap      ] GC(4) Eden regions: 53->0(105)
[2023-07-21T14:31:19.612+0700][gc,heap      ] GC(4) Survivor regions: 8->8(8)
[2023-07-21T14:31:19.612+0700][gc,heap      ] GC(4) Old regions: 35->52
[2023-07-21T14:31:19.612+0700][gc,heap      ] GC(4) Humongous regions: 8->4
[2023-07-21T14:31:19.612+0700][gc,metaspace ] GC(4) Metaspace: 12462K(13184K)->12462K(13184K) NonClass: 10971K(11520K)->10971K(11520K) Class: 1490K(1664K)->1490K(1664K)
[2023-07-21T14:31:19.612+0700][gc           ] GC(4) Pause Young (Normal) (G1 Evacuation Pause) 101M->62M(227M) 29.339ms
[2023-07-21T14:31:19.612+0700][gc,cpu       ] GC(4) User=0.09s Sys=0.01s Real=0.03s
[2023-07-21T14:31:19.874+0700][gc,start     ] GC(5) Pause Young (Normal) (GCLocker Initiated GC)
[2023-07-21T14:31:19.875+0700][gc,task      ] GC(5) Using 5 workers of 8 for evacuation
[2023-07-21T14:31:19.910+0700][gc,phases    ] GC(5)   Pre Evacuate Collection Set: 0.0ms
[2023-07-21T14:31:19.910+0700][gc,phases    ] GC(5)   Evacuate Collection Set: 35.4ms
[2023-07-21T14:31:19.910+0700][gc,phases    ] GC(5)   Post Evacuate Collection Set: 0.4ms
[2023-07-21T14:31:19.911+0700][gc,phases    ] GC(5)   Other: 0.6ms
[2023-07-21T14:31:19.911+0700][gc,heap      ] GC(5) Eden regions: 106->0(98)
[2023-07-21T14:31:19.911+0700][gc,heap      ] GC(5) Survivor regions: 8->15(15)
[2023-07-21T14:31:19.911+0700][gc,heap      ] GC(5) Old regions: 52->75
[2023-07-21T14:31:19.911+0700][gc,heap      ] GC(5) Humongous regions: 6->6
[2023-07-21T14:31:19.911+0700][gc,metaspace ] GC(5) Metaspace: 12795K(13568K)->12795K(13568K) NonClass: 11277K(11776K)->11277K(11776K) Class: 1518K(1792K)->1518K(1792K)
[2023-07-21T14:31:19.911+0700][gc           ] GC(5) Pause Young (Normal) (GCLocker Initiated GC) 170M->94M(227M) 36.426ms
[2023-07-21T14:31:19.911+0700][gc,cpu       ] GC(5) User=0.18s Sys=0.01s Real=0.03s
[2023-07-21T14:31:19.959+0700][gc,start     ] GC(6) Pause Young (Normal) (G1 Evacuation Pause)
[2023-07-21T14:31:19.959+0700][gc,task      ] GC(6) Using 5 workers of 8 for evacuation
[2023-07-21T14:31:19.967+0700][gc,phases    ] GC(6)   Pre Evacuate Collection Set: 0.0ms
[2023-07-21T14:31:19.967+0700][gc,phases    ] GC(6)   Evacuate Collection Set: 8.0ms
[2023-07-21T14:31:19.967+0700][gc,phases    ] GC(6)   Post Evacuate Collection Set: 0.3ms
[2023-07-21T14:31:19.967+0700][gc,phases    ] GC(6)   Other: 0.1ms
[2023-07-21T14:31:19.967+0700][gc,heap      ] GC(6) Eden regions: 98->0(107)
[2023-07-21T14:31:19.967+0700][gc,heap      ] GC(6) Survivor regions: 15->6(15)
[2023-07-21T14:31:19.967+0700][gc,heap      ] GC(6) Old regions: 75->90
[2023-07-21T14:31:19.967+0700][gc,heap      ] GC(6) Humongous regions: 6->6
[2023-07-21T14:31:19.967+0700][gc,metaspace ] GC(6) Metaspace: 12818K(13568K)->12818K(13568K) NonClass: 11298K(11776K)->11298K(11776K) Class: 1519K(1792K)->1519K(1792K)
[2023-07-21T14:31:19.967+0700][gc           ] GC(6) Pause Young (Normal) (G1 Evacuation Pause) 192M->100M(227M) 8.530ms
[2023-07-21T14:31:19.967+0700][gc,cpu       ] GC(6) User=0.06s Sys=0.00s Real=0.01s
[2023-07-21T14:31:20.029+0700][gc,start     ] GC(7) Pause Young (Normal) (G1 Evacuation Pause)
[2023-07-21T14:31:20.029+0700][gc,task      ] GC(7) Using 5 workers of 8 for evacuation
[2023-07-21T14:31:20.033+0700][gc,phases    ] GC(7)   Pre Evacuate Collection Set: 0.0ms
[2023-07-21T14:31:20.033+0700][gc,phases    ] GC(7)   Evacuate Collection Set: 3.8ms
[2023-07-21T14:31:20.033+0700][gc,phases    ] GC(7)   Post Evacuate Collection Set: 0.2ms
[2023-07-21T14:31:20.033+0700][gc,phases    ] GC(7)   Other: 0.2ms
[2023-07-21T14:31:20.033+0700][gc,heap      ] GC(7) Eden regions: 107->0(102)
[2023-07-21T14:31:20.033+0700][gc,heap      ] GC(7) Survivor regions: 6->11(15)
[2023-07-21T14:31:20.033+0700][gc,heap      ] GC(7) Old regions: 90->90
[2023-07-21T14:31:20.033+0700][gc,heap      ] GC(7) Humongous regions: 6->6
[2023-07-21T14:31:20.033+0700][gc,metaspace ] GC(7) Metaspace: 12847K(13568K)->12847K(13568K) NonClass: 11326K(11776K)->11326K(11776K) Class: 1520K(1792K)->1520K(1792K)
[2023-07-21T14:31:20.033+0700][gc           ] GC(7) Pause Young (Normal) (G1 Evacuation Pause) 207M->104M(227M) 4.198ms
[2023-07-21T14:31:20.033+0700][gc,cpu       ] GC(7) User=0.03s Sys=0.00s Real=0.00s
[2023-07-21T14:31:20.072+0700][gc,start     ] GC(8) Pause Young (Normal) (GCLocker Initiated GC)
[2023-07-21T14:31:20.072+0700][gc,task      ] GC(8) Using 5 workers of 8 for evacuation
[2023-07-21T14:31:20.077+0700][gc,phases    ] GC(8)   Pre Evacuate Collection Set: 0.0ms
[2023-07-21T14:31:20.077+0700][gc,phases    ] GC(8)   Evacuate Collection Set: 4.1ms
[2023-07-21T14:31:20.077+0700][gc,phases    ] GC(8)   Post Evacuate Collection Set: 1.2ms
[2023-07-21T14:31:20.077+0700][gc,phases    ] GC(8)   Other: 0.2ms
[2023-07-21T14:31:20.077+0700][gc,heap      ] GC(8) Eden regions: 103->0(196)
[2023-07-21T14:31:20.077+0700][gc,heap      ] GC(8) Survivor regions: 11->11(15)
[2023-07-21T14:31:20.077+0700][gc,heap      ] GC(8) Old regions: 90->95
[2023-07-21T14:31:20.077+0700][gc,heap      ] GC(8) Humongous regions: 6->6
[2023-07-21T14:31:20.077+0700][gc,metaspace ] GC(8) Metaspace: 12860K(13568K)->12860K(13568K) NonClass: 11339K(11776K)->11339K(11776K) Class: 1520K(1792K)->1520K(1792K)
[2023-07-21T14:31:20.077+0700][gc           ] GC(8) Pause Young (Normal) (GCLocker Initiated GC) 207M->110M(414M) 5.540ms
[2023-07-21T14:31:20.077+0700][gc,cpu       ] GC(8) User=0.03s Sys=0.00s Real=0.01s
[2023-07-21T14:31:20.222+0700][gc,start     ] GC(9) Pause Young (Normal) (GCLocker Initiated GC)
[2023-07-21T14:31:20.222+0700][gc,task      ] GC(9) Using 8 workers of 8 for evacuation
[2023-07-21T14:31:20.236+0700][gc,phases    ] GC(9)   Pre Evacuate Collection Set: 0.0ms
[2023-07-21T14:31:20.236+0700][gc,phases    ] GC(9)   Evacuate Collection Set: 12.8ms
[2023-07-21T14:31:20.236+0700][gc,phases    ] GC(9)   Post Evacuate Collection Set: 0.4ms
[2023-07-21T14:31:20.236+0700][gc,phases    ] GC(9)   Other: 0.7ms
[2023-07-21T14:31:20.236+0700][gc,heap      ] GC(9) Eden regions: 197->0(188)
[2023-07-21T14:31:20.236+0700][gc,heap      ] GC(9) Survivor regions: 11->19(26)
[2023-07-21T14:31:20.236+0700][gc,heap      ] GC(9) Old regions: 95->95
[2023-07-21T14:31:20.236+0700][gc,heap      ] GC(9) Humongous regions: 6->6
[2023-07-21T14:31:20.236+0700][gc,metaspace ] GC(9) Metaspace: 12875K(13568K)->12875K(13568K) NonClass: 11354K(11776K)->11354K(11776K) Class: 1520K(1792K)->1520K(1792K)
[2023-07-21T14:31:20.236+0700][gc           ] GC(9) Pause Young (Normal) (GCLocker Initiated GC) 307M->117M(414M) 13.966ms
[2023-07-21T14:31:20.236+0700][gc,cpu       ] GC(9) User=0.10s Sys=0.00s Real=0.02s
[2023-07-21T14:31:20.289+0700][gc,start     ] GC(10) Pause Young (Normal) (GCLocker Initiated GC)
[2023-07-21T14:31:20.289+0700][gc,task      ] GC(10) Using 8 workers of 8 for evacuation
[2023-07-21T14:31:20.297+0700][gc,phases    ] GC(10)   Pre Evacuate Collection Set: 0.0ms
[2023-07-21T14:31:20.297+0700][gc,phases    ] GC(10)   Evacuate Collection Set: 7.7ms
[2023-07-21T14:31:20.297+0700][gc,phases    ] GC(10)   Post Evacuate Collection Set: 0.4ms
[2023-07-21T14:31:20.297+0700][gc,phases    ] GC(10)   Other: 0.1ms
[2023-07-21T14:31:20.297+0700][gc,heap      ] GC(10) Eden regions: 189->0(188)
[2023-07-21T14:31:20.297+0700][gc,heap      ] GC(10) Survivor regions: 19->19(26)
[2023-07-21T14:31:20.297+0700][gc,heap      ] GC(10) Old regions: 95->101
[2023-07-21T14:31:20.297+0700][gc,heap      ] GC(10) Humongous regions: 6->6
[2023-07-21T14:31:20.297+0700][gc,metaspace ] GC(10) Metaspace: 12877K(13568K)->12877K(13568K) NonClass: 11356K(11776K)->11356K(11776K) Class: 1520K(1792K)->1520K(1792K)
[2023-07-21T14:31:20.297+0700][gc           ] GC(10) Pause Young (Normal) (GCLocker Initiated GC) 305M->124M(414M) 8.272ms
[2023-07-21T14:31:20.297+0700][gc,cpu       ] GC(10) User=0.06s Sys=0.00s Real=0.01s
[2023-07-21T14:31:20.350+0700][gc,start     ] GC(11) Pause Young (Normal) (GCLocker Initiated GC)
[2023-07-21T14:31:20.350+0700][gc,task      ] GC(11) Using 8 workers of 8 for evacuation
[2023-07-21T14:31:20.360+0700][gc,phases    ] GC(11)   Pre Evacuate Collection Set: 0.0ms
[2023-07-21T14:31:20.360+0700][gc,phases    ] GC(11)   Evacuate Collection Set: 9.4ms
[2023-07-21T14:31:20.360+0700][gc,phases    ] GC(11)   Post Evacuate Collection Set: 0.4ms
[2023-07-21T14:31:20.360+0700][gc,phases    ] GC(11)   Other: 0.2ms
[2023-07-21T14:31:20.360+0700][gc,heap      ] GC(11) Eden regions: 189->0(192)
[2023-07-21T14:31:20.360+0700][gc,heap      ] GC(11) Survivor regions: 19->15(26)
[2023-07-21T14:31:20.360+0700][gc,heap      ] GC(11) Old regions: 101->112
[2023-07-21T14:31:20.360+0700][gc,heap      ] GC(11) Humongous regions: 6->6
[2023-07-21T14:31:20.360+0700][gc,metaspace ] GC(11) Metaspace: 12880K(13568K)->12880K(13568K) NonClass: 11359K(11776K)->11359K(11776K) Class: 1520K(1792K)->1520K(1792K)
[2023-07-21T14:31:20.360+0700][gc           ] GC(11) Pause Young (Normal) (GCLocker Initiated GC) 312M->131M(414M) 10.005ms
[2023-07-21T14:31:20.360+0700][gc,cpu       ] GC(11) User=0.08s Sys=0.00s Real=0.01s
[2023-07-21T14:31:20.407+0700][gc,start     ] GC(12) Pause Young (Normal) (GCLocker Initiated GC)
[2023-07-21T14:31:20.407+0700][gc,task      ] GC(12) Using 8 workers of 8 for evacuation
[2023-07-21T14:31:20.418+0700][gc,phases    ] GC(12)   Pre Evacuate Collection Set: 0.0ms
[2023-07-21T14:31:20.418+0700][gc,phases    ] GC(12)   Evacuate Collection Set: 7.6ms
[2023-07-21T14:31:20.418+0700][gc,phases    ] GC(12)   Post Evacuate Collection Set: 2.9ms
[2023-07-21T14:31:20.418+0700][gc,phases    ] GC(12)   Other: 0.1ms
[2023-07-21T14:31:20.418+0700][gc,heap      ] GC(12) Eden regions: 193->0(271)
[2023-07-21T14:31:20.418+0700][gc,heap      ] GC(12) Survivor regions: 15->17(26)
[2023-07-21T14:31:20.418+0700][gc,heap      ] GC(12) Old regions: 112->119
[2023-07-21T14:31:20.418+0700][gc,heap      ] GC(12) Humongous regions: 6->6
[2023-07-21T14:31:20.418+0700][gc,metaspace ] GC(12) Metaspace: 12880K(13568K)->12880K(13568K) NonClass: 11360K(11776K)->11360K(11776K) Class: 1520K(1792K)->1520K(1792K)
[2023-07-21T14:31:20.418+0700][gc           ] GC(12) Pause Young (Normal) (GCLocker Initiated GC) 324M->139M(577M) 10.774ms
[2023-07-21T14:31:20.418+0700][gc,cpu       ] GC(12) User=0.06s Sys=0.00s Real=0.01s
[2023-07-21T14:31:20.503+0700][gc,start     ] GC(13) Pause Young (Normal) (GCLocker Initiated GC)
[2023-07-21T14:31:20.503+0700][gc,task      ] GC(13) Using 8 workers of 8 for evacuation
[2023-07-21T14:31:20.514+0700][gc,phases    ] GC(13)   Pre Evacuate Collection Set: 0.0ms
[2023-07-21T14:31:20.514+0700][gc,phases    ] GC(13)   Evacuate Collection Set: 10.0ms
[2023-07-21T14:31:20.514+0700][gc,phases    ] GC(13)   Post Evacuate Collection Set: 0.6ms
[2023-07-21T14:31:20.514+0700][gc,phases    ] GC(13)   Other: 0.2ms
[2023-07-21T14:31:20.514+0700][gc,heap      ] GC(13) Eden regions: 272->0(259)
[2023-07-21T14:31:20.514+0700][gc,heap      ] GC(13) Survivor regions: 17->29(36)
[2023-07-21T14:31:20.514+0700][gc,heap      ] GC(13) Old regions: 119->119
[2023-07-21T14:31:20.514+0700][gc,heap      ] GC(13) Humongous regions: 7->7
[2023-07-21T14:31:20.514+0700][gc,metaspace ] GC(13) Metaspace: 12881K(13568K)->12881K(13568K) NonClass: 11361K(11776K)->11361K(11776K) Class: 1520K(1792K)->1520K(1792K)
[2023-07-21T14:31:20.514+0700][gc           ] GC(13) Pause Young (Normal) (GCLocker Initiated GC) 412M->153M(577M) 11.025ms
[2023-07-21T14:31:20.514+0700][gc,cpu       ] GC(13) User=0.10s Sys=0.00s Real=0.02s
[2023-07-21T14:31:20.589+0700][gc,start     ] GC(14) Pause Young (Normal) (GCLocker Initiated GC)
[2023-07-21T14:31:20.589+0700][gc,task      ] GC(14) Using 8 workers of 8 for evacuation
[2023-07-21T14:31:20.602+0700][gc,phases    ] GC(14)   Pre Evacuate Collection Set: 0.0ms
[2023-07-21T14:31:20.602+0700][gc,phases    ] GC(14)   Evacuate Collection Set: 12.6ms
[2023-07-21T14:31:20.602+0700][gc,phases    ] GC(14)   Post Evacuate Collection Set: 0.4ms
[2023-07-21T14:31:20.602+0700][gc,phases    ] GC(14)   Other: 0.2ms
[2023-07-21T14:31:20.602+0700][gc,heap      ] GC(14) Eden regions: 260->0(258)
[2023-07-21T14:31:20.602+0700][gc,heap      ] GC(14) Survivor regions: 29->30(36)
[2023-07-21T14:31:20.602+0700][gc,heap      ] GC(14) Old regions: 119->135
[2023-07-21T14:31:20.602+0700][gc,heap      ] GC(14) Humongous regions: 8->8
[2023-07-21T14:31:20.602+0700][gc,metaspace ] GC(14) Metaspace: 12881K(13568K)->12881K(13568K) NonClass: 11361K(11776K)->11361K(11776K) Class: 1520K(1792K)->1520K(1792K)
[2023-07-21T14:31:20.602+0700][gc           ] GC(14) Pause Young (Normal) (GCLocker Initiated GC) 413M->170M(577M) 13.323ms
[2023-07-21T14:31:20.602+0700][gc,cpu       ] GC(14) User=0.08s Sys=0.00s Real=0.01s
[2023-07-21T14:31:20.664+0700][gc,start     ] GC(15) Pause Young (Normal) (GCLocker Initiated GC)
[2023-07-21T14:31:20.665+0700][gc,task      ] GC(15) Using 8 workers of 8 for evacuation
[2023-07-21T14:31:20.683+0700][gc,phases    ] GC(15)   Pre Evacuate Collection Set: 0.0ms
[2023-07-21T14:31:20.683+0700][gc,phases    ] GC(15)   Evacuate Collection Set: 17.8ms
[2023-07-21T14:31:20.683+0700][gc,phases    ] GC(15)   Post Evacuate Collection Set: 0.5ms
[2023-07-21T14:31:20.683+0700][gc,phases    ] GC(15)   Other: 0.2ms
[2023-07-21T14:31:20.683+0700][gc,heap      ] GC(15) Eden regions: 258->0(260)
[2023-07-21T14:31:20.683+0700][gc,heap      ] GC(15) Survivor regions: 30->28(36)
[2023-07-21T14:31:20.683+0700][gc,heap      ] GC(15) Old regions: 135->147
[2023-07-21T14:31:20.683+0700][gc,heap      ] GC(15) Humongous regions: 14->7
[2023-07-21T14:31:20.683+0700][gc,metaspace ] GC(15) Metaspace: 12881K(13568K)->12881K(13568K) NonClass: 11361K(11776K)->11361K(11776K) Class: 1520K(1792K)->1520K(1792K)
[2023-07-21T14:31:20.683+0700][gc           ] GC(15) Pause Young (Normal) (GCLocker Initiated GC) 434M->180M(577M) 18.645ms
[2023-07-21T14:31:20.683+0700][gc,cpu       ] GC(15) User=0.10s Sys=0.00s Real=0.01s
[2023-07-21T14:31:20.742+0700][gc,start     ] GC(16) Pause Young (Normal) (GCLocker Initiated GC)
[2023-07-21T14:31:20.742+0700][gc,task      ] GC(16) Using 8 workers of 8 for evacuation
[2023-07-21T14:31:20.759+0700][gc,phases    ] GC(16)   Pre Evacuate Collection Set: 0.0ms
[2023-07-21T14:31:20.759+0700][gc,phases    ] GC(16)   Evacuate Collection Set: 14.1ms
[2023-07-21T14:31:20.759+0700][gc,phases    ] GC(16)   Post Evacuate Collection Set: 3.4ms
[2023-07-21T14:31:20.759+0700][gc,phases    ] GC(16)   Other: 0.2ms
[2023-07-21T14:31:20.759+0700][gc,heap      ] GC(16) Eden regions: 261->0(516)
[2023-07-21T14:31:20.759+0700][gc,heap      ] GC(16) Survivor regions: 28->22(36)
[2023-07-21T14:31:20.759+0700][gc,heap      ] GC(16) Old regions: 147->162
[2023-07-21T14:31:20.759+0700][gc,heap      ] GC(16) Humongous regions: 8->7
[2023-07-21T14:31:20.759+0700][gc,metaspace ] GC(16) Metaspace: 12881K(13568K)->12881K(13568K) NonClass: 11361K(11776K)->11361K(11776K) Class: 1520K(1792K)->1520K(1792K)
[2023-07-21T14:31:20.759+0700][gc           ] GC(16) Pause Young (Normal) (GCLocker Initiated GC) 441M->189M(1076M) 17.776ms
[2023-07-21T14:31:20.759+0700][gc,cpu       ] GC(16) User=0.10s Sys=0.00s Real=0.02s
[2023-07-21T14:31:20.987+0700][gc,start     ] GC(17) Pause Young (Normal) (GCLocker Initiated GC)
[2023-07-21T14:31:20.987+0700][gc,task      ] GC(17) Using 8 workers of 8 for evacuation
[2023-07-21T14:31:21.002+0700][gc,phases    ] GC(17)   Pre Evacuate Collection Set: 0.0ms
[2023-07-21T14:31:21.002+0700][gc,phases    ] GC(17)   Evacuate Collection Set: 13.4ms
[2023-07-21T14:31:21.002+0700][gc,phases    ] GC(17)   Post Evacuate Collection Set: 0.5ms
[2023-07-21T14:31:21.002+0700][gc,phases    ] GC(17)   Other: 0.3ms
[2023-07-21T14:31:21.002+0700][gc,heap      ] GC(17) Eden regions: 517->0(493)
[2023-07-21T14:31:21.002+0700][gc,heap      ] GC(17) Survivor regions: 22->45(68)
[2023-07-21T14:31:21.002+0700][gc,heap      ] GC(17) Old regions: 162->162
[2023-07-21T14:31:21.002+0700][gc,heap      ] GC(17) Humongous regions: 10->9
[2023-07-21T14:31:21.002+0700][gc,metaspace ] GC(17) Metaspace: 12942K(13568K)->12942K(13568K) NonClass: 11419K(11776K)->11419K(11776K) Class: 1523K(1792K)->1523K(1792K)
[2023-07-21T14:31:21.002+0700][gc           ] GC(17) Pause Young (Normal) (GCLocker Initiated GC) 708M->214M(1076M) 14.266ms
[2023-07-21T14:31:21.002+0700][gc,cpu       ] GC(17) User=0.08s Sys=0.01s Real=0.01s
[2023-07-21T14:31:21.080+0700][gc,start     ] GC(18) Pause Young (Normal) (GCLocker Initiated GC)
[2023-07-21T14:31:21.080+0700][gc,task      ] GC(18) Using 8 workers of 8 for evacuation
[2023-07-21T14:31:21.105+0700][gc,phases    ] GC(18)   Pre Evacuate Collection Set: 0.0ms
[2023-07-21T14:31:21.105+0700][gc,phases    ] GC(18)   Evacuate Collection Set: 24.2ms
[2023-07-21T14:31:21.105+0700][gc,phases    ] GC(18)   Post Evacuate Collection Set: 0.5ms
[2023-07-21T14:31:21.105+0700][gc,phases    ] GC(18)   Other: 0.1ms
[2023-07-21T14:31:21.105+0700][gc,heap      ] GC(18) Eden regions: 494->0(494)
[2023-07-21T14:31:21.105+0700][gc,heap      ] GC(18) Survivor regions: 45->44(68)
[2023-07-21T14:31:21.105+0700][gc,heap      ] GC(18) Old regions: 162->174
[2023-07-21T14:31:21.105+0700][gc,heap      ] GC(18) Humongous regions: 9->9
[2023-07-21T14:31:21.105+0700][gc,metaspace ] GC(18) Metaspace: 12944K(13568K)->12944K(13568K) NonClass: 11420K(11776K)->11420K(11776K) Class: 1523K(1792K)->1523K(1792K)
[2023-07-21T14:31:21.105+0700][gc           ] GC(18) Pause Young (Normal) (GCLocker Initiated GC) 707M->225M(1076M) 24.975ms
[2023-07-21T14:31:21.105+0700][gc,cpu       ] GC(18) User=0.18s Sys=0.00s Real=0.03s
[2023-07-21T14:31:21.187+0700][gc,start     ] GC(19) Pause Young (Normal) (GCLocker Initiated GC)
[2023-07-21T14:31:21.187+0700][gc,task      ] GC(19) Using 8 workers of 8 for evacuation
[2023-07-21T14:31:21.211+0700][gc,phases    ] GC(19)   Pre Evacuate Collection Set: 0.0ms
[2023-07-21T14:31:21.211+0700][gc,phases    ] GC(19)   Evacuate Collection Set: 23.4ms
[2023-07-21T14:31:21.211+0700][gc,phases    ] GC(19)   Post Evacuate Collection Set: 0.6ms
[2023-07-21T14:31:21.211+0700][gc,phases    ] GC(19)   Other: 0.2ms
[2023-07-21T14:31:21.211+0700][gc,heap      ] GC(19) Eden regions: 495->0(486)
[2023-07-21T14:31:21.211+0700][gc,heap      ] GC(19) Survivor regions: 44->52(68)
[2023-07-21T14:31:21.211+0700][gc,heap      ] GC(19) Old regions: 174->184
[2023-07-21T14:31:21.211+0700][gc,heap      ] GC(19) Humongous regions: 9->9
[2023-07-21T14:31:21.211+0700][gc,metaspace ] GC(19) Metaspace: 12954K(13568K)->12954K(13568K) NonClass: 11430K(11776K)->11430K(11776K) Class: 1523K(1792K)->1523K(1792K)
[2023-07-21T14:31:21.211+0700][gc           ] GC(19) Pause Young (Normal) (GCLocker Initiated GC) 720M->243M(1076M) 24.265ms
[2023-07-21T14:31:21.211+0700][gc,cpu       ] GC(19) User=0.17s Sys=0.00s Real=0.02s
[2023-07-21T14:31:21.410+0700][gc,start     ] GC(20) Pause Young (Normal) (G1 Evacuation Pause)
[2023-07-21T14:31:21.411+0700][gc,task      ] GC(20) Using 8 workers of 8 for evacuation
[2023-07-21T14:31:21.445+0700][gc,phases    ] GC(20)   Pre Evacuate Collection Set: 0.0ms
[2023-07-21T14:31:21.445+0700][gc,phases    ] GC(20)   Evacuate Collection Set: 27.4ms
[2023-07-21T14:31:21.445+0700][gc,phases    ] GC(20)   Post Evacuate Collection Set: 7.1ms
[2023-07-21T14:31:21.445+0700][gc,phases    ] GC(20)   Other: 0.2ms
[2023-07-21T14:31:21.445+0700][gc,heap      ] GC(20) Eden regions: 486->0(728)
[2023-07-21T14:31:21.445+0700][gc,heap      ] GC(20) Survivor regions: 52->68(68)
[2023-07-21T14:31:21.445+0700][gc,heap      ] GC(20) Old regions: 184->207
[2023-07-21T14:31:21.445+0700][gc,heap      ] GC(20) Humongous regions: 9->9
[2023-07-21T14:31:21.445+0700][gc,metaspace ] GC(20) Metaspace: 13053K(13824K)->13053K(13824K) NonClass: 11526K(12032K)->11526K(12032K) Class: 1527K(1792K)->1527K(1792K)
[2023-07-21T14:31:21.445+0700][gc           ] GC(20) Pause Young (Normal) (G1 Evacuation Pause) 729M->281M(1593M) 34.793ms
[2023-07-21T14:31:21.445+0700][gc,cpu       ] GC(20) User=0.23s Sys=0.01s Real=0.04s
[2023-07-21T14:31:22.187+0700][gc,start     ] GC(21) Pause Young (Concurrent Start) (Metadata GC Threshold)
[2023-07-21T14:31:22.187+0700][gc,task      ] GC(21) Using 8 workers of 8 for evacuation
[2023-07-21T14:31:22.218+0700][gc,phases    ] GC(21)   Pre Evacuate Collection Set: 0.1ms
[2023-07-21T14:31:22.218+0700][gc,phases    ] GC(21)   Evacuate Collection Set: 28.1ms
[2023-07-21T14:31:22.218+0700][gc,phases    ] GC(21)   Post Evacuate Collection Set: 1.7ms
[2023-07-21T14:31:22.218+0700][gc,phases    ] GC(21)   Other: 0.3ms
[2023-07-21T14:31:22.218+0700][gc,heap      ] GC(21) Eden regions: 99->0(746)
[2023-07-21T14:31:22.218+0700][gc,heap      ] GC(21) Survivor regions: 68->50(100)
[2023-07-21T14:31:22.218+0700][gc,heap      ] GC(21) Old regions: 207->215
[2023-07-21T14:31:22.218+0700][gc,heap      ] GC(21) Humongous regions: 10->10
[2023-07-21T14:31:22.218+0700][gc,metaspace ] GC(21) Metaspace: 20502K(21296K)->20502K(21296K) NonClass: 18101K(18608K)->18101K(18608K) Class: 2401K(2688K)->2401K(2688K)
[2023-07-21T14:31:22.218+0700][gc           ] GC(21) Pause Young (Concurrent Start) (Metadata GC Threshold) 381M->273M(1593M) 30.206ms
[2023-07-21T14:31:22.218+0700][gc,cpu       ] GC(21) User=0.15s Sys=0.05s Real=0.03s
[2023-07-21T14:31:22.218+0700][gc           ] GC(22) Concurrent Cycle
[2023-07-21T14:31:22.218+0700][gc,marking   ] GC(22) Concurrent Clear Claimed Marks
[2023-07-21T14:31:22.218+0700][gc,marking   ] GC(22) Concurrent Clear Claimed Marks 0.076ms
[2023-07-21T14:31:22.218+0700][gc,marking   ] GC(22) Concurrent Scan Root Regions
[2023-07-21T14:31:22.241+0700][gc,marking   ] GC(22) Concurrent Scan Root Regions 23.502ms
[2023-07-21T14:31:22.241+0700][gc,marking   ] GC(22) Concurrent Mark (4.205s)
[2023-07-21T14:31:22.241+0700][gc,marking   ] GC(22) Concurrent Mark From Roots
[2023-07-21T14:31:22.241+0700][gc,task      ] GC(22) Using 2 workers of 2 for marking
[2023-07-21T14:31:22.267+0700][gc,marking   ] GC(22) Concurrent Mark From Roots 25.842ms
[2023-07-21T14:31:22.267+0700][gc,marking   ] GC(22) Concurrent Preclean
[2023-07-21T14:31:22.267+0700][gc,marking   ] GC(22) Concurrent Preclean 0.087ms
[2023-07-21T14:31:22.267+0700][gc,marking   ] GC(22) Concurrent Mark (4.205s, 4.231s) 25.968ms
[2023-07-21T14:31:22.268+0700][gc,start     ] GC(22) Pause Remark
[2023-07-21T14:31:22.270+0700][gc,stringtable] GC(22) Cleaned string and symbol table, strings: 9262 processed, 31 removed, symbols: 60405 processed, 46 removed
[2023-07-21T14:31:22.271+0700][gc            ] GC(22) Pause Remark 285M->273M(1593M) 2.954ms
[2023-07-21T14:31:22.271+0700][gc,cpu        ] GC(22) User=0.01s Sys=0.00s Real=0.00s
[2023-07-21T14:31:22.271+0700][gc,marking    ] GC(22) Concurrent Rebuild Remembered Sets
[2023-07-21T14:31:22.296+0700][gc,marking    ] GC(22) Concurrent Rebuild Remembered Sets 24.756ms
[2023-07-21T14:31:22.296+0700][gc,start      ] GC(22) Pause Cleanup
[2023-07-21T14:31:22.296+0700][gc            ] GC(22) Pause Cleanup 275M->275M(1593M) 0.482ms
[2023-07-21T14:31:22.296+0700][gc,cpu        ] GC(22) User=0.00s Sys=0.00s Real=0.00s
[2023-07-21T14:31:22.296+0700][gc,marking    ] GC(22) Concurrent Cleanup for Next Mark
[2023-07-21T14:31:22.312+0700][gc,marking    ] GC(22) Concurrent Cleanup for Next Mark 15.942ms
[2023-07-21T14:31:22.312+0700][gc            ] GC(22) Concurrent Cycle 94.632ms
[2023-07-21T14:31:22.951+0700][gc,start      ] GC(23) Pause Young (Prepare Mixed) (Metadata GC Threshold)
[2023-07-21T14:31:22.951+0700][gc,task       ] GC(23) Using 8 workers of 8 for evacuation
[2023-07-21T14:31:22.978+0700][gc,phases     ] GC(23)   Pre Evacuate Collection Set: 0.1ms
[2023-07-21T14:31:22.978+0700][gc,phases     ] GC(23)   Evacuate Collection Set: 25.5ms
[2023-07-21T14:31:22.978+0700][gc,phases     ] GC(23)   Post Evacuate Collection Set: 1.4ms
[2023-07-21T14:31:22.978+0700][gc,phases     ] GC(23)   Other: 0.2ms
[2023-07-21T14:31:22.978+0700][gc,heap       ] GC(23) Eden regions: 114->0(744)
[2023-07-21T14:31:22.978+0700][gc,heap       ] GC(23) Survivor regions: 50->52(100)
[2023-07-21T14:31:22.978+0700][gc,heap       ] GC(23) Old regions: 208->208
[2023-07-21T14:31:22.978+0700][gc,heap       ] GC(23) Humongous regions: 5->5
[2023-07-21T14:31:22.978+0700][gc,metaspace  ] GC(23) Metaspace: 35783K(36988K)->35783K(36988K) NonClass: 31782K(32636K)->31782K(32636K) Class: 4001K(4352K)->4001K(4352K)
[2023-07-21T14:31:22.978+0700][gc            ] GC(23) Pause Young (Prepare Mixed) (Metadata GC Threshold) 375M->263M(1593M) 27.247ms
[2023-07-21T14:31:22.978+0700][gc,cpu        ] GC(23) User=0.15s Sys=0.06s Real=0.03s
[2023-07-21T14:31:23.019+0700][gc,start      ] GC(24) Pause Young (Mixed) (Metadata GC Threshold)
[2023-07-21T14:31:23.019+0700][gc,task       ] GC(24) Using 8 workers of 8 for evacuation
[2023-07-21T14:31:23.037+0700][gc,phases     ] GC(24)   Pre Evacuate Collection Set: 0.1ms
[2023-07-21T14:31:23.037+0700][gc,phases     ] GC(24)   Evacuate Collection Set: 16.6ms
[2023-07-21T14:31:23.037+0700][gc,phases     ] GC(24)   Post Evacuate Collection Set: 0.7ms
[2023-07-21T14:31:23.037+0700][gc,phases     ] GC(24)   Other: 0.2ms
[2023-07-21T14:31:23.037+0700][gc,heap       ] GC(24) Eden regions: 10->0(770)
[2023-07-21T14:31:23.037+0700][gc,heap       ] GC(24) Survivor regions: 52->26(100)
[2023-07-21T14:31:23.037+0700][gc,heap       ] GC(24) Old regions: 208->213
[2023-07-21T14:31:23.037+0700][gc,heap       ] GC(24) Humongous regions: 5->5
[2023-07-21T14:31:23.037+0700][gc,metaspace  ] GC(24) Metaspace: 36185K(37320K)->36185K(37320K) NonClass: 32127K(32840K)->32127K(32840K) Class: 4057K(4480K)->4057K(4480K)
[2023-07-21T14:31:23.037+0700][gc            ] GC(24) Pause Young (Mixed) (Metadata GC Threshold) 272M->242M(1593M) 17.609ms
[2023-07-21T14:31:23.037+0700][gc,cpu        ] GC(24) User=0.12s Sys=0.00s Real=0.02s
[2023-07-21T14:31:23.047+0700][gc,start      ] GC(25) Pause Young (Mixed) (Metadata GC Threshold)
[2023-07-21T14:31:23.047+0700][gc,task       ] GC(25) Using 8 workers of 8 for evacuation
[2023-07-21T14:31:23.064+0700][gc,phases     ] GC(25)   Pre Evacuate Collection Set: 0.1ms
[2023-07-21T14:31:23.064+0700][gc,phases     ] GC(25)   Evacuate Collection Set: 15.9ms
[2023-07-21T14:31:23.064+0700][gc,phases     ] GC(25)   Post Evacuate Collection Set: 0.6ms
[2023-07-21T14:31:23.064+0700][gc,phases     ] GC(25)   Other: 0.2ms
[2023-07-21T14:31:23.064+0700][gc,heap       ] GC(25) Eden regions: 2->0(770)
[2023-07-21T14:31:23.064+0700][gc,heap       ] GC(25) Survivor regions: 26->26(100)
[2023-07-21T14:31:23.064+0700][gc,heap       ] GC(25) Old regions: 213->195
[2023-07-21T14:31:23.064+0700][gc,heap       ] GC(25) Humongous regions: 5->5
[2023-07-21T14:31:23.064+0700][gc,metaspace  ] GC(25) Metaspace: 36476K(37576K)->36476K(37576K) NonClass: 32383K(33096K)->32383K(33096K) Class: 4093K(4480K)->4093K(4480K)
[2023-07-21T14:31:23.064+0700][gc            ] GC(25) Pause Young (Mixed) (Metadata GC Threshold) 244M->224M(1593M) 16.927ms
[2023-07-21T14:31:23.064+0700][gc,cpu        ] GC(25) User=0.12s Sys=0.00s Real=0.01s
[2023-07-21T14:31:23.083+0700][gc,start      ] GC(26) Pause Young (Mixed) (Metadata GC Threshold)
[2023-07-21T14:31:23.083+0700][gc,task       ] GC(26) Using 8 workers of 8 for evacuation
[2023-07-21T14:31:23.096+0700][gc,phases     ] GC(26)   Pre Evacuate Collection Set: 0.1ms
[2023-07-21T14:31:23.096+0700][gc,phases     ] GC(26)   Evacuate Collection Set: 11.8ms
[2023-07-21T14:31:23.096+0700][gc,phases     ] GC(26)   Post Evacuate Collection Set: 0.6ms
[2023-07-21T14:31:23.096+0700][gc,phases     ] GC(26)   Other: 0.2ms
[2023-07-21T14:31:23.096+0700][gc,heap       ] GC(26) Eden regions: 2->0(770)
[2023-07-21T14:31:23.096+0700][gc,heap       ] GC(26) Survivor regions: 26->26(100)
[2023-07-21T14:31:23.096+0700][gc,heap       ] GC(26) Old regions: 195->186
[2023-07-21T14:31:23.096+0700][gc,heap       ] GC(26) Humongous regions: 5->5
[2023-07-21T14:31:23.096+0700][gc,metaspace  ] GC(26) Metaspace: 36838K(37960K)->36838K(37960K) NonClass: 32681K(33352K)->32681K(33352K) Class: 4157K(4608K)->4157K(4608K)
[2023-07-21T14:31:23.096+0700][gc            ] GC(26) Pause Young (Mixed) (Metadata GC Threshold) 226M->214M(1593M) 12.834ms
[2023-07-21T14:31:23.096+0700][gc,cpu        ] GC(26) User=0.10s Sys=0.00s Real=0.02s
[2023-07-21T14:31:23.121+0700][gc,start      ] GC(27) Pause Young (Concurrent Start) (Metadata GC Threshold)
[2023-07-21T14:31:23.121+0700][gc,task       ] GC(27) Using 8 workers of 8 for evacuation
[2023-07-21T14:31:23.136+0700][gc,phases     ] GC(27)   Pre Evacuate Collection Set: 0.1ms
[2023-07-21T14:31:23.136+0700][gc,phases     ] GC(27)   Evacuate Collection Set: 14.2ms
[2023-07-21T14:31:23.136+0700][gc,phases     ] GC(27)   Post Evacuate Collection Set: 0.7ms
[2023-07-21T14:31:23.136+0700][gc,phases     ] GC(27)   Other: 0.2ms
[2023-07-21T14:31:23.136+0700][gc,heap       ] GC(27) Eden regions: 3->0(769)
[2023-07-21T14:31:23.136+0700][gc,heap       ] GC(27) Survivor regions: 26->27(100)
[2023-07-21T14:31:23.136+0700][gc,heap       ] GC(27) Old regions: 186->186
[2023-07-21T14:31:23.136+0700][gc,heap       ] GC(27) Humongous regions: 5->5
[2023-07-21T14:31:23.136+0700][gc,metaspace  ] GC(27) Metaspace: 37195K(38316K)->37195K(38316K) NonClass: 32922K(33608K)->32922K(33608K) Class: 4272K(4708K)->4272K(4708K)
[2023-07-21T14:31:23.136+0700][gc            ] GC(27) Pause Young (Concurrent Start) (Metadata GC Threshold) 217M->215M(1593M) 15.276ms
[2023-07-21T14:31:23.136+0700][gc,cpu        ] GC(27) User=0.11s Sys=0.00s Real=0.02s
[2023-07-21T14:31:23.136+0700][gc            ] GC(28) Concurrent Cycle
[2023-07-21T14:31:23.136+0700][gc,marking    ] GC(28) Concurrent Clear Claimed Marks
[2023-07-21T14:31:23.136+0700][gc,marking    ] GC(28) Concurrent Clear Claimed Marks 0.108ms
[2023-07-21T14:31:23.136+0700][gc,marking    ] GC(28) Concurrent Scan Root Regions
[2023-07-21T14:31:23.148+0700][gc,marking    ] GC(28) Concurrent Scan Root Regions 11.537ms
[2023-07-21T14:31:23.148+0700][gc,marking    ] GC(28) Concurrent Mark (5.112s)
[2023-07-21T14:31:23.148+0700][gc,marking    ] GC(28) Concurrent Mark From Roots
[2023-07-21T14:31:23.148+0700][gc,task       ] GC(28) Using 2 workers of 2 for marking
[2023-07-21T14:31:23.199+0700][gc,marking    ] GC(28) Concurrent Mark From Roots 51.417ms
[2023-07-21T14:31:23.199+0700][gc,marking    ] GC(28) Concurrent Preclean
[2023-07-21T14:31:23.199+0700][gc,marking    ] GC(28) Concurrent Preclean 0.068ms
[2023-07-21T14:31:23.199+0700][gc,marking    ] GC(28) Concurrent Mark (5.112s, 5.163s) 51.523ms
[2023-07-21T14:31:23.200+0700][gc,start      ] GC(28) Pause Remark
[2023-07-21T14:31:23.203+0700][gc,stringtable] GC(28) Cleaned string and symbol table, strings: 16099 processed, 0 removed, symbols: 100083 processed, 28 removed
[2023-07-21T14:31:23.203+0700][gc            ] GC(28) Pause Remark 224M->223M(1593M) 3.366ms
[2023-07-21T14:31:23.203+0700][gc,cpu        ] GC(28) User=0.01s Sys=0.00s Real=0.00s
[2023-07-21T14:31:23.203+0700][gc,marking    ] GC(28) Concurrent Rebuild Remembered Sets
[2023-07-21T14:31:23.239+0700][gc,marking    ] GC(28) Concurrent Rebuild Remembered Sets 36.163ms
[2023-07-21T14:31:23.240+0700][gc,start      ] GC(28) Pause Cleanup
[2023-07-21T14:31:23.240+0700][gc            ] GC(28) Pause Cleanup 231M->231M(1593M) 0.335ms
[2023-07-21T14:31:23.240+0700][gc,cpu        ] GC(28) User=0.00s Sys=0.00s Real=0.00s
[2023-07-21T14:31:23.240+0700][gc,marking    ] GC(28) Concurrent Cleanup for Next Mark
[2023-07-21T14:31:23.257+0700][gc,marking    ] GC(28) Concurrent Cleanup for Next Mark 17.422ms
[2023-07-21T14:31:23.257+0700][gc            ] GC(28) Concurrent Cycle 121.247ms
[2023-07-21T14:33:57.408+0700][gc,heap,exit  ] Heap
[2023-07-21T14:33:57.408+0700][gc,heap,exit  ]  garbage-first heap   total 1631232K, used 438206K [0x0000000740000000, 0x0000000800000000)
[2023-07-21T14:33:57.408+0700][gc,heap,exit  ]   region size 1024K, 241 young (246784K), 27 survivors (27648K)
[2023-07-21T14:33:57.408+0700][gc,heap,exit  ]  Metaspace       used 54362K, capacity 56339K, committed 56644K, reserved 1099776K
[2023-07-21T14:33:57.408+0700][gc,heap,exit  ]   class space    used 6496K, capacity 7293K, committed 7420K, reserved 1048576K
