[2023-07-21T15:38:05.166+0700][gc,heap] Heap region size: 1M
[2023-07-21T15:38:05.168+0700][gc     ] Using G1
[2023-07-21T15:38:05.168+0700][gc,heap,coops] Heap address: 0x0000000740000000, size: 3072 MB, Compressed Oops mode: Zero based, Oop shift amount: 3
[2023-07-21T15:38:05.168+0700][gc,cds       ] Mark closed archive regions in map: [0x00000007fff00000, 0x00000007fff6aff8]
[2023-07-21T15:38:05.168+0700][gc,cds       ] Mark open archive regions in map: [0x00000007ffe00000, 0x00000007ffe46ff8]
[2023-07-21T15:38:05.722+0700][gc,start     ] GC(0) Pause Young (Normal) (G1 Evacuation Pause)
[2023-07-21T15:38:05.722+0700][gc,task      ] GC(0) Using 2 workers of 8 for evacuation
[2023-07-21T15:38:05.734+0700][gc,phases    ] GC(0)   Pre Evacuate Collection Set: 0.0ms
[2023-07-21T15:38:05.734+0700][gc,phases    ] GC(0)   Evacuate Collection Set: 10.8ms
[2023-07-21T15:38:05.734+0700][gc,phases    ] GC(0)   Post Evacuate Collection Set: 0.8ms
[2023-07-21T15:38:05.734+0700][gc,phases    ] GC(0)   Other: 0.4ms
[2023-07-21T15:38:05.734+0700][gc,heap      ] GC(0) Eden regions: 61->0(53)
[2023-07-21T15:38:05.734+0700][gc,heap      ] GC(0) Survivor regions: 0->8(8)
[2023-07-21T15:38:05.734+0700][gc,heap      ] GC(0) Old regions: 2->13
[2023-07-21T15:38:05.734+0700][gc,heap      ] GC(0) Humongous regions: 4->4
[2023-07-21T15:38:05.734+0700][gc,metaspace ] GC(0) Metaspace: 6815K(7296K)->6815K(7296K) NonClass: 6045K(6400K)->6045K(6400K) Class: 769K(896K)->769K(896K)
[2023-07-21T15:38:05.734+0700][gc           ] GC(0) Pause Young (Normal) (G1 Evacuation Pause) 65M->23M(124M) 12.068ms
[2023-07-21T15:38:05.734+0700][gc,cpu       ] GC(0) User=0.05s Sys=0.00s Real=0.01s
[2023-07-21T15:38:05.962+0700][gc,start     ] GC(1) Pause Young (Normal) (G1 Evacuation Pause)
[2023-07-21T15:38:05.962+0700][gc,task      ] GC(1) Using 2 workers of 8 for evacuation
[2023-07-21T15:38:05.970+0700][gc,phases    ] GC(1)   Pre Evacuate Collection Set: 0.0ms
[2023-07-21T15:38:05.970+0700][gc,phases    ] GC(1)   Evacuate Collection Set: 7.5ms
[2023-07-21T15:38:05.970+0700][gc,phases    ] GC(1)   Post Evacuate Collection Set: 0.5ms
[2023-07-21T15:38:05.970+0700][gc,phases    ] GC(1)   Other: 0.1ms
[2023-07-21T15:38:05.970+0700][gc,heap      ] GC(1) Eden regions: 53->0(59)
[2023-07-21T15:38:05.970+0700][gc,heap      ] GC(1) Survivor regions: 8->2(8)
[2023-07-21T15:38:05.970+0700][gc,heap      ] GC(1) Old regions: 13->21
[2023-07-21T15:38:05.970+0700][gc,heap      ] GC(1) Humongous regions: 4->4
[2023-07-21T15:38:05.970+0700][gc,metaspace ] GC(1) Metaspace: 10585K(11264K)->10585K(11264K) NonClass: 9301K(9728K)->9301K(9728K) Class: 1284K(1536K)->1284K(1536K)
[2023-07-21T15:38:05.970+0700][gc           ] GC(1) Pause Young (Normal) (G1 Evacuation Pause) 76M->24M(124M) 8.102ms
[2023-07-21T15:38:05.970+0700][gc,cpu       ] GC(1) User=0.03s Sys=0.00s Real=0.01s
[2023-07-21T15:38:06.151+0700][gc,start     ] GC(2) Pause Young (Normal) (G1 Evacuation Pause)
[2023-07-21T15:38:06.151+0700][gc,task      ] GC(2) Using 2 workers of 8 for evacuation
[2023-07-21T15:38:06.160+0700][gc,phases    ] GC(2)   Pre Evacuate Collection Set: 0.0ms
[2023-07-21T15:38:06.160+0700][gc,phases    ] GC(2)   Evacuate Collection Set: 8.5ms
[2023-07-21T15:38:06.160+0700][gc,phases    ] GC(2)   Post Evacuate Collection Set: 0.4ms
[2023-07-21T15:38:06.160+0700][gc,phases    ] GC(2)   Other: 0.1ms
[2023-07-21T15:38:06.160+0700][gc,heap      ] GC(2) Eden regions: 59->0(53)
[2023-07-21T15:38:06.160+0700][gc,heap      ] GC(2) Survivor regions: 2->8(8)
[2023-07-21T15:38:06.160+0700][gc,heap      ] GC(2) Old regions: 21->23
[2023-07-21T15:38:06.160+0700][gc,heap      ] GC(2) Humongous regions: 4->4
[2023-07-21T15:38:06.160+0700][gc,metaspace ] GC(2) Metaspace: 12275K(13056K)->12275K(13056K) NonClass: 10786K(11264K)->10786K(11264K) Class: 1489K(1792K)->1489K(1792K)
[2023-07-21T15:38:06.160+0700][gc           ] GC(2) Pause Young (Normal) (G1 Evacuation Pause) 83M->33M(124M) 9.045ms
[2023-07-21T15:38:06.160+0700][gc,cpu       ] GC(2) User=0.02s Sys=0.00s Real=0.01s
[2023-07-21T15:38:06.215+0700][gc,start     ] GC(3) Pause Young (Normal) (G1 Evacuation Pause)
[2023-07-21T15:38:06.216+0700][gc,task      ] GC(3) Using 2 workers of 8 for evacuation
[2023-07-21T15:38:06.229+0700][gc,phases    ] GC(3)   Pre Evacuate Collection Set: 0.0ms
[2023-07-21T15:38:06.229+0700][gc,phases    ] GC(3)   Evacuate Collection Set: 13.3ms
[2023-07-21T15:38:06.229+0700][gc,phases    ] GC(3)   Post Evacuate Collection Set: 0.3ms
[2023-07-21T15:38:06.229+0700][gc,phases    ] GC(3)   Other: 0.2ms
[2023-07-21T15:38:06.229+0700][gc,heap      ] GC(3) Eden regions: 53->0(53)
[2023-07-21T15:38:06.229+0700][gc,heap      ] GC(3) Survivor regions: 8->8(8)
[2023-07-21T15:38:06.229+0700][gc,heap      ] GC(3) Old regions: 23->35
[2023-07-21T15:38:06.229+0700][gc,heap      ] GC(3) Humongous regions: 7->6
[2023-07-21T15:38:06.229+0700][gc,metaspace ] GC(3) Metaspace: 12325K(13056K)->12325K(13056K) NonClass: 10836K(11264K)->10836K(11264K) Class: 1489K(1792K)->1489K(1792K)
[2023-07-21T15:38:06.229+0700][gc           ] GC(3) Pause Young (Normal) (G1 Evacuation Pause) 89M->47M(124M) 13.784ms
[2023-07-21T15:38:06.229+0700][gc,cpu       ] GC(3) User=0.01s Sys=0.03s Real=0.02s
[2023-07-21T15:38:06.388+0700][gc,start     ] GC(4) Pause Young (Normal) (G1 Evacuation Pause)
[2023-07-21T15:38:06.388+0700][gc,task      ] GC(4) Using 2 workers of 8 for evacuation
[2023-07-21T15:38:06.412+0700][gc,phases    ] GC(4)   Pre Evacuate Collection Set: 0.0ms
[2023-07-21T15:38:06.412+0700][gc,phases    ] GC(4)   Evacuate Collection Set: 22.7ms
[2023-07-21T15:38:06.412+0700][gc,phases    ] GC(4)   Post Evacuate Collection Set: 0.7ms
[2023-07-21T15:38:06.412+0700][gc,phases    ] GC(4)   Other: 0.1ms
[2023-07-21T15:38:06.412+0700][gc,heap      ] GC(4) Eden regions: 53->0(85)
[2023-07-21T15:38:06.412+0700][gc,heap      ] GC(4) Survivor regions: 8->8(8)
[2023-07-21T15:38:06.412+0700][gc,heap      ] GC(4) Old regions: 35->54
[2023-07-21T15:38:06.412+0700][gc,heap      ] GC(4) Humongous regions: 8->4
[2023-07-21T15:38:06.412+0700][gc,metaspace ] GC(4) Metaspace: 12456K(13312K)->12456K(13312K) NonClass: 10965K(11520K)->10965K(11520K) Class: 1491K(1792K)->1491K(1792K)
[2023-07-21T15:38:06.412+0700][gc           ] GC(4) Pause Young (Normal) (G1 Evacuation Pause) 102M->64M(187M) 23.573ms
[2023-07-21T15:38:06.412+0700][gc,cpu       ] GC(4) User=0.07s Sys=0.00s Real=0.02s
[2023-07-21T15:38:06.545+0700][gc,start     ] GC(5) Pause Young (Normal) (G1 Evacuation Pause)
[2023-07-21T15:38:06.545+0700][gc,task      ] GC(5) Using 4 workers of 8 for evacuation
[2023-07-21T15:38:06.573+0700][gc,phases    ] GC(5)   Pre Evacuate Collection Set: 0.0ms
[2023-07-21T15:38:06.574+0700][gc,phases    ] GC(5)   Evacuate Collection Set: 28.1ms
[2023-07-21T15:38:06.574+0700][gc,phases    ] GC(5)   Post Evacuate Collection Set: 0.3ms
[2023-07-21T15:38:06.574+0700][gc,phases    ] GC(5)   Other: 0.4ms
[2023-07-21T15:38:06.574+0700][gc,heap      ] GC(5) Eden regions: 85->0(82)
[2023-07-21T15:38:06.574+0700][gc,heap      ] GC(5) Survivor regions: 8->12(12)
[2023-07-21T15:38:06.574+0700][gc,heap      ] GC(5) Old regions: 54->77
[2023-07-21T15:38:06.574+0700][gc,heap      ] GC(5) Humongous regions: 6->6
[2023-07-21T15:38:06.574+0700][gc,metaspace ] GC(5) Metaspace: 12752K(13568K)->12752K(13568K) NonClass: 11236K(11776K)->11236K(11776K) Class: 1516K(1792K)->1516K(1792K)
[2023-07-21T15:38:06.574+0700][gc           ] GC(5) Pause Young (Normal) (G1 Evacuation Pause) 151M->93M(188M) 28.831ms
[2023-07-21T15:38:06.574+0700][gc,cpu       ] GC(5) User=0.13s Sys=0.00s Real=0.03s
[2023-07-21T15:38:06.621+0700][gc,start     ] GC(6) Pause Young (Normal) (GCLocker Initiated GC)
[2023-07-21T15:38:06.621+0700][gc,task      ] GC(6) Using 4 workers of 8 for evacuation
[2023-07-21T15:38:06.631+0700][gc,phases    ] GC(6)   Pre Evacuate Collection Set: 0.0ms
[2023-07-21T15:38:06.631+0700][gc,phases    ] GC(6)   Evacuate Collection Set: 9.8ms
[2023-07-21T15:38:06.631+0700][gc,phases    ] GC(6)   Post Evacuate Collection Set: 0.3ms
[2023-07-21T15:38:06.631+0700][gc,phases    ] GC(6)   Other: 0.1ms
[2023-07-21T15:38:06.631+0700][gc,heap      ] GC(6) Eden regions: 83->0(93)
[2023-07-21T15:38:06.631+0700][gc,heap      ] GC(6) Survivor regions: 12->5(12)
[2023-07-21T15:38:06.631+0700][gc,heap      ] GC(6) Old regions: 77->91
[2023-07-21T15:38:06.631+0700][gc,heap      ] GC(6) Humongous regions: 6->6
[2023-07-21T15:38:06.631+0700][gc,metaspace ] GC(6) Metaspace: 12806K(13568K)->12806K(13568K) NonClass: 11285K(11776K)->11285K(11776K) Class: 1520K(1792K)->1520K(1792K)
[2023-07-21T15:38:06.632+0700][gc           ] GC(6) Pause Young (Normal) (GCLocker Initiated GC) 176M->100M(197M) 10.290ms
[2023-07-21T15:38:06.632+0700][gc,cpu       ] GC(6) User=0.04s Sys=0.01s Real=0.01s
[2023-07-21T15:38:06.666+0700][gc,start     ] GC(7) Pause Young (Concurrent Start) (GCLocker Initiated GC)
[2023-07-21T15:38:06.666+0700][gc,task      ] GC(7) Using 4 workers of 8 for evacuation
[2023-07-21T15:38:06.672+0700][gc,phases    ] GC(7)   Pre Evacuate Collection Set: 0.1ms
[2023-07-21T15:38:06.672+0700][gc,phases    ] GC(7)   Evacuate Collection Set: 5.1ms
[2023-07-21T15:38:06.672+0700][gc,phases    ] GC(7)   Post Evacuate Collection Set: 0.2ms
[2023-07-21T15:38:06.672+0700][gc,phases    ] GC(7)   Other: 0.3ms
[2023-07-21T15:38:06.672+0700][gc,heap      ] GC(7) Eden regions: 94->0(94)
[2023-07-21T15:38:06.672+0700][gc,heap      ] GC(7) Survivor regions: 5->8(13)
[2023-07-21T15:38:06.672+0700][gc,heap      ] GC(7) Old regions: 91->91
[2023-07-21T15:38:06.672+0700][gc,heap      ] GC(7) Humongous regions: 6->6
[2023-07-21T15:38:06.672+0700][gc,metaspace ] GC(7) Metaspace: 12809K(13568K)->12809K(13568K) NonClass: 11289K(11776K)->11289K(11776K) Class: 1520K(1792K)->1520K(1792K)
[2023-07-21T15:38:06.672+0700][gc           ] GC(7) Pause Young (Concurrent Start) (GCLocker Initiated GC) 193M->103M(204M) 5.643ms
[2023-07-21T15:38:06.672+0700][gc,cpu       ] GC(7) User=0.01s Sys=0.01s Real=0.01s
[2023-07-21T15:38:06.672+0700][gc           ] GC(8) Concurrent Cycle
[2023-07-21T15:38:06.672+0700][gc,marking   ] GC(8) Concurrent Clear Claimed Marks
[2023-07-21T15:38:06.672+0700][gc,marking   ] GC(8) Concurrent Clear Claimed Marks 0.049ms
[2023-07-21T15:38:06.672+0700][gc,marking   ] GC(8) Concurrent Scan Root Regions
[2023-07-21T15:38:06.680+0700][gc,marking   ] GC(8) Concurrent Scan Root Regions 8.491ms
[2023-07-21T15:38:06.680+0700][gc,marking   ] GC(8) Concurrent Mark (1.516s)
[2023-07-21T15:38:06.680+0700][gc,marking   ] GC(8) Concurrent Mark From Roots
[2023-07-21T15:38:06.680+0700][gc,task      ] GC(8) Using 2 workers of 2 for marking
[2023-07-21T15:38:06.727+0700][gc,start     ] GC(9) Pause Young (Normal) (G1 Evacuation Pause)
[2023-07-21T15:38:06.727+0700][gc,task      ] GC(9) Using 4 workers of 8 for evacuation
[2023-07-21T15:38:06.738+0700][gc,phases    ] GC(9)   Pre Evacuate Collection Set: 0.0ms
[2023-07-21T15:38:06.738+0700][gc,phases    ] GC(9)   Evacuate Collection Set: 7.6ms
[2023-07-21T15:38:06.738+0700][gc,phases    ] GC(9)   Post Evacuate Collection Set: 3.3ms
[2023-07-21T15:38:06.738+0700][gc,phases    ] GC(9)   Other: 0.1ms
[2023-07-21T15:38:06.738+0700][gc,heap      ] GC(9) Eden regions: 94->0(200)
[2023-07-21T15:38:06.738+0700][gc,heap      ] GC(9) Survivor regions: 8->10(13)
[2023-07-21T15:38:06.738+0700][gc,heap      ] GC(9) Old regions: 91->95
[2023-07-21T15:38:06.738+0700][gc,heap      ] GC(9) Humongous regions: 6->6
[2023-07-21T15:38:06.738+0700][gc,metaspace ] GC(9) Metaspace: 12839K(13568K)->12839K(13568K) NonClass: 11318K(11776K)->11318K(11776K) Class: 1521K(1792K)->1521K(1792K)
[2023-07-21T15:38:06.738+0700][gc           ] GC(9) Pause Young (Normal) (G1 Evacuation Pause) 197M->108M(421M) 11.119ms
[2023-07-21T15:38:06.738+0700][gc,cpu       ] GC(9) User=0.05s Sys=0.01s Real=0.01s
[2023-07-21T15:38:06.753+0700][gc,marking   ] GC(8) Concurrent Mark From Roots 73.046ms
[2023-07-21T15:38:06.753+0700][gc,marking   ] GC(8) Concurrent Preclean
[2023-07-21T15:38:06.754+0700][gc,marking   ] GC(8) Concurrent Preclean 0.121ms
[2023-07-21T15:38:06.754+0700][gc,marking   ] GC(8) Concurrent Mark (1.516s, 1.589s) 73.211ms
[2023-07-21T15:38:06.754+0700][gc,start     ] GC(8) Pause Remark
[2023-07-21T15:38:06.768+0700][gc,stringtable] GC(8) Cleaned string and symbol table, strings: 6973 processed, 34 removed, symbols: 36178 processed, 33 removed
[2023-07-21T15:38:06.769+0700][gc            ] GC(8) Pause Remark 143M->142M(421M) 14.654ms
[2023-07-21T15:38:06.769+0700][gc,cpu        ] GC(8) User=0.09s Sys=0.00s Real=0.02s
[2023-07-21T15:38:06.769+0700][gc,marking    ] GC(8) Concurrent Rebuild Remembered Sets
[2023-07-21T15:38:06.837+0700][gc,start      ] GC(10) Pause Young (Normal) (GCLocker Initiated GC)
[2023-07-21T15:38:06.838+0700][gc,task       ] GC(10) Using 8 workers of 8 for evacuation
[2023-07-21T15:38:06.844+0700][gc,phases     ] GC(10)   Pre Evacuate Collection Set: 0.0ms
[2023-07-21T15:38:06.844+0700][gc,phases     ] GC(10)   Evacuate Collection Set: 5.9ms
[2023-07-21T15:38:06.844+0700][gc,phases     ] GC(10)   Post Evacuate Collection Set: 0.3ms
[2023-07-21T15:38:06.844+0700][gc,phases     ] GC(10)   Other: 0.7ms
[2023-07-21T15:38:06.844+0700][gc,heap       ] GC(10) Eden regions: 202->0(192)
[2023-07-21T15:38:06.844+0700][gc,heap       ] GC(10) Survivor regions: 10->18(27)
[2023-07-21T15:38:06.844+0700][gc,heap       ] GC(10) Old regions: 95->95
[2023-07-21T15:38:06.844+0700][gc,heap       ] GC(10) Humongous regions: 5->5
[2023-07-21T15:38:06.844+0700][gc,metaspace  ] GC(10) Metaspace: 12831K(13568K)->12831K(13568K) NonClass: 11311K(11776K)->11311K(11776K) Class: 1520K(1792K)->1520K(1792K)
[2023-07-21T15:38:06.844+0700][gc            ] GC(10) Pause Young (Normal) (GCLocker Initiated GC) 309M->115M(421M) 7.054ms
[2023-07-21T15:38:06.844+0700][gc,cpu        ] GC(10) User=0.03s Sys=0.00s Real=0.00s
[2023-07-21T15:38:06.864+0700][gc,marking    ] GC(8) Concurrent Rebuild Remembered Sets 94.719ms
[2023-07-21T15:38:06.864+0700][gc,start      ] GC(8) Pause Cleanup
[2023-07-21T15:38:06.864+0700][gc            ] GC(8) Pause Cleanup 170M->170M(421M) 0.215ms
[2023-07-21T15:38:06.864+0700][gc,cpu        ] GC(8) User=0.00s Sys=0.00s Real=0.00s
[2023-07-21T15:38:06.864+0700][gc,marking    ] GC(8) Concurrent Cleanup for Next Mark
[2023-07-21T15:38:06.869+0700][gc,marking    ] GC(8) Concurrent Cleanup for Next Mark 4.803ms
[2023-07-21T15:38:06.869+0700][gc            ] GC(8) Concurrent Cycle 197.253ms
[2023-07-21T15:38:06.898+0700][gc,start      ] GC(11) Pause Young (Normal) (GCLocker Initiated GC)
[2023-07-21T15:38:06.898+0700][gc,task       ] GC(11) Using 8 workers of 8 for evacuation
[2023-07-21T15:38:06.906+0700][gc,phases     ] GC(11)   Pre Evacuate Collection Set: 0.0ms
[2023-07-21T15:38:06.906+0700][gc,phases     ] GC(11)   Evacuate Collection Set: 7.8ms
[2023-07-21T15:38:06.906+0700][gc,phases     ] GC(11)   Post Evacuate Collection Set: 0.4ms
[2023-07-21T15:38:06.906+0700][gc,phases     ] GC(11)   Other: 0.2ms
[2023-07-21T15:38:06.906+0700][gc,heap       ] GC(11) Eden regions: 193->0(189)
[2023-07-21T15:38:06.906+0700][gc,heap       ] GC(11) Survivor regions: 18->21(27)
[2023-07-21T15:38:06.906+0700][gc,heap       ] GC(11) Old regions: 95->98
[2023-07-21T15:38:06.906+0700][gc,heap       ] GC(11) Humongous regions: 5->5
[2023-07-21T15:38:06.906+0700][gc,metaspace  ] GC(11) Metaspace: 12831K(13568K)->12831K(13568K) NonClass: 11311K(11776K)->11311K(11776K) Class: 1520K(1792K)->1520K(1792K)
[2023-07-21T15:38:06.906+0700][gc            ] GC(11) Pause Young (Normal) (GCLocker Initiated GC) 307M->122M(421M) 8.505ms
[2023-07-21T15:38:06.906+0700][gc,cpu        ] GC(11) User=0.06s Sys=0.01s Real=0.00s
[2023-07-21T15:38:06.951+0700][gc,start      ] GC(12) Pause Young (Normal) (GCLocker Initiated GC)
[2023-07-21T15:38:06.951+0700][gc,task       ] GC(12) Using 8 workers of 8 for evacuation
[2023-07-21T15:38:06.960+0700][gc,phases     ] GC(12)   Pre Evacuate Collection Set: 0.0ms
[2023-07-21T15:38:06.960+0700][gc,phases     ] GC(12)   Evacuate Collection Set: 8.2ms
[2023-07-21T15:38:06.960+0700][gc,phases     ] GC(12)   Post Evacuate Collection Set: 0.3ms
[2023-07-21T15:38:06.960+0700][gc,phases     ] GC(12)   Other: 0.1ms
[2023-07-21T15:38:06.960+0700][gc,heap       ] GC(12) Eden regions: 190->0(194)
[2023-07-21T15:38:06.960+0700][gc,heap       ] GC(12) Survivor regions: 21->16(27)
[2023-07-21T15:38:06.960+0700][gc,heap       ] GC(12) Old regions: 98->111
[2023-07-21T15:38:06.960+0700][gc,heap       ] GC(12) Humongous regions: 5->5
[2023-07-21T15:38:06.960+0700][gc,metaspace  ] GC(12) Metaspace: 12831K(13568K)->12831K(13568K) NonClass: 11311K(11776K)->11311K(11776K) Class: 1520K(1792K)->1520K(1792K)
[2023-07-21T15:38:06.960+0700][gc            ] GC(12) Pause Young (Normal) (GCLocker Initiated GC) 311M->130M(421M) 8.756ms
[2023-07-21T15:38:06.960+0700][gc,cpu        ] GC(12) User=0.06s Sys=0.00s Real=0.01s
[2023-07-21T15:38:07.006+0700][gc,start      ] GC(13) Pause Young (Normal) (G1 Evacuation Pause)
[2023-07-21T15:38:07.006+0700][gc,task       ] GC(13) Using 8 workers of 8 for evacuation
[2023-07-21T15:38:07.017+0700][gc,phases     ] GC(13)   Pre Evacuate Collection Set: 0.0ms
[2023-07-21T15:38:07.017+0700][gc,phases     ] GC(13)   Evacuate Collection Set: 6.3ms
[2023-07-21T15:38:07.017+0700][gc,phases     ] GC(13)   Post Evacuate Collection Set: 3.8ms
[2023-07-21T15:38:07.017+0700][gc,phases     ] GC(13)   Other: 0.2ms
[2023-07-21T15:38:07.017+0700][gc,heap       ] GC(13) Eden regions: 194->0(319)
[2023-07-21T15:38:07.017+0700][gc,heap       ] GC(13) Survivor regions: 16->16(27)
[2023-07-21T15:38:07.017+0700][gc,heap       ] GC(13) Old regions: 111->119
[2023-07-21T15:38:07.017+0700][gc,heap       ] GC(13) Humongous regions: 5->5
[2023-07-21T15:38:07.017+0700][gc,metaspace  ] GC(13) Metaspace: 12831K(13568K)->12831K(13568K) NonClass: 11311K(11776K)->11311K(11776K) Class: 1520K(1792K)->1520K(1792K)
[2023-07-21T15:38:07.017+0700][gc            ] GC(13) Pause Young (Normal) (G1 Evacuation Pause) 324M->137M(670M) 10.269ms
[2023-07-21T15:38:07.017+0700][gc,cpu        ] GC(13) User=0.06s Sys=0.01s Real=0.01s
[2023-07-21T15:38:07.107+0700][gc,start      ] GC(14) Pause Young (Normal) (GCLocker Initiated GC)
[2023-07-21T15:38:07.107+0700][gc,task       ] GC(14) Using 8 workers of 8 for evacuation
[2023-07-21T15:38:07.119+0700][gc,phases     ] GC(14)   Pre Evacuate Collection Set: 0.0ms
[2023-07-21T15:38:07.119+0700][gc,phases     ] GC(14)   Evacuate Collection Set: 11.2ms
[2023-07-21T15:38:07.119+0700][gc,phases     ] GC(14)   Post Evacuate Collection Set: 0.5ms
[2023-07-21T15:38:07.119+0700][gc,phases     ] GC(14)   Other: 0.2ms
[2023-07-21T15:38:07.119+0700][gc,heap       ] GC(14) Eden regions: 320->0(304)
[2023-07-21T15:38:07.119+0700][gc,heap       ] GC(14) Survivor regions: 16->31(42)
[2023-07-21T15:38:07.119+0700][gc,heap       ] GC(14) Old regions: 119->119
[2023-07-21T15:38:07.119+0700][gc,heap       ] GC(14) Humongous regions: 6->6
[2023-07-21T15:38:07.119+0700][gc,metaspace  ] GC(14) Metaspace: 12831K(13568K)->12831K(13568K) NonClass: 11311K(11776K)->11311K(11776K) Class: 1520K(1792K)->1520K(1792K)
[2023-07-21T15:38:07.119+0700][gc            ] GC(14) Pause Young (Normal) (GCLocker Initiated GC) 458M->153M(670M) 12.023ms
[2023-07-21T15:38:07.119+0700][gc,cpu        ] GC(14) User=0.07s Sys=0.00s Real=0.01s
[2023-07-21T15:38:07.187+0700][gc,start      ] GC(15) Pause Young (Normal) (GCLocker Initiated GC)
[2023-07-21T15:38:07.187+0700][gc,task       ] GC(15) Using 8 workers of 8 for evacuation
[2023-07-21T15:38:07.202+0700][gc,phases     ] GC(15)   Pre Evacuate Collection Set: 0.0ms
[2023-07-21T15:38:07.202+0700][gc,phases     ] GC(15)   Evacuate Collection Set: 15.0ms
[2023-07-21T15:38:07.202+0700][gc,phases     ] GC(15)   Post Evacuate Collection Set: 0.5ms
[2023-07-21T15:38:07.202+0700][gc,phases     ] GC(15)   Other: 0.2ms
[2023-07-21T15:38:07.202+0700][gc,heap       ] GC(15) Eden regions: 305->0(299)
[2023-07-21T15:38:07.202+0700][gc,heap       ] GC(15) Survivor regions: 31->36(42)
[2023-07-21T15:38:07.202+0700][gc,heap       ] GC(15) Old regions: 119->133
[2023-07-21T15:38:07.202+0700][gc,heap       ] GC(15) Humongous regions: 11->8
[2023-07-21T15:38:07.202+0700][gc,metaspace  ] GC(15) Metaspace: 12831K(13568K)->12831K(13568K) NonClass: 11311K(11776K)->11311K(11776K) Class: 1520K(1792K)->1520K(1792K)
[2023-07-21T15:38:07.202+0700][gc            ] GC(15) Pause Young (Normal) (GCLocker Initiated GC) 463M->175M(670M) 15.720ms
[2023-07-21T15:38:07.202+0700][gc,cpu        ] GC(15) User=0.09s Sys=0.00s Real=0.01s
[2023-07-21T15:38:07.292+0700][gc,start      ] GC(16) Pause Young (Normal) (GCLocker Initiated GC)
[2023-07-21T15:38:07.292+0700][gc,task       ] GC(16) Using 8 workers of 8 for evacuation
[2023-07-21T15:38:07.313+0700][gc,phases     ] GC(16)   Pre Evacuate Collection Set: 0.0ms
[2023-07-21T15:38:07.313+0700][gc,phases     ] GC(16)   Evacuate Collection Set: 19.9ms
[2023-07-21T15:38:07.313+0700][gc,phases     ] GC(16)   Post Evacuate Collection Set: 0.9ms
[2023-07-21T15:38:07.313+0700][gc,phases     ] GC(16)   Other: 0.2ms
[2023-07-21T15:38:07.313+0700][gc,heap       ] GC(16) Eden regions: 299->0(303)
[2023-07-21T15:38:07.313+0700][gc,heap       ] GC(16) Survivor regions: 36->32(42)
[2023-07-21T15:38:07.313+0700][gc,heap       ] GC(16) Old regions: 133->149
[2023-07-21T15:38:07.313+0700][gc,heap       ] GC(16) Humongous regions: 10->6
[2023-07-21T15:38:07.313+0700][gc,metaspace  ] GC(16) Metaspace: 12831K(13568K)->12831K(13568K) NonClass: 11311K(11776K)->11311K(11776K) Class: 1520K(1792K)->1520K(1792K)
[2023-07-21T15:38:07.313+0700][gc            ] GC(16) Pause Young (Normal) (GCLocker Initiated GC) 476M->184M(670M) 21.181ms
[2023-07-21T15:38:07.313+0700][gc,cpu        ] GC(16) User=0.15s Sys=0.00s Real=0.02s
[2023-07-21T15:38:07.388+0700][gc,start      ] GC(17) Pause Young (Normal) (GCLocker Initiated GC)
[2023-07-21T15:38:07.388+0700][gc,task       ] GC(17) Using 8 workers of 8 for evacuation
[2023-07-21T15:38:07.412+0700][gc,phases     ] GC(17)   Pre Evacuate Collection Set: 0.0ms
[2023-07-21T15:38:07.412+0700][gc,phases     ] GC(17)   Evacuate Collection Set: 12.2ms
[2023-07-21T15:38:07.412+0700][gc,phases     ] GC(17)   Post Evacuate Collection Set: 11.7ms
[2023-07-21T15:38:07.412+0700][gc,phases     ] GC(17)   Other: 0.2ms
[2023-07-21T15:38:07.412+0700][gc,heap       ] GC(17) Eden regions: 304->0(604)
[2023-07-21T15:38:07.412+0700][gc,heap       ] GC(17) Survivor regions: 32->24(42)
[2023-07-21T15:38:07.412+0700][gc,heap       ] GC(17) Old regions: 149->168
[2023-07-21T15:38:07.412+0700][gc,heap       ] GC(17) Humongous regions: 7->6
[2023-07-21T15:38:07.412+0700][gc,metaspace  ] GC(17) Metaspace: 12858K(13568K)->12858K(13568K) NonClass: 11334K(11776K)->11334K(11776K) Class: 1523K(1792K)->1523K(1792K)
[2023-07-21T15:38:07.412+0700][gc            ] GC(17) Pause Young (Normal) (GCLocker Initiated GC) 489M->196M(1257M) 24.221ms
[2023-07-21T15:38:07.412+0700][gc,cpu        ] GC(17) User=0.08s Sys=0.01s Real=0.02s
[2023-07-21T15:38:07.581+0700][gc,start      ] GC(18) Pause Young (Normal) (GCLocker Initiated GC)
[2023-07-21T15:38:07.581+0700][gc,task       ] GC(18) Using 8 workers of 8 for evacuation
[2023-07-21T15:38:07.596+0700][gc,phases     ] GC(18)   Pre Evacuate Collection Set: 0.0ms
[2023-07-21T15:38:07.596+0700][gc,phases     ] GC(18)   Evacuate Collection Set: 13.1ms
[2023-07-21T15:38:07.596+0700][gc,phases     ] GC(18)   Post Evacuate Collection Set: 0.6ms
[2023-07-21T15:38:07.596+0700][gc,phases     ] GC(18)   Other: 0.4ms
[2023-07-21T15:38:07.596+0700][gc,heap       ] GC(18) Eden regions: 605->0(581)
[2023-07-21T15:38:07.596+0700][gc,heap       ] GC(18) Survivor regions: 24->47(79)
[2023-07-21T15:38:07.596+0700][gc,heap       ] GC(18) Old regions: 168->168
[2023-07-21T15:38:07.596+0700][gc,heap       ] GC(18) Humongous regions: 9->8
[2023-07-21T15:38:07.596+0700][gc,metaspace  ] GC(18) Metaspace: 12858K(13568K)->12858K(13568K) NonClass: 11334K(11776K)->11334K(11776K) Class: 1523K(1792K)->1523K(1792K)
[2023-07-21T15:38:07.596+0700][gc            ] GC(18) Pause Young (Normal) (GCLocker Initiated GC) 803M->221M(1257M) 14.264ms
[2023-07-21T15:38:07.596+0700][gc,cpu        ] GC(18) User=0.09s Sys=0.00s Real=0.01s
[2023-07-21T15:38:07.692+0700][gc,start      ] GC(19) Pause Young (Normal) (GCLocker Initiated GC)
[2023-07-21T15:38:07.692+0700][gc,task       ] GC(19) Using 8 workers of 8 for evacuation
[2023-07-21T15:38:07.722+0700][gc,phases     ] GC(19)   Pre Evacuate Collection Set: 0.0ms
[2023-07-21T15:38:07.722+0700][gc,phases     ] GC(19)   Evacuate Collection Set: 28.5ms
[2023-07-21T15:38:07.722+0700][gc,phases     ] GC(19)   Post Evacuate Collection Set: 0.7ms
[2023-07-21T15:38:07.722+0700][gc,phases     ] GC(19)   Other: 0.2ms
[2023-07-21T15:38:07.722+0700][gc,heap       ] GC(19) Eden regions: 582->0(577)
[2023-07-21T15:38:07.722+0700][gc,heap       ] GC(19) Survivor regions: 47->51(79)
[2023-07-21T15:38:07.722+0700][gc,heap       ] GC(19) Old regions: 168->180
[2023-07-21T15:38:07.722+0700][gc,heap       ] GC(19) Humongous regions: 8->8
[2023-07-21T15:38:07.722+0700][gc,metaspace  ] GC(19) Metaspace: 12858K(13568K)->12858K(13568K) NonClass: 11335K(11776K)->11335K(11776K) Class: 1523K(1792K)->1523K(1792K)
[2023-07-21T15:38:07.722+0700][gc            ] GC(19) Pause Young (Normal) (GCLocker Initiated GC) 802M->236M(1257M) 29.517ms
[2023-07-21T15:38:07.722+0700][gc,cpu        ] GC(19) User=0.21s Sys=0.00s Real=0.03s
[2023-07-21T15:38:07.835+0700][gc,start      ] GC(20) Pause Young (Normal) (GCLocker Initiated GC)
[2023-07-21T15:38:07.835+0700][gc,task       ] GC(20) Using 8 workers of 8 for evacuation
[2023-07-21T15:38:07.855+0700][gc,phases     ] GC(20)   Pre Evacuate Collection Set: 0.0ms
[2023-07-21T15:38:07.855+0700][gc,phases     ] GC(20)   Evacuate Collection Set: 19.0ms
[2023-07-21T15:38:07.855+0700][gc,phases     ] GC(20)   Post Evacuate Collection Set: 0.7ms
[2023-07-21T15:38:07.855+0700][gc,phases     ] GC(20)   Other: 0.2ms
[2023-07-21T15:38:07.855+0700][gc,heap       ] GC(20) Eden regions: 579->0(563)
[2023-07-21T15:38:07.855+0700][gc,heap       ] GC(20) Survivor regions: 51->65(79)
[2023-07-21T15:38:07.855+0700][gc,heap       ] GC(20) Old regions: 180->191
[2023-07-21T15:38:07.855+0700][gc,heap       ] GC(20) Humongous regions: 8->8
[2023-07-21T15:38:07.855+0700][gc,metaspace  ] GC(20) Metaspace: 12867K(13568K)->12867K(13568K) NonClass: 11344K(11776K)->11344K(11776K) Class: 1523K(1792K)->1523K(1792K)
[2023-07-21T15:38:07.855+0700][gc            ] GC(20) Pause Young (Normal) (GCLocker Initiated GC) 814M->261M(1257M) 19.930ms
[2023-07-21T15:38:07.855+0700][gc,cpu        ] GC(20) User=0.15s Sys=0.00s Real=0.02s
[2023-07-21T15:38:08.636+0700][gc,start      ] GC(21) Pause Young (Concurrent Start) (Metadata GC Threshold)
[2023-07-21T15:38:08.636+0700][gc,task       ] GC(21) Using 8 workers of 8 for evacuation
[2023-07-21T15:38:08.666+0700][gc,phases     ] GC(21)   Pre Evacuate Collection Set: 0.1ms
[2023-07-21T15:38:08.666+0700][gc,phases     ] GC(21)   Evacuate Collection Set: 25.2ms
[2023-07-21T15:38:08.666+0700][gc,phases     ] GC(21)   Post Evacuate Collection Set: 4.5ms
[2023-07-21T15:38:08.666+0700][gc,phases     ] GC(21)   Other: 0.2ms
[2023-07-21T15:38:08.666+0700][gc,heap       ] GC(21) Eden regions: 206->0(829)
[2023-07-21T15:38:08.666+0700][gc,heap       ] GC(21) Survivor regions: 65->52(79)
[2023-07-21T15:38:08.666+0700][gc,heap       ] GC(21) Old regions: 191->204
[2023-07-21T15:38:08.666+0700][gc,heap       ] GC(21) Humongous regions: 9->9
[2023-07-21T15:38:08.666+0700][gc,metaspace  ] GC(21) Metaspace: 21847K(22616K)->21847K(22616K) NonClass: 19229K(19712K)->19229K(19712K) Class: 2618K(2904K)->2618K(2904K)
[2023-07-21T15:38:08.666+0700][gc            ] GC(21) Pause Young (Concurrent Start) (Metadata GC Threshold) 468M->263M(1763M) 29.969ms
[2023-07-21T15:38:08.666+0700][gc,cpu        ] GC(21) User=0.21s Sys=0.00s Real=0.03s
[2023-07-21T15:38:08.666+0700][gc            ] GC(22) Concurrent Cycle
[2023-07-21T15:38:08.666+0700][gc,marking    ] GC(22) Concurrent Clear Claimed Marks
[2023-07-21T15:38:08.666+0700][gc,marking    ] GC(22) Concurrent Clear Claimed Marks 0.097ms
[2023-07-21T15:38:08.666+0700][gc,marking    ] GC(22) Concurrent Scan Root Regions
[2023-07-21T15:38:08.687+0700][gc,marking    ] GC(22) Concurrent Scan Root Regions 20.690ms
[2023-07-21T15:38:08.687+0700][gc,marking    ] GC(22) Concurrent Mark (3.522s)
[2023-07-21T15:38:08.687+0700][gc,marking    ] GC(22) Concurrent Mark From Roots
[2023-07-21T15:38:08.687+0700][gc,task       ] GC(22) Using 2 workers of 2 for marking
[2023-07-21T15:38:08.718+0700][gc,marking    ] GC(22) Concurrent Mark From Roots 31.611ms
[2023-07-21T15:38:08.718+0700][gc,marking    ] GC(22) Concurrent Preclean
[2023-07-21T15:38:08.718+0700][gc,marking    ] GC(22) Concurrent Preclean 0.081ms
[2023-07-21T15:38:08.718+0700][gc,marking    ] GC(22) Concurrent Mark (3.522s, 3.554s) 31.735ms
[2023-07-21T15:38:08.719+0700][gc,start      ] GC(22) Pause Remark
[2023-07-21T15:38:08.730+0700][gc,stringtable] GC(22) Cleaned string and symbol table, strings: 9574 processed, 0 removed, symbols: 63645 processed, 26 removed
[2023-07-21T15:38:08.731+0700][gc            ] GC(22) Pause Remark 272M->261M(1763M) 12.115ms
[2023-07-21T15:38:08.731+0700][gc,cpu        ] GC(22) User=0.08s Sys=0.00s Real=0.01s
[2023-07-21T15:38:08.731+0700][gc,marking    ] GC(22) Concurrent Rebuild Remembered Sets
[2023-07-21T15:38:08.756+0700][gc,marking    ] GC(22) Concurrent Rebuild Remembered Sets 25.241ms
[2023-07-21T15:38:08.756+0700][gc,start      ] GC(22) Pause Cleanup
[2023-07-21T15:38:08.756+0700][gc            ] GC(22) Pause Cleanup 264M->264M(1763M) 0.332ms
[2023-07-21T15:38:08.757+0700][gc,cpu        ] GC(22) User=0.02s Sys=0.00s Real=0.01s
[2023-07-21T15:38:08.757+0700][gc,marking    ] GC(22) Concurrent Cleanup for Next Mark
[2023-07-21T15:38:08.763+0700][gc,marking    ] GC(22) Concurrent Cleanup for Next Mark 6.547ms
[2023-07-21T15:38:08.763+0700][gc            ] GC(22) Concurrent Cycle 97.424ms
[2023-07-21T15:38:09.444+0700][gc,start      ] GC(23) Pause Young (Prepare Mixed) (Metadata GC Threshold)
[2023-07-21T15:38:09.444+0700][gc,task       ] GC(23) Using 8 workers of 8 for evacuation
[2023-07-21T15:38:09.465+0700][gc,phases     ] GC(23)   Pre Evacuate Collection Set: 0.0ms
[2023-07-21T15:38:09.465+0700][gc,phases     ] GC(23)   Evacuate Collection Set: 20.1ms
[2023-07-21T15:38:09.465+0700][gc,phases     ] GC(23)   Post Evacuate Collection Set: 1.5ms
[2023-07-21T15:38:09.465+0700][gc,phases     ] GC(23)   Other: 0.2ms
[2023-07-21T15:38:09.465+0700][gc,heap       ] GC(23) Eden regions: 122->0(827)
[2023-07-21T15:38:09.465+0700][gc,heap       ] GC(23) Survivor regions: 52->54(111)
[2023-07-21T15:38:09.465+0700][gc,heap       ] GC(23) Old regions: 197->197
[2023-07-21T15:38:09.465+0700][gc,heap       ] GC(23) Humongous regions: 5->5
[2023-07-21T15:38:09.465+0700][gc,metaspace  ] GC(23) Metaspace: 37900K(39076K)->37900K(39076K) NonClass: 33531K(34252K)->33531K(34252K) Class: 4368K(4824K)->4368K(4824K)
[2023-07-21T15:38:09.465+0700][gc            ] GC(23) Pause Young (Prepare Mixed) (Metadata GC Threshold) 374M->254M(1763M) 21.848ms
[2023-07-21T15:38:09.465+0700][gc,cpu        ] GC(23) User=0.12s Sys=0.03s Real=0.02s
[2023-07-21T15:38:09.483+0700][gc,start      ] GC(24) Pause Young (Mixed) (Metadata GC Threshold)
[2023-07-21T15:38:09.483+0700][gc,task       ] GC(24) Using 8 workers of 8 for evacuation
[2023-07-21T15:38:09.499+0700][gc,phases     ] GC(24)   Pre Evacuate Collection Set: 0.0ms
[2023-07-21T15:38:09.499+0700][gc,phases     ] GC(24)   Evacuate Collection Set: 15.2ms
[2023-07-21T15:38:09.499+0700][gc,phases     ] GC(24)   Post Evacuate Collection Set: 0.7ms
[2023-07-21T15:38:09.499+0700][gc,phases     ] GC(24)   Other: 0.2ms
[2023-07-21T15:38:09.499+0700][gc,heap       ] GC(24) Eden regions: 6->0(826)
[2023-07-21T15:38:09.499+0700][gc,heap       ] GC(24) Survivor regions: 54->55(111)
[2023-07-21T15:38:09.499+0700][gc,heap       ] GC(24) Old regions: 197->177
[2023-07-21T15:38:09.499+0700][gc,heap       ] GC(24) Humongous regions: 5->5
[2023-07-21T15:38:09.499+0700][gc,metaspace  ] GC(24) Metaspace: 38140K(39432K)->38140K(39432K) NonClass: 33738K(34508K)->33738K(34508K) Class: 4402K(4924K)->4402K(4924K)
[2023-07-21T15:38:09.499+0700][gc            ] GC(24) Pause Young (Mixed) (Metadata GC Threshold) 259M->234M(1763M) 16.186ms
[2023-07-21T15:38:09.499+0700][gc,cpu        ] GC(24) User=0.12s Sys=0.00s Real=0.02s
[2023-07-21T15:38:09.526+0700][gc,start      ] GC(25) Pause Young (Mixed) (Metadata GC Threshold)
[2023-07-21T15:38:09.526+0700][gc,task       ] GC(25) Using 8 workers of 8 for evacuation
[2023-07-21T15:38:09.545+0700][gc,phases     ] GC(25)   Pre Evacuate Collection Set: 0.0ms
[2023-07-21T15:38:09.545+0700][gc,phases     ] GC(25)   Evacuate Collection Set: 18.2ms
[2023-07-21T15:38:09.545+0700][gc,phases     ] GC(25)   Post Evacuate Collection Set: 0.7ms
[2023-07-21T15:38:09.545+0700][gc,phases     ] GC(25)   Other: 0.2ms
[2023-07-21T15:38:09.545+0700][gc,heap       ] GC(25) Eden regions: 8->0(826)
[2023-07-21T15:38:09.545+0700][gc,heap       ] GC(25) Survivor regions: 55->55(111)
[2023-07-21T15:38:09.545+0700][gc,heap       ] GC(25) Old regions: 177->163
[2023-07-21T15:38:09.545+0700][gc,heap       ] GC(25) Humongous regions: 5->5
[2023-07-21T15:38:09.545+0700][gc,metaspace  ] GC(25) Metaspace: 38413K(39688K)->38413K(39688K) NonClass: 33974K(34764K)->33974K(34764K) Class: 4439K(4924K)->4439K(4924K)
[2023-07-21T15:38:09.545+0700][gc            ] GC(25) Pause Young (Mixed) (Metadata GC Threshold) 242M->220M(1763M) 19.240ms
[2023-07-21T15:38:09.545+0700][gc,cpu        ] GC(25) User=0.14s Sys=0.00s Real=0.02s
[2023-07-21T15:38:09.562+0700][gc,start      ] GC(26) Pause Young (Concurrent Start) (Metadata GC Threshold)
[2023-07-21T15:38:09.562+0700][gc,task       ] GC(26) Using 8 workers of 8 for evacuation
[2023-07-21T15:38:09.581+0700][gc,phases     ] GC(26)   Pre Evacuate Collection Set: 0.1ms
[2023-07-21T15:38:09.581+0700][gc,phases     ] GC(26)   Evacuate Collection Set: 17.6ms
[2023-07-21T15:38:09.581+0700][gc,phases     ] GC(26)   Post Evacuate Collection Set: 0.6ms
[2023-07-21T15:38:09.581+0700][gc,phases     ] GC(26)   Other: 0.2ms
[2023-07-21T15:38:09.581+0700][gc,heap       ] GC(26) Eden regions: 2->0(827)
[2023-07-21T15:38:09.581+0700][gc,heap       ] GC(26) Survivor regions: 55->54(111)
[2023-07-21T15:38:09.581+0700][gc,heap       ] GC(26) Old regions: 163->163
[2023-07-21T15:38:09.581+0700][gc,heap       ] GC(26) Humongous regions: 5->5
[2023-07-21T15:38:09.581+0700][gc,metaspace  ] GC(26) Metaspace: 38628K(40072K)->38628K(40072K) NonClass: 34171K(35020K)->34171K(35020K) Class: 4456K(5052K)->4456K(5052K)
[2023-07-21T15:38:09.581+0700][gc            ] GC(26) Pause Young (Concurrent Start) (Metadata GC Threshold) 222M->219M(1763M) 18.579ms
[2023-07-21T15:38:09.581+0700][gc,cpu        ] GC(26) User=0.14s Sys=0.00s Real=0.02s
[2023-07-21T15:38:09.581+0700][gc            ] GC(27) Concurrent Cycle
[2023-07-21T15:38:09.581+0700][gc,marking    ] GC(27) Concurrent Clear Claimed Marks
[2023-07-21T15:38:09.581+0700][gc,marking    ] GC(27) Concurrent Clear Claimed Marks 0.133ms
[2023-07-21T15:38:09.581+0700][gc,marking    ] GC(27) Concurrent Scan Root Regions
[2023-07-21T15:38:09.600+0700][gc,marking    ] GC(27) Concurrent Scan Root Regions 18.910ms
[2023-07-21T15:38:09.600+0700][gc,marking    ] GC(27) Concurrent Mark (4.436s)
[2023-07-21T15:38:09.600+0700][gc,marking    ] GC(27) Concurrent Mark From Roots
[2023-07-21T15:38:09.600+0700][gc,task       ] GC(27) Using 2 workers of 2 for marking
[2023-07-21T15:38:09.631+0700][gc,marking    ] GC(27) Concurrent Mark From Roots 31.161ms
[2023-07-21T15:38:09.631+0700][gc,marking    ] GC(27) Concurrent Preclean
[2023-07-21T15:38:09.631+0700][gc,marking    ] GC(27) Concurrent Preclean 0.114ms
[2023-07-21T15:38:09.631+0700][gc,marking    ] GC(27) Concurrent Mark (4.436s, 4.467s) 31.327ms
[2023-07-21T15:38:09.632+0700][gc,start      ] GC(27) Pause Remark
[2023-07-21T15:38:09.635+0700][gc,stringtable] GC(27) Cleaned string and symbol table, strings: 16589 processed, 0 removed, symbols: 104505 processed, 31 removed
[2023-07-21T15:38:09.635+0700][gc            ] GC(27) Pause Remark 226M->226M(1763M) 3.701ms
[2023-07-21T15:38:09.635+0700][gc,cpu        ] GC(27) User=0.02s Sys=0.00s Real=0.00s
[2023-07-21T15:38:09.635+0700][gc,marking    ] GC(27) Concurrent Rebuild Remembered Sets
[2023-07-21T15:38:09.658+0700][gc,marking    ] GC(27) Concurrent Rebuild Remembered Sets 22.907ms
[2023-07-21T15:38:09.659+0700][gc,start      ] GC(27) Pause Cleanup
[2023-07-21T15:38:09.659+0700][gc            ] GC(27) Pause Cleanup 229M->229M(1763M) 0.391ms
[2023-07-21T15:38:09.659+0700][gc,cpu        ] GC(27) User=0.00s Sys=0.00s Real=0.00s
[2023-07-21T15:38:09.659+0700][gc,marking    ] GC(27) Concurrent Cleanup for Next Mark
[2023-07-21T15:38:09.664+0700][gc,marking    ] GC(27) Concurrent Cleanup for Next Mark 5.134ms
[2023-07-21T15:38:09.664+0700][gc            ] GC(27) Concurrent Cycle 83.306ms
[2023-07-21T15:38:18.596+0700][gc,start      ] GC(28) Pause Young (Prepare Mixed) (Metadata GC Threshold)
[2023-07-21T15:38:18.597+0700][gc,task       ] GC(28) Using 8 workers of 8 for evacuation
[2023-07-21T15:38:18.626+0700][gc,phases     ] GC(28)   Pre Evacuate Collection Set: 0.0ms
[2023-07-21T15:38:18.626+0700][gc,phases     ] GC(28)   Evacuate Collection Set: 26.0ms
[2023-07-21T15:38:18.626+0700][gc,phases     ] GC(28)   Post Evacuate Collection Set: 3.5ms
[2023-07-21T15:38:18.626+0700][gc,phases     ] GC(28)   Other: 0.3ms
[2023-07-21T15:38:18.626+0700][gc,heap       ] GC(28) Eden regions: 363->0(859)
[2023-07-21T15:38:18.626+0700][gc,heap       ] GC(28) Survivor regions: 54->67(111)
[2023-07-21T15:38:18.626+0700][gc,heap       ] GC(28) Old regions: 163->163
[2023-07-21T15:38:18.626+0700][gc,heap       ] GC(28) Humongous regions: 5->5
[2023-07-21T15:38:18.626+0700][gc,metaspace  ] GC(28) Metaspace: 65057K(67896K)->65057K(67896K) NonClass: 57230K(59004K)->57230K(59004K) Class: 7827K(8892K)->7827K(8892K)
[2023-07-21T15:38:18.626+0700][gc            ] GC(28) Pause Young (Prepare Mixed) (Metadata GC Threshold) 582M->232M(1852M) 29.851ms
[2023-07-21T15:38:18.626+0700][gc,cpu        ] GC(28) User=0.18s Sys=0.04s Real=0.03s
[2023-07-21T15:38:18.909+0700][gc,start      ] GC(29) Pause Young (Mixed) (Metadata GC Threshold)
[2023-07-21T15:38:18.909+0700][gc,task       ] GC(29) Using 8 workers of 8 for evacuation
[2023-07-21T15:38:18.938+0700][gc,phases     ] GC(29)   Pre Evacuate Collection Set: 0.1ms
[2023-07-21T15:38:18.938+0700][gc,phases     ] GC(29)   Evacuate Collection Set: 27.3ms
[2023-07-21T15:38:18.938+0700][gc,phases     ] GC(29)   Post Evacuate Collection Set: 1.2ms
[2023-07-21T15:38:18.938+0700][gc,phases     ] GC(29)   Other: 0.3ms
[2023-07-21T15:38:18.938+0700][gc,heap       ] GC(29) Eden regions: 15->0(908)
[2023-07-21T15:38:18.938+0700][gc,heap       ] GC(29) Survivor regions: 67->18(116)
[2023-07-21T15:38:18.938+0700][gc,heap       ] GC(29) Old regions: 163->212
[2023-07-21T15:38:18.938+0700][gc,heap       ] GC(29) Humongous regions: 5->5
[2023-07-21T15:38:18.938+0700][gc,metaspace  ] GC(29) Metaspace: 65462K(68268K)->65462K(68268K) NonClass: 57575K(59248K)->57575K(59248K) Class: 7886K(9020K)->7886K(9020K)
[2023-07-21T15:38:18.938+0700][gc            ] GC(29) Pause Young (Mixed) (Metadata GC Threshold) 246M->232M(1852M) 28.885ms
[2023-07-21T15:38:18.938+0700][gc,cpu        ] GC(29) User=0.21s Sys=0.00s Real=0.03s
[2023-07-21T15:38:18.958+0700][gc,start      ] GC(30) Pause Young (Concurrent Start) (Metadata GC Threshold)
[2023-07-21T15:38:18.958+0700][gc,task       ] GC(30) Using 8 workers of 8 for evacuation
[2023-07-21T15:38:18.970+0700][gc,phases     ] GC(30)   Pre Evacuate Collection Set: 0.4ms
[2023-07-21T15:38:18.970+0700][gc,phases     ] GC(30)   Evacuate Collection Set: 9.6ms
[2023-07-21T15:38:18.970+0700][gc,phases     ] GC(30)   Post Evacuate Collection Set: 1.7ms
[2023-07-21T15:38:18.970+0700][gc,phases     ] GC(30)   Other: 0.2ms
[2023-07-21T15:38:18.970+0700][gc,heap       ] GC(30) Eden regions: 5->0(908)
[2023-07-21T15:38:18.970+0700][gc,heap       ] GC(30) Survivor regions: 18->18(116)
[2023-07-21T15:38:18.970+0700][gc,heap       ] GC(30) Old regions: 212->212
[2023-07-21T15:38:18.970+0700][gc,heap       ] GC(30) Humongous regions: 5->5
[2023-07-21T15:38:18.970+0700][gc,metaspace  ] GC(30) Metaspace: 65742K(68524K)->65742K(68524K) NonClass: 57829K(59504K)->57829K(59504K) Class: 7912K(9020K)->7912K(9020K)
[2023-07-21T15:38:18.970+0700][gc            ] GC(30) Pause Young (Concurrent Start) (Metadata GC Threshold) 236M->232M(1852M) 11.900ms
[2023-07-21T15:38:18.970+0700][gc,cpu        ] GC(30) User=0.06s Sys=0.01s Real=0.01s
[2023-07-21T15:38:18.970+0700][gc            ] GC(31) Concurrent Cycle
[2023-07-21T15:38:18.970+0700][gc,marking    ] GC(31) Concurrent Clear Claimed Marks
[2023-07-21T15:38:18.970+0700][gc,marking    ] GC(31) Concurrent Clear Claimed Marks 0.452ms
[2023-07-21T15:38:18.970+0700][gc,marking    ] GC(31) Concurrent Scan Root Regions
[2023-07-21T15:38:18.976+0700][gc,marking    ] GC(31) Concurrent Scan Root Regions 5.390ms
[2023-07-21T15:38:18.976+0700][gc,marking    ] GC(31) Concurrent Mark (13.812s)
[2023-07-21T15:38:18.976+0700][gc,marking    ] GC(31) Concurrent Mark From Roots
[2023-07-21T15:38:18.976+0700][gc,task       ] GC(31) Using 2 workers of 2 for marking
[2023-07-21T15:38:18.985+0700][gc,marking    ] GC(31) Concurrent Mark From Roots 9.453ms
[2023-07-21T15:38:18.985+0700][gc,marking    ] GC(31) Concurrent Preclean
[2023-07-21T15:38:18.985+0700][gc,marking    ] GC(31) Concurrent Preclean 0.122ms
[2023-07-21T15:38:18.985+0700][gc,marking    ] GC(31) Concurrent Mark (13.812s, 13.821s) 9.625ms
[2023-07-21T15:38:18.986+0700][gc,start      ] GC(31) Pause Remark
[2023-07-21T15:38:18.995+0700][gc,stringtable] GC(31) Cleaned string and symbol table, strings: 25531 processed, 11 removed, symbols: 167435 processed, 33 removed
[2023-07-21T15:38:18.995+0700][gc            ] GC(31) Pause Remark 233M->112M(1852M) 8.985ms
[2023-07-21T15:38:18.995+0700][gc,cpu        ] GC(31) User=0.05s Sys=0.00s Real=0.00s
[2023-07-21T15:38:18.995+0700][gc,marking    ] GC(31) Concurrent Rebuild Remembered Sets
[2023-07-21T15:38:19.001+0700][gc,marking    ] GC(31) Concurrent Rebuild Remembered Sets 5.048ms
[2023-07-21T15:38:19.001+0700][gc,start      ] GC(31) Pause Cleanup
[2023-07-21T15:38:19.001+0700][gc            ] GC(31) Pause Cleanup 112M->112M(1852M) 0.303ms
[2023-07-21T15:38:19.001+0700][gc,cpu        ] GC(31) User=0.00s Sys=0.00s Real=0.00s
[2023-07-21T15:38:19.001+0700][gc,marking    ] GC(31) Concurrent Cleanup for Next Mark
[2023-07-21T15:38:19.003+0700][gc,marking    ] GC(31) Concurrent Cleanup for Next Mark 1.525ms
[2023-07-21T15:38:19.003+0700][gc            ] GC(31) Concurrent Cycle 32.809ms
[2023-07-21T15:59:50.353+0700][gc,heap,exit  ] Heap
[2023-07-21T15:59:50.353+0700][gc,heap,exit  ]  garbage-first heap   total 1896448K, used 997576K [0x0000000740000000, 0x0000000800000000)
[2023-07-21T15:59:50.353+0700][gc,heap,exit  ]   region size 1024K, 883 young (904192K), 18 survivors (18432K)
[2023-07-21T15:59:50.353+0700][gc,heap,exit  ]  Metaspace       used 69022K, capacity 72160K, committed 72364K, reserved 1112064K
[2023-07-21T15:59:50.353+0700][gc,heap,exit  ]   class space    used 8238K, capacity 9499K, committed 9532K, reserved 1048576K
