[2023-07-21T14:38:15.624+0700][gc,heap] Heap region size: 1M
[2023-07-21T14:38:15.626+0700][gc     ] Using G1
[2023-07-21T14:38:15.626+0700][gc,heap,coops] Heap address: 0x0000000740000000, size: 3072 MB, Compressed Oops mode: Zero based, Oop shift amount: 3
[2023-07-21T14:38:15.626+0700][gc,cds       ] Mark closed archive regions in map: [0x00000007fff00000, 0x00000007fff6aff8]
[2023-07-21T14:38:15.626+0700][gc,cds       ] Mark open archive regions in map: [0x00000007ffe00000, 0x00000007ffe46ff8]
[2023-07-21T14:38:16.296+0700][gc,start     ] GC(0) Pause Young (Normal) (G1 Evacuation Pause)
[2023-07-21T14:38:16.296+0700][gc,task      ] GC(0) Using 2 workers of 8 for evacuation
[2023-07-21T14:38:16.308+0700][gc,phases    ] GC(0)   Pre Evacuate Collection Set: 0.0ms
[2023-07-21T14:38:16.308+0700][gc,phases    ] GC(0)   Evacuate Collection Set: 11.2ms
[2023-07-21T14:38:16.308+0700][gc,phases    ] GC(0)   Post Evacuate Collection Set: 0.6ms
[2023-07-21T14:38:16.308+0700][gc,phases    ] GC(0)   Other: 0.4ms
[2023-07-21T14:38:16.308+0700][gc,heap      ] GC(0) Eden regions: 61->0(53)
[2023-07-21T14:38:16.308+0700][gc,heap      ] GC(0) Survivor regions: 0->8(8)
[2023-07-21T14:38:16.308+0700][gc,heap      ] GC(0) Old regions: 2->12
[2023-07-21T14:38:16.308+0700][gc,heap      ] GC(0) Humongous regions: 4->4
[2023-07-21T14:38:16.308+0700][gc,metaspace ] GC(0) Metaspace: 6797K(7296K)->6797K(7296K) NonClass: 6029K(6400K)->6029K(6400K) Class: 767K(896K)->767K(896K)
[2023-07-21T14:38:16.308+0700][gc           ] GC(0) Pause Young (Normal) (G1 Evacuation Pause) 65M->22M(124M) 12.296ms
[2023-07-21T14:38:16.308+0700][gc,cpu       ] GC(0) User=0.03s Sys=0.02s Real=0.01s
[2023-07-21T14:38:16.570+0700][gc,start     ] GC(1) Pause Young (Normal) (G1 Evacuation Pause)
[2023-07-21T14:38:16.570+0700][gc,task      ] GC(1) Using 2 workers of 8 for evacuation
[2023-07-21T14:38:16.580+0700][gc,phases    ] GC(1)   Pre Evacuate Collection Set: 0.0ms
[2023-07-21T14:38:16.580+0700][gc,phases    ] GC(1)   Evacuate Collection Set: 9.7ms
[2023-07-21T14:38:16.580+0700][gc,phases    ] GC(1)   Post Evacuate Collection Set: 0.5ms
[2023-07-21T14:38:16.580+0700][gc,phases    ] GC(1)   Other: 0.1ms
[2023-07-21T14:38:16.580+0700][gc,heap      ] GC(1) Eden regions: 53->0(59)
[2023-07-21T14:38:16.580+0700][gc,heap      ] GC(1) Survivor regions: 8->2(8)
[2023-07-21T14:38:16.580+0700][gc,heap      ] GC(1) Old regions: 12->21
[2023-07-21T14:38:16.580+0700][gc,heap      ] GC(1) Humongous regions: 4->4
[2023-07-21T14:38:16.580+0700][gc,metaspace ] GC(1) Metaspace: 10564K(11264K)->10564K(11264K) NonClass: 9285K(9728K)->9285K(9728K) Class: 1279K(1536K)->1279K(1536K)
[2023-07-21T14:38:16.580+0700][gc           ] GC(1) Pause Young (Normal) (G1 Evacuation Pause) 75M->24M(124M) 10.463ms
[2023-07-21T14:38:16.580+0700][gc,cpu       ] GC(1) User=0.03s Sys=0.00s Real=0.01s
[2023-07-21T14:38:16.852+0700][gc,start     ] GC(2) Pause Young (Normal) (G1 Evacuation Pause)
[2023-07-21T14:38:16.852+0700][gc,task      ] GC(2) Using 2 workers of 8 for evacuation
[2023-07-21T14:38:16.861+0700][gc,phases    ] GC(2)   Pre Evacuate Collection Set: 0.0ms
[2023-07-21T14:38:16.861+0700][gc,phases    ] GC(2)   Evacuate Collection Set: 9.1ms
[2023-07-21T14:38:16.861+0700][gc,phases    ] GC(2)   Post Evacuate Collection Set: 0.4ms
[2023-07-21T14:38:16.861+0700][gc,phases    ] GC(2)   Other: 0.1ms
[2023-07-21T14:38:16.861+0700][gc,heap      ] GC(2) Eden regions: 59->0(53)
[2023-07-21T14:38:16.861+0700][gc,heap      ] GC(2) Survivor regions: 2->8(8)
[2023-07-21T14:38:16.861+0700][gc,heap      ] GC(2) Old regions: 21->22
[2023-07-21T14:38:16.861+0700][gc,heap      ] GC(2) Humongous regions: 4->4
[2023-07-21T14:38:16.861+0700][gc,metaspace ] GC(2) Metaspace: 12250K(13056K)->12250K(13056K) NonClass: 10763K(11264K)->10763K(11264K) Class: 1487K(1792K)->1487K(1792K)
[2023-07-21T14:38:16.861+0700][gc           ] GC(2) Pause Young (Normal) (G1 Evacuation Pause) 83M->32M(124M) 9.635ms
[2023-07-21T14:38:16.861+0700][gc,cpu       ] GC(2) User=0.03s Sys=0.00s Real=0.01s
[2023-07-21T14:38:16.955+0700][gc,start     ] GC(3) Pause Young (Normal) (GCLocker Initiated GC)
[2023-07-21T14:38:16.955+0700][gc,task      ] GC(3) Using 2 workers of 8 for evacuation
[2023-07-21T14:38:16.984+0700][gc,phases    ] GC(3)   Pre Evacuate Collection Set: 0.1ms
[2023-07-21T14:38:16.984+0700][gc,phases    ] GC(3)   Evacuate Collection Set: 27.7ms
[2023-07-21T14:38:16.984+0700][gc,phases    ] GC(3)   Post Evacuate Collection Set: 0.4ms
[2023-07-21T14:38:16.984+0700][gc,phases    ] GC(3)   Other: 0.2ms
[2023-07-21T14:38:16.984+0700][gc,heap      ] GC(3) Eden regions: 54->0(53)
[2023-07-21T14:38:16.984+0700][gc,heap      ] GC(3) Survivor regions: 8->8(8)
[2023-07-21T14:38:16.984+0700][gc,heap      ] GC(3) Old regions: 22->37
[2023-07-21T14:38:16.984+0700][gc,heap      ] GC(3) Humongous regions: 7->4
[2023-07-21T14:38:16.984+0700][gc,metaspace ] GC(3) Metaspace: 12308K(13056K)->12308K(13056K) NonClass: 10821K(11264K)->10821K(11264K) Class: 1487K(1792K)->1487K(1792K)
[2023-07-21T14:38:16.984+0700][gc           ] GC(3) Pause Young (Normal) (GCLocker Initiated GC) 88M->47M(124M) 28.433ms
[2023-07-21T14:38:16.984+0700][gc,cpu       ] GC(3) User=0.07s Sys=0.01s Real=0.03s
[2023-07-21T14:38:17.252+0700][gc,start     ] GC(4) Pause Young (Normal) (G1 Evacuation Pause)
[2023-07-21T14:38:17.252+0700][gc,task      ] GC(4) Using 2 workers of 8 for evacuation
[2023-07-21T14:38:17.292+0700][gc,phases    ] GC(4)   Pre Evacuate Collection Set: 0.0ms
[2023-07-21T14:38:17.292+0700][gc,phases    ] GC(4)   Evacuate Collection Set: 39.4ms
[2023-07-21T14:38:17.292+0700][gc,phases    ] GC(4)   Post Evacuate Collection Set: 1.1ms
[2023-07-21T14:38:17.292+0700][gc,phases    ] GC(4)   Other: 0.2ms
[2023-07-21T14:38:17.292+0700][gc,heap      ] GC(4) Eden regions: 53->0(90)
[2023-07-21T14:38:17.292+0700][gc,heap      ] GC(4) Survivor regions: 8->8(8)
[2023-07-21T14:38:17.292+0700][gc,heap      ] GC(4) Old regions: 37->54
[2023-07-21T14:38:17.292+0700][gc,heap      ] GC(4) Humongous regions: 6->4
[2023-07-21T14:38:17.292+0700][gc,metaspace ] GC(4) Metaspace: 12437K(13312K)->12437K(13312K) NonClass: 10947K(11520K)->10947K(11520K) Class: 1489K(1792K)->1489K(1792K)
[2023-07-21T14:38:17.292+0700][gc           ] GC(4) Pause Young (Normal) (G1 Evacuation Pause) 102M->64M(197M) 40.897ms
[2023-07-21T14:38:17.292+0700][gc,cpu       ] GC(4) User=0.19s Sys=0.00s Real=0.04s
[2023-07-21T14:38:17.559+0700][gc,start     ] GC(5) Pause Young (Normal) (G1 Evacuation Pause)
[2023-07-21T14:38:17.560+0700][gc,task      ] GC(5) Using 4 workers of 8 for evacuation
[2023-07-21T14:38:17.604+0700][gc,phases    ] GC(5)   Pre Evacuate Collection Set: 0.1ms
[2023-07-21T14:38:17.604+0700][gc,phases    ] GC(5)   Evacuate Collection Set: 43.9ms
[2023-07-21T14:38:17.604+0700][gc,phases    ] GC(5)   Post Evacuate Collection Set: 0.4ms
[2023-07-21T14:38:17.604+0700][gc,phases    ] GC(5)   Other: 0.8ms
[2023-07-21T14:38:17.604+0700][gc,heap      ] GC(5) Eden regions: 90->0(85)
[2023-07-21T14:38:17.604+0700][gc,heap      ] GC(5) Survivor regions: 8->13(13)
[2023-07-21T14:38:17.604+0700][gc,heap      ] GC(5) Old regions: 54->78
[2023-07-21T14:38:17.604+0700][gc,heap      ] GC(5) Humongous regions: 6->6
[2023-07-21T14:38:17.604+0700][gc,metaspace ] GC(5) Metaspace: 12764K(13568K)->12764K(13568K) NonClass: 11247K(11776K)->11247K(11776K) Class: 1517K(1792K)->1517K(1792K)
[2023-07-21T14:38:17.605+0700][gc           ] GC(5) Pause Young (Normal) (G1 Evacuation Pause) 156M->95M(197M) 45.301ms
[2023-07-21T14:38:17.605+0700][gc,cpu       ] GC(5) User=0.20s Sys=0.00s Real=0.05s
[2023-07-21T14:38:17.664+0700][gc,start     ] GC(6) Pause Young (Normal) (GCLocker Initiated GC)
[2023-07-21T14:38:17.664+0700][gc,task      ] GC(6) Using 4 workers of 8 for evacuation
[2023-07-21T14:38:17.674+0700][gc,phases    ] GC(6)   Pre Evacuate Collection Set: 0.0ms
[2023-07-21T14:38:17.674+0700][gc,phases    ] GC(6)   Evacuate Collection Set: 9.6ms
[2023-07-21T14:38:17.674+0700][gc,phases    ] GC(6)   Post Evacuate Collection Set: 0.3ms
[2023-07-21T14:38:17.674+0700][gc,phases    ] GC(6)   Other: 0.2ms
[2023-07-21T14:38:17.674+0700][gc,heap      ] GC(6) Eden regions: 86->0(96)
[2023-07-21T14:38:17.674+0700][gc,heap      ] GC(6) Survivor regions: 13->5(13)
[2023-07-21T14:38:17.674+0700][gc,heap      ] GC(6) Old regions: 78->92
[2023-07-21T14:38:17.674+0700][gc,heap      ] GC(6) Humongous regions: 6->6
[2023-07-21T14:38:17.674+0700][gc,metaspace ] GC(6) Metaspace: 12788K(13568K)->12788K(13568K) NonClass: 11269K(11776K)->11269K(11776K) Class: 1518K(1792K)->1518K(1792K)
[2023-07-21T14:38:17.674+0700][gc           ] GC(6) Pause Young (Normal) (GCLocker Initiated GC) 180M->101M(202M) 10.149ms
[2023-07-21T14:38:17.674+0700][gc,cpu       ] GC(6) User=0.04s Sys=0.01s Real=0.01s
[2023-07-21T14:38:17.726+0700][gc,start     ] GC(7) Pause Young (Concurrent Start) (GCLocker Initiated GC)
[2023-07-21T14:38:17.726+0700][gc,task      ] GC(7) Using 4 workers of 8 for evacuation
[2023-07-21T14:38:17.735+0700][gc,phases    ] GC(7)   Pre Evacuate Collection Set: 0.1ms
[2023-07-21T14:38:17.735+0700][gc,phases    ] GC(7)   Evacuate Collection Set: 8.2ms
[2023-07-21T14:38:17.735+0700][gc,phases    ] GC(7)   Post Evacuate Collection Set: 0.4ms
[2023-07-21T14:38:17.735+0700][gc,phases    ] GC(7)   Other: 0.7ms
[2023-07-21T14:38:17.735+0700][gc,heap      ] GC(7) Eden regions: 97->0(96)
[2023-07-21T14:38:17.735+0700][gc,heap      ] GC(7) Survivor regions: 5->8(13)
[2023-07-21T14:38:17.735+0700][gc,heap      ] GC(7) Old regions: 92->92
[2023-07-21T14:38:17.735+0700][gc,heap      ] GC(7) Humongous regions: 6->6
[2023-07-21T14:38:17.735+0700][gc,metaspace ] GC(7) Metaspace: 12796K(13568K)->12796K(13568K) NonClass: 11277K(11776K)->11277K(11776K) Class: 1518K(1792K)->1518K(1792K)
[2023-07-21T14:38:17.735+0700][gc           ] GC(7) Pause Young (Concurrent Start) (GCLocker Initiated GC) 197M->104M(208M) 9.474ms
[2023-07-21T14:38:17.735+0700][gc,cpu       ] GC(7) User=0.03s Sys=0.01s Real=0.01s
[2023-07-21T14:38:17.735+0700][gc           ] GC(8) Concurrent Cycle
[2023-07-21T14:38:17.735+0700][gc,marking   ] GC(8) Concurrent Clear Claimed Marks
[2023-07-21T14:38:17.735+0700][gc,marking   ] GC(8) Concurrent Clear Claimed Marks 0.061ms
[2023-07-21T14:38:17.735+0700][gc,marking   ] GC(8) Concurrent Scan Root Regions
[2023-07-21T14:38:17.788+0700][gc,marking   ] GC(8) Concurrent Scan Root Regions 52.614ms
[2023-07-21T14:38:17.788+0700][gc,marking   ] GC(8) Concurrent Mark (2.165s)
[2023-07-21T14:38:17.788+0700][gc,marking   ] GC(8) Concurrent Mark From Roots
[2023-07-21T14:38:17.788+0700][gc,task      ] GC(8) Using 2 workers of 2 for marking
[2023-07-21T14:38:17.802+0700][gc,start     ] GC(9) Pause Young (Normal) (GCLocker Initiated GC)
[2023-07-21T14:38:17.802+0700][gc,task      ] GC(9) Using 5 workers of 8 for evacuation
[2023-07-21T14:38:17.819+0700][gc,phases    ] GC(9)   Pre Evacuate Collection Set: 0.0ms
[2023-07-21T14:38:17.819+0700][gc,phases    ] GC(9)   Evacuate Collection Set: 13.6ms
[2023-07-21T14:38:17.819+0700][gc,phases    ] GC(9)   Post Evacuate Collection Set: 3.3ms
[2023-07-21T14:38:17.819+0700][gc,phases    ] GC(9)   Other: 0.4ms
[2023-07-21T14:38:17.819+0700][gc,heap      ] GC(9) Eden regions: 96->0(206)
[2023-07-21T14:38:17.819+0700][gc,heap      ] GC(9) Survivor regions: 8->10(13)
[2023-07-21T14:38:17.819+0700][gc,heap      ] GC(9) Old regions: 92->96
[2023-07-21T14:38:17.819+0700][gc,heap      ] GC(9) Humongous regions: 6->6
[2023-07-21T14:38:17.819+0700][gc,metaspace ] GC(9) Metaspace: 12825K(13568K)->12825K(13568K) NonClass: 11306K(11776K)->11306K(11776K) Class: 1519K(1792K)->1519K(1792K)
[2023-07-21T14:38:17.819+0700][gc           ] GC(9) Pause Young (Normal) (GCLocker Initiated GC) 200M->110M(432M) 17.725ms
[2023-07-21T14:38:17.819+0700][gc,cpu       ] GC(9) User=0.07s Sys=0.00s Real=0.02s
[2023-07-21T14:38:17.950+0700][gc,start     ] GC(10) Pause Young (Normal) (GCLocker Initiated GC)
[2023-07-21T14:38:17.950+0700][gc,task      ] GC(10) Using 8 workers of 8 for evacuation
[2023-07-21T14:38:17.957+0700][gc,phases    ] GC(10)   Pre Evacuate Collection Set: 0.0ms
[2023-07-21T14:38:17.957+0700][gc,phases    ] GC(10)   Evacuate Collection Set: 6.6ms
[2023-07-21T14:38:17.958+0700][gc,phases    ] GC(10)   Post Evacuate Collection Set: 0.4ms
[2023-07-21T14:38:17.958+0700][gc,phases    ] GC(10)   Other: 0.5ms
[2023-07-21T14:38:17.958+0700][gc,heap      ] GC(10) Eden regions: 207->0(198)
[2023-07-21T14:38:17.958+0700][gc,heap      ] GC(10) Survivor regions: 10->18(27)
[2023-07-21T14:38:17.958+0700][gc,heap      ] GC(10) Old regions: 96->96
[2023-07-21T14:38:17.958+0700][gc,heap      ] GC(10) Humongous regions: 6->6
[2023-07-21T14:38:17.958+0700][gc,metaspace ] GC(10) Metaspace: 12840K(13568K)->12840K(13568K) NonClass: 11320K(11776K)->11320K(11776K) Class: 1519K(1792K)->1519K(1792K)
[2023-07-21T14:38:17.958+0700][gc           ] GC(10) Pause Young (Normal) (GCLocker Initiated GC) 317M->117M(432M) 7.604ms
[2023-07-21T14:38:17.958+0700][gc,cpu       ] GC(10) User=0.01s Sys=0.04s Real=0.01s
[2023-07-21T14:38:17.971+0700][gc,marking   ] GC(8) Concurrent Mark From Roots 182.723ms
[2023-07-21T14:38:17.971+0700][gc,marking   ] GC(8) Concurrent Preclean
[2023-07-21T14:38:17.971+0700][gc,marking   ] GC(8) Concurrent Preclean 0.150ms
[2023-07-21T14:38:17.971+0700][gc,marking   ] GC(8) Concurrent Mark (2.165s, 2.348s) 182.930ms
[2023-07-21T14:38:17.971+0700][gc,start     ] GC(8) Pause Remark
[2023-07-21T14:38:17.993+0700][gc,stringtable] GC(8) Cleaned string and symbol table, strings: 6973 processed, 34 removed, symbols: 36178 processed, 33 removed
[2023-07-21T14:38:17.993+0700][gc            ] GC(8) Pause Remark 135M->134M(432M) 22.345ms
[2023-07-21T14:38:17.993+0700][gc,cpu        ] GC(8) User=0.13s Sys=0.02s Real=0.03s
[2023-07-21T14:38:17.996+0700][gc,marking    ] GC(8) Concurrent Rebuild Remembered Sets
[2023-07-21T14:38:18.034+0700][gc,marking    ] GC(8) Concurrent Rebuild Remembered Sets 38.228ms
[2023-07-21T14:38:18.035+0700][gc,start      ] GC(8) Pause Cleanup
[2023-07-21T14:38:18.035+0700][gc            ] GC(8) Pause Cleanup 280M->280M(432M) 0.213ms
[2023-07-21T14:38:18.035+0700][gc,cpu        ] GC(8) User=0.00s Sys=0.00s Real=0.00s
[2023-07-21T14:38:18.035+0700][gc,marking    ] GC(8) Concurrent Cleanup for Next Mark
[2023-07-21T14:38:18.037+0700][gc,marking    ] GC(8) Concurrent Cleanup for Next Mark 2.558ms
[2023-07-21T14:38:18.037+0700][gc            ] GC(8) Concurrent Cycle 302.410ms
[2023-07-21T14:38:18.047+0700][gc,start      ] GC(11) Pause Young (Normal) (GCLocker Initiated GC)
[2023-07-21T14:38:18.047+0700][gc,task       ] GC(11) Using 8 workers of 8 for evacuation
[2023-07-21T14:38:18.055+0700][gc,phases     ] GC(11)   Pre Evacuate Collection Set: 0.0ms
[2023-07-21T14:38:18.055+0700][gc,phases     ] GC(11)   Evacuate Collection Set: 8.1ms
[2023-07-21T14:38:18.055+0700][gc,phases     ] GC(11)   Post Evacuate Collection Set: 0.4ms
[2023-07-21T14:38:18.055+0700][gc,phases     ] GC(11)   Other: 0.1ms
[2023-07-21T14:38:18.055+0700][gc,heap       ] GC(11) Eden regions: 199->0(194)
[2023-07-21T14:38:18.055+0700][gc,heap       ] GC(11) Survivor regions: 18->22(27)
[2023-07-21T14:38:18.055+0700][gc,heap       ] GC(11) Old regions: 96->99
[2023-07-21T14:38:18.055+0700][gc,heap       ] GC(11) Humongous regions: 5->5
[2023-07-21T14:38:18.055+0700][gc,metaspace  ] GC(11) Metaspace: 12842K(13568K)->12842K(13568K) NonClass: 11323K(11776K)->11323K(11776K) Class: 1518K(1792K)->1518K(1792K)
[2023-07-21T14:38:18.055+0700][gc            ] GC(11) Pause Young (Normal) (GCLocker Initiated GC) 315M->124M(432M) 8.740ms
[2023-07-21T14:38:18.055+0700][gc,cpu        ] GC(11) User=0.05s Sys=0.00s Real=0.01s
[2023-07-21T14:38:18.138+0700][gc,start      ] GC(12) Pause Young (Normal) (GCLocker Initiated GC)
[2023-07-21T14:38:18.138+0700][gc,task       ] GC(12) Using 8 workers of 8 for evacuation
[2023-07-21T14:38:18.151+0700][gc,phases     ] GC(12)   Pre Evacuate Collection Set: 0.0ms
[2023-07-21T14:38:18.151+0700][gc,phases     ] GC(12)   Evacuate Collection Set: 12.0ms
[2023-07-21T14:38:18.151+0700][gc,phases     ] GC(12)   Post Evacuate Collection Set: 0.5ms
[2023-07-21T14:38:18.151+0700][gc,phases     ] GC(12)   Other: 0.2ms
[2023-07-21T14:38:18.151+0700][gc,heap       ] GC(12) Eden regions: 195->0(200)
[2023-07-21T14:38:18.151+0700][gc,heap       ] GC(12) Survivor regions: 22->16(27)
[2023-07-21T14:38:18.151+0700][gc,heap       ] GC(12) Old regions: 99->113
[2023-07-21T14:38:18.151+0700][gc,heap       ] GC(12) Humongous regions: 5->5
[2023-07-21T14:38:18.151+0700][gc,metaspace  ] GC(12) Metaspace: 12844K(13568K)->12844K(13568K) NonClass: 11326K(11776K)->11326K(11776K) Class: 1518K(1792K)->1518K(1792K)
[2023-07-21T14:38:18.151+0700][gc            ] GC(12) Pause Young (Normal) (GCLocker Initiated GC) 318M->131M(432M) 12.883ms
[2023-07-21T14:38:18.151+0700][gc,cpu        ] GC(12) User=0.06s Sys=0.01s Real=0.01s
[2023-07-21T14:38:18.247+0700][gc,start      ] GC(13) Pause Young (Normal) (GCLocker Initiated GC)
[2023-07-21T14:38:18.247+0700][gc,task       ] GC(13) Using 8 workers of 8 for evacuation
[2023-07-21T14:38:18.258+0700][gc,phases     ] GC(13)   Pre Evacuate Collection Set: 0.0ms
[2023-07-21T14:38:18.258+0700][gc,phases     ] GC(13)   Evacuate Collection Set: 8.9ms
[2023-07-21T14:38:18.258+0700][gc,phases     ] GC(13)   Post Evacuate Collection Set: 1.8ms
[2023-07-21T14:38:18.258+0700][gc,phases     ] GC(13)   Other: 0.1ms
[2023-07-21T14:38:18.258+0700][gc,heap       ] GC(13) Eden regions: 201->0(305)
[2023-07-21T14:38:18.258+0700][gc,heap       ] GC(13) Survivor regions: 16->17(27)
[2023-07-21T14:38:18.258+0700][gc,heap       ] GC(13) Old regions: 113->120
[2023-07-21T14:38:18.258+0700][gc,heap       ] GC(13) Humongous regions: 5->5
[2023-07-21T14:38:18.258+0700][gc,metaspace  ] GC(13) Metaspace: 12845K(13568K)->12845K(13568K) NonClass: 11326K(11776K)->11326K(11776K) Class: 1518K(1792K)->1518K(1792K)
[2023-07-21T14:38:18.258+0700][gc            ] GC(13) Pause Young (Normal) (GCLocker Initiated GC) 331M->139M(645M) 10.907ms
[2023-07-21T14:38:18.258+0700][gc,cpu        ] GC(13) User=0.08s Sys=0.00s Real=0.01s
[2023-07-21T14:38:18.393+0700][gc,start      ] GC(14) Pause Young (Normal) (GCLocker Initiated GC)
[2023-07-21T14:38:18.393+0700][gc,task       ] GC(14) Using 8 workers of 8 for evacuation
[2023-07-21T14:38:18.403+0700][gc,phases     ] GC(14)   Pre Evacuate Collection Set: 0.0ms
[2023-07-21T14:38:18.403+0700][gc,phases     ] GC(14)   Evacuate Collection Set: 9.5ms
[2023-07-21T14:38:18.403+0700][gc,phases     ] GC(14)   Post Evacuate Collection Set: 0.5ms
[2023-07-21T14:38:18.403+0700][gc,phases     ] GC(14)   Other: 0.2ms
[2023-07-21T14:38:18.403+0700][gc,heap       ] GC(14) Eden regions: 306->0(291)
[2023-07-21T14:38:18.403+0700][gc,heap       ] GC(14) Survivor regions: 17->31(41)
[2023-07-21T14:38:18.403+0700][gc,heap       ] GC(14) Old regions: 120->120
[2023-07-21T14:38:18.403+0700][gc,heap       ] GC(14) Humongous regions: 6->6
[2023-07-21T14:38:18.403+0700][gc,metaspace  ] GC(14) Metaspace: 12845K(13568K)->12845K(13568K) NonClass: 11326K(11776K)->11326K(11776K) Class: 1518K(1792K)->1518K(1792K)
[2023-07-21T14:38:18.403+0700][gc            ] GC(14) Pause Young (Normal) (GCLocker Initiated GC) 446M->154M(645M) 10.370ms
[2023-07-21T14:38:18.403+0700][gc,cpu        ] GC(14) User=0.06s Sys=0.02s Real=0.02s
[2023-07-21T14:38:18.499+0700][gc,start      ] GC(15) Pause Young (Normal) (GCLocker Initiated GC)
[2023-07-21T14:38:18.499+0700][gc,task       ] GC(15) Using 8 workers of 8 for evacuation
[2023-07-21T14:38:18.511+0700][gc,phases     ] GC(15)   Pre Evacuate Collection Set: 0.0ms
[2023-07-21T14:38:18.511+0700][gc,phases     ] GC(15)   Evacuate Collection Set: 11.3ms
[2023-07-21T14:38:18.511+0700][gc,phases     ] GC(15)   Post Evacuate Collection Set: 0.7ms
[2023-07-21T14:38:18.511+0700][gc,phases     ] GC(15)   Other: 0.2ms
[2023-07-21T14:38:18.511+0700][gc,heap       ] GC(15) Eden regions: 292->0(288)
[2023-07-21T14:38:18.511+0700][gc,heap       ] GC(15) Survivor regions: 31->34(41)
[2023-07-21T14:38:18.511+0700][gc,heap       ] GC(15) Old regions: 120->136
[2023-07-21T14:38:18.511+0700][gc,heap       ] GC(15) Humongous regions: 12->6
[2023-07-21T14:38:18.511+0700][gc,metaspace  ] GC(15) Metaspace: 12845K(13568K)->12845K(13568K) NonClass: 11326K(11776K)->11326K(11776K) Class: 1518K(1792K)->1518K(1792K)
[2023-07-21T14:38:18.511+0700][gc            ] GC(15) Pause Young (Normal) (GCLocker Initiated GC) 451M->173M(645M) 12.301ms
[2023-07-21T14:38:18.511+0700][gc,cpu        ] GC(15) User=0.08s Sys=0.01s Real=0.01s
[2023-07-21T14:38:18.590+0700][gc,start      ] GC(16) Pause Young (Normal) (GCLocker Initiated GC)
[2023-07-21T14:38:18.590+0700][gc,task       ] GC(16) Using 8 workers of 8 for evacuation
[2023-07-21T14:38:18.610+0700][gc,phases     ] GC(16)   Pre Evacuate Collection Set: 0.1ms
[2023-07-21T14:38:18.610+0700][gc,phases     ] GC(16)   Evacuate Collection Set: 19.0ms
[2023-07-21T14:38:18.610+0700][gc,phases     ] GC(16)   Post Evacuate Collection Set: 0.7ms
[2023-07-21T14:38:18.611+0700][gc,phases     ] GC(16)   Other: 0.2ms
[2023-07-21T14:38:18.611+0700][gc,heap       ] GC(16) Eden regions: 289->0(291)
[2023-07-21T14:38:18.611+0700][gc,heap       ] GC(16) Survivor regions: 34->31(41)
[2023-07-21T14:38:18.611+0700][gc,heap       ] GC(16) Old regions: 136->150
[2023-07-21T14:38:18.611+0700][gc,heap       ] GC(16) Humongous regions: 7->6
[2023-07-21T14:38:18.611+0700][gc,metaspace  ] GC(16) Metaspace: 12848K(13568K)->12848K(13568K) NonClass: 11329K(11776K)->11329K(11776K) Class: 1518K(1792K)->1518K(1792K)
[2023-07-21T14:38:18.611+0700][gc            ] GC(16) Pause Young (Normal) (GCLocker Initiated GC) 462M->184M(645M) 20.275ms
[2023-07-21T14:38:18.611+0700][gc,cpu        ] GC(16) User=0.14s Sys=0.00s Real=0.02s
[2023-07-21T14:38:18.729+0700][gc,start      ] GC(17) Pause Young (Normal) (GCLocker Initiated GC)
[2023-07-21T14:38:18.729+0700][gc,task       ] GC(17) Using 8 workers of 8 for evacuation
[2023-07-21T14:38:18.749+0700][gc,phases     ] GC(17)   Pre Evacuate Collection Set: 0.0ms
[2023-07-21T14:38:18.749+0700][gc,phases     ] GC(17)   Evacuate Collection Set: 15.9ms
[2023-07-21T14:38:18.749+0700][gc,phases     ] GC(17)   Post Evacuate Collection Set: 3.7ms
[2023-07-21T14:38:18.749+0700][gc,phases     ] GC(17)   Other: 0.2ms
[2023-07-21T14:38:18.749+0700][gc,heap       ] GC(17) Eden regions: 292->0(541)
[2023-07-21T14:38:18.749+0700][gc,heap       ] GC(17) Survivor regions: 31->24(41)
[2023-07-21T14:38:18.749+0700][gc,heap       ] GC(17) Old regions: 150->168
[2023-07-21T14:38:18.749+0700][gc,heap       ] GC(17) Humongous regions: 7->6
[2023-07-21T14:38:18.749+0700][gc,metaspace  ] GC(17) Metaspace: 12865K(13568K)->12865K(13568K) NonClass: 11344K(11776K)->11344K(11776K) Class: 1521K(1792K)->1521K(1792K)
[2023-07-21T14:38:18.749+0700][gc            ] GC(17) Pause Young (Normal) (GCLocker Initiated GC) 477M->196M(1131M) 19.996ms
[2023-07-21T14:38:18.749+0700][gc,cpu        ] GC(17) User=0.12s Sys=0.01s Real=0.02s
[2023-07-21T14:38:18.953+0700][gc,start      ] GC(18) Pause Young (Normal) (GCLocker Initiated GC)
[2023-07-21T14:38:18.953+0700][gc,task       ] GC(18) Using 8 workers of 8 for evacuation
[2023-07-21T14:38:18.971+0700][gc,phases     ] GC(18)   Pre Evacuate Collection Set: 0.0ms
[2023-07-21T14:38:18.971+0700][gc,phases     ] GC(18)   Evacuate Collection Set: 16.6ms
[2023-07-21T14:38:18.971+0700][gc,phases     ] GC(18)   Post Evacuate Collection Set: 0.7ms
[2023-07-21T14:38:18.971+0700][gc,phases     ] GC(18)   Other: 0.3ms
[2023-07-21T14:38:18.971+0700][gc,heap       ] GC(18) Eden regions: 542->0(521)
[2023-07-21T14:38:18.971+0700][gc,heap       ] GC(18) Survivor regions: 24->44(71)
[2023-07-21T14:38:18.971+0700][gc,heap       ] GC(18) Old regions: 168->168
[2023-07-21T14:38:18.971+0700][gc,heap       ] GC(18) Humongous regions: 9->8
[2023-07-21T14:38:18.971+0700][gc,metaspace  ] GC(18) Metaspace: 12866K(13568K)->12866K(13568K) NonClass: 11345K(11776K)->11345K(11776K) Class: 1521K(1792K)->1521K(1792K)
[2023-07-21T14:38:18.971+0700][gc            ] GC(18) Pause Young (Normal) (GCLocker Initiated GC) 740M->218M(1131M) 17.722ms
[2023-07-21T14:38:18.971+0700][gc,cpu        ] GC(18) User=0.13s Sys=0.00s Real=0.01s
[2023-07-21T14:38:19.095+0700][gc,start      ] GC(19) Pause Young (Normal) (GCLocker Initiated GC)
[2023-07-21T14:38:19.096+0700][gc,task       ] GC(19) Using 8 workers of 8 for evacuation
[2023-07-21T14:38:19.121+0700][gc,phases     ] GC(19)   Pre Evacuate Collection Set: 0.0ms
[2023-07-21T14:38:19.121+0700][gc,phases     ] GC(19)   Evacuate Collection Set: 25.0ms
[2023-07-21T14:38:19.121+0700][gc,phases     ] GC(19)   Post Evacuate Collection Set: 0.7ms
[2023-07-21T14:38:19.121+0700][gc,phases     ] GC(19)   Other: 0.2ms
[2023-07-21T14:38:19.121+0700][gc,heap       ] GC(19) Eden regions: 522->0(519)
[2023-07-21T14:38:19.122+0700][gc,heap       ] GC(19) Survivor regions: 44->46(71)
[2023-07-21T14:38:19.122+0700][gc,heap       ] GC(19) Old regions: 168->180
[2023-07-21T14:38:19.122+0700][gc,heap       ] GC(19) Humongous regions: 8->8
[2023-07-21T14:38:19.122+0700][gc,metaspace  ] GC(19) Metaspace: 12866K(13568K)->12866K(13568K) NonClass: 11345K(11776K)->11345K(11776K) Class: 1521K(1792K)->1521K(1792K)
[2023-07-21T14:38:19.122+0700][gc            ] GC(19) Pause Young (Normal) (GCLocker Initiated GC) 739M->231M(1131M) 26.057ms
[2023-07-21T14:38:19.122+0700][gc,cpu        ] GC(19) User=0.16s Sys=0.00s Real=0.02s
[2023-07-21T14:38:19.291+0700][gc,start      ] GC(20) Pause Young (Normal) (GCLocker Initiated GC)
[2023-07-21T14:38:19.291+0700][gc,task       ] GC(20) Using 8 workers of 8 for evacuation
[2023-07-21T14:38:19.336+0700][gc,phases     ] GC(20)   Pre Evacuate Collection Set: 0.1ms
[2023-07-21T14:38:19.336+0700][gc,phases     ] GC(20)   Evacuate Collection Set: 43.8ms
[2023-07-21T14:38:19.336+0700][gc,phases     ] GC(20)   Post Evacuate Collection Set: 0.9ms
[2023-07-21T14:38:19.336+0700][gc,phases     ] GC(20)   Other: 0.3ms
[2023-07-21T14:38:19.336+0700][gc,heap       ] GC(20) Eden regions: 519->0(508)
[2023-07-21T14:38:19.336+0700][gc,heap       ] GC(20) Survivor regions: 46->57(71)
[2023-07-21T14:38:19.336+0700][gc,heap       ] GC(20) Old regions: 180->191
[2023-07-21T14:38:19.336+0700][gc,heap       ] GC(20) Humongous regions: 8->8
[2023-07-21T14:38:19.336+0700][gc,metaspace  ] GC(20) Metaspace: 12866K(13568K)->12866K(13568K) NonClass: 11345K(11776K)->11345K(11776K) Class: 1521K(1792K)->1521K(1792K)
[2023-07-21T14:38:19.336+0700][gc            ] GC(20) Pause Young (Normal) (GCLocker Initiated GC) 750M->253M(1131M) 45.336ms
[2023-07-21T14:38:19.336+0700][gc,cpu        ] GC(20) User=0.30s Sys=0.01s Real=0.05s
[2023-07-21T14:38:20.549+0700][gc,start      ] GC(21) Pause Young (Concurrent Start) (Metadata GC Threshold)
[2023-07-21T14:38:20.549+0700][gc,task       ] GC(21) Using 8 workers of 8 for evacuation
[2023-07-21T14:38:20.613+0700][gc,phases     ] GC(21)   Pre Evacuate Collection Set: 0.1ms
[2023-07-21T14:38:20.613+0700][gc,phases     ] GC(21)   Evacuate Collection Set: 58.7ms
[2023-07-21T14:38:20.613+0700][gc,phases     ] GC(21)   Post Evacuate Collection Set: 5.1ms
[2023-07-21T14:38:20.613+0700][gc,phases     ] GC(21)   Other: 0.3ms
[2023-07-21T14:38:20.613+0700][gc,heap       ] GC(21) Eden regions: 401->0(754)
[2023-07-21T14:38:20.613+0700][gc,heap       ] GC(21) Survivor regions: 57->57(71)
[2023-07-21T14:38:20.613+0700][gc,heap       ] GC(21) Old regions: 191->199
[2023-07-21T14:38:20.613+0700][gc,heap       ] GC(21) Humongous regions: 9->9
[2023-07-21T14:38:20.613+0700][gc,metaspace  ] GC(21) Metaspace: 21861K(22616K)->21861K(22616K) NonClass: 19244K(19712K)->19244K(19712K) Class: 2616K(2904K)->2616K(2904K)
[2023-07-21T14:38:20.613+0700][gc            ] GC(21) Pause Young (Concurrent Start) (Metadata GC Threshold) 655M->262M(1623M) 64.295ms
[2023-07-21T14:38:20.613+0700][gc,cpu        ] GC(21) User=0.45s Sys=0.00s Real=0.06s
[2023-07-21T14:38:20.613+0700][gc            ] GC(22) Concurrent Cycle
[2023-07-21T14:38:20.613+0700][gc,marking    ] GC(22) Concurrent Clear Claimed Marks
[2023-07-21T14:38:20.613+0700][gc,marking    ] GC(22) Concurrent Clear Claimed Marks 0.095ms
[2023-07-21T14:38:20.613+0700][gc,marking    ] GC(22) Concurrent Scan Root Regions
[2023-07-21T14:38:20.635+0700][gc,marking    ] GC(22) Concurrent Scan Root Regions 21.659ms
[2023-07-21T14:38:20.635+0700][gc,marking    ] GC(22) Concurrent Mark (5.012s)
[2023-07-21T14:38:20.635+0700][gc,marking    ] GC(22) Concurrent Mark From Roots
[2023-07-21T14:38:20.635+0700][gc,task       ] GC(22) Using 2 workers of 2 for marking
[2023-07-21T14:38:20.667+0700][gc,marking    ] GC(22) Concurrent Mark From Roots 32.687ms
[2023-07-21T14:38:20.667+0700][gc,marking    ] GC(22) Concurrent Preclean
[2023-07-21T14:38:20.668+0700][gc,marking    ] GC(22) Concurrent Preclean 0.109ms
[2023-07-21T14:38:20.668+0700][gc,marking    ] GC(22) Concurrent Mark (5.012s, 5.045s) 32.843ms
[2023-07-21T14:38:20.668+0700][gc,start      ] GC(22) Pause Remark
[2023-07-21T14:38:20.672+0700][gc,stringtable] GC(22) Cleaned string and symbol table, strings: 9515 processed, 0 removed, symbols: 63641 processed, 26 removed
[2023-07-21T14:38:20.673+0700][gc            ] GC(22) Pause Remark 270M->258M(1623M) 4.611ms
[2023-07-21T14:38:20.673+0700][gc,cpu        ] GC(22) User=0.02s Sys=0.00s Real=0.00s
[2023-07-21T14:38:20.673+0700][gc,marking    ] GC(22) Concurrent Rebuild Remembered Sets
[2023-07-21T14:38:20.711+0700][gc,marking    ] GC(22) Concurrent Rebuild Remembered Sets 38.110ms
[2023-07-21T14:38:20.711+0700][gc,start      ] GC(22) Pause Cleanup
[2023-07-21T14:38:20.711+0700][gc            ] GC(22) Pause Cleanup 263M->263M(1623M) 0.472ms
[2023-07-21T14:38:20.711+0700][gc,cpu        ] GC(22) User=0.00s Sys=0.00s Real=0.00s
[2023-07-21T14:38:20.720+0700][gc,marking    ] GC(22) Concurrent Cleanup for Next Mark
[2023-07-21T14:38:20.740+0700][gc,marking    ] GC(22) Concurrent Cleanup for Next Mark 20.070ms
[2023-07-21T14:38:20.740+0700][gc            ] GC(22) Concurrent Cycle 127.416ms
[2023-07-21T14:38:21.555+0700][gc,start      ] GC(23) Pause Young (Prepare Mixed) (Metadata GC Threshold)
[2023-07-21T14:38:21.555+0700][gc,task       ] GC(23) Using 8 workers of 8 for evacuation
[2023-07-21T14:38:21.608+0700][gc,phases     ] GC(23)   Pre Evacuate Collection Set: 0.1ms
[2023-07-21T14:38:21.608+0700][gc,phases     ] GC(23)   Evacuate Collection Set: 45.3ms
[2023-07-21T14:38:21.608+0700][gc,phases     ] GC(23)   Post Evacuate Collection Set: 7.2ms
[2023-07-21T14:38:21.608+0700][gc,phases     ] GC(23)   Other: 0.3ms
[2023-07-21T14:38:21.608+0700][gc,heap       ] GC(23) Eden regions: 124->0(760)
[2023-07-21T14:38:21.608+0700][gc,heap       ] GC(23) Survivor regions: 57->51(102)
[2023-07-21T14:38:21.608+0700][gc,heap       ] GC(23) Old regions: 191->197
[2023-07-21T14:38:21.608+0700][gc,heap       ] GC(23) Humongous regions: 5->5
[2023-07-21T14:38:21.608+0700][gc,metaspace  ] GC(23) Metaspace: 37985K(39152K)->37985K(39152K) NonClass: 33609K(34304K)->33609K(34304K) Class: 4376K(4848K)->4376K(4848K)
[2023-07-21T14:38:21.608+0700][gc            ] GC(23) Pause Young (Prepare Mixed) (Metadata GC Threshold) 373M->251M(1623M) 53.044ms
[2023-07-21T14:38:21.608+0700][gc,cpu        ] GC(23) User=0.24s Sys=0.06s Real=0.05s
[2023-07-21T14:38:21.641+0700][gc,start      ] GC(24) Pause Young (Mixed) (Metadata GC Threshold)
[2023-07-21T14:38:21.642+0700][gc,task       ] GC(24) Using 8 workers of 8 for evacuation
[2023-07-21T14:38:21.669+0700][gc,phases     ] GC(24)   Pre Evacuate Collection Set: 0.1ms
[2023-07-21T14:38:21.669+0700][gc,phases     ] GC(24)   Evacuate Collection Set: 26.7ms
[2023-07-21T14:38:21.669+0700][gc,phases     ] GC(24)   Post Evacuate Collection Set: 0.8ms
[2023-07-21T14:38:21.669+0700][gc,phases     ] GC(24)   Other: 0.3ms
[2023-07-21T14:38:21.669+0700][gc,heap       ] GC(24) Eden regions: 8->0(759)
[2023-07-21T14:38:21.669+0700][gc,heap       ] GC(24) Survivor regions: 51->52(102)
[2023-07-21T14:38:21.669+0700][gc,heap       ] GC(24) Old regions: 197->178
[2023-07-21T14:38:21.669+0700][gc,heap       ] GC(24) Humongous regions: 5->5
[2023-07-21T14:38:21.670+0700][gc,metaspace  ] GC(24) Metaspace: 38324K(39560K)->38324K(39560K) NonClass: 33901K(34712K)->33901K(34712K) Class: 4422K(4848K)->4422K(4848K)
[2023-07-21T14:38:21.670+0700][gc            ] GC(24) Pause Young (Mixed) (Metadata GC Threshold) 259M->233M(1623M) 28.055ms
[2023-07-21T14:38:21.670+0700][gc,cpu        ] GC(24) User=0.15s Sys=0.00s Real=0.03s
[2023-07-21T14:38:21.707+0700][gc,start      ] GC(25) Pause Young (Mixed) (Metadata GC Threshold)
[2023-07-21T14:38:21.707+0700][gc,task       ] GC(25) Using 8 workers of 8 for evacuation
[2023-07-21T14:38:21.733+0700][gc,phases     ] GC(25)   Pre Evacuate Collection Set: 0.1ms
[2023-07-21T14:38:21.733+0700][gc,phases     ] GC(25)   Evacuate Collection Set: 24.6ms
[2023-07-21T14:38:21.733+0700][gc,phases     ] GC(25)   Post Evacuate Collection Set: 0.8ms
[2023-07-21T14:38:21.733+0700][gc,phases     ] GC(25)   Other: 0.3ms
[2023-07-21T14:38:21.733+0700][gc,heap       ] GC(25) Eden regions: 7->0(759)
[2023-07-21T14:38:21.733+0700][gc,heap       ] GC(25) Survivor regions: 52->52(102)
[2023-07-21T14:38:21.733+0700][gc,heap       ] GC(25) Old regions: 178->159
[2023-07-21T14:38:21.733+0700][gc,heap       ] GC(25) Humongous regions: 5->5
[2023-07-21T14:38:21.733+0700][gc,metaspace  ] GC(25) Metaspace: 38571K(39892K)->38571K(39892K) NonClass: 34118K(34916K)->34118K(34916K) Class: 4452K(4976K)->4452K(4976K)
[2023-07-21T14:38:21.733+0700][gc            ] GC(25) Pause Young (Mixed) (Metadata GC Threshold) 239M->213M(1623M) 25.746ms
[2023-07-21T14:38:21.733+0700][gc,cpu        ] GC(25) User=0.17s Sys=0.00s Real=0.03s
[2023-07-21T14:38:21.762+0700][gc,start      ] GC(26) Pause Young (Concurrent Start) (Metadata GC Threshold)
[2023-07-21T14:38:21.762+0700][gc,task       ] GC(26) Using 8 workers of 8 for evacuation
[2023-07-21T14:38:21.791+0700][gc,phases     ] GC(26)   Pre Evacuate Collection Set: 0.1ms
[2023-07-21T14:38:21.791+0700][gc,phases     ] GC(26)   Evacuate Collection Set: 26.6ms
[2023-07-21T14:38:21.791+0700][gc,phases     ] GC(26)   Post Evacuate Collection Set: 1.4ms
[2023-07-21T14:38:21.791+0700][gc,phases     ] GC(26)   Other: 0.3ms
[2023-07-21T14:38:21.791+0700][gc,heap       ] GC(26) Eden regions: 3->0(759)
[2023-07-21T14:38:21.791+0700][gc,heap       ] GC(26) Survivor regions: 52->52(102)
[2023-07-21T14:38:21.791+0700][gc,heap       ] GC(26) Old regions: 159->159
[2023-07-21T14:38:21.791+0700][gc,heap       ] GC(26) Humongous regions: 5->5
[2023-07-21T14:38:21.791+0700][gc,metaspace  ] GC(26) Metaspace: 38866K(40148K)->38866K(40148K) NonClass: 34389K(35172K)->34389K(35172K) Class: 4476K(4976K)->4476K(4976K)
[2023-07-21T14:38:21.791+0700][gc            ] GC(26) Pause Young (Concurrent Start) (Metadata GC Threshold) 216M->214M(1623M) 28.609ms
[2023-07-21T14:38:21.791+0700][gc,cpu        ] GC(26) User=0.15s Sys=0.00s Real=0.03s
[2023-07-21T14:38:21.791+0700][gc            ] GC(27) Concurrent Cycle
[2023-07-21T14:38:21.791+0700][gc,marking    ] GC(27) Concurrent Clear Claimed Marks
[2023-07-21T14:38:21.791+0700][gc,marking    ] GC(27) Concurrent Clear Claimed Marks 0.172ms
[2023-07-21T14:38:21.791+0700][gc,marking    ] GC(27) Concurrent Scan Root Regions
[2023-07-21T14:38:21.825+0700][gc,marking    ] GC(27) Concurrent Scan Root Regions 33.333ms
[2023-07-21T14:38:21.825+0700][gc,marking    ] GC(27) Concurrent Mark (6.202s)
[2023-07-21T14:38:21.825+0700][gc,marking    ] GC(27) Concurrent Mark From Roots
[2023-07-21T14:38:21.825+0700][gc,task       ] GC(27) Using 2 workers of 2 for marking
[2023-07-21T14:38:21.887+0700][gc,marking    ] GC(27) Concurrent Mark From Roots 62.627ms
[2023-07-21T14:38:21.887+0700][gc,marking    ] GC(27) Concurrent Preclean
[2023-07-21T14:38:21.887+0700][gc,marking    ] GC(27) Concurrent Preclean 0.083ms
[2023-07-21T14:38:21.887+0700][gc,marking    ] GC(27) Concurrent Mark (6.202s, 6.265s) 62.765ms
[2023-07-21T14:38:21.888+0700][gc,start      ] GC(27) Pause Remark
[2023-07-21T14:38:21.895+0700][gc,stringtable] GC(27) Cleaned string and symbol table, strings: 16628 processed, 0 removed, symbols: 105254 processed, 32 removed
[2023-07-21T14:38:21.896+0700][gc            ] GC(27) Pause Remark 221M->221M(1623M) 8.523ms
[2023-07-21T14:38:21.896+0700][gc,cpu        ] GC(27) User=0.04s Sys=0.00s Real=0.01s
[2023-07-21T14:38:21.896+0700][gc,marking    ] GC(27) Concurrent Rebuild Remembered Sets
[2023-07-21T14:38:21.945+0700][gc,marking    ] GC(27) Concurrent Rebuild Remembered Sets 49.146ms
[2023-07-21T14:38:21.953+0700][gc,start      ] GC(27) Pause Cleanup
[2023-07-21T14:38:21.953+0700][gc            ] GC(27) Pause Cleanup 222M->222M(1623M) 0.456ms
[2023-07-21T14:38:21.953+0700][gc,cpu        ] GC(27) User=0.00s Sys=0.00s Real=0.00s
[2023-07-21T14:38:21.954+0700][gc,marking    ] GC(27) Concurrent Cleanup for Next Mark
[2023-07-21T14:38:21.973+0700][gc,marking    ] GC(27) Concurrent Cleanup for Next Mark 19.376ms
[2023-07-21T14:38:21.973+0700][gc            ] GC(27) Concurrent Cycle 181.972ms
[2023-07-21T14:41:35.382+0700][gc,start      ] GC(28) Pause Young (Prepare Mixed) (Metadata GC Threshold)
[2023-07-21T14:41:35.382+0700][gc,task       ] GC(28) Using 8 workers of 8 for evacuation
[2023-07-21T14:41:35.418+0700][gc,phases     ] GC(28)   Pre Evacuate Collection Set: 0.3ms
[2023-07-21T14:41:35.418+0700][gc,phases     ] GC(28)   Evacuate Collection Set: 27.2ms
[2023-07-21T14:41:35.418+0700][gc,phases     ] GC(28)   Post Evacuate Collection Set: 8.8ms
[2023-07-21T14:41:35.418+0700][gc,phases     ] GC(28)   Other: 0.3ms
[2023-07-21T14:41:35.418+0700][gc,heap       ] GC(28) Eden regions: 343->0(876)
[2023-07-21T14:41:35.418+0700][gc,heap       ] GC(28) Survivor regions: 52->60(102)
[2023-07-21T14:41:35.418+0700][gc,heap       ] GC(28) Old regions: 159->159
[2023-07-21T14:41:35.418+0700][gc,heap       ] GC(28) Humongous regions: 5->5
[2023-07-21T14:41:35.418+0700][gc,metaspace  ] GC(28) Metaspace: 65368K(68148K)->65368K(68148K) NonClass: 57510K(59204K)->57510K(59204K) Class: 7858K(8944K)->7858K(8944K)
[2023-07-21T14:41:35.418+0700][gc            ] GC(28) Pause Young (Prepare Mixed) (Metadata GC Threshold) 556M->221M(1872M) 36.527ms
[2023-07-21T14:41:35.418+0700][gc,cpu        ] GC(28) User=0.24s Sys=0.01s Real=0.03s
[2023-07-21T14:41:47.659+0700][gc,start      ] GC(29) Pause Young (Mixed) (Metadata GC Threshold)
[2023-07-21T14:41:47.659+0700][gc,task       ] GC(29) Using 8 workers of 8 for evacuation
[2023-07-21T14:41:47.701+0700][gc,phases     ] GC(29)   Pre Evacuate Collection Set: 0.1ms
[2023-07-21T14:41:47.701+0700][gc,phases     ] GC(29)   Evacuate Collection Set: 40.6ms
[2023-07-21T14:41:47.701+0700][gc,phases     ] GC(29)   Post Evacuate Collection Set: 1.5ms
[2023-07-21T14:41:47.701+0700][gc,phases     ] GC(29)   Other: 0.4ms
[2023-07-21T14:41:47.701+0700][gc,heap       ] GC(29) Eden regions: 27->0(876)
[2023-07-21T14:41:47.701+0700][gc,heap       ] GC(29) Survivor regions: 60->60(117)
[2023-07-21T14:41:47.701+0700][gc,heap       ] GC(29) Old regions: 159->159
[2023-07-21T14:41:47.701+0700][gc,heap       ] GC(29) Humongous regions: 5->5
[2023-07-21T14:41:47.701+0700][gc,metaspace  ] GC(29) Metaspace: 65644K(68480K)->65644K(68480K) NonClass: 57767K(59408K)->57767K(59408K) Class: 7876K(9072K)->7876K(9072K)
[2023-07-21T14:41:47.701+0700][gc            ] GC(29) Pause Young (Mixed) (Metadata GC Threshold) 248M->222M(1872M) 42.649ms
[2023-07-21T14:41:47.701+0700][gc,cpu        ] GC(29) User=0.16s Sys=0.14s Real=0.05s
[2023-07-21T14:41:47.767+0700][gc,start      ] GC(30) Pause Young (Concurrent Start) (Metadata GC Threshold)
[2023-07-21T14:41:47.767+0700][gc,task       ] GC(30) Using 8 workers of 8 for evacuation
[2023-07-21T14:41:47.818+0700][gc,phases     ] GC(30)   Pre Evacuate Collection Set: 0.3ms
[2023-07-21T14:41:47.818+0700][gc,phases     ] GC(30)   Evacuate Collection Set: 48.6ms
[2023-07-21T14:41:47.818+0700][gc,phases     ] GC(30)   Post Evacuate Collection Set: 1.0ms
[2023-07-21T14:41:47.818+0700][gc,phases     ] GC(30)   Other: 0.5ms
[2023-07-21T14:41:47.818+0700][gc,heap       ] GC(30) Eden regions: 7->0(875)
[2023-07-21T14:41:47.818+0700][gc,heap       ] GC(30) Survivor regions: 60->61(117)
[2023-07-21T14:41:47.818+0700][gc,heap       ] GC(30) Old regions: 159->159
[2023-07-21T14:41:47.818+0700][gc,heap       ] GC(30) Humongous regions: 5->5
[2023-07-21T14:41:47.818+0700][gc,metaspace  ] GC(30) Metaspace: 65964K(68736K)->65964K(68736K) NonClass: 58032K(59664K)->58032K(59664K) Class: 7932K(9072K)->7932K(9072K)
[2023-07-21T14:41:47.818+0700][gc            ] GC(30) Pause Young (Concurrent Start) (Metadata GC Threshold) 228M->222M(1872M) 50.407ms
[2023-07-21T14:41:47.818+0700][gc,cpu        ] GC(30) User=0.17s Sys=0.20s Real=0.05s
[2023-07-21T14:41:47.818+0700][gc            ] GC(31) Concurrent Cycle
[2023-07-21T14:41:47.818+0700][gc,marking    ] GC(31) Concurrent Clear Claimed Marks
[2023-07-21T14:41:47.818+0700][gc,marking    ] GC(31) Concurrent Clear Claimed Marks 0.360ms
[2023-07-21T14:41:47.818+0700][gc,marking    ] GC(31) Concurrent Scan Root Regions
[2023-07-21T14:41:47.839+0700][gc,marking    ] GC(31) Concurrent Scan Root Regions 21.234ms
[2023-07-21T14:41:47.839+0700][gc,marking    ] GC(31) Concurrent Mark (212.219s)
[2023-07-21T14:41:47.839+0700][gc,marking    ] GC(31) Concurrent Mark From Roots
[2023-07-21T14:41:47.839+0700][gc,task       ] GC(31) Using 2 workers of 2 for marking
[2023-07-21T14:41:47.868+0700][gc,marking    ] GC(31) Concurrent Mark From Roots 28.485ms
[2023-07-21T14:41:47.868+0700][gc,marking    ] GC(31) Concurrent Preclean
[2023-07-21T14:41:47.868+0700][gc,marking    ] GC(31) Concurrent Preclean 0.071ms
[2023-07-21T14:41:47.868+0700][gc,marking    ] GC(31) Concurrent Mark (212.219s, 212.248s) 28.597ms
[2023-07-21T14:41:47.869+0700][gc,start      ] GC(31) Pause Remark
[2023-07-21T14:41:47.874+0700][gc,stringtable] GC(31) Cleaned string and symbol table, strings: 25551 processed, 0 removed, symbols: 168729 processed, 32 removed
[2023-07-21T14:41:47.874+0700][gc            ] GC(31) Pause Remark 233M->233M(1872M) 5.716ms
[2023-07-21T14:41:47.874+0700][gc,cpu        ] GC(31) User=0.04s Sys=0.00s Real=0.01s
[2023-07-21T14:41:47.874+0700][gc,marking    ] GC(31) Concurrent Rebuild Remembered Sets
[2023-07-21T14:41:47.901+0700][gc,marking    ] GC(31) Concurrent Rebuild Remembered Sets 26.372ms
[2023-07-21T14:41:47.901+0700][gc,start      ] GC(31) Pause Cleanup
[2023-07-21T14:41:47.901+0700][gc            ] GC(31) Pause Cleanup 235M->235M(1872M) 0.374ms
[2023-07-21T14:41:47.901+0700][gc,cpu        ] GC(31) User=0.00s Sys=0.00s Real=0.00s
[2023-07-21T14:41:47.901+0700][gc,marking    ] GC(31) Concurrent Cleanup for Next Mark
[2023-07-21T14:41:47.906+0700][gc,marking    ] GC(31) Concurrent Cleanup for Next Mark 4.561ms
[2023-07-21T14:41:47.906+0700][gc            ] GC(31) Concurrent Cycle 88.337ms
[2023-07-21T15:15:38.022+0700][gc,start      ] GC(32) Pause Young (Concurrent Start) (G1 Evacuation Pause)
[2023-07-21T15:15:38.022+0700][gc,task       ] GC(32) Using 8 workers of 8 for evacuation
[2023-07-21T15:15:38.133+0700][gc,phases     ] GC(32)   Pre Evacuate Collection Set: 1.3ms
[2023-07-21T15:15:38.133+0700][gc,phases     ] GC(32)   Evacuate Collection Set: 101.7ms
[2023-07-21T15:15:38.133+0700][gc,phases     ] GC(32)   Post Evacuate Collection Set: 5.1ms
[2023-07-21T15:15:38.133+0700][gc,phases     ] GC(32)   Other: 3.3ms
[2023-07-21T15:15:38.133+0700][gc,heap       ] GC(32) Eden regions: 875->0(870)
[2023-07-21T15:15:38.133+0700][gc,heap       ] GC(32) Survivor regions: 61->66(117)
[2023-07-21T15:15:38.133+0700][gc,heap       ] GC(32) Old regions: 159->159
[2023-07-21T15:15:38.133+0700][gc,heap       ] GC(32) Humongous regions: 5->5
[2023-07-21T15:15:38.133+0700][gc,metaspace  ] GC(32) Metaspace: 72061K(75776K)->72061K(75776K) NonClass: 63521K(65808K)->63521K(65808K) Class: 8540K(9968K)->8540K(9968K)
[2023-07-21T15:15:38.133+0700][gc            ] GC(32) Pause Young (Concurrent Start) (G1 Evacuation Pause) 1097M->228M(1872M) 111.273ms
[2023-07-21T15:15:38.133+0700][gc,cpu        ] GC(32) User=0.80s Sys=0.01s Real=0.11s
[2023-07-21T15:15:38.133+0700][gc            ] GC(33) Concurrent Cycle
[2023-07-21T15:15:38.133+0700][gc,marking    ] GC(33) Concurrent Clear Claimed Marks
[2023-07-21T15:15:38.133+0700][gc,marking    ] GC(33) Concurrent Clear Claimed Marks 0.463ms
[2023-07-21T15:15:38.133+0700][gc,marking    ] GC(33) Concurrent Scan Root Regions
[2023-07-21T15:15:38.178+0700][gc,marking    ] GC(33) Concurrent Scan Root Regions 44.684ms
[2023-07-21T15:15:38.178+0700][gc,marking    ] GC(33) Concurrent Mark (2242.569s)
[2023-07-21T15:15:38.178+0700][gc,marking    ] GC(33) Concurrent Mark From Roots
[2023-07-21T15:15:38.178+0700][gc,task       ] GC(33) Using 2 workers of 2 for marking
[2023-07-21T15:15:38.222+0700][gc,marking    ] GC(33) Concurrent Mark From Roots 43.639ms
[2023-07-21T15:15:38.222+0700][gc,marking    ] GC(33) Concurrent Preclean
[2023-07-21T15:15:38.222+0700][gc,marking    ] GC(33) Concurrent Preclean 0.107ms
[2023-07-21T15:15:38.222+0700][gc,marking    ] GC(33) Concurrent Mark (2242.569s, 2242.613s) 43.797ms
[2023-07-21T15:15:38.222+0700][gc,start      ] GC(33) Pause Remark
[2023-07-21T15:15:38.239+0700][gc,stringtable] GC(33) Cleaned string and symbol table, strings: 29195 processed, 0 removed, symbols: 175133 processed, 6 removed
[2023-07-21T15:15:38.239+0700][gc            ] GC(33) Pause Remark 237M->237M(1872M) 17.042ms
[2023-07-21T15:15:38.239+0700][gc,cpu        ] GC(33) User=0.10s Sys=0.00s Real=0.01s
[2023-07-21T15:15:38.239+0700][gc,marking    ] GC(33) Concurrent Rebuild Remembered Sets
[2023-07-21T15:15:38.265+0700][gc,marking    ] GC(33) Concurrent Rebuild Remembered Sets 25.714ms
[2023-07-21T15:15:38.265+0700][gc,start      ] GC(33) Pause Cleanup
[2023-07-21T15:15:38.266+0700][gc            ] GC(33) Pause Cleanup 238M->238M(1872M) 0.450ms
[2023-07-21T15:15:38.266+0700][gc,cpu        ] GC(33) User=0.00s Sys=0.00s Real=0.00s
[2023-07-21T15:15:38.266+0700][gc,marking    ] GC(33) Concurrent Cleanup for Next Mark
[2023-07-21T15:15:38.297+0700][gc,marking    ] GC(33) Concurrent Cleanup for Next Mark 31.136ms
[2023-07-21T15:15:38.297+0700][gc            ] GC(33) Concurrent Cycle 164.188ms
[2023-07-21T15:23:11.246+0700][gc,heap,exit  ] Heap
[2023-07-21T15:23:11.246+0700][gc,heap,exit  ]  garbage-first heap   total 1916928K, used 349676K [0x0000000740000000, 0x0000000800000000)
[2023-07-21T15:23:11.246+0700][gc,heap,exit  ]   region size 1024K, 180 young (184320K), 66 survivors (67584K)
[2023-07-21T15:23:11.246+0700][gc,heap,exit  ]  Metaspace       used 72630K, capacity 76376K, committed 76672K, reserved 1116160K
[2023-07-21T15:23:11.246+0700][gc,heap,exit  ]   class space    used 8583K, capacity 10047K, committed 10096K, reserved 1048576K
