[2023-07-19T19:04:34.806+0700][gc,heap] Heap region size: 1M
[2023-07-19T19:04:34.809+0700][gc     ] Using G1
[2023-07-19T19:04:34.809+0700][gc,heap,coops] Heap address: 0x00000000e0000000, size: 512 MB, Compressed Oops mode: 32-bit
[2023-07-19T19:04:34.809+0700][gc,cds       ] Mark closed archive regions in map: [0x00000000fff00000, 0x00000000fff6aff8]
[2023-07-19T19:04:34.809+0700][gc,cds       ] Mark open archive regions in map: [0x00000000ffe00000, 0x00000000ffe46ff8]
[2023-07-19T19:04:35.456+0700][gc,start     ] GC(0) Pause Young (Normal) (G1 Evacuation Pause)
[2023-07-19T19:04:35.457+0700][gc,task      ] GC(0) Using 8 workers of 8 for evacuation
[2023-07-19T19:04:35.466+0700][gc,phases    ] GC(0)   Pre Evacuate Collection Set: 0.0ms
[2023-07-19T19:04:35.466+0700][gc,phases    ] GC(0)   Evacuate Collection Set: 8.3ms
[2023-07-19T19:04:35.466+0700][gc,phases    ] GC(0)   Post Evacuate Collection Set: 0.8ms
[2023-07-19T19:04:35.466+0700][gc,phases    ] GC(0)   Other: 1.0ms
[2023-07-19T19:04:35.466+0700][gc,heap      ] GC(0) Eden regions: 25->0(21)
[2023-07-19T19:04:35.466+0700][gc,heap      ] GC(0) Survivor regions: 0->4(4)
[2023-07-19T19:04:35.466+0700][gc,heap      ] GC(0) Old regions: 2->14
[2023-07-19T19:04:35.466+0700][gc,heap      ] GC(0) Humongous regions: 0->0
[2023-07-19T19:04:35.466+0700][gc,metaspace ] GC(0) Metaspace: 911K(4864K)->911K(4864K) NonClass: 865K(4352K)->865K(4352K) Class: 46K(512K)->46K(512K)
[2023-07-19T19:04:35.466+0700][gc           ] GC(0) Pause Young (Normal) (G1 Evacuation Pause) 25M->15M(512M) 10.161ms
[2023-07-19T19:04:35.466+0700][gc,cpu       ] GC(0) User=0.00s Sys=0.06s Real=0.01s
[2023-07-19T19:04:35.998+0700][gc,start     ] GC(1) Pause Young (Normal) (G1 Evacuation Pause)
[2023-07-19T19:04:35.998+0700][gc,task      ] GC(1) Using 8 workers of 8 for evacuation
[2023-07-19T19:04:36.004+0700][gc,phases    ] GC(1)   Pre Evacuate Collection Set: 0.0ms
[2023-07-19T19:04:36.004+0700][gc,phases    ] GC(1)   Evacuate Collection Set: 5.5ms
[2023-07-19T19:04:36.004+0700][gc,phases    ] GC(1)   Post Evacuate Collection Set: 0.9ms
[2023-07-19T19:04:36.004+0700][gc,phases    ] GC(1)   Other: 0.1ms
[2023-07-19T19:04:36.004+0700][gc,heap      ] GC(1) Eden regions: 21->0(21)
[2023-07-19T19:04:36.004+0700][gc,heap      ] GC(1) Survivor regions: 4->4(4)
[2023-07-19T19:04:36.004+0700][gc,heap      ] GC(1) Old regions: 14->28
[2023-07-19T19:04:36.004+0700][gc,heap      ] GC(1) Humongous regions: 2->2
[2023-07-19T19:04:36.004+0700][gc,metaspace ] GC(1) Metaspace: 2693K(4864K)->2693K(4864K) NonClass: 2435K(4352K)->2435K(4352K) Class: 258K(512K)->258K(512K)
[2023-07-19T19:04:36.004+0700][gc           ] GC(1) Pause Young (Normal) (G1 Evacuation Pause) 38M->32M(512M) 6.507ms
[2023-07-19T19:04:36.004+0700][gc,cpu       ] GC(1) User=0.00s Sys=0.05s Real=0.01s
[2023-07-19T19:04:36.286+0700][gc,start     ] GC(2) Pause Young (Normal) (G1 Evacuation Pause)
[2023-07-19T19:04:36.286+0700][gc,task      ] GC(2) Using 8 workers of 8 for evacuation
[2023-07-19T19:04:36.292+0700][gc,phases    ] GC(2)   Pre Evacuate Collection Set: 0.0ms
[2023-07-19T19:04:36.292+0700][gc,phases    ] GC(2)   Evacuate Collection Set: 5.5ms
[2023-07-19T19:04:36.292+0700][gc,phases    ] GC(2)   Post Evacuate Collection Set: 0.5ms
[2023-07-19T19:04:36.292+0700][gc,phases    ] GC(2)   Other: 0.1ms
[2023-07-19T19:04:36.292+0700][gc,heap      ] GC(2) Eden regions: 21->0(21)
[2023-07-19T19:04:36.292+0700][gc,heap      ] GC(2) Survivor regions: 4->4(4)
[2023-07-19T19:04:36.292+0700][gc,heap      ] GC(2) Old regions: 28->32
[2023-07-19T19:04:36.292+0700][gc,heap      ] GC(2) Humongous regions: 2->2
[2023-07-19T19:04:36.292+0700][gc,metaspace ] GC(2) Metaspace: 6683K(7040K)->6683K(7040K) NonClass: 5947K(6144K)->5947K(6144K) Class: 736K(896K)->736K(896K)
[2023-07-19T19:04:36.292+0700][gc           ] GC(2) Pause Young (Normal) (G1 Evacuation Pause) 53M->35M(512M) 6.160ms
[2023-07-19T19:04:36.292+0700][gc,cpu       ] GC(2) User=0.04s Sys=0.01s Real=0.01s
[2023-07-19T19:06:11.497+0700][gc,start     ] GC(3) Pause Young (Normal) (G1 Evacuation Pause)
[2023-07-19T19:06:11.497+0700][gc,task      ] GC(3) Using 8 workers of 8 for evacuation
[2023-07-19T19:06:11.500+0700][gc,phases    ] GC(3)   Pre Evacuate Collection Set: 0.0ms
[2023-07-19T19:06:11.500+0700][gc,phases    ] GC(3)   Evacuate Collection Set: 2.7ms
[2023-07-19T19:06:11.500+0700][gc,phases    ] GC(3)   Post Evacuate Collection Set: 0.6ms
[2023-07-19T19:06:11.500+0700][gc,phases    ] GC(3)   Other: 0.1ms
[2023-07-19T19:06:11.500+0700][gc,heap      ] GC(3) Eden regions: 21->0(24)
[2023-07-19T19:06:11.500+0700][gc,heap      ] GC(3) Survivor regions: 4->1(4)
[2023-07-19T19:06:11.500+0700][gc,heap      ] GC(3) Old regions: 32->35
[2023-07-19T19:06:11.500+0700][gc,heap      ] GC(3) Humongous regions: 2->2
[2023-07-19T19:06:11.500+0700][gc,metaspace ] GC(3) Metaspace: 8745K(9344K)->8745K(9344K) NonClass: 7780K(8192K)->7780K(8192K) Class: 965K(1152K)->965K(1152K)
[2023-07-19T19:06:11.500+0700][gc           ] GC(3) Pause Young (Normal) (G1 Evacuation Pause) 56M->35M(512M) 3.420ms
[2023-07-19T19:06:11.500+0700][gc,cpu       ] GC(3) User=0.02s Sys=0.00s Real=0.00s
[2023-07-19T20:06:03.340+0700][gc,start     ] GC(4) Pause Young (Normal) (G1 Evacuation Pause)
[2023-07-19T20:06:03.341+0700][gc,task      ] GC(4) Using 8 workers of 8 for evacuation
[2023-07-19T20:06:03.346+0700][gc,phases    ] GC(4)   Pre Evacuate Collection Set: 0.2ms
[2023-07-19T20:06:03.346+0700][gc,phases    ] GC(4)   Evacuate Collection Set: 4.8ms
[2023-07-19T20:06:03.346+0700][gc,phases    ] GC(4)   Post Evacuate Collection Set: 0.5ms
[2023-07-19T20:06:03.346+0700][gc,phases    ] GC(4)   Other: 0.3ms
[2023-07-19T20:06:03.346+0700][gc,heap      ] GC(4) Eden regions: 24->0(24)
[2023-07-19T20:06:03.346+0700][gc,heap      ] GC(4) Survivor regions: 1->1(4)
[2023-07-19T20:06:03.346+0700][gc,heap      ] GC(4) Old regions: 35->35
[2023-07-19T20:06:03.346+0700][gc,heap      ] GC(4) Humongous regions: 2->2
[2023-07-19T20:06:03.346+0700][gc,metaspace ] GC(4) Metaspace: 9771K(10496K)->9771K(10496K) NonClass: 8777K(9216K)->8777K(9216K) Class: 993K(1280K)->993K(1280K)
[2023-07-19T20:06:03.346+0700][gc           ] GC(4) Pause Young (Normal) (G1 Evacuation Pause) 59M->36M(512M) 5.782ms
[2023-07-19T20:06:03.346+0700][gc,cpu       ] GC(4) User=0.02s Sys=0.01s Real=0.00s
[2023-07-19T21:52:39.268+0700][gc,heap,exit ] Heap
[2023-07-19T21:52:39.268+0700][gc,heap,exit ]  garbage-first heap   total 524288K, used 57579K [0x00000000e0000000, 0x0000000100000000)
[2023-07-19T21:52:39.268+0700][gc,heap,exit ]   region size 1024K, 22 young (22528K), 1 survivors (1024K)
[2023-07-19T21:52:39.268+0700][gc,heap,exit ]  Metaspace       used 9784K, capacity 10138K, committed 10496K, reserved 1058816K
[2023-07-19T21:52:39.268+0700][gc,heap,exit ]   class space    used 994K, capacity 1156K, committed 1280K, reserved 1048576K
