[2023-07-20T07:20:02.928+0700][gc,heap] Heap region size: 1M
[2023-07-20T07:20:02.932+0700][gc     ] Using G1
[2023-07-20T07:20:02.932+0700][gc,heap,coops] Heap address: 0x00000000e0000000, size: 512 MB, Compressed Oops mode: 32-bit
[2023-07-20T07:20:02.932+0700][gc,cds       ] Mark closed archive regions in map: [0x00000000fff00000, 0x00000000fff6aff8]
[2023-07-20T07:20:02.932+0700][gc,cds       ] Mark open archive regions in map: [0x00000000ffe00000, 0x00000000ffe46ff8]
[2023-07-20T07:20:03.706+0700][gc,start     ] GC(0) Pause Young (Normal) (G1 Evacuation Pause)
[2023-07-20T07:20:03.707+0700][gc,task      ] GC(0) Using 8 workers of 8 for evacuation
[2023-07-20T07:20:03.717+0700][gc,phases    ] GC(0)   Pre Evacuate Collection Set: 0.0ms
[2023-07-20T07:20:03.717+0700][gc,phases    ] GC(0)   Evacuate Collection Set: 9.2ms
[2023-07-20T07:20:03.717+0700][gc,phases    ] GC(0)   Post Evacuate Collection Set: 0.7ms
[2023-07-20T07:20:03.717+0700][gc,phases    ] GC(0)   Other: 1.1ms
[2023-07-20T07:20:03.717+0700][gc,heap      ] GC(0) Eden regions: 25->0(21)
[2023-07-20T07:20:03.717+0700][gc,heap      ] GC(0) Survivor regions: 0->4(4)
[2023-07-20T07:20:03.717+0700][gc,heap      ] GC(0) Old regions: 2->14
[2023-07-20T07:20:03.717+0700][gc,heap      ] GC(0) Humongous regions: 0->0
[2023-07-20T07:20:03.717+0700][gc,metaspace ] GC(0) Metaspace: 923K(4864K)->923K(4864K) NonClass: 877K(4352K)->877K(4352K) Class: 46K(512K)->46K(512K)
[2023-07-20T07:20:03.717+0700][gc           ] GC(0) Pause Young (Normal) (G1 Evacuation Pause) 25M->16M(512M) 11.049ms
[2023-07-20T07:20:03.717+0700][gc,cpu       ] GC(0) User=0.04s Sys=0.03s Real=0.01s
[2023-07-20T07:20:04.262+0700][gc,start     ] GC(1) Pause Young (Normal) (G1 Evacuation Pause)
[2023-07-20T07:20:04.262+0700][gc,task      ] GC(1) Using 8 workers of 8 for evacuation
[2023-07-20T07:20:04.269+0700][gc,phases    ] GC(1)   Pre Evacuate Collection Set: 0.0ms
[2023-07-20T07:20:04.269+0700][gc,phases    ] GC(1)   Evacuate Collection Set: 5.4ms
[2023-07-20T07:20:04.269+0700][gc,phases    ] GC(1)   Post Evacuate Collection Set: 1.1ms
[2023-07-20T07:20:04.269+0700][gc,phases    ] GC(1)   Other: 0.1ms
[2023-07-20T07:20:04.269+0700][gc,heap      ] GC(1) Eden regions: 21->0(21)
[2023-07-20T07:20:04.269+0700][gc,heap      ] GC(1) Survivor regions: 4->4(4)
[2023-07-20T07:20:04.269+0700][gc,heap      ] GC(1) Old regions: 14->28
[2023-07-20T07:20:04.269+0700][gc,heap      ] GC(1) Humongous regions: 2->2
[2023-07-20T07:20:04.269+0700][gc,metaspace ] GC(1) Metaspace: 2665K(4864K)->2665K(4864K) NonClass: 2412K(4352K)->2412K(4352K) Class: 253K(512K)->253K(512K)
[2023-07-20T07:20:04.269+0700][gc           ] GC(1) Pause Young (Normal) (G1 Evacuation Pause) 39M->31M(512M) 6.694ms
[2023-07-20T07:20:04.269+0700][gc,cpu       ] GC(1) User=0.03s Sys=0.00s Real=0.00s
[2023-07-20T07:20:04.626+0700][gc,start     ] GC(2) Pause Young (Normal) (G1 Evacuation Pause)
[2023-07-20T07:20:04.627+0700][gc,task      ] GC(2) Using 8 workers of 8 for evacuation
[2023-07-20T07:20:04.631+0700][gc,phases    ] GC(2)   Pre Evacuate Collection Set: 0.0ms
[2023-07-20T07:20:04.631+0700][gc,phases    ] GC(2)   Evacuate Collection Set: 4.3ms
[2023-07-20T07:20:04.631+0700][gc,phases    ] GC(2)   Post Evacuate Collection Set: 0.5ms
[2023-07-20T07:20:04.631+0700][gc,phases    ] GC(2)   Other: 0.1ms
[2023-07-20T07:20:04.631+0700][gc,heap      ] GC(2) Eden regions: 21->0(22)
[2023-07-20T07:20:04.631+0700][gc,heap      ] GC(2) Survivor regions: 4->3(4)
[2023-07-20T07:20:04.631+0700][gc,heap      ] GC(2) Old regions: 28->32
[2023-07-20T07:20:04.631+0700][gc,heap      ] GC(2) Humongous regions: 2->2
[2023-07-20T07:20:04.632+0700][gc,metaspace ] GC(2) Metaspace: 6627K(7040K)->6627K(7040K) NonClass: 5897K(6144K)->5897K(6144K) Class: 730K(896K)->730K(896K)
[2023-07-20T07:20:04.632+0700][gc           ] GC(2) Pause Young (Normal) (G1 Evacuation Pause) 52M->34M(512M) 5.053ms
[2023-07-20T07:20:04.632+0700][gc,cpu       ] GC(2) User=0.04s Sys=0.00s Real=0.01s
[2023-07-20T07:20:19.457+0700][gc,start     ] GC(3) Pause Young (Normal) (G1 Evacuation Pause)
[2023-07-20T07:20:19.457+0700][gc,task      ] GC(3) Using 8 workers of 8 for evacuation
[2023-07-20T07:20:19.462+0700][gc,phases    ] GC(3)   Pre Evacuate Collection Set: 0.1ms
[2023-07-20T07:20:19.462+0700][gc,phases    ] GC(3)   Evacuate Collection Set: 4.0ms
[2023-07-20T07:20:19.462+0700][gc,phases    ] GC(3)   Post Evacuate Collection Set: 0.5ms
[2023-07-20T07:20:19.462+0700][gc,phases    ] GC(3)   Other: 0.2ms
[2023-07-20T07:20:19.462+0700][gc,heap      ] GC(3) Eden regions: 22->0(23)
[2023-07-20T07:20:19.462+0700][gc,heap      ] GC(3) Survivor regions: 3->2(4)
[2023-07-20T07:20:19.462+0700][gc,heap      ] GC(3) Old regions: 32->34
[2023-07-20T07:20:19.462+0700][gc,heap      ] GC(3) Humongous regions: 2->2
[2023-07-20T07:20:19.462+0700][gc,metaspace ] GC(3) Metaspace: 8744K(9344K)->8744K(9344K) NonClass: 7779K(8192K)->7779K(8192K) Class: 965K(1152K)->965K(1152K)
[2023-07-20T07:20:19.462+0700][gc           ] GC(3) Pause Young (Normal) (G1 Evacuation Pause) 56M->35M(512M) 4.849ms
[2023-07-20T07:20:19.462+0700][gc,cpu       ] GC(3) User=0.01s Sys=0.02s Real=0.01s
[2023-07-20T07:46:18.100+0700][gc,heap,exit ] Heap
[2023-07-20T07:46:18.103+0700][gc,heap,exit ]  garbage-first heap   total 524288K, used 50687K [0x00000000e0000000, 0x0000000100000000)
[2023-07-20T07:46:18.103+0700][gc,heap,exit ]   region size 1024K, 17 young (17408K), 2 survivors (2048K)
[2023-07-20T07:46:18.103+0700][gc,heap,exit ]  Metaspace       used 9620K, capacity 10022K, committed 10240K, reserved 1058816K
[2023-07-20T07:46:18.103+0700][gc,heap,exit ]   class space    used 987K, capacity 1156K, committed 1280K, reserved 1048576K
