[2023-07-22T16:47:58.427+0700][gc,heap] Heap region size: 1M
[2023-07-22T16:47:58.430+0700][gc     ] Using G1
[2023-07-22T16:47:58.430+0700][gc,heap,coops] Heap address: 0x00000000e0000000, size: 512 MB, Compressed Oops mode: 32-bit
[2023-07-22T16:47:58.430+0700][gc,cds       ] Mark closed archive regions in map: [0x00000000fff00000, 0x00000000fff6aff8]
[2023-07-22T16:47:58.430+0700][gc,cds       ] Mark open archive regions in map: [0x00000000ffe00000, 0x00000000ffe46ff8]
[2023-07-22T16:47:59.132+0700][gc,start     ] GC(0) Pause Young (Normal) (G1 Evacuation Pause)
[2023-07-22T16:47:59.133+0700][gc,task      ] GC(0) Using 8 workers of 8 for evacuation
[2023-07-22T16:47:59.142+0700][gc,phases    ] GC(0)   Pre Evacuate Collection Set: 0.0ms
[2023-07-22T16:47:59.142+0700][gc,phases    ] GC(0)   Evacuate Collection Set: 8.8ms
[2023-07-22T16:47:59.142+0700][gc,phases    ] GC(0)   Post Evacuate Collection Set: 0.5ms
[2023-07-22T16:47:59.142+0700][gc,phases    ] GC(0)   Other: 0.7ms
[2023-07-22T16:47:59.142+0700][gc,heap      ] GC(0) Eden regions: 25->0(21)
[2023-07-22T16:47:59.142+0700][gc,heap      ] GC(0) Survivor regions: 0->4(4)
[2023-07-22T16:47:59.142+0700][gc,heap      ] GC(0) Old regions: 2->13
[2023-07-22T16:47:59.142+0700][gc,heap      ] GC(0) Humongous regions: 0->0
[2023-07-22T16:47:59.142+0700][gc,metaspace ] GC(0) Metaspace: 921K(4864K)->921K(4864K) NonClass: 874K(4352K)->874K(4352K) Class: 46K(512K)->46K(512K)
[2023-07-22T16:47:59.142+0700][gc           ] GC(0) Pause Young (Normal) (G1 Evacuation Pause) 25M->15M(512M) 10.031ms
[2023-07-22T16:47:59.142+0700][gc,cpu       ] GC(0) User=0.00s Sys=0.07s Real=0.01s
[2023-07-22T16:47:59.668+0700][gc,start     ] GC(1) Pause Young (Normal) (G1 Evacuation Pause)
[2023-07-22T16:47:59.668+0700][gc,task      ] GC(1) Using 8 workers of 8 for evacuation
[2023-07-22T16:47:59.675+0700][gc,phases    ] GC(1)   Pre Evacuate Collection Set: 0.0ms
[2023-07-22T16:47:59.675+0700][gc,phases    ] GC(1)   Evacuate Collection Set: 6.3ms
[2023-07-22T16:47:59.675+0700][gc,phases    ] GC(1)   Post Evacuate Collection Set: 0.6ms
[2023-07-22T16:47:59.675+0700][gc,phases    ] GC(1)   Other: 0.1ms
[2023-07-22T16:47:59.675+0700][gc,heap      ] GC(1) Eden regions: 21->0(21)
[2023-07-22T16:47:59.675+0700][gc,heap      ] GC(1) Survivor regions: 4->4(4)
[2023-07-22T16:47:59.675+0700][gc,heap      ] GC(1) Old regions: 13->27
[2023-07-22T16:47:59.675+0700][gc,heap      ] GC(1) Humongous regions: 2->2
[2023-07-22T16:47:59.675+0700][gc,metaspace ] GC(1) Metaspace: 2666K(4864K)->2666K(4864K) NonClass: 2413K(4352K)->2413K(4352K) Class: 253K(512K)->253K(512K)
[2023-07-22T16:47:59.675+0700][gc           ] GC(1) Pause Young (Normal) (G1 Evacuation Pause) 38M->31M(512M) 7.066ms
[2023-07-22T16:47:59.675+0700][gc,cpu       ] GC(1) User=0.03s Sys=0.01s Real=0.00s
[2023-07-22T16:47:59.941+0700][gc,start     ] GC(2) Pause Young (Normal) (G1 Evacuation Pause)
[2023-07-22T16:47:59.941+0700][gc,task      ] GC(2) Using 8 workers of 8 for evacuation
[2023-07-22T16:47:59.949+0700][gc,phases    ] GC(2)   Pre Evacuate Collection Set: 0.0ms
[2023-07-22T16:47:59.949+0700][gc,phases    ] GC(2)   Evacuate Collection Set: 7.0ms
[2023-07-22T16:47:59.949+0700][gc,phases    ] GC(2)   Post Evacuate Collection Set: 0.5ms
[2023-07-22T16:47:59.949+0700][gc,phases    ] GC(2)   Other: 0.1ms
[2023-07-22T16:47:59.949+0700][gc,heap      ] GC(2) Eden regions: 21->0(21)
[2023-07-22T16:47:59.949+0700][gc,heap      ] GC(2) Survivor regions: 4->4(4)
[2023-07-22T16:47:59.949+0700][gc,heap      ] GC(2) Old regions: 27->31
[2023-07-22T16:47:59.949+0700][gc,heap      ] GC(2) Humongous regions: 2->2
[2023-07-22T16:47:59.949+0700][gc,metaspace ] GC(2) Metaspace: 6651K(7040K)->6651K(7040K) NonClass: 5919K(6144K)->5919K(6144K) Class: 732K(896K)->732K(896K)
[2023-07-22T16:47:59.949+0700][gc           ] GC(2) Pause Young (Normal) (G1 Evacuation Pause) 52M->34M(512M) 7.656ms
[2023-07-22T16:47:59.949+0700][gc,cpu       ] GC(2) User=0.06s Sys=0.00s Real=0.01s
[2023-07-22T16:48:36.959+0700][gc,start     ] GC(3) Pause Young (Normal) (G1 Evacuation Pause)
[2023-07-22T16:48:36.959+0700][gc,task      ] GC(3) Using 8 workers of 8 for evacuation
[2023-07-22T16:48:36.962+0700][gc,phases    ] GC(3)   Pre Evacuate Collection Set: 0.0ms
[2023-07-22T16:48:36.962+0700][gc,phases    ] GC(3)   Evacuate Collection Set: 2.1ms
[2023-07-22T16:48:36.962+0700][gc,phases    ] GC(3)   Post Evacuate Collection Set: 0.3ms
[2023-07-22T16:48:36.962+0700][gc,phases    ] GC(3)   Other: 0.1ms
[2023-07-22T16:48:36.962+0700][gc,heap      ] GC(3) Eden regions: 21->0(24)
[2023-07-22T16:48:36.962+0700][gc,heap      ] GC(3) Survivor regions: 4->1(4)
[2023-07-22T16:48:36.962+0700][gc,heap      ] GC(3) Old regions: 31->34
[2023-07-22T16:48:36.962+0700][gc,heap      ] GC(3) Humongous regions: 2->2
[2023-07-22T16:48:36.962+0700][gc,metaspace ] GC(3) Metaspace: 8751K(9344K)->8751K(9344K) NonClass: 7786K(8192K)->7786K(8192K) Class: 965K(1152K)->965K(1152K)
[2023-07-22T16:48:36.962+0700][gc           ] GC(3) Pause Young (Normal) (G1 Evacuation Pause) 55M->34M(512M) 2.580ms
[2023-07-22T16:48:36.962+0700][gc,cpu       ] GC(3) User=0.01s Sys=0.00s Real=0.00s
[2023-07-22T18:16:48.237+0700][gc,start     ] GC(4) Pause Young (Normal) (G1 Evacuation Pause)
[2023-07-22T18:16:48.239+0700][gc,task      ] GC(4) Using 8 workers of 8 for evacuation
[2023-07-22T18:16:48.273+0700][gc,mmu       ] GC(4) MMU target violated: 21.0ms (20.0ms/21.0ms)
[2023-07-22T18:16:48.273+0700][gc,phases    ] GC(4)   Pre Evacuate Collection Set: 6.8ms
[2023-07-22T18:16:48.273+0700][gc,phases    ] GC(4)   Evacuate Collection Set: 24.8ms
[2023-07-22T18:16:48.273+0700][gc,phases    ] GC(4)   Post Evacuate Collection Set: 1.0ms
[2023-07-22T18:16:48.273+0700][gc,phases    ] GC(4)   Other: 4.1ms
[2023-07-22T18:16:48.273+0700][gc,heap      ] GC(4) Eden regions: 24->0(24)
[2023-07-22T18:16:48.273+0700][gc,heap      ] GC(4) Survivor regions: 1->1(4)
[2023-07-22T18:16:48.273+0700][gc,heap      ] GC(4) Old regions: 34->34
[2023-07-22T18:16:48.273+0700][gc,heap      ] GC(4) Humongous regions: 2->2
[2023-07-22T18:16:48.273+0700][gc,metaspace ] GC(4) Metaspace: 9609K(10240K)->9609K(10240K) NonClass: 8622K(8960K)->8622K(8960K) Class: 986K(1280K)->986K(1280K)
[2023-07-22T18:16:48.273+0700][gc           ] GC(4) Pause Young (Normal) (G1 Evacuation Pause) 58M->35M(512M) 35.862ms
[2023-07-22T18:16:48.273+0700][gc,cpu       ] GC(4) User=0.07s Sys=0.03s Real=0.04s
[2023-07-22T20:43:49.689+0700][gc,start     ] GC(5) Pause Young (Normal) (G1 Evacuation Pause)
[2023-07-22T20:43:49.690+0700][gc,task      ] GC(5) Using 8 workers of 8 for evacuation
[2023-07-22T20:43:49.700+0700][gc,phases    ] GC(5)   Pre Evacuate Collection Set: 3.3ms
[2023-07-22T20:43:49.700+0700][gc,phases    ] GC(5)   Evacuate Collection Set: 5.5ms
[2023-07-22T20:43:49.700+0700][gc,phases    ] GC(5)   Post Evacuate Collection Set: 1.3ms
[2023-07-22T20:43:49.700+0700][gc,phases    ] GC(5)   Other: 1.3ms
[2023-07-22T20:43:49.700+0700][gc,heap      ] GC(5) Eden regions: 24->0(24)
[2023-07-22T20:43:49.700+0700][gc,heap      ] GC(5) Survivor regions: 1->1(4)
[2023-07-22T20:43:49.700+0700][gc,heap      ] GC(5) Old regions: 34->34
[2023-07-22T20:43:49.700+0700][gc,heap      ] GC(5) Humongous regions: 2->2
[2023-07-22T20:43:49.700+0700][gc,metaspace ] GC(5) Metaspace: 9611K(10240K)->9611K(10240K) NonClass: 8625K(8960K)->8625K(8960K) Class: 986K(1280K)->986K(1280K)
[2023-07-22T20:43:49.700+0700][gc           ] GC(5) Pause Young (Normal) (G1 Evacuation Pause) 59M->35M(512M) 11.325ms
[2023-07-22T20:43:49.700+0700][gc,cpu       ] GC(5) User=0.03s Sys=0.01s Real=0.01s
[2023-07-22T21:54:35.342+0700][gc,start     ] GC(6) Pause Young (Normal) (G1 Evacuation Pause)
[2023-07-22T21:54:35.343+0700][gc,task      ] GC(6) Using 8 workers of 8 for evacuation
[2023-07-22T21:54:35.365+0700][gc,mmu       ] GC(6) MMU target violated: 21.0ms (20.0ms/21.0ms)
[2023-07-22T21:54:35.365+0700][gc,phases    ] GC(6)   Pre Evacuate Collection Set: 4.9ms
[2023-07-22T21:54:35.365+0700][gc,phases    ] GC(6)   Evacuate Collection Set: 14.2ms
[2023-07-22T21:54:35.365+0700][gc,phases    ] GC(6)   Post Evacuate Collection Set: 1.4ms
[2023-07-22T21:54:35.365+0700][gc,phases    ] GC(6)   Other: 2.1ms
[2023-07-22T21:54:35.365+0700][gc,heap      ] GC(6) Eden regions: 24->0(23)
[2023-07-22T21:54:35.365+0700][gc,heap      ] GC(6) Survivor regions: 1->2(4)
[2023-07-22T21:54:35.365+0700][gc,heap      ] GC(6) Old regions: 34->34
[2023-07-22T21:54:35.365+0700][gc,heap      ] GC(6) Humongous regions: 2->2
[2023-07-22T21:54:35.365+0700][gc,metaspace ] GC(6) Metaspace: 9754K(10496K)->9754K(10496K) NonClass: 8765K(9216K)->8765K(9216K) Class: 988K(1280K)->988K(1280K)
[2023-07-22T21:54:35.365+0700][gc           ] GC(6) Pause Young (Normal) (G1 Evacuation Pause) 59M->35M(512M) 22.892ms
[2023-07-22T21:54:35.365+0700][gc,cpu       ] GC(6) User=0.07s Sys=0.00s Real=0.03s
[2023-07-22T22:22:00.298+0700][gc,heap,exit ] Heap
[2023-07-22T22:22:00.299+0700][gc,heap,exit ]  garbage-first heap   total 524288K, used 46793K [0x00000000e0000000, 0x0000000100000000)
[2023-07-22T22:22:00.299+0700][gc,heap,exit ]   region size 1024K, 13 young (13312K), 2 survivors (2048K)
[2023-07-22T22:22:00.299+0700][gc,heap,exit ]  Metaspace       used 9768K, capacity 10150K, committed 10496K, reserved 1058816K
[2023-07-22T22:22:00.299+0700][gc,heap,exit ]   class space    used 988K, capacity 1156K, committed 1280K, reserved 1048576K
