[2023-07-20T16:47:50.000+0700][gc,heap] Heap region size: 1M
[2023-07-20T16:47:50.002+0700][gc     ] Using G1
[2023-07-20T16:47:50.002+0700][gc,heap,coops] Heap address: 0x00000000e0000000, size: 512 MB, Compressed Oops mode: 32-bit
[2023-07-20T16:47:50.002+0700][gc,cds       ] Mark closed archive regions in map: [0x00000000fff00000, 0x00000000fff6aff8]
[2023-07-20T16:47:50.002+0700][gc,cds       ] Mark open archive regions in map: [0x00000000ffe00000, 0x00000000ffe46ff8]
[2023-07-20T16:47:50.629+0700][gc,start     ] GC(0) Pause Young (Normal) (G1 Evacuation Pause)
[2023-07-20T16:47:50.630+0700][gc,task      ] GC(0) Using 8 workers of 8 for evacuation
[2023-07-20T16:47:50.639+0700][gc,phases    ] GC(0)   Pre Evacuate Collection Set: 0.0ms
[2023-07-20T16:47:50.639+0700][gc,phases    ] GC(0)   Evacuate Collection Set: 8.3ms
[2023-07-20T16:47:50.639+0700][gc,phases    ] GC(0)   Post Evacuate Collection Set: 0.7ms
[2023-07-20T16:47:50.639+0700][gc,phases    ] GC(0)   Other: 0.8ms
[2023-07-20T16:47:50.639+0700][gc,heap      ] GC(0) Eden regions: 25->0(21)
[2023-07-20T16:47:50.639+0700][gc,heap      ] GC(0) Survivor regions: 0->4(4)
[2023-07-20T16:47:50.639+0700][gc,heap      ] GC(0) Old regions: 2->13
[2023-07-20T16:47:50.639+0700][gc,heap      ] GC(0) Humongous regions: 0->0
[2023-07-20T16:47:50.639+0700][gc,metaspace ] GC(0) Metaspace: 920K(4864K)->920K(4864K) NonClass: 873K(4352K)->873K(4352K) Class: 46K(512K)->46K(512K)
[2023-07-20T16:47:50.639+0700][gc           ] GC(0) Pause Young (Normal) (G1 Evacuation Pause) 25M->15M(512M) 9.820ms
[2023-07-20T16:47:50.639+0700][gc,cpu       ] GC(0) User=0.00s Sys=0.07s Real=0.01s
[2023-07-20T16:47:51.112+0700][gc,start     ] GC(1) Pause Young (Normal) (G1 Evacuation Pause)
[2023-07-20T16:47:51.112+0700][gc,task      ] GC(1) Using 8 workers of 8 for evacuation
[2023-07-20T16:47:51.118+0700][gc,phases    ] GC(1)   Pre Evacuate Collection Set: 0.0ms
[2023-07-20T16:47:51.118+0700][gc,phases    ] GC(1)   Evacuate Collection Set: 5.3ms
[2023-07-20T16:47:51.118+0700][gc,phases    ] GC(1)   Post Evacuate Collection Set: 0.7ms
[2023-07-20T16:47:51.118+0700][gc,phases    ] GC(1)   Other: 0.1ms
[2023-07-20T16:47:51.118+0700][gc,heap      ] GC(1) Eden regions: 21->0(21)
[2023-07-20T16:47:51.118+0700][gc,heap      ] GC(1) Survivor regions: 4->4(4)
[2023-07-20T16:47:51.118+0700][gc,heap      ] GC(1) Old regions: 13->27
[2023-07-20T16:47:51.118+0700][gc,heap      ] GC(1) Humongous regions: 2->2
[2023-07-20T16:47:51.118+0700][gc,metaspace ] GC(1) Metaspace: 2661K(4864K)->2661K(4864K) NonClass: 2408K(4352K)->2408K(4352K) Class: 253K(512K)->253K(512K)
[2023-07-20T16:47:51.118+0700][gc           ] GC(1) Pause Young (Normal) (G1 Evacuation Pause) 38M->31M(512M) 6.183ms
[2023-07-20T16:47:51.118+0700][gc,cpu       ] GC(1) User=0.03s Sys=0.00s Real=0.00s
[2023-07-20T16:47:51.383+0700][gc,start     ] GC(2) Pause Young (Normal) (G1 Evacuation Pause)
[2023-07-20T16:47:51.383+0700][gc,task      ] GC(2) Using 8 workers of 8 for evacuation
[2023-07-20T16:47:51.387+0700][gc,phases    ] GC(2)   Pre Evacuate Collection Set: 0.0ms
[2023-07-20T16:47:51.387+0700][gc,phases    ] GC(2)   Evacuate Collection Set: 3.3ms
[2023-07-20T16:47:51.387+0700][gc,phases    ] GC(2)   Post Evacuate Collection Set: 0.4ms
[2023-07-20T16:47:51.387+0700][gc,phases    ] GC(2)   Other: 0.1ms
[2023-07-20T16:47:51.387+0700][gc,heap      ] GC(2) Eden regions: 21->0(21)
[2023-07-20T16:47:51.387+0700][gc,heap      ] GC(2) Survivor regions: 4->4(4)
[2023-07-20T16:47:51.387+0700][gc,heap      ] GC(2) Old regions: 27->32
[2023-07-20T16:47:51.387+0700][gc,heap      ] GC(2) Humongous regions: 2->2
[2023-07-20T16:47:51.387+0700][gc,metaspace ] GC(2) Metaspace: 6650K(7040K)->6650K(7040K) NonClass: 5918K(6144K)->5918K(6144K) Class: 732K(896K)->732K(896K)
[2023-07-20T16:47:51.387+0700][gc           ] GC(2) Pause Young (Normal) (G1 Evacuation Pause) 52M->35M(512M) 3.832ms
[2023-07-20T16:47:51.387+0700][gc,cpu       ] GC(2) User=0.03s Sys=0.00s Real=0.00s
[2023-07-20T16:47:57.861+0700][gc,start     ] GC(3) Pause Young (Normal) (G1 Evacuation Pause)
[2023-07-20T16:47:57.861+0700][gc,task      ] GC(3) Using 8 workers of 8 for evacuation
[2023-07-20T16:47:57.863+0700][gc,phases    ] GC(3)   Pre Evacuate Collection Set: 0.0ms
[2023-07-20T16:47:57.863+0700][gc,phases    ] GC(3)   Evacuate Collection Set: 2.0ms
[2023-07-20T16:47:57.863+0700][gc,phases    ] GC(3)   Post Evacuate Collection Set: 0.3ms
[2023-07-20T16:47:57.863+0700][gc,phases    ] GC(3)   Other: 0.1ms
[2023-07-20T16:47:57.863+0700][gc,heap      ] GC(3) Eden regions: 21->0(24)
[2023-07-20T16:47:57.863+0700][gc,heap      ] GC(3) Survivor regions: 4->1(4)
[2023-07-20T16:47:57.863+0700][gc,heap      ] GC(3) Old regions: 32->35
[2023-07-20T16:47:57.863+0700][gc,heap      ] GC(3) Humongous regions: 2->2
[2023-07-20T16:47:57.863+0700][gc,metaspace ] GC(3) Metaspace: 8752K(9344K)->8752K(9344K) NonClass: 7787K(8192K)->7787K(8192K) Class: 965K(1152K)->965K(1152K)
[2023-07-20T16:47:57.863+0700][gc           ] GC(3) Pause Young (Normal) (G1 Evacuation Pause) 56M->35M(512M) 2.449ms
[2023-07-20T16:47:57.863+0700][gc,cpu       ] GC(3) User=0.01s Sys=0.00s Real=0.00s
[2023-07-20T18:07:34.457+0700][gc,start     ] GC(4) Pause Young (Normal) (G1 Evacuation Pause)
[2023-07-20T18:07:34.459+0700][gc,task      ] GC(4) Using 8 workers of 8 for evacuation
[2023-07-20T18:07:34.491+0700][gc,mmu       ] GC(4) MMU target violated: 21.0ms (20.0ms/21.0ms)
[2023-07-20T18:07:34.491+0700][gc,phases    ] GC(4)   Pre Evacuate Collection Set: 0.7ms
[2023-07-20T18:07:34.491+0700][gc,phases    ] GC(4)   Evacuate Collection Set: 30.6ms
[2023-07-20T18:07:34.491+0700][gc,phases    ] GC(4)   Post Evacuate Collection Set: 0.3ms
[2023-07-20T18:07:34.491+0700][gc,phases    ] GC(4)   Other: 2.6ms
[2023-07-20T18:07:34.491+0700][gc,heap      ] GC(4) Eden regions: 24->0(24)
[2023-07-20T18:07:34.491+0700][gc,heap      ] GC(4) Survivor regions: 1->1(4)
[2023-07-20T18:07:34.491+0700][gc,heap      ] GC(4) Old regions: 35->35
[2023-07-20T18:07:34.491+0700][gc,heap      ] GC(4) Humongous regions: 2->2
[2023-07-20T18:07:34.491+0700][gc,metaspace ] GC(4) Metaspace: 9637K(10240K)->9637K(10240K) NonClass: 8651K(8960K)->8651K(8960K) Class: 986K(1280K)->986K(1280K)
[2023-07-20T18:07:34.491+0700][gc           ] GC(4) Pause Young (Normal) (G1 Evacuation Pause) 59M->36M(512M) 34.169ms
[2023-07-20T18:07:34.491+0700][gc,cpu       ] GC(4) User=0.07s Sys=0.00s Real=0.04s
[2023-07-20T19:59:04.417+0700][gc,start     ] GC(5) Pause Young (Normal) (G1 Evacuation Pause)
[2023-07-20T19:59:04.417+0700][gc,task      ] GC(5) Using 8 workers of 8 for evacuation
[2023-07-20T19:59:04.420+0700][gc,phases    ] GC(5)   Pre Evacuate Collection Set: 0.0ms
[2023-07-20T19:59:04.420+0700][gc,phases    ] GC(5)   Evacuate Collection Set: 1.6ms
[2023-07-20T19:59:04.420+0700][gc,phases    ] GC(5)   Post Evacuate Collection Set: 0.7ms
[2023-07-20T19:59:04.420+0700][gc,phases    ] GC(5)   Other: 0.1ms
[2023-07-20T19:59:04.420+0700][gc,heap      ] GC(5) Eden regions: 24->0(23)
[2023-07-20T19:59:04.420+0700][gc,heap      ] GC(5) Survivor regions: 1->2(4)
[2023-07-20T19:59:04.420+0700][gc,heap      ] GC(5) Old regions: 35->35
[2023-07-20T19:59:04.420+0700][gc,heap      ] GC(5) Humongous regions: 2->2
[2023-07-20T19:59:04.420+0700][gc,metaspace ] GC(5) Metaspace: 9651K(10240K)->9651K(10240K) NonClass: 8664K(8960K)->8664K(8960K) Class: 987K(1280K)->987K(1280K)
[2023-07-20T19:59:04.420+0700][gc           ] GC(5) Pause Young (Normal) (G1 Evacuation Pause) 60M->36M(512M) 2.435ms
[2023-07-20T19:59:04.420+0700][gc,cpu       ] GC(5) User=0.00s Sys=0.00s Real=0.00s
[2023-07-20T20:42:07.517+0700][gc,heap,exit ] Heap
[2023-07-20T20:42:07.517+0700][gc,heap,exit ]  garbage-first heap   total 524288K, used 46217K [0x00000000e0000000, 0x0000000100000000)
[2023-07-20T20:42:07.517+0700][gc,heap,exit ]   region size 1024K, 12 young (12288K), 2 survivors (2048K)
[2023-07-20T20:42:07.517+0700][gc,heap,exit ]  Metaspace       used 9655K, capacity 10022K, committed 10240K, reserved 1058816K
[2023-07-20T20:42:07.517+0700][gc,heap,exit ]   class space    used 987K, capacity 1156K, committed 1280K, reserved 1048576K
