[2023-07-21T13:14:54.455+0700][gc,heap] Heap region size: 1M
[2023-07-21T13:14:54.459+0700][gc     ] Using G1
[2023-07-21T13:14:54.459+0700][gc,heap,coops] Heap address: 0x00000000e0000000, size: 512 MB, Compressed Oops mode: 32-bit
[2023-07-21T13:14:54.459+0700][gc,cds       ] Mark closed archive regions in map: [0x00000000fff00000, 0x00000000fff6aff8]
[2023-07-21T13:14:54.459+0700][gc,cds       ] Mark open archive regions in map: [0x00000000ffe00000, 0x00000000ffe46ff8]
[2023-07-21T13:14:55.069+0700][gc,start     ] GC(0) Pause Young (Normal) (G1 Evacuation Pause)
[2023-07-21T13:14:55.070+0700][gc,task      ] GC(0) Using 8 workers of 8 for evacuation
[2023-07-21T13:14:55.079+0700][gc,phases    ] GC(0)   Pre Evacuate Collection Set: 0.0ms
[2023-07-21T13:14:55.079+0700][gc,phases    ] GC(0)   Evacuate Collection Set: 8.4ms
[2023-07-21T13:14:55.079+0700][gc,phases    ] GC(0)   Post Evacuate Collection Set: 0.6ms
[2023-07-21T13:14:55.079+0700][gc,phases    ] GC(0)   Other: 0.7ms
[2023-07-21T13:14:55.079+0700][gc,heap      ] GC(0) Eden regions: 25->0(21)
[2023-07-21T13:14:55.079+0700][gc,heap      ] GC(0) Survivor regions: 0->4(4)
[2023-07-21T13:14:55.079+0700][gc,heap      ] GC(0) Old regions: 2->14
[2023-07-21T13:14:55.079+0700][gc,heap      ] GC(0) Humongous regions: 0->0
[2023-07-21T13:14:55.079+0700][gc,metaspace ] GC(0) Metaspace: 919K(4864K)->919K(4864K) NonClass: 872K(4352K)->872K(4352K) Class: 46K(512K)->46K(512K)
[2023-07-21T13:14:55.079+0700][gc           ] GC(0) Pause Young (Normal) (G1 Evacuation Pause) 25M->15M(512M) 9.945ms
[2023-07-21T13:14:55.079+0700][gc,cpu       ] GC(0) User=0.04s Sys=0.01s Real=0.01s
[2023-07-21T13:14:55.664+0700][gc,start     ] GC(1) Pause Young (Normal) (G1 Evacuation Pause)
[2023-07-21T13:14:55.664+0700][gc,task      ] GC(1) Using 8 workers of 8 for evacuation
[2023-07-21T13:14:55.673+0700][gc,phases    ] GC(1)   Pre Evacuate Collection Set: 0.0ms
[2023-07-21T13:14:55.673+0700][gc,phases    ] GC(1)   Evacuate Collection Set: 7.8ms
[2023-07-21T13:14:55.673+0700][gc,phases    ] GC(1)   Post Evacuate Collection Set: 0.8ms
[2023-07-21T13:14:55.673+0700][gc,phases    ] GC(1)   Other: 0.1ms
[2023-07-21T13:14:55.673+0700][gc,heap      ] GC(1) Eden regions: 21->0(21)
[2023-07-21T13:14:55.673+0700][gc,heap      ] GC(1) Survivor regions: 4->4(4)
[2023-07-21T13:14:55.673+0700][gc,heap      ] GC(1) Old regions: 14->27
[2023-07-21T13:14:55.673+0700][gc,heap      ] GC(1) Humongous regions: 2->2
[2023-07-21T13:14:55.673+0700][gc,metaspace ] GC(1) Metaspace: 2664K(4864K)->2664K(4864K) NonClass: 2410K(4352K)->2410K(4352K) Class: 253K(512K)->253K(512K)
[2023-07-21T13:14:55.673+0700][gc           ] GC(1) Pause Young (Normal) (G1 Evacuation Pause) 38M->30M(512M) 8.649ms
[2023-07-21T13:14:55.673+0700][gc,cpu       ] GC(1) User=0.00s Sys=0.06s Real=0.01s
[2023-07-21T13:14:56.125+0700][gc,start     ] GC(2) Pause Young (Normal) (G1 Evacuation Pause)
[2023-07-21T13:14:56.125+0700][gc,task      ] GC(2) Using 8 workers of 8 for evacuation
[2023-07-21T13:14:56.129+0700][gc,phases    ] GC(2)   Pre Evacuate Collection Set: 0.0ms
[2023-07-21T13:14:56.130+0700][gc,phases    ] GC(2)   Evacuate Collection Set: 4.5ms
[2023-07-21T13:14:56.130+0700][gc,phases    ] GC(2)   Post Evacuate Collection Set: 0.3ms
[2023-07-21T13:14:56.130+0700][gc,phases    ] GC(2)   Other: 0.1ms
[2023-07-21T13:14:56.130+0700][gc,heap      ] GC(2) Eden regions: 21->0(21)
[2023-07-21T13:14:56.130+0700][gc,heap      ] GC(2) Survivor regions: 4->4(4)
[2023-07-21T13:14:56.130+0700][gc,heap      ] GC(2) Old regions: 27->31
[2023-07-21T13:14:56.130+0700][gc,heap      ] GC(2) Humongous regions: 2->2
[2023-07-21T13:14:56.130+0700][gc,metaspace ] GC(2) Metaspace: 6698K(7296K)->6698K(7296K) NonClass: 5961K(6400K)->5961K(6400K) Class: 737K(896K)->737K(896K)
[2023-07-21T13:14:56.130+0700][gc           ] GC(2) Pause Young (Normal) (G1 Evacuation Pause) 51M->34M(512M) 5.040ms
[2023-07-21T13:14:56.130+0700][gc,cpu       ] GC(2) User=0.02s Sys=0.02s Real=0.01s
[2023-07-21T13:15:00.943+0700][gc,start     ] GC(3) Pause Young (Normal) (G1 Evacuation Pause)
[2023-07-21T13:15:00.944+0700][gc,task      ] GC(3) Using 8 workers of 8 for evacuation
[2023-07-21T13:15:00.952+0700][gc,phases    ] GC(3)   Pre Evacuate Collection Set: 0.0ms
[2023-07-21T13:15:00.952+0700][gc,phases    ] GC(3)   Evacuate Collection Set: 8.2ms
[2023-07-21T13:15:00.952+0700][gc,phases    ] GC(3)   Post Evacuate Collection Set: 0.5ms
[2023-07-21T13:15:00.952+0700][gc,phases    ] GC(3)   Other: 0.1ms
[2023-07-21T13:15:00.952+0700][gc,heap      ] GC(3) Eden regions: 21->0(24)
[2023-07-21T13:15:00.952+0700][gc,heap      ] GC(3) Survivor regions: 4->1(4)
[2023-07-21T13:15:00.952+0700][gc,heap      ] GC(3) Old regions: 31->34
[2023-07-21T13:15:00.952+0700][gc,heap      ] GC(3) Humongous regions: 2->2
[2023-07-21T13:15:00.952+0700][gc,metaspace ] GC(3) Metaspace: 8759K(9344K)->8759K(9344K) NonClass: 7795K(8192K)->7795K(8192K) Class: 964K(1152K)->964K(1152K)
[2023-07-21T13:15:00.952+0700][gc           ] GC(3) Pause Young (Normal) (G1 Evacuation Pause) 55M->34M(512M) 8.992ms
[2023-07-21T13:15:00.952+0700][gc,cpu       ] GC(3) User=0.06s Sys=0.01s Real=0.01s
[2023-07-21T14:30:42.288+0700][gc,start     ] GC(4) Pause Young (Normal) (G1 Evacuation Pause)
[2023-07-21T14:30:42.289+0700][gc,task      ] GC(4) Using 8 workers of 8 for evacuation
[2023-07-21T14:30:42.316+0700][gc,mmu       ] GC(4) MMU target violated: 21.0ms (20.0ms/21.0ms)
[2023-07-21T14:30:42.316+0700][gc,phases    ] GC(4)   Pre Evacuate Collection Set: 0.2ms
[2023-07-21T14:30:42.316+0700][gc,phases    ] GC(4)   Evacuate Collection Set: 26.6ms
[2023-07-21T14:30:42.316+0700][gc,phases    ] GC(4)   Post Evacuate Collection Set: 0.5ms
[2023-07-21T14:30:42.316+0700][gc,phases    ] GC(4)   Other: 1.1ms
[2023-07-21T14:30:42.316+0700][gc,heap      ] GC(4) Eden regions: 24->0(23)
[2023-07-21T14:30:42.316+0700][gc,heap      ] GC(4) Survivor regions: 1->2(4)
[2023-07-21T14:30:42.316+0700][gc,heap      ] GC(4) Old regions: 34->34
[2023-07-21T14:30:42.316+0700][gc,heap      ] GC(4) Humongous regions: 2->2
[2023-07-21T14:30:42.316+0700][gc,metaspace ] GC(4) Metaspace: 9708K(10496K)->9708K(10496K) NonClass: 8722K(9216K)->8722K(9216K) Class: 986K(1280K)->986K(1280K)
[2023-07-21T14:30:42.316+0700][gc           ] GC(4) Pause Young (Normal) (G1 Evacuation Pause) 58M->35M(512M) 28.288ms
[2023-07-21T14:30:42.316+0700][gc,cpu       ] GC(4) User=0.17s Sys=0.00s Real=0.03s
[2023-07-21T15:46:38.572+0700][gc,start     ] GC(5) Pause Young (Normal) (G1 Evacuation Pause)
[2023-07-21T15:46:38.573+0700][gc,task      ] GC(5) Using 8 workers of 8 for evacuation
[2023-07-21T15:46:38.600+0700][gc,mmu       ] GC(5) MMU target violated: 21.0ms (20.0ms/21.0ms)
[2023-07-21T15:46:38.600+0700][gc,phases    ] GC(5)   Pre Evacuate Collection Set: 5.2ms
[2023-07-21T15:46:38.600+0700][gc,phases    ] GC(5)   Evacuate Collection Set: 18.7ms
[2023-07-21T15:46:38.600+0700][gc,phases    ] GC(5)   Post Evacuate Collection Set: 2.0ms
[2023-07-21T15:46:38.600+0700][gc,phases    ] GC(5)   Other: 2.4ms
[2023-07-21T15:46:38.600+0700][gc,heap      ] GC(5) Eden regions: 23->0(23)
[2023-07-21T15:46:38.600+0700][gc,heap      ] GC(5) Survivor regions: 2->2(4)
[2023-07-21T15:46:38.600+0700][gc,heap      ] GC(5) Old regions: 34->34
[2023-07-21T15:46:38.600+0700][gc,heap      ] GC(5) Humongous regions: 2->2
[2023-07-21T15:46:38.600+0700][gc,metaspace ] GC(5) Metaspace: 9732K(10496K)->9732K(10496K) NonClass: 8745K(9216K)->8745K(9216K) Class: 986K(1280K)->986K(1280K)
[2023-07-21T15:46:38.600+0700][gc           ] GC(5) Pause Young (Normal) (G1 Evacuation Pause) 58M->35M(512M) 28.187ms
[2023-07-21T15:46:38.600+0700][gc,cpu       ] GC(5) User=0.11s Sys=0.01s Real=0.03s
[2023-07-21T17:08:01.035+0700][gc,start     ] GC(6) Pause Young (Normal) (G1 Evacuation Pause)
[2023-07-21T17:08:01.035+0700][gc,task      ] GC(6) Using 8 workers of 8 for evacuation
[2023-07-21T17:08:01.051+0700][gc,phases    ] GC(6)   Pre Evacuate Collection Set: 5.0ms
[2023-07-21T17:08:01.051+0700][gc,phases    ] GC(6)   Evacuate Collection Set: 9.3ms
[2023-07-21T17:08:01.051+0700][gc,phases    ] GC(6)   Post Evacuate Collection Set: 1.5ms
[2023-07-21T17:08:01.051+0700][gc,phases    ] GC(6)   Other: 0.9ms
[2023-07-21T17:08:01.051+0700][gc,heap      ] GC(6) Eden regions: 23->0(23)
[2023-07-21T17:08:01.051+0700][gc,heap      ] GC(6) Survivor regions: 2->2(4)
[2023-07-21T17:08:01.051+0700][gc,heap      ] GC(6) Old regions: 34->34
[2023-07-21T17:08:01.051+0700][gc,heap      ] GC(6) Humongous regions: 2->2
[2023-07-21T17:08:01.051+0700][gc,metaspace ] GC(6) Metaspace: 9733K(10496K)->9733K(10496K) NonClass: 8747K(9216K)->8747K(9216K) Class: 986K(1280K)->986K(1280K)
[2023-07-21T17:08:01.052+0700][gc           ] GC(6) Pause Young (Normal) (G1 Evacuation Pause) 58M->35M(512M) 16.410ms
[2023-07-21T17:08:01.052+0700][gc,cpu       ] GC(6) User=0.07s Sys=0.01s Real=0.01s
[2023-07-21T18:41:08.495+0700][gc,start     ] GC(7) Pause Young (Normal) (G1 Evacuation Pause)
[2023-07-21T18:41:08.495+0700][gc,task      ] GC(7) Using 8 workers of 8 for evacuation
[2023-07-21T18:41:08.518+0700][gc,mmu       ] GC(7) MMU target violated: 21.0ms (20.0ms/21.0ms)
[2023-07-21T18:41:08.518+0700][gc,phases    ] GC(7)   Pre Evacuate Collection Set: 5.1ms
[2023-07-21T18:41:08.518+0700][gc,phases    ] GC(7)   Evacuate Collection Set: 15.9ms
[2023-07-21T18:41:08.518+0700][gc,phases    ] GC(7)   Post Evacuate Collection Set: 1.5ms
[2023-07-21T18:41:08.518+0700][gc,phases    ] GC(7)   Other: 0.9ms
[2023-07-21T18:41:08.518+0700][gc,heap      ] GC(7) Eden regions: 23->0(23)
[2023-07-21T18:41:08.518+0700][gc,heap      ] GC(7) Survivor regions: 2->2(4)
[2023-07-21T18:41:08.518+0700][gc,heap      ] GC(7) Old regions: 34->34
[2023-07-21T18:41:08.518+0700][gc,heap      ] GC(7) Humongous regions: 2->2
[2023-07-21T18:41:08.518+0700][gc,metaspace ] GC(7) Metaspace: 9734K(10496K)->9734K(10496K) NonClass: 8748K(9216K)->8748K(9216K) Class: 986K(1280K)->986K(1280K)
[2023-07-21T18:41:08.518+0700][gc           ] GC(7) Pause Young (Normal) (G1 Evacuation Pause) 58M->35M(512M) 23.078ms
[2023-07-21T18:41:08.518+0700][gc,cpu       ] GC(7) User=0.12s Sys=0.01s Real=0.02s
[2023-07-21T20:14:08.474+0700][gc,start     ] GC(8) Pause Young (Normal) (G1 Evacuation Pause)
[2023-07-21T20:14:08.474+0700][gc,task      ] GC(8) Using 8 workers of 8 for evacuation
[2023-07-21T20:14:08.490+0700][gc,phases    ] GC(8)   Pre Evacuate Collection Set: 3.8ms
[2023-07-21T20:14:08.490+0700][gc,phases    ] GC(8)   Evacuate Collection Set: 10.4ms
[2023-07-21T20:14:08.490+0700][gc,phases    ] GC(8)   Post Evacuate Collection Set: 1.4ms
[2023-07-21T20:14:08.490+0700][gc,phases    ] GC(8)   Other: 0.6ms
[2023-07-21T20:14:08.490+0700][gc,heap      ] GC(8) Eden regions: 23->0(23)
[2023-07-21T20:14:08.490+0700][gc,heap      ] GC(8) Survivor regions: 2->2(4)
[2023-07-21T20:14:08.490+0700][gc,heap      ] GC(8) Old regions: 34->34
[2023-07-21T20:14:08.490+0700][gc,heap      ] GC(8) Humongous regions: 2->2
[2023-07-21T20:14:08.490+0700][gc,metaspace ] GC(8) Metaspace: 9747K(10496K)->9747K(10496K) NonClass: 8760K(9216K)->8760K(9216K) Class: 986K(1280K)->986K(1280K)
[2023-07-21T20:14:08.490+0700][gc           ] GC(8) Pause Young (Normal) (G1 Evacuation Pause) 58M->35M(512M) 16.095ms
[2023-07-21T20:14:08.490+0700][gc,cpu       ] GC(8) User=0.08s Sys=0.01s Real=0.02s
[2023-07-21T21:41:08.456+0700][gc,start     ] GC(9) Pause Young (Normal) (G1 Evacuation Pause)
[2023-07-21T21:41:08.456+0700][gc,task      ] GC(9) Using 8 workers of 8 for evacuation
[2023-07-21T21:41:08.473+0700][gc,phases    ] GC(9)   Pre Evacuate Collection Set: 4.7ms
[2023-07-21T21:41:08.473+0700][gc,phases    ] GC(9)   Evacuate Collection Set: 10.5ms
[2023-07-21T21:41:08.473+0700][gc,phases    ] GC(9)   Post Evacuate Collection Set: 1.4ms
[2023-07-21T21:41:08.473+0700][gc,phases    ] GC(9)   Other: 0.7ms
[2023-07-21T21:41:08.473+0700][gc,heap      ] GC(9) Eden regions: 23->0(27)
[2023-07-21T21:41:08.473+0700][gc,heap      ] GC(9) Survivor regions: 2->2(4)
[2023-07-21T21:41:08.473+0700][gc,heap      ] GC(9) Old regions: 34->34
[2023-07-21T21:41:08.473+0700][gc,heap      ] GC(9) Humongous regions: 2->2
[2023-07-21T21:41:08.473+0700][gc,metaspace ] GC(9) Metaspace: 9757K(10496K)->9757K(10496K) NonClass: 8771K(9216K)->8771K(9216K) Class: 986K(1280K)->986K(1280K)
[2023-07-21T21:41:08.473+0700][gc           ] GC(9) Pause Young (Normal) (G1 Evacuation Pause) 58M->35M(512M) 17.108ms
[2023-07-21T21:41:08.473+0700][gc,cpu       ] GC(9) User=0.08s Sys=0.02s Real=0.02s
[2023-07-21T23:15:30.939+0700][gc,start     ] GC(10) Pause Young (Normal) (G1 Evacuation Pause)
[2023-07-21T23:15:30.939+0700][gc,task      ] GC(10) Using 8 workers of 8 for evacuation
[2023-07-21T23:15:30.969+0700][gc,mmu       ] GC(10) MMU target violated: 21.0ms (20.0ms/21.0ms)
[2023-07-21T23:15:30.969+0700][gc,phases    ] GC(10)   Pre Evacuate Collection Set: 5.7ms
[2023-07-21T23:15:30.969+0700][gc,phases    ] GC(10)   Evacuate Collection Set: 21.3ms
[2023-07-21T23:15:30.969+0700][gc,phases    ] GC(10)   Post Evacuate Collection Set: 1.9ms
[2023-07-21T23:15:30.969+0700][gc,phases    ] GC(10)   Other: 1.3ms
[2023-07-21T23:15:30.969+0700][gc,heap      ] GC(10) Eden regions: 27->0(26)
[2023-07-21T23:15:30.969+0700][gc,heap      ] GC(10) Survivor regions: 2->2(4)
[2023-07-21T23:15:30.969+0700][gc,heap      ] GC(10) Old regions: 34->34
[2023-07-21T23:15:30.969+0700][gc,heap      ] GC(10) Humongous regions: 2->2
[2023-07-21T23:15:30.969+0700][gc,metaspace ] GC(10) Metaspace: 9773K(10496K)->9773K(10496K) NonClass: 8786K(9216K)->8786K(9216K) Class: 987K(1280K)->987K(1280K)
[2023-07-21T23:15:30.969+0700][gc           ] GC(10) Pause Young (Normal) (G1 Evacuation Pause) 62M->35M(512M) 30.099ms
[2023-07-21T23:15:30.969+0700][gc,cpu       ] GC(10) User=0.11s Sys=0.03s Real=0.03s
[2023-07-22T00:17:33.836+0700][gc,heap,exit ] Heap
[2023-07-22T00:17:33.836+0700][gc,heap,exit ]  garbage-first heap   total 524288K, used 57118K [0x00000000e0000000, 0x0000000100000000)
[2023-07-22T00:17:33.836+0700][gc,heap,exit ]   region size 1024K, 23 young (23552K), 2 survivors (2048K)
[2023-07-22T00:17:33.836+0700][gc,heap,exit ]  Metaspace       used 9781K, capacity 10150K, committed 10496K, reserved 1058816K
[2023-07-22T00:17:33.836+0700][gc,heap,exit ]   class space    used 987K, capacity 1156K, committed 1280K, reserved 1048576K
